UTILITY PRICE COMPARISON LOG - FY 2025-26
====================================================================================================================================================================================================

====================================================================================================================================================================================================
  CPP vs BPC — UTILITY PRICE COMPARISON (April 2025)
====================================================================================================================================================================================================
  Plant                          Utility                  UOM       CPP Gen QTY    BPC Gen QTY    CPP Price    BPC Price       CPP Amount       BPC Amount         Amt Diff   % Diff
  --------------------------------------------------------------------------------------------------------------------------------------------------------------------------------------------------
  Power Plant 1                  POWERGEN                 KWH              0.00           0.00       0.0000       0.0000             0.00             0.00             0.00    0.00%
  Power Plant 2                  POWERGEN                 KWH      8,280,000.00           0.00      13.5264       0.0000   111,998,680.81             0.00   111,998,680.81    0.00%
  Power Plant 3                  POWERGEN                 KWH      9,216,000.00           0.00      12.7950       0.0000   117,918,859.11             0.00   117,918,859.11    0.00%
  STG Power Plant                POWERGEN                 KWH      8,913,900.00           0.00      15.5990       0.0000   139,048,187.30             0.00   139,048,187.30    0.00%
  Utility Plant                  Boiler Feed Water        M3         100,898.85     100,907.32     340.6687     491.6214    34,373,079.16    49,608,194.32   -15,235,115.16  -30.71%
  Utility Plant                  COMPRESSED AIR           NM3      7,098,799.59   7,108,561.52       2.6285       1.9611    18,659,233.06    13,940,836.37     4,718,396.68   33.85%
  Utility Plant                  Cooling Water 1          KM3         15,194.00      15,194.42   3,389.9164   3,447.1315    51,506,390.48    52,377,164.65      -870,774.17   -1.66%
  Utility Plant                  Cooling Water 2          KM3        287,947.87      13,409.88     157.9631   3,530.9648    45,485,138.75    47,349,819.96    -1,864,681.21   -3.94%
  Utility Plant                  D M Water                M3         142,556.75     142,796.50      74.2197      83.6607    10,580,523.80    11,946,460.93    -1,365,937.13  -11.43%
  Utility Plant                  Effluent Treated         M3              56.79     243,136.18      39.4484      40.2869         2,240.10     9,795,210.18    -9,792,970.08  -99.98%
  Utility Plant                  HP Steam PRDS            MT           4,972.00       4,971.91   3,471.7323   3,476.4388    17,261,452.90    17,284,546.36       -23,093.46   -0.13%
  Utility Plant                  HRSG1_SHP STEAM          MT               0.00           0.00       0.0000       0.0000             0.00             0.00             0.00    0.00%
  Utility Plant                  HRSG2_SHP STEAM          MT          46,310.71      46,035.64   3,744.7697   3,634.3309   173,422,944.64   167,308,749.04     6,114,195.60    3.65%
  Utility Plant                  HRSG3_SHP STEAM          MT          46,310.71      47,267.13   3,744.3541   3,645.4846   173,403,696.14   172,311,609.03     1,092,087.11    0.63%
  Utility Plant                  LP Steam PRDS            MT          14,351.33      13,612.66      85.1672   2,509.9863     1,222,262.54    34,167,578.91   -32,945,316.37  -96.42%
  Utility Plant                  MP Steam PRDS SHP        MT          23,189.86      17,558.56   3,426.9640   3,433.7695    79,470,800.22    60,292,036.26    19,178,763.96   31.81%
  Utility Plant                  Oxygen                   MT           5,787.00       5,786.71  26,422.2982  -2,300.7979   152,905,839.72   -13,314,055.39   166,219,895.11 -1248.45%
  Utility Plant                  PQR                                  56,784.64           0.00       0.0394       0.0000         2,240.07             0.00         2,240.07    0.00%
  Utility Plant                  STG1_LP STEAM            MT          25,557.83      21,600.00   1,791.4570   1,787.8542    45,785,746.38    38,617,651.61     7,168,094.77   18.56%
  Utility Plant                  STG1_MP STEAM            MT           2,121.05       7,200.00   2,575.2194   2,570.0405     5,462,179.99    18,504,291.40   -13,042,111.41  -70.48%
  Utility Plant                  Treated Spent Caustic    M3               0.00           0.00       0.0000       0.0000        55,318.71        28,254.02        27,064.68   95.79%
  Utility/Power Dist             HP Steam_Dis             MT           4,972.00       4,971.91   3,471.7323   3,476.4388    17,261,452.90    17,284,546.36       -23,093.46   -0.13%
  Utility/Power Dist             LP Steam_Dis             MT          39,910.29      35,212.66   1,175.5653   2,067.0191    46,917,153.76    72,785,230.53   -25,868,076.77  -35.54%
  Utility/Power Dist             Power_Dis                KWH     44,409,900.00  45,347,578.46      11.1220       2.7349   493,927,781.41   124,020,000.00   369,907,781.41  298.26%
  Utility/Power Dist             SHP Steam_Dis            MT          92,621.43      93,302.77   3,732.2020   3,724.6963   345,681,884.29   347,524,499.02    -1,842,614.74   -0.53%
  --------------------------------------------------------------------------------------------------------------------------------------------------------------------------------------------------
  TOTAL                                                                                                                  2,082,353,086.24 1,241,832,623.57   840,520,462.68   67.68%

====================================================================================================================================================================================================
  CPP vs BPC — UTILITY PRICE COMPARISON (May 2025)
====================================================================================================================================================================================================
  Plant                          Utility                  UOM       CPP Gen QTY    BPC Gen QTY    CPP Price    BPC Price       CPP Amount       BPC Amount         Amt Diff   % Diff
  --------------------------------------------------------------------------------------------------------------------------------------------------------------------------------------------------
  Power Plant 1                  POWERGEN                 KWH      9,109,755.36           0.00      12.6209       0.0000   114,973,579.20             0.00   114,973,579.20    0.00%
  Power Plant 2                  POWERGEN                 KWH      9,109,755.36           0.00      12.4799       0.0000   113,688,945.83             0.00   113,688,945.83    0.00%
  Power Plant 3                  POWERGEN                 KWH              0.00           0.00       0.0000       0.0000             0.00             0.00             0.00    0.00%
  STG Power Plant                POWERGEN                 KWH     12,208,410.00           0.00      14.6873       0.0000   179,308,142.61             0.00   179,308,142.61    0.00%
  Utility Plant                  Boiler Feed Water        M3         114,751.50     102,707.47     343.2987     490.3495    39,394,037.73    50,362,552.34   -10,968,514.61  -21.78%
  Utility Plant                  COMPRESSED AIR           NM3      7,488,413.46   7,381,172.46       2.6422       1.9506    19,785,763.18    14,397,374.40     5,388,388.78   37.43%
  Utility Plant                  Cooling Water 1          KM3         15,714.00      15,713.74   3,313.6726   3,436.5597    52,071,051.55    54,001,220.98    -1,930,169.43   -3.57%
  Utility Plant                  Cooling Water 2          KM3         14,260.03      13,898.83   3,394.9951   3,520.1753    48,412,720.31    48,926,328.06      -513,607.75   -1.05%
  Utility Plant                  D M Water                M3         156,933.22     146,866.59      73.5973      83.6078    11,549,857.62    12,279,188.33      -729,330.71   -5.94%
  Utility Plant                  Effluent Treated         M3               0.00     252,764.62       0.0000      40.1341             0.00    10,144,487.36   -10,144,487.36 -100.00%
  Utility Plant                  HP Steam PRDS            MT           4,272.00       4,272.79   3,185.2476   3,480.6448    13,607,377.57    14,872,073.78    -1,264,696.22   -8.50%
  Utility Plant                  HRSG1_SHP STEAM          MT          53,023.27      48,128.95   3,117.8924   3,649.4793   165,320,848.54   175,645,593.93   -10,324,745.38   -5.88%
  Utility Plant                  HRSG2_SHP STEAM          MT          53,023.27      46,983.59   3,737.3214   3,639.6890   198,164,999.80   171,005,662.74    27,159,337.07   15.88%
  Utility Plant                  HRSG3_SHP STEAM          MT               0.00           0.00       0.0000       0.0000             0.00             0.00             0.00    0.00%
  Utility Plant                  LP Steam PRDS            MT          14,867.07      13,610.10      85.8247   2,508.2601     1,275,961.27    34,137,661.25   -32,861,699.98  -96.26%
  Utility Plant                  MP Steam PRDS SHP        MT          23,504.62      17,572.82   3,144.6131   3,437.8972    73,912,938.14    60,413,554.17    13,499,383.98   22.34%
  Utility Plant                  Oxygen                   MT           6,187.00       6,187.04  17,874.9034   5,968.6856   110,592,027.20    36,928,473.84    73,663,553.36  199.48%
  Utility Plant                  PQR                                       0.00           0.00       0.0000       0.0000             0.00             0.00             0.00    0.00%
  Utility Plant                  STG1_LP STEAM            MT          27,598.14      22,320.00   1,642.3998   1,790.0919    45,327,173.95    39,954,850.22     5,372,323.73   13.45%
  Utility Plant                  STG1_MP STEAM            MT           2,450.13       7,440.00   2,360.9497   2,573.2570     5,784,629.59    19,145,032.40   -13,360,402.81  -69.79%
  Utility Plant                  Treated Spent Caustic    M3               0.00           0.00       0.0000       0.0000        46,213.64        28,167.71        18,045.93   64.07%
  Utility/Power Dist             HP Steam_Dis             MT           4,272.00       4,272.79   3,185.2476   3,480.6448    13,607,377.56    14,872,073.78    -1,264,696.22   -8.50%
  Utility/Power Dist             LP Steam_Dis             MT          42,465.42      35,930.10   1,193.4267   2,062.1295    50,679,360.70    74,092,511.47   -23,413,150.77  -31.60%
  Utility/Power Dist             Power_Dis                KWH     46,646,570.00  47,336,046.33      10.8109       2.7073   504,289,207.92   128,154,000.00   376,135,207.92  293.50%
  Utility/Power Dist             SHP Steam_Dis            MT         106,046.55      95,112.54   3,421.6662   3,729.3580   362,855,883.67   354,708,711.84     8,147,171.84    2.30%
  --------------------------------------------------------------------------------------------------------------------------------------------------------------------------------------------------
  TOTAL                                                                                                                  2,124,648,097.59 1,314,069,518.58   810,578,579.01   61.68%

====================================================================================================================================================================================================
  CPP vs BPC — UTILITY PRICE COMPARISON (June 2025)
====================================================================================================================================================================================================
  Plant                          Utility                  UOM       CPP Gen QTY    BPC Gen QTY    CPP Price    BPC Price       CPP Amount       BPC Amount         Amt Diff   % Diff
  --------------------------------------------------------------------------------------------------------------------------------------------------------------------------------------------------
  Power Plant 1                  POWERGEN                 KWH      4,313,008.09           0.00      17.3937       0.0000    75,019,164.91             0.00    75,019,164.91    0.00%
  Power Plant 2                  POWERGEN                 KWH              0.00           0.00       0.0000       0.0000             0.00             0.00             0.00    0.00%
  Power Plant 3                  POWERGEN                 KWH      4,313,008.09           0.00      17.1071       0.0000    73,782,918.40             0.00    73,782,918.40    0.00%
  STG Power Plant                POWERGEN                 KWH     13,074,700.00           0.00      14.0450       0.0000   183,633,600.31             0.00   183,633,600.31    0.00%
  Utility Plant                  Boiler Feed Water        M3         113,204.03      93,672.81     332.3971     497.3004    37,628,695.97    46,583,528.13    -8,954,832.16  -19.22%
  Utility Plant                  COMPRESSED AIR           NM3      6,861,596.02   6,698,334.30       2.6082       1.9671    17,896,441.43    13,176,520.32     4,719,921.11   35.82%
  Utility Plant                  Cooling Water 1          KM3         14,653.00      14,653.00   3,266.1139   3,448.1082    47,858,367.19    50,525,126.80    -2,666,759.61   -5.28%
  Utility Plant                  Cooling Water 2          KM3         14,199.97      13,090.54   3,346.4228   3,531.9585    47,519,112.68    46,235,241.25     1,283,871.43    2.78%
  Utility Plant                  D M Water                M3         150,895.54     134,374.62      80.0262      83.6660    12,075,603.04    11,242,582.86       833,020.18    7.41%
  Utility Plant                  Effluent Treated         M3               0.00     236,320.66       0.0000      40.3019             0.00     9,524,163.66    -9,524,163.66 -100.00%
  Utility Plant                  HP Steam PRDS            MT           4,213.00       4,212.09   3,176.6856   3,438.9068    13,383,376.51    14,484,997.20    -1,101,620.69   -7.61%
  Utility Plant                  HRSG1_SHP STEAM          MT          52,191.83      43,477.54   3,097.2719   3,604.7490   161,652,290.12   156,725,614.51     4,926,675.61    3.14%
  Utility Plant                  HRSG2_SHP STEAM          MT               0.00           0.00       0.0000       0.0000             0.00             0.00             0.00    0.00%
  Utility Plant                  HRSG3_SHP STEAM          MT          52,191.83      42,397.81   3,729.3258   3,592.8104   194,640,338.86   152,327,306.06    42,313,032.80   27.78%
  Utility Plant                  LP Steam PRDS            MT          16,300.31      14,852.01      83.0993   2,513.6004     1,354,543.91    37,332,012.70   -35,977,468.79  -96.37%
  Utility Plant                  MP Steam PRDS SHP        MT          21,300.66      18,888.46   3,136.0177   3,396.8554    66,799,255.43    64,161,377.29     2,637,878.14    4.11%
  Utility Plant                  Oxygen                   MT           6,023.00       6,022.70  17,830.8369   5,734.7302   107,395,130.76    34,538,541.05    72,856,589.71  210.94%
  Utility Plant                  PQR                                       0.00           0.00       0.0000       0.0000             0.00             0.00             0.00    0.00%
  Utility Plant                  STG1_LP STEAM            MT          24,308.33      18,600.00   1,638.3835   1,768.1135    39,826,368.34    32,886,910.38     6,939,457.96   21.10%
  Utility Plant                  STG1_MP STEAM            MT           4,873.66       6,200.00   2,355.1762   2,541.6631    11,478,324.90    15,758,311.22    -4,279,986.33  -27.16%
  Utility Plant                  Treated Spent Caustic    M3               0.00           0.00       0.0000       0.0000        26,771.38        28,261.97        -1,490.59   -5.27%
  Utility/Power Dist             HP Steam_Dis             MT           4,213.00       4,212.09   3,176.6856   3,438.9068    13,383,376.51    14,484,997.20    -1,101,620.70   -7.61%
  Utility/Power Dist             LP Steam_Dis             MT          40,608.90      33,452.01   1,091.7467   2,099.0944    44,334,633.16    70,218,923.08   -25,884,289.92  -36.86%
  Utility/Power Dist             Power_Dis                KWH     44,034,700.00  42,677,461.28      10.6167       3.8359   467,501,855.89   163,706,400.00   303,795,455.89  185.57%
  Utility/Power Dist             SHP Steam_Dis            MT         104,383.66      85,875.35   3,413.2989   3,683.5697   356,292,617.94   316,327,847.84    39,964,770.10   12.63%
  --------------------------------------------------------------------------------------------------------------------------------------------------------------------------------------------------
  TOTAL                                                                                                                  1,973,482,787.63 1,250,268,663.54   723,214,124.09   57.84%

====================================================================================================================================================================================================
  CPP vs BPC — UTILITY PRICE COMPARISON (July 2025)
====================================================================================================================================================================================================
  Plant                          Utility                  UOM       CPP Gen QTY    BPC Gen QTY    CPP Price    BPC Price       CPP Amount       BPC Amount         Amt Diff   % Diff
  --------------------------------------------------------------------------------------------------------------------------------------------------------------------------------------------------
  Power Plant 1                  POWERGEN                 KWH      4,770,654.73           0.00      16.4024       0.0000    78,250,209.01             0.00    78,250,209.01    0.00%
  Power Plant 2                  POWERGEN                 KWH      4,836,000.00           0.00      19.0480       0.0000    92,116,140.95             0.00    92,116,140.95    0.00%
  Power Plant 3                  POWERGEN                 KWH              0.00           0.00       0.0000       0.0000             0.00             0.00             0.00    0.00%
  STG Power Plant                POWERGEN                 KWH     13,175,700.00           0.00      14.0089       0.0000   184,577,307.92             0.00   184,577,307.92    0.00%
  Utility Plant                  Boiler Feed Water        M3         116,603.13      97,714.46     327.9794     497.9453    38,243,425.43    48,656,451.57   -10,413,026.14  -21.40%
  Utility Plant                  COMPRESSED AIR           NM3      7,168,665.71   6,997,316.32       2.5803       1.9507    18,497,457.13    13,649,501.44     4,847,955.69   35.52%
  Utility Plant                  Cooling Water 1          KM3         15,089.00      15,089.44   3,231.1208   3,430.1959    48,754,382.33    51,759,742.91    -3,005,360.58   -5.81%
  Utility Plant                  Cooling Water 2          KM3         14,962.87      13,919.69   3,310.7109   3,513.6689    49,537,732.22    48,909,169.73       628,562.49    1.29%
  Utility Plant                  D M Water                M3         153,978.82     137,905.19      79.6340      83.5763    12,261,954.54    11,525,604.56       736,349.98    6.39%
  Utility Plant                  Effluent Treated         M3               0.00     243,989.31       0.0000      40.0432             0.00     9,770,121.49    -9,770,121.49 -100.00%
  Utility Plant                  HP Steam PRDS            MT           4,675.00       4,675.31   3,153.4843   3,443.8414    14,742,538.95    16,101,033.89    -1,358,494.94   -8.44%
  Utility Plant                  HRSG1_SHP STEAM          MT          53,625.44      45,257.90   3,093.0599   3,609.8920   165,866,696.09   163,376,120.91     2,490,575.19    1.52%
  Utility Plant                  HRSG2_SHP STEAM          MT          53,625.44      44,146.70   3,726.6522   3,598.2557   199,843,361.38   158,851,101.10    40,992,260.28   25.81%
  Utility Plant                  HRSG3_SHP STEAM          MT               0.00           0.00       0.0000       0.0000             0.00             0.00             0.00    0.00%
  Utility Plant                  LP Steam PRDS            MT          17,620.30      16,114.39      81.9949   2,517.9125     1,444,773.71    40,574,626.45   -39,129,852.75  -96.44%
  Utility Plant                  MP Steam PRDS SHP        MT          22,384.86      19,738.79   3,113.0849   3,401.7286    69,685,956.05    67,146,015.53     2,539,940.51    3.78%
  Utility Plant                  Oxygen                   MT           6,260.00       6,259.69  17,244.4806   5,979.2453   107,950,448.52    37,428,235.51    70,522,213.01  188.42%
  Utility Plant                  PQR                                       0.00           0.00       0.0000       0.0000             0.00             0.00             0.00    0.00%
  Utility Plant                  STG1_LP STEAM            MT          25,054.19      19,320.00   1,626.4968   1,770.6534    40,750,566.56    34,209,022.81     6,541,543.76   19.12%
  Utility Plant                  STG1_MP STEAM            MT           4,923.74       6,440.00   2,338.0891   2,545.3142    11,512,142.12    16,391,823.43    -4,879,681.31  -29.77%
  Utility Plant                  Treated Spent Caustic    M3               0.00           0.00       0.0000       0.0000        26,485.69        28,115.66        -1,629.97   -5.80%
  Utility/Power Dist             HP Steam_Dis             MT           4,675.00       4,675.31   3,153.4843   3,443.8414    14,742,538.95    16,101,033.89    -1,358,494.94   -8.44%
  Utility/Power Dist             LP Steam_Dis             MT          42,674.77      35,434.39   1,073.4043   2,110.4822    45,807,277.58    74,783,649.26   -28,976,371.68  -38.75%
  Utility/Power Dist             Power_Dis                KWH     46,283,700.00  44,915,275.75      10.4739       3.7663   484,770,260.95   169,163,280.00   315,606,980.95  186.57%
  Utility/Power Dist             SHP Steam_Dis            MT         107,250.88      89,404.59   3,388.5349   3,688.8612   363,423,338.55   329,801,128.71    33,622,209.85   10.19%
  --------------------------------------------------------------------------------------------------------------------------------------------------------------------------------------------------
  TOTAL                                                                                                                  2,042,804,994.61 1,308,225,778.83   734,579,215.78   56.15%

====================================================================================================================================================================================================
  CPP vs BPC — UTILITY PRICE COMPARISON (August 2025)
====================================================================================================================================================================================================
  Plant                          Utility                  UOM       CPP Gen QTY    BPC Gen QTY    CPP Price    BPC Price       CPP Amount       BPC Amount         Amt Diff   % Diff
  --------------------------------------------------------------------------------------------------------------------------------------------------------------------------------------------------
  Power Plant 1                  POWERGEN                 KWH      6,177,296.63           0.00      15.2842       0.0000    94,415,263.34             0.00    94,415,263.34    0.00%
  Power Plant 2                  POWERGEN                 KWH              0.00           0.00       0.0000       0.0000             0.00             0.00             0.00    0.00%
  Power Plant 3                  POWERGEN                 KWH      6,177,296.63           0.00      15.8514       0.0000    97,918,953.40             0.00    97,918,953.40    0.00%
  STG Power Plant                POWERGEN                 KWH     10,798,660.00           0.00      14.5636       0.0000   157,267,233.32             0.00   157,267,233.32    0.00%
  Utility Plant                  Boiler Feed Water        M3         114,288.11     101,782.97     321.9586     499.9565    36,796,042.58    50,887,061.15   -14,091,018.57  -27.69%
  Utility Plant                  COMPRESSED AIR           NM3      7,289,771.10   7,204,370.32       2.6233       1.9160    19,123,273.47    13,803,917.97     5,319,355.50   38.54%
  Utility Plant                  Cooling Water 1          KM3         15,156.00      15,156.19   3,283.6863   3,384.2151    49,767,548.87    51,291,798.69    -1,524,249.82   -2.97%
  Utility Plant                  Cooling Water 2          KM3         14,269.07      13,767.11   3,364.3814   3,466.7544    48,006,577.63    47,727,201.12       279,376.50    0.59%
  Utility Plant                  D M Water                M3         152,827.33     142,358.82      79.9246      83.3466    12,214,666.12    11,865,118.59       349,547.53    2.95%
  Utility Plant                  Effluent Treated         M3               0.00     242,007.47       0.0000      39.3792             0.00     9,530,067.22    -9,530,067.22 -100.00%
  Utility Plant                  HP Steam PRDS            MT           6,797.00       6,797.45   3,171.8643   3,452.4869    21,559,161.33    23,468,106.45    -1,908,945.12   -8.13%
  Utility Plant                  HRSG1_SHP STEAM          MT          52,035.45      47,092.10   3,088.8300   3,620.3312   160,728,658.96   170,488,997.96    -9,760,339.01   -5.72%
  Utility Plant                  HRSG2_SHP STEAM          MT               0.00           0.00       0.0000       0.0000             0.00             0.00             0.00    0.00%
  Utility Plant                  HRSG3_SHP STEAM          MT          52,035.45      45,680.52   3,729.0596   3,606.1400   194,043,293.51   164,730,361.14    29,312,932.37   17.79%
  Utility Plant                  LP Steam PRDS            MT          18,820.04      16,851.39      80.4897   2,544.3011     1,514,818.16    42,875,002.98   -41,360,184.82  -96.47%
  Utility Plant                  MP Steam PRDS SHP        MT          27,701.51      22,765.70   3,131.1160   3,410.2793    86,736,637.93    77,637,394.28     9,099,243.66   11.72%
  Utility Plant                  Oxygen                   MT           5,856.00       5,855.73  17,577.6202   5,825.2026   102,934,543.77    34,110,789.59    68,823,754.17  201.77%
  Utility Plant                  PQR                                       0.00           0.00       0.0000       0.0000             0.00             0.00             0.00    0.00%
  Utility Plant                  STG1_LP STEAM            MT          23,235.91      18,720.00   1,636.2935   1,775.0681    38,020,768.27    33,229,274.88     4,791,493.39   14.42%
  Utility Plant                  STG1_MP STEAM            MT           2,779.90       6,240.00   2,352.1719   2,551.6604     6,538,814.25    15,922,360.88    -9,383,546.63  -58.93%
  Utility Plant                  Treated Spent Caustic    M3               0.00           0.00       0.0000       0.0000        26,915.05        27,740.34          -825.29   -2.98%
  Utility/Power Dist             HP Steam_Dis             MT           6,797.00       6,797.45   3,171.8643   3,452.4869    21,559,161.32    23,468,106.45    -1,908,945.12   -8.13%
  Utility/Power Dist             LP Steam_Dis             MT          42,056.26      35,571.39   1,016.7453   2,139.4802    42,760,505.11    76,104,277.87   -33,343,772.76  -43.81%
  Utility/Power Dist             Power_Dis                KWH     45,713,700.00  46,331,020.98      10.6884       3.6512   488,607,517.01   169,163,280.00   319,444,237.01  188.84%
  Utility/Power Dist             SHP Steam_Dis            MT         104,070.91      92,772.62   3,408.9448   3,698.0585   354,771,975.92   343,078,588.30    11,693,387.62    3.41%
  --------------------------------------------------------------------------------------------------------------------------------------------------------------------------------------------------
  TOTAL                                                                                                                  2,035,312,329.32 1,359,409,445.88   675,902,883.43   49.72%

====================================================================================================================================================================================================
  CPP vs BPC — UTILITY PRICE COMPARISON (September 2025)
====================================================================================================================================================================================================
  Plant                          Utility                  UOM       CPP Gen QTY    BPC Gen QTY    CPP Price    BPC Price       CPP Amount       BPC Amount         Amt Diff   % Diff
  --------------------------------------------------------------------------------------------------------------------------------------------------------------------------------------------------
  Power Plant 1                  POWERGEN                 KWH      8,307,050.00           0.00      13.3985       0.0000   111,302,277.36             0.00   111,302,277.36    0.00%
  Power Plant 2                  POWERGEN                 KWH              0.00           0.00       0.0000       0.0000             0.00             0.00             0.00    0.00%
  Power Plant 3                  POWERGEN                 KWH      8,307,050.00           0.00      13.1867       0.0000   109,542,723.34             0.00   109,542,723.34    0.00%
  STG Power Plant                POWERGEN                 KWH      5,549,401.40           0.00      18.6989       0.0000   103,767,762.60             0.00   103,767,762.60    0.00%
  Utility Plant                  Boiler Feed Water        M3         108,876.86     104,529.36     263.6712     502.1478    28,707,690.20    52,489,187.43   -23,781,497.23  -45.31%
  Utility Plant                  COMPRESSED AIR           NM3      7,217,547.20   7,186,864.23       2.6599       1.8852    19,197,812.78    13,548,441.09     5,649,371.69   41.70%
  Utility Plant                  Cooling Water 1          KM3         15,256.00      15,256.37   3,334.2423   3,339.6948    50,867,200.15    50,951,633.65       -84,433.51   -0.17%
  Utility Plant                  Cooling Water 2          KM3         13,791.41      13,886.85   3,224.7359   3,421.3246    44,473,655.63    47,511,436.17    -3,037,780.54   -6.39%
  Utility Plant                  D M Water                M3         148,614.80     145,160.28      80.2128      83.1243    11,920,803.66    12,066,351.40      -145,547.74   -1.21%
  Utility Plant                  Effluent Treated         M3               0.00     240,641.66       0.0000      38.7351             0.00     9,321,272.09    -9,321,272.09 -100.00%
  Utility Plant                  HP Steam PRDS            MT           9,098.00       9,098.16   3,134.6635   3,460.0524    28,519,168.66    31,480,099.06    -2,960,930.40   -9.41%
  Utility Plant                  HRSG1_SHP STEAM          MT          47,672.09      48,118.28   3,037.6490   3,628.1222   144,811,076.88   174,579,015.77   -29,767,938.89  -17.05%
  Utility Plant                  HRSG2_SHP STEAM          MT               0.00           0.00       0.0000       0.0000             0.00             0.00             0.00    0.00%
  Utility Plant                  HRSG3_SHP STEAM          MT          47,672.09      46,748.25   3,709.3475   3,614.3917   176,832,345.82   168,966,483.93     7,865,861.89    4.66%
  Utility Plant                  LP Steam PRDS            MT          28,399.38      17,937.61      65.9178   2,561.9333     1,872,024.38    45,954,970.59   -44,082,946.21  -95.93%
  Utility Plant                  MP Steam PRDS SHP        MT          38,319.90      24,476.57   3,093.6138   3,417.7679   118,546,973.96    83,655,251.30    34,891,722.66   41.71%
  Utility Plant                  Oxygen                   MT           5,464.00       5,463.58  18,918.0945   5,413.1109   103,368,468.29    29,574,972.14    73,793,496.15  249.51%
  Utility Plant                  PQR                                       0.00           0.00       0.0000       0.0000             0.00             0.00             0.00    0.00%
  Utility Plant                  STG1_LP STEAM            MT          12,938.87      18,000.00   1,619.2792   1,778.9141    20,951,646.63    32,020,454.24   -11,068,807.62  -34.57%
  Utility Plant                  STG1_MP STEAM            MT               0.00       6,000.00       0.0000   2,557.1891             0.00    15,343,134.32   -15,343,134.32 -100.00%
  Utility Plant                  Treated Spent Caustic    M3               0.00           0.00       0.0000       0.0000        25,797.89        27,376.90        -1,579.01   -5.77%
  Utility/Power Dist             HP Steam_Dis             MT           9,098.00       9,098.16   3,134.6635   3,460.0524    28,519,168.64    31,480,099.06    -2,960,930.41   -9.41%
  Utility/Power Dist             LP Steam_Dis             MT          41,343.76      35,937.61     602.0844   2,169.7441    24,892,431.36    77,975,424.83   -53,082,993.47  -68.08%
  Utility/Power Dist             Power_Dis                KWH     45,679,860.00  46,673,227.22      10.8948       3.5075   497,671,520.11   163,706,400.00   333,965,120.11  204.00%
  Utility/Power Dist             SHP Steam_Dis            MT          95,344.18      94,866.53   3,373.4982   3,706.0711   321,643,412.15   351,582,114.45   -29,938,702.30   -8.52%
  --------------------------------------------------------------------------------------------------------------------------------------------------------------------------------------------------
  TOTAL                                                                                                                  1,947,433,960.49 1,392,234,118.42   555,199,842.07   39.88%

====================================================================================================================================================================================================
  CPP vs BPC — UTILITY PRICE COMPARISON (October 2025)
====================================================================================================================================================================================================
  Plant                          Utility                  UOM       CPP Gen QTY    BPC Gen QTY    CPP Price    BPC Price       CPP Amount       BPC Amount         Amt Diff   % Diff
  --------------------------------------------------------------------------------------------------------------------------------------------------------------------------------------------------
  Power Plant 1                  POWERGEN                 KWH      7,939,731.18           0.00      12.3320       0.0000    97,912,425.27             0.00    97,912,425.27    0.00%
  Power Plant 2                  POWERGEN                 KWH              0.00           0.00       0.0000       0.0000             0.00             0.00             0.00    0.00%
  Power Plant 3                  POWERGEN                 KWH      7,939,731.18           0.00      12.1944       0.0000    96,820,462.09             0.00    96,820,462.09    0.00%
  STG Power Plant                POWERGEN                 KWH      9,637,780.00           0.00      16.3093       0.0000   157,185,388.96             0.00   157,185,388.96    0.00%
  Utility Plant                  Boiler Feed Water        M3         124,187.04     100,394.49     247.3887     487.3798    30,722,469.26    48,930,247.37   -18,207,778.11  -37.21%
  Utility Plant                  COMPRESSED AIR           NM3      7,589,618.35   7,405,670.13       2.6043       1.8658    19,765,904.47    13,817,742.97     5,948,161.50   43.05%
  Utility Plant                  Cooling Water 1          KM3         16,001.00      16,001.30   3,277.8269   3,315.4926    52,448,508.84    53,052,188.00      -603,679.15   -1.14%
  Utility Plant                  Cooling Water 2          KM3         14,175.70      13,964.23   3,358.4292   3,396.6401    47,608,092.04    47,431,463.23       176,628.82    0.37%
  Utility Plant                  D M Water                M3         165,237.06     145,013.76      77.9104      83.0034    12,873,679.77    12,036,634.06       837,045.71    6.95%
  Utility Plant                  Effluent Treated         M3               0.00     254,613.41       0.0000      38.3848             0.00     9,773,280.63    -9,773,280.63 -100.00%
  Utility Plant                  HP Steam PRDS            MT           5,590.00       5,589.17   3,191.6027   3,341.7628    17,841,059.23    18,677,671.02      -836,611.79   -4.48%
  Utility Plant                  HRSG1_SHP STEAM          MT          53,787.51      46,490.04   3,364.2725   3,501.3486   180,955,840.80   162,777,828.39    18,178,012.41   11.17%
  Utility Plant                  HRSG2_SHP STEAM          MT               0.00           0.00       0.0000       0.0000             0.00             0.00             0.00    0.00%
  Utility Plant                  HRSG3_SHP STEAM          MT          53,787.51      45,005.95   3,508.7849   3,487.3335   188,728,800.24   156,950,753.02    31,778,047.22   20.25%
  Utility Plant                  LP Steam PRDS            MT          29,956.62      17,423.04      61.8472   2,456.4642     1,852,732.30    42,799,073.56   -40,946,341.27  -95.67%
  Utility Plant                  MP Steam PRDS SHP        MT          36,945.05      21,306.59   3,149.5061   3,300.9585   116,358,644.15    70,332,153.11    46,026,491.04   65.44%
  Utility Plant                  Oxygen                   MT           6,162.00       6,161.92  17,199.8665   6,113.8861   105,985,577.38    37,673,293.91    68,312,283.47  181.33%
  Utility Plant                  PQR                                       0.00           0.00       0.0000       0.0000             0.00             0.00             0.00    0.00%
  Utility Plant                  STG1_LP STEAM            MT          13,597.64      18,720.00   1,649.5338   1,718.0014    22,429,766.78    32,160,986.84    -9,731,220.06  -30.26%
  Utility Plant                  STG1_MP STEAM            MT               0.00       6,240.00       0.0000   2,469.6271             0.00    15,410,472.86   -15,410,472.86 -100.00%
  Utility Plant                  Treated Spent Caustic    M3               0.00           0.00       0.0000       0.0000        26,867.43        27,179.43          -311.99   -1.15%
  Utility/Power Dist             HP Steam_Dis             MT           5,590.00       5,589.17   3,191.6027   3,341.7628    17,841,059.23    18,677,671.02      -836,611.80   -4.48%
  Utility/Power Dist             LP Steam_Dis             MT          43,554.70      36,143.04     578.8981   2,073.9833    25,213,733.59    74,960,060.41   -49,746,326.82  -66.36%
  Utility/Power Dist             Power_Dis                KWH     46,312,380.00  46,948,494.08      10.6646       3.6032   493,902,094.56   169,163,280.00   324,738,814.56  191.97%
  Utility/Power Dist             SHP Steam_Dis            MT         105,956.64      91,495.99   3,436.5287   3,579.1697   364,123,016.39   327,479,660.52    36,643,355.86   11.19%
  --------------------------------------------------------------------------------------------------------------------------------------------------------------------------------------------------
  TOTAL                                                                                                                  2,050,596,122.79 1,312,131,640.36   738,464,482.43   56.28%

====================================================================================================================================================================================================
  CPP vs BPC — UTILITY PRICE COMPARISON (November 2025)
====================================================================================================================================================================================================
  Plant                          Utility                  UOM       CPP Gen QTY    BPC Gen QTY    CPP Price    BPC Price       CPP Amount       BPC Amount         Amt Diff   % Diff
  --------------------------------------------------------------------------------------------------------------------------------------------------------------------------------------------------
  Power Plant 1                  POWERGEN                 KWH      4,841,311.15           0.00      15.8314       0.0000    76,644,629.85             0.00    76,644,629.85    0.00%
  Power Plant 2                  POWERGEN                 KWH              0.00           0.00       0.0000       0.0000             0.00             0.00             0.00    0.00%
  Power Plant 3                  POWERGEN                 KWH      4,841,311.15           0.00      15.6327       0.0000    75,682,874.37             0.00    75,682,874.37    0.00%
  STG Power Plant                POWERGEN                 KWH     11,160,000.00           0.00      13.9250       0.0000   155,402,489.26             0.00   155,402,489.26    0.00%
  Utility Plant                  Boiler Feed Water        M3         106,045.69      94,138.04     332.4340     481.4737    35,253,189.62    45,324,988.74   -10,071,799.12  -22.22%
  Utility Plant                  COMPRESSED AIR           NM3      7,048,349.99   6,943,873.57       2.6180       1.9180    18,452,405.45    13,318,041.32     5,134,364.14   38.55%
  Utility Plant                  Cooling Water 1          KM3         14,095.00      14,094.52   3,274.7756   3,382.4450    46,157,962.34    47,673,926.38    -1,515,964.04   -3.18%
  Utility Plant                  Cooling Water 2          KM3         12,434.01      11,849.39   3,355.3084   3,464.9780    41,719,950.92    41,057,892.59       662,058.33    1.61%
  Utility Plant                  D M Water                M3         149,631.77     139,670.97      79.7707      83.3379    11,936,227.35    11,639,878.91       296,348.44    2.55%
  Utility Plant                  Effluent Treated         M3               0.00     207,815.66       0.0000      39.3579             0.00     8,179,181.83    -8,179,181.83 -100.00%
  Utility Plant                  HP Steam PRDS            MT           6,858.00       6,858.84   3,081.5395   3,322.3217    21,133,197.68    22,787,283.71    -1,654,086.03   -7.26%
  Utility Plant                  HRSG1_SHP STEAM          MT          48,870.00      43,679.60   3,008.7115   3,478.4458   147,035,732.05   151,937,123.67    -4,901,391.63   -3.23%
  Utility Plant                  HRSG2_SHP STEAM          MT               0.00           0.00       0.0000       0.0000             0.00             0.00             0.00    0.00%
  Utility Plant                  HRSG3_SHP STEAM          MT          48,870.00      42,805.94   3,611.7576   3,469.2364   176,506,593.22   148,503,916.56    28,002,676.65   18.86%
  Utility Plant                  LP Steam PRDS            MT          14,614.46      13,820.76      83.1085   2,421.1712     1,214,585.63    33,462,434.40   -32,247,848.77  -96.37%
  Utility Plant                  MP Steam PRDS SHP        MT          19,800.49      17,721.07   3,042.2325   3,281.7109    60,237,702.18    58,155,425.44     2,082,276.74    3.58%
  Utility Plant                  Oxygen                   MT           2,641.00       2,640.85  29,323.0035  18,524.9600    77,442,052.19    48,921,573.83    28,520,478.36   58.30%
  Utility Plant                  PQR                                       0.00           0.00       0.0000       0.0000             0.00             0.00             0.00    0.00%
  Utility Plant                  STG1_LP STEAM            MT          23,885.17      18,600.00   1,588.9126   1,708.1292    37,951,445.25    31,771,203.81     6,180,241.44   19.45%
  Utility Plant                  STG1_MP STEAM            MT           4,714.17       6,200.00   2,284.0618   2,455.4358    10,767,454.74    15,223,701.83    -4,456,247.09  -29.27%
  Utility Plant                  Treated Spent Caustic    M3               0.00           0.00       0.0000       0.0000        26,842.47        27,726.13          -883.66   -3.19%
  Utility/Power Dist             HP Steam_Dis             MT           6,858.00       6,858.84   3,081.5395   3,322.3217    21,133,197.68    22,787,283.71    -1,654,086.04   -7.26%
  Utility/Power Dist             LP Steam_Dis             MT          38,501.88      32,420.76   1,091.2718   2,012.0944    42,016,014.70    65,233,638.21   -23,217,623.51  -35.59%
  Utility/Power Dist             Power_Dis                KWH     42,548,000.00  43,029,660.08      10.6520       3.8045   453,220,072.09   163,706,400.00   289,513,672.09  176.85%
  Utility/Power Dist             SHP Steam_Dis            MT          97,740.00      86,485.54   3,310.2346   3,558.6026   323,542,318.94   307,767,659.36    15,774,659.58    5.13%
  --------------------------------------------------------------------------------------------------------------------------------------------------------------------------------------------------
  TOTAL                                                                                                                  1,833,476,937.99 1,237,479,280.44   595,997,657.54   48.16%

====================================================================================================================================================================================================
  CPP vs BPC — UTILITY PRICE COMPARISON (December 2025)
====================================================================================================================================================================================================
  Plant                          Utility                  UOM       CPP Gen QTY    BPC Gen QTY    CPP Price    BPC Price       CPP Amount       BPC Amount         Amt Diff   % Diff
  --------------------------------------------------------------------------------------------------------------------------------------------------------------------------------------------------
  Power Plant 1                  POWERGEN                 KWH      6,820,603.05           0.00      13.8650       0.0000    94,567,412.62             0.00    94,567,412.62    0.00%
  Power Plant 2                  POWERGEN                 KWH              0.00           0.00       0.0000       0.0000             0.00             0.00             0.00    0.00%
  Power Plant 3                  POWERGEN                 KWH      7,408,540.00           0.00      13.9132       0.0000   103,076,306.90             0.00   103,076,306.90    0.00%
  STG Power Plant                POWERGEN                 KWH      9,098,940.00           0.00      14.6086       0.0000   132,922,870.01             0.00   132,922,870.01    0.00%
  Utility Plant                  Boiler Feed Water        M3         112,385.88     105,055.25     305.3007     488.2602    34,311,484.53    51,294,302.44   -16,982,817.91  -33.11%
  Utility Plant                  COMPRESSED AIR           NM3      7,476,538.27   7,414,328.66       2.5716       1.8630    19,226,627.36    13,812,980.26     5,413,647.09   39.19%
  Utility Plant                  Cooling Water 1          KM3         15,914.00      15,914.30   3,205.7495   3,311.5837    51,016,298.24    52,701,540.96    -1,685,242.71   -3.20%
  Utility Plant                  Cooling Water 2          KM3         14,086.77      14,030.59   3,284.8862   3,392.6484    46,273,425.45    47,600,852.19    -1,327,426.74   -2.79%
  Utility Plant                  D M Water                M3         155,347.65     149,330.18      78.1798      82.9839    12,145,055.06    12,391,995.00      -246,939.95   -1.99%
  Utility Plant                  Effluent Treated         M3               0.00     255,260.06       0.0000      38.3282             0.00     9,783,658.83    -9,783,658.83 -100.00%
  Utility Plant                  HP Steam PRDS            MT           4,732.00       4,731.89   3,059.3349   3,337.5847    14,476,772.58    15,793,072.05    -1,316,299.46   -8.33%
  Utility Plant                  HRSG1_SHP STEAM          MT          50,734.15      48,427.63   2,977.8428   3,496.3637   151,078,322.68   169,320,620.17   -18,242,297.49  -10.77%
  Utility Plant                  HRSG2_SHP STEAM          MT               0.00           0.00       0.0000       0.0000             0.00             0.00             0.00    0.00%
  Utility Plant                  HRSG3_SHP STEAM          MT          50,734.15      47,047.94   3,599.0371   3,483.1570   182,594,090.04   163,875,362.91    18,718,727.12   11.42%
  Utility Plant                  LP Steam PRDS            MT          20,341.88      18,094.10      76.3252   2,476.7965     1,552,597.20    44,815,406.27   -43,262,809.07  -96.54%
  Utility Plant                  MP Steam PRDS SHP        MT          33,732.74      26,681.45   3,019.9574   3,296.8527   101,871,436.03    87,964,805.47    13,906,630.56   15.81%
  Utility Plant                  Oxygen                   MT           5,548.00       5,548.48  18,651.3035   6,716.2440   103,477,431.56    37,264,960.96    66,212,470.60  177.68%
  Utility Plant                  PQR                                       0.00           0.00       0.0000       0.0000             0.00             0.00             0.00    0.00%
  Utility Plant                  STG1_LP STEAM            MT          22,339.36      18,720.00   1,578.4512   1,715.7939    35,261,588.43    32,119,662.69     3,141,925.74    9.78%
  Utility Plant                  STG1_MP STEAM            MT             872.04       6,240.00   2,269.0236   2,466.4538     1,978,680.33    15,390,671.71   -13,411,991.38  -87.14%
  Utility Plant                  Treated Spent Caustic    M3               0.00           0.00       0.0000       0.0000        26,279.09        27,147.49          -868.40   -3.20%
  Utility/Power Dist             HP Steam_Dis             MT           4,732.00       4,731.89   3,059.3349   3,337.5847    14,476,772.58    15,793,072.05    -1,316,299.47   -8.33%
  Utility/Power Dist             LP Steam_Dis             MT          42,684.38      36,814.10     934.4211   2,089.8261    39,885,181.41    76,935,068.96   -37,049,887.56  -48.16%
  Utility/Power Dist             Power_Dis                KWH     46,236,020.00  47,053,280.00      10.3704       3.5951   479,485,778.90   169,163,280.00   310,322,498.90  183.45%
  Utility/Power Dist             SHP Steam_Dis            MT         101,468.30      95,475.57   3,288.4400   3,574.5707   333,672,414.78   341,284,192.77    -7,611,777.99   -2.23%
  --------------------------------------------------------------------------------------------------------------------------------------------------------------------------------------------------
  TOTAL                                                                                                                  1,953,376,825.78 1,357,332,653.19   596,044,172.59   43.91%

====================================================================================================================================================================================================
  CPP vs BPC — UTILITY PRICE COMPARISON (January 2026)
====================================================================================================================================================================================================
  Plant                          Utility                  UOM       CPP Gen QTY    BPC Gen QTY    CPP Price    BPC Price       CPP Amount       BPC Amount         Amt Diff   % Diff
  --------------------------------------------------------------------------------------------------------------------------------------------------------------------------------------------------
  Power Plant 1                  POWERGEN                 KWH      5,279,575.08           0.00      14.3871       0.0000    75,957,733.18             0.00    75,957,733.18    0.00%
  Power Plant 2                  POWERGEN                 KWH              0.00           0.00       0.0000       0.0000             0.00             0.00             0.00    0.00%
  Power Plant 3                  POWERGEN                 KWH      5,279,575.08           0.00      17.0962       0.0000    90,260,900.87             0.00    90,260,900.87    0.00%
  STG Power Plant                POWERGEN                 KWH      9,833,650.00           0.00      14.3944       0.0000   141,549,794.60             0.00   141,549,794.60    0.00%
  Utility Plant                  Boiler Feed Water        M3         113,251.71     103,845.47     309.9847     488.5133    35,106,303.77    50,729,892.18   -15,623,588.41  -30.80%
  Utility Plant                  COMPRESSED AIR           NM3      6,980,268.17   6,903,392.60       2.5928       1.9169    18,098,657.08    13,232,948.19     4,865,708.89   36.77%
  Utility Plant                  Cooling Water 1          KM3         15,351.00      15,350.52   3,234.4802   3,380.1449    49,652,506.27    51,886,982.98    -2,234,476.71   -4.31%
  Utility Plant                  Cooling Water 2          KM3         14,138.77      13,894.96   3,314.1860   3,462.6021    46,858,508.21    48,112,733.45    -1,254,225.24   -2.61%
  Utility Plant                  D M Water                M3         150,911.21     143,065.52      78.1187      83.3265    11,788,984.17    11,921,155.18      -132,171.01   -1.11%
  Utility Plant                  Effluent Treated         M3               0.00     246,425.71       0.0000      39.3198             0.00     9,689,416.11    -9,689,416.11 -100.00%
  Utility Plant                  HP Steam PRDS            MT           4,651.00       4,651.41   3,062.5574   3,320.1205    14,243,954.26    15,443,238.13    -1,199,283.87   -7.77%
  Utility Plant                  HRSG1_SHP STEAM          MT          51,342.76      47,918.75   2,982.4670   3,477.8586   153,128,086.16   166,654,637.44   -13,526,551.28   -8.12%
  Utility Plant                  HRSG2_SHP STEAM          MT               0.00           0.00       0.0000       0.0000             0.00             0.00             0.00    0.00%
  Utility Plant                  HRSG3_SHP STEAM          MT          51,342.76      46,563.54   3,600.6148   3,463.7749   184,865,499.26   161,285,623.80    23,579,875.46   14.62%
  Utility Plant                  LP Steam PRDS            MT          19,389.22      17,403.85      77.4962   2,463.9864     1,502,590.85    42,882,843.91   -41,380,253.07  -96.50%
  Utility Plant                  MP Steam PRDS SHP        MT          32,221.97      26,526.83   3,023.2008   3,279.6418    97,413,488.24    86,998,491.57    10,414,996.67   11.97%
  Utility Plant                  Oxygen                   MT           5,503.00       5,503.33  18,440.8978   7,567.1707   101,480,260.42    41,644,664.43    59,835,595.99  143.68%
  Utility Plant                  PQR                                       0.00           0.00       0.0000       0.0000             0.00             0.00             0.00    0.00%
  Utility Plant                  STG1_LP STEAM            MT          22,853.09      18,720.00   1,579.9396   1,706.7037    36,106,506.74    31,949,492.75     4,157,013.99   13.01%
  Utility Plant                  STG1_MP STEAM            MT           2,031.21       6,240.00   2,271.1632   2,453.3865     4,613,218.13    15,309,131.94   -10,695,913.81  -69.87%
  Utility Plant                  Treated Spent Caustic    M3               0.00           0.00       0.0000       0.0000        26,513.49        27,707.12        -1,193.63   -4.31%
  Utility/Power Dist             HP Steam_Dis             MT           4,651.00       4,651.41   3,062.5574   3,320.1205    14,243,954.26    15,443,238.13    -1,199,283.87   -7.77%
  Utility/Power Dist             LP Steam_Dis             MT          42,245.71      36,123.85     958.8954   2,071.5495    40,509,222.67    74,832,336.66   -34,323,113.99  -45.87%
  Utility/Power Dist             Power_Dis                KWH     43,361,910.00  44,083,776.07      10.4876       3.8373   454,762,961.79   169,163,280.00   285,599,681.79  168.83%
  Utility/Power Dist             SHP Steam_Dis            MT         102,685.52      94,482.29   3,291.5409   3,555.6327   337,993,575.46   335,944,325.12     2,049,250.34    0.61%
  --------------------------------------------------------------------------------------------------------------------------------------------------------------------------------------------------
  TOTAL                                                                                                                  1,910,163,219.88 1,343,152,139.11   567,011,080.77   42.21%

====================================================================================================================================================================================================
  CPP vs BPC — UTILITY PRICE COMPARISON (February 2026)
====================================================================================================================================================================================================
  Plant                          Utility                  UOM       CPP Gen QTY    BPC Gen QTY    CPP Price    BPC Price       CPP Amount       BPC Amount         Amt Diff   % Diff
  --------------------------------------------------------------------------------------------------------------------------------------------------------------------------------------------------
  Power Plant 1                  POWERGEN                 KWH      6,846,531.06           0.00      12.7692       0.0000    87,425,035.58             0.00    87,425,035.58    0.00%
  Power Plant 2                  POWERGEN                 KWH              0.00           0.00       0.0000       0.0000             0.00             0.00             0.00    0.00%
  Power Plant 3                  POWERGEN                 KWH      6,915,470.00           0.00      13.7384       0.0000    95,007,611.17             0.00    95,007,611.17    0.00%
  STG Power Plant                POWERGEN                 KWH      8,558,390.00           0.00      14.4375       0.0000   123,561,522.77             0.00   123,561,522.77    0.00%
  Utility Plant                  Boiler Feed Water        M3         102,217.60      94,141.88     304.4590     488.3158    31,121,071.81    45,970,971.80   -14,849,899.99  -32.30%
  Utility Plant                  COMPRESSED AIR           NM3      6,744,315.34   6,681,703.35       2.5613       1.8548    17,274,415.34    12,393,549.44     4,880,865.90   39.38%
  Utility Plant                  Cooling Water 1          KM3         14,369.00      14,369.00   3,182.8106   3,287.4108    45,733,805.50    47,236,802.99    -1,502,997.49   -3.18%
  Utility Plant                  Cooling Water 2          KM3         12,780.60      12,591.29   3,261.4757   3,367.9874    41,683,630.10    42,407,314.74      -723,684.64   -1.71%
  Utility Plant                  D M Water                M3         139,348.48     132,657.05      77.6696      82.8637    10,823,139.47    10,992,454.90      -169,315.42   -1.54%
  Utility Plant                  Effluent Treated         M3               0.00     230,049.38       0.0000      37.9786             0.00     8,736,950.24    -8,736,950.24 -100.00%
  Utility Plant                  HP Steam PRDS            MT           3,769.00       3,769.98   3,056.6019   3,344.9325    11,520,332.40    12,610,321.24    -1,089,988.84   -8.64%
  Utility Plant                  HRSG1_SHP STEAM          MT          46,219.77      43,406.56   2,974.4134   3,504.4053   137,476,701.29   152,114,169.25   -14,637,467.96   -9.62%
  Utility Plant                  HRSG2_SHP STEAM          MT               0.00           0.00       0.0000       0.0000             0.00             0.00             0.00    0.00%
  Utility Plant                  HRSG3_SHP STEAM          MT          46,219.77      42,098.15   3,596.6859   3,491.0102   166,237,993.75   146,965,057.32    19,272,936.43   13.11%
  Utility Plant                  LP Steam PRDS            MT          18,224.51      16,278.48      76.1148   2,486.4104     1,387,153.97    40,474,983.29   -39,087,829.32  -96.57%
  Utility Plant                  MP Steam PRDS SHP        MT          30,181.57      24,732.33   3,017.2515   3,304.0962    91,065,379.99    81,718,006.93     9,347,373.06   11.44%
  Utility Plant                  Oxygen                   MT           4,960.00       4,960.28  18,514.4577   6,879.9051    91,831,710.05    34,126,283.90    57,705,426.15  169.09%
  Utility Plant                  PQR                                       0.00           0.00       0.0000       0.0000             0.00             0.00             0.00    0.00%
  Utility Plant                  STG1_LP STEAM            MT          20,086.42      16,560.00   1,577.0638   1,719.6121    31,677,563.16    28,476,775.98     3,200,787.19   11.24%
  Utility Plant                  STG1_MP STEAM            MT           1,528.42       5,520.00   2,267.0292   2,471.9424     3,464,976.20    13,645,121.82   -10,180,145.62  -74.61%
  Utility Plant                  Treated Spent Caustic    M3               0.00           0.00       0.0000       0.0000        26,091.81        26,950.20          -858.40   -3.19%
  Utility/Power Dist             HP Steam_Dis             MT           3,769.00       3,769.98   3,056.6019   3,344.9325    11,520,332.40    12,610,321.25    -1,089,988.84   -8.64%
  Utility/Power Dist             LP Steam_Dis             MT          38,314.04      32,838.48     937.7993   2,099.7244    35,930,882.20    68,951,759.28   -33,020,877.07  -47.89%
  Utility/Power Dist             Power_Dis                KWH     42,549,330.00  43,239,817.44      10.2767       3.5336   437,264,748.51   152,792,640.00   284,472,108.51  186.18%
  Utility/Power Dist             SHP Steam_Dis            MT          92,439.54      85,504.70   3,285.5496   3,582.5252   303,714,687.90   306,322,754.45    -2,608,066.55   -0.85%
  --------------------------------------------------------------------------------------------------------------------------------------------------------------------------------------------------
  TOTAL                                                                                                                  1,775,748,785.37 1,218,573,189.01   557,175,596.36   45.72%

====================================================================================================================================================================================================
  CPP vs BPC — UTILITY PRICE COMPARISON (March 2026)
====================================================================================================================================================================================================
  Plant                          Utility                  UOM       CPP Gen QTY    BPC Gen QTY    CPP Price    BPC Price       CPP Amount       BPC Amount         Amt Diff   % Diff
  --------------------------------------------------------------------------------------------------------------------------------------------------------------------------------------------------
  Power Plant 1                  POWERGEN                 KWH      7,683,876.97           0.00      13.1623       0.0000   101,137,618.00             0.00   101,137,618.00    0.00%
  Power Plant 2                  POWERGEN                 KWH              0.00           0.00       0.0000       0.0000             0.00             0.00             0.00    0.00%
  Power Plant 3                  POWERGEN                 KWH      8,006,320.00           0.00      13.4091       0.0000   107,357,510.82             0.00   107,357,510.82    0.00%
  STG Power Plant                POWERGEN                 KWH      8,727,990.00           0.00      14.7141       0.0000   128,424,201.44             0.00   128,424,201.44    0.00%
  Utility Plant                  Boiler Feed Water        M3         111,734.22     105,566.82     303.1677     487.7335    33,874,202.30    51,488,477.01   -17,614,274.71  -34.21%
  Utility Plant                  COMPRESSED AIR           NM3      7,491,863.90   7,440,059.70       2.5525       1.8397    19,123,101.66    13,687,263.84     5,435,837.82   39.71%
  Utility Plant                  Cooling Water 1          KM3         15,776.00      15,775.86   3,176.8270   3,278.5170    50,117,623.42    51,721,425.13    -1,603,801.70   -3.10%
  Utility Plant                  Cooling Water 2          KM3         14,319.23      14,358.17   3,255.3693   3,358.8970    46,614,389.87    48,227,611.24    -1,613,221.37   -3.35%
  Utility Plant                  D M Water                M3         153,089.32     148,075.87      77.8458      82.8188    11,917,366.00    12,263,459.69      -346,093.69   -2.82%
  Utility Plant                  Effluent Treated         M3               0.00     253,863.05       0.0000      37.8506             0.00     9,608,870.35    -9,608,870.35 -100.00%
  Utility Plant                  HP Steam PRDS            MT           4,701.00       4,701.58   3,057.7089   3,346.7151    14,374,289.51    15,734,853.73    -1,360,564.22   -8.65%
  Utility Plant                  HRSG1_SHP STEAM          MT          50,344.34      48,666.93   2,975.4982   3,506.2690   149,799,494.18   170,639,348.70   -20,839,854.52  -12.21%
  Utility Plant                  HRSG2_SHP STEAM          MT               0.00           0.00       0.0000       0.0000             0.00             0.00             0.00    0.00%
  Utility Plant                  HRSG3_SHP STEAM          MT          50,344.34      47,226.42   3,598.2141   3,493.1125   181,149,714.87   164,967,193.61    16,182,521.27    9.81%
  Utility Plant                  LP Steam PRDS            MT          20,494.01      18,186.52      75.7919   2,485.5688     1,553,280.33    45,203,849.36   -43,650,569.02  -96.56%
  Utility Plant                  MP Steam PRDS SHP        MT          34,964.69      27,381.30   3,018.3242   3,305.8451   105,534,768.60    90,518,332.31    15,016,436.29   16.59%
  Utility Plant                  Oxygen                   MT           5,501.00       5,500.51  18,264.1061   7,024.9053   100,470,847.88    38,640,528.04    61,830,319.84  160.01%
  Utility Plant                  PQR                                       0.00           0.00       0.0000       0.0000             0.00             0.00             0.00    0.00%
  Utility Plant                  STG1_LP STEAM            MT          22,130.80      18,720.00   1,577.6910   1,720.5622    34,915,567.52    32,208,924.26     2,706,643.26    8.40%
  Utility Plant                  STG1_MP STEAM            MT             385.32       6,240.00   2,267.9308   2,473.3082       873,867.85    15,433,442.87   -14,559,575.02  -94.34%
  Utility Plant                  Treated Spent Caustic    M3               0.00           0.00       0.0000       0.0000        26,042.95        26,877.48          -834.53   -3.10%
  Utility/Power Dist             HP Steam_Dis             MT           4,701.00       4,701.58   3,057.7089   3,346.7151    14,374,289.50    15,734,853.73    -1,360,564.23   -8.65%
  Utility/Power Dist             LP Steam_Dis             MT          42,627.70      36,906.52     929.7555   2,097.5365    39,633,341.06    77,412,773.62   -37,779,432.56  -48.80%
  Utility/Power Dist             Power_Dis                KWH     47,804,630.00  48,649,485.29      10.2523       3.4772   490,109,425.17   169,163,280.00   320,946,145.17  189.73%
  Utility/Power Dist             SHP Steam_Dis            MT         100,688.67      95,893.35   3,286.8562   3,584.5046   330,949,176.49   343,730,143.67   -12,780,967.18   -3.72%
  --------------------------------------------------------------------------------------------------------------------------------------------------------------------------------------------------
  TOTAL                                                                                                                  1,962,330,119.41 1,366,411,508.64   595,918,610.77   43.61%

====================================================================================================================================================================================================
  CPP vs BPC — UTILITY PRICE COMPARISON (FY 2025-26 TOTAL)
====================================================================================================================================================================================================
  Plant                          Utility                  UOM       CPP Gen QTY    BPC Gen QTY    CPP Price    BPC Price       CPP Amount       BPC Amount         Amt Diff   % Diff
  --------------------------------------------------------------------------------------------------------------------------------------------------------------------------------------------------
  Power Plant 1                  POWERGEN                 KWH     72,089,393.29           0.00      13.9772       0.0000 1,007,605,348.32             0.00 1,007,605,348.32    0.00%
  Power Plant 2                  POWERGEN                 KWH     22,225,755.36           0.00      14.2989       0.0000   317,803,767.59             0.00   317,803,767.59    0.00%
  Power Plant 3                  POWERGEN                 KWH     68,404,302.13           0.00      14.1419       0.0000   967,369,120.47             0.00   967,369,120.47    0.00%
  STG Power Plant                POWERGEN                 KWH    120,737,521.40           0.00      14.7978       0.0000 1,786,648,501.10             0.00 1,786,648,501.10    0.00%
  Utility Plant                  Boiler Feed Water        M3       1,338,444.62   1,204,456.34     310.4586     491.7786   415,531,692.35   592,325,854.49  -176,794,162.14  -29.85%
  Utility Plant                  COMPRESSED AIR           NM3     86,455,747.10  85,365,647.15       2.6037       1.9068   225,101,092.41   162,779,117.60    62,321,974.80   38.29%
  Utility Plant                  Cooling Water 1          KM3        182,568.00     182,568.66   3,264.2722   3,369.5791   595,951,645.18   615,179,554.11   -19,227,908.92   -3.13%
  Utility Plant                  Cooling Water 2          KM3        441,366.30     162,661.55   1,255.6304   3,451.9349   554,192,933.80   561,497,063.71    -7,304,129.91   -1.30%
  Utility Plant                  D M Water                M3       1,819,371.96   1,707,275.34      78.0972      83.2736   142,087,860.61   142,170,884.42       -83,023.82   -0.06%
  Utility Plant                  Effluent Treated         M3              56.79   2,906,887.17      39.4484      39.1679         2,240.10   113,856,679.99  -113,854,439.89 -100.00%
  Utility Plant                  HP Steam PRDS            MT          64,328.00      64,330.58   3,150.4583   3,400.2070   202,662,681.58   218,737,296.63   -16,074,615.05   -7.35%
  Utility Plant                  HRSG1_SHP STEAM          MT         559,846.61     510,664.28   3,068.4365   3,552.7433 1,717,853,747.75 1,814,259,070.71   -96,405,322.95   -5.31%
  Utility Plant                  HRSG2_SHP STEAM          MT         152,959.42     137,165.93   3,735.8360   3,624.5555   571,431,305.82   497,165,512.88    74,265,792.94   14.94%
  Utility Plant                  HRSG3_SHP STEAM          MT         499,508.61     452,841.65   3,641.5836   3,535.1953 1,819,002,365.71 1,600,883,667.39   218,118,698.31   13.62%
  Utility Plant                  LP Steam PRDS            MT         233,379.12     194,184.91      76.0450   2,495.9738    17,747,324.25   484,680,443.68  -466,933,119.43  -96.34%
  Utility Plant                  MP Steam PRDS SHP        MT         344,247.91     265,350.47   3,101.3521   3,350.2592 1,067,633,980.90   888,992,843.65   178,641,137.25   20.09%
  Utility Plant                  Oxygen                   MT          65,892.00      65,890.82  19,210.7439   6,033.2876 1,265,834,337.74   397,538,261.81   868,296,075.93  218.42%
  Utility Plant                  PQR                                  56,784.64           0.00       0.0394       0.0000         2,240.07             0.00         2,240.07    0.00%
  Utility Plant                  STG1_LP STEAM            MT         263,585.75     228,600.00   1,627.5717   1,748.0543   429,004,708.02   399,605,210.48    29,399,497.54    7.36%
  Utility Plant                  STG1_MP STEAM            MT          26,679.65      76,200.00   2,341.6461   2,512.8280    62,474,288.10   191,477,496.69  -129,003,208.59  -67.37%
  Utility Plant                  Treated Spent Caustic    M3               0.00           0.00       0.0000       0.0000       366,139.60       331,504.46        34,635.13   10.45%
  Utility/Power Dist             HP Steam_Dis             MT          64,328.00      64,330.58   3,150.4583   3,400.2070   202,662,681.53   218,737,296.63   -16,074,615.10   -7.35%
  Utility/Power Dist             LP Steam_Dis             MT         496,987.81     422,784.91     962.9607   2,091.5734   478,579,737.29   884,285,654.17  -405,705,916.88  -45.88%
  Utility/Power Dist             Power_Dis                KWH    541,580,700.00 546,285,122.98      10.6088       3.4983 5,745,513,224.31 1,911,065,520.00 3,834,447,704.31  200.64%
  Utility/Power Dist             SHP Steam_Dis            MT       1,210,696.25   1,100,671.86   3,385.3779   3,639.1878 4,098,664,302.49 4,005,551,626.06    93,112,676.43    2.32%
  --------------------------------------------------------------------------------------------------------------------------------------------------------------------------------------------------
  TOTAL                                                                                                                  23,691,727,267.09 15,701,120,559.56 7,990,606,707.53   50.89%
