NMD Plant Run Log
Plant:     NMD CPP
Period:    3/2026
Generated: 2026-07-07 20:33:42
================================================================================


Fetching data for March 2026...
######################################################################
  NMD CPP  [23BCA1B3]  Period: 3/2026
######################################################################

======================================================================
  U4U ITERATIVE BALANCING
======================================================================
20:33:21  ERROR       [NORMS ALL] Error: ('40001', '[40001] [Microsoft][ODBC Driver 17 for SQL Server][SQL Server]Transaction (Process ID 166) was deadlocked on lock resources with another process and has been chosen as the deadlock victim. Rerun the transaction. (1205) (SQLFetch)')
20:33:21  INFO        [NMD NormsReader] Loaded 0 rows for 2/2026 — 0 generation utilities, 0 U4U materials
20:33:21  ERROR       [NORMS ALL] Error: ('40001', '[40001] [Microsoft][ODBC Driver 17 for SQL Server][SQL Server]Transaction (Process ID 165) was deadlocked on lock resources with another process and has been chosen as the deadlock victim. Rerun the transaction. (1205) (SQLExecDirectW)')
20:33:21  INFO        [NMD NormsReader] Loaded 0 rows for 3/2026 — 0 generation utilities, 0 U4U materials
20:33:23  INFO        [CONSOLIDATED] 12 utilities (process + fixed) for 2/2026
20:33:23  INFO        [U4U LOOP] Initial demands: 12 utilities (12 from demand, 0 from norms)
20:33:23  INFO        [U4U LOOP] Pass-through utilities (demand but no norms): COMPRESSED AIR, Cooling Water 1, Cooling Water 2, D M Water, HP Steam_Dis, LP Steam_Dis, MP Steam_Dis, Nitrogen Gas, Oxygen, Power_Dis, SHP Steam_Dis, Water
20:33:23  INFO      
20:33:23  INFO        ==========================================================================================
20:33:23  INFO        U4U ITERATION LOOP  (February 2026)
20:33:23  INFO        ==========================================================================================
20:33:23  INFO        Tolerance: 1.0000% (U4U)  |  0.02 MWh (power)  |  Max iterations: 50
20:33:23  INFO        Total utilities: 12  |  Generation utilities: 0  |  Pass-through: 12
20:33:23  INFO        Pass-through (no norms): COMPRESSED AIR, Cooling Water 1, Cooling Water 2, D M Water, HP Steam_Dis, LP Steam_Dis, MP Steam_Dis, Nitrogen Gas, Oxygen, Power_Dis, SHP Steam_Dis, Water
20:33:23  INFO      
20:33:23  INFO        [CONSOLIDATED] 12 utilities (process + fixed) for 3/2026
20:33:23  INFO        [U4U LOOP] Initial demands: 12 utilities (12 from demand, 0 from norms)
20:33:23  INFO        [U4U LOOP] Pass-through utilities (demand but no norms): COMPRESSED AIR, Cooling Water 1, Cooling Water 2, D M Water, HP Steam_Dis, LP Steam_Dis, MP Steam_Dis, Nitrogen Gas, Oxygen, Power_Dis, SHP Steam_Dis, Water
20:33:23  INFO      
20:33:23  INFO        ==========================================================================================
20:33:23  INFO        U4U ITERATION LOOP  (March 2026)
20:33:23  INFO        ==========================================================================================
20:33:23  INFO        Tolerance: 1.0000% (U4U)  |  0.02 MWh (power)  |  Max iterations: 50
20:33:23  INFO        Total utilities: 12  |  Generation utilities: 0  |  Pass-through: 12
20:33:23  INFO        Pass-through (no norms): COMPRESSED AIR, Cooling Water 1, Cooling Water 2, D M Water, HP Steam_Dis, LP Steam_Dis, MP Steam_Dis, Nitrogen Gas, Oxygen, Power_Dis, SHP Steam_Dis, Water
20:33:23  INFO      
20:33:24  INFO        [DISPATCH] Total demand: 28168.09 MWh, Import: 22176.00 MWh, Net for GT/STG: 5992.09 MWh
20:33:24  INFO        [DISPATCH] Total demand: 31864.57 MWh, Import: 24552.00 MWh, Net for GT/STG: 7312.57 MWh
20:33:24  WARNING     [DISPATCH] No aux power norm for 'NMD-Power Plant-1'; using 0.0
20:33:24  WARNING     [DISPATCH] No aux power norm for 'NMD-Power Plant-3'; using 0.0
20:33:24  WARNING     [DISPATCH] No aux power norm for 'NMD-STG Power Plant'; using 0.0
20:33:24  INFO        ==============================================================================
20:33:24  INFO        POWER DISPATCH  (February 2026)
20:33:24  INFO        ==============================================================================
20:33:24  INFO        Demand:  Process = 28168.09 MWh  |  Fixed = 0.00 MWh  |  Total = 28168.09 MWh
20:33:24  INFO      
20:33:24  INFO        Asset                      Priority    Min MW    Max MW     Hours   Dispatched MW  Dispatched MWh    Load %  Free Steam MT  Aux Power MWh
20:33:24  INFO        -------------------------  --------  --------  --------  --------  --------------  --------------  --------  ------------  ------------
20:33:24  INFO        NMD-Power Plant-1                 1      5.00     21.90    672.00            5.00         3360.00     22.8%       6619.20          0.00
20:33:24  INFO        NMD-Power Plant-3                 1      8.00     14.00    672.00            8.00         5376.00     57.1%      10590.72          0.00
20:33:24  INFO        NMD-STG Power Plant               2      6.00     24.90    552.00            6.00         3312.00     24.1%          0.00          0.00
20:33:24  INFO        TOTAL                                                                                    12048.00                17209.92          0.00
20:33:24  INFO        DEFICIT: 16120.09 MWh under-generation
20:33:24  INFO        ==============================================================================
20:33:25  WARNING     [DISPATCH] No aux power norm for 'NMD-Power Plant-1'; using 0.0
20:33:25  WARNING     [DISPATCH] No aux power norm for 'NMD-Power Plant-3'; using 0.0
20:33:25  WARNING     [DISPATCH] No aux power norm for 'NMD-STG Power Plant'; using 0.0
20:33:25  INFO        ==============================================================================
20:33:25  INFO        POWER DISPATCH  (March 2026)
20:33:25  INFO        ==============================================================================
20:33:25  INFO        Demand:  Process = 31864.57 MWh  |  Fixed = 0.00 MWh  |  Total = 31864.57 MWh
20:33:25  INFO      
20:33:25  INFO        Asset                      Priority    Min MW    Max MW     Hours   Dispatched MW  Dispatched MWh    Load %  Free Steam MT  Aux Power MWh
20:33:25  INFO        -------------------------  --------  --------  --------  --------  --------------  --------------  --------  ------------  ------------
20:33:25  INFO        NMD-Power Plant-1                 1      5.00     21.90    744.00            5.00         3720.00     22.8%       7328.40          0.00
20:33:25  INFO        NMD-Power Plant-3                 1      7.00     14.00    744.00            7.00         5208.00     50.0%      10259.76          0.00
20:33:25  INFO        NMD-STG Power Plant               2      6.00     24.90    624.00            6.00         3744.00     24.1%          0.00          0.00
20:33:25  INFO        TOTAL                                                                                    12672.00                17588.16          0.00
20:33:25  INFO        DEFICIT: 19192.57 MWh under-generation
20:33:25  INFO        ==============================================================================
20:33:25  INFO        [STG EXTRACTION] STG Load: 6.00 MW, LP Extraction: 0.00 MT, MP Extraction: 0.00 MT
20:33:25  INFO        [STG EXTRACTION] STG Load: 6.00 MW, LP Extraction: 0.00 MT, MP Extraction: 0.00 MT
20:33:25  INFO        ==============================================================================
20:33:25  INFO        STEAM DISPATCH  (February 2026)
20:33:25  INFO        ==============================================================================
20:33:25  INFO        Grade      Process/Fixed MT  Letdown MT  Byproduct MT     Net Demand MT
20:33:25  INFO        ---------  ----------------  ----------  ------------  ----------------
20:33:25  INFO        LP                 23492.87        0.00          0.00          23492.87
20:33:25  INFO        MP                 18043.84        0.00          0.00          18043.84
20:33:25  INFO        HP                  3769.00        0.00          0.00           3769.00
20:33:25  INFO        SHP                19836.00        0.00          0.00          19836.00
20:33:25  INFO      
20:33:25  INFO        Total Free Steam available: 17209.92 MT
20:33:25  INFO      
20:33:25  INFO        FINAL SUPPLEMENTARY FIRING DISPATCH
20:33:25  INFO        Asset                      Priority     Min TPH     Max TPH     Hours  Dispatched TPH   Dispatched MT    Load %
20:33:25  INFO        -------------------------  --------  ----------  ----------  --------  --------------  --------------  --------
20:33:25  INFO        HRSG-1                            1       50.15      126.15    672.00           50.15        33700.80     44.1%
20:33:25  INFO        HRSG-2                          999       60.00      136.00      0.00            0.00            0.00      0.0%
20:33:25  INFO        HRSG-3                            1       44.24      120.24    672.00           44.24        29729.28     44.1%
20:33:25  INFO        TOTAL SUPPLEMENTARY                                                                          63430.08          
20:33:25  INFO        TOTAL STEAM GENERATED                                                                        80640.00          
20:33:25  INFO        SURPLUS: 60804.00 MT
20:33:25  INFO        ==============================================================================
20:33:25  INFO        [U4U LOOP] ⚡ EXCESS STEAM BALANCING (PROPORTIONAL CONTROLLER)
20:33:25  INFO          Excess Steam: 60804.00 MT | Desired STG Adj: 14031.70 MWh | Target STG: 13744.80 MWh | Current STG: 3312.00 MWh
20:33:25  INFO          ACTION: Adjusting STG override to 13744.80 MWh
20:33:25  INFO      
20:33:25  INFO        ------------------------------------------------------------------------------------------
20:33:25  INFO        ITERATION 1
20:33:25  INFO        ------------------------------------------------------------------------------------------
20:33:25  INFO        Power:  Demand =    28168087.90 KWH  |  Gen =       12048.00 MWh  |  Surplus =  6055.91  |  Deficit =     0.00
20:33:25  INFO        Steam:  Gen =       80640.00 MT  |  Surplus = 60804.00  |  Deficit =     0.00
20:33:25  INFO        Excess SHP:   60804.00 MT → STG override = 13744.80 MWh, GT reduction = 0.00 MWh
20:33:25  INFO        Power delta: 28168087.9000 MWh  |  Converged: NO
20:33:25  INFO      
20:33:25  INFO        Utility                                Total Demand      U4U Demand         Initial    Change %
20:33:25  INFO        -----------------------------------  --------------  --------------  --------------  ----------
20:33:25  INFO        COMPRESSED AIR                           5725372.28            0.00      5725372.28   100.0000% (PT)
20:33:25  INFO        Cooling Water 1                            14369.00            0.00        14369.00   100.0000% (PT)
20:33:25  INFO        Cooling Water 2                             8478.76            0.00         8478.76   100.0000% (PT)
20:33:25  INFO        D M Water                                  51443.60            0.00        51443.60   100.0000% (PT)
20:33:25  INFO        HP Steam_Dis                                3769.00            0.00         3769.00   100.0000% (PT)
20:33:25  INFO        LP Steam_Dis                               23492.87            0.00        23492.87   100.0000% (PT)
20:33:25  INFO        MP Steam_Dis                               18043.84            0.00        18043.84   100.0000% (PT)
20:33:25  INFO        Nitrogen Gas                             5331782.00            0.00      5331782.00   100.0000% (PT)
20:33:25  INFO        Oxygen                                      4960.00            0.00         4960.00   100.0000% (PT)
20:33:25  INFO        Power_Dis                               28168087.90            0.00     28168087.90   100.0000% (PT)
20:33:25  INFO        SHP Steam_Dis                              19836.00            0.00        19836.00   100.0000% (PT)
20:33:25  INFO        Water                                     261656.08            0.00       261656.08   100.0000% (PT)
20:33:25  INFO      
20:33:25  INFO        All U4U materials converged within tolerance
20:33:25  INFO        ------------------------------------------------------------------------------------------
20:33:25  INFO        [DISPATCH] Total demand: 28168.09 MWh, Import: 22176.00 MWh, Net for GT/STG: 5992.09 MWh
20:33:25  WARNING     [DISPATCH] No aux power norm for 'NMD-Power Plant-1'; using 0.0
20:33:25  WARNING     [DISPATCH] No aux power norm for 'NMD-Power Plant-3'; using 0.0
20:33:25  WARNING     [DISPATCH] No aux power norm for 'NMD-STG Power Plant'; using 0.0
20:33:25  INFO        ==============================================================================
20:33:25  INFO        POWER DISPATCH  (February 2026)
20:33:25  INFO        ==============================================================================
20:33:25  INFO        Demand:  Process = 28168.09 MWh  |  Fixed = 0.00 MWh  |  Total = 28168.09 MWh
20:33:25  INFO      
20:33:25  INFO        Asset                      Priority    Min MW    Max MW     Hours   Dispatched MW  Dispatched MWh    Load %  Free Steam MT  Aux Power MWh
20:33:25  INFO        -------------------------  --------  --------  --------  --------  --------------  --------------  --------  ------------  ------------
20:33:25  INFO        NMD-Power Plant-1                 1      5.00     21.90    672.00            5.00         3360.00     22.8%       6619.20          0.00
20:33:25  INFO        NMD-Power Plant-3                 1      8.00     14.00    672.00            8.00         5376.00     57.1%      10590.72          0.00
20:33:25  INFO        NMD-STG Power Plant               2      6.00     24.90    552.00           24.90        13744.80    100.0%          0.00          0.00
20:33:25  INFO        TOTAL                                                                                    22480.80                17209.92          0.00
20:33:25  INFO        DEFICIT: 5687.29 MWh under-generation
20:33:25  INFO        ==============================================================================
20:33:25  INFO        ==============================================================================
20:33:25  INFO        STEAM DISPATCH  (March 2026)
20:33:25  INFO        ==============================================================================
20:33:25  INFO        Grade      Process/Fixed MT  Letdown MT  Byproduct MT     Net Demand MT
20:33:25  INFO        ---------  ----------------  ----------  ------------  ----------------
20:33:25  INFO        LP                 26426.63        0.00          0.00          26426.63
20:33:25  INFO        MP                 19981.68        0.00          0.00          19981.68
20:33:25  INFO        HP                  4701.00        0.00          0.00           4701.00
20:33:25  INFO        SHP                21778.00        0.00          0.00          21778.00
20:33:25  INFO      
20:33:25  INFO        Total Free Steam available: 17588.16 MT
20:33:25  INFO      
20:33:25  INFO        FINAL SUPPLEMENTARY FIRING DISPATCH
20:33:25  INFO        Asset                      Priority     Min TPH     Max TPH     Hours  Dispatched TPH   Dispatched MT    Load %
20:33:25  INFO        -------------------------  --------  ----------  ----------  --------  --------------  --------------  --------
20:33:25  INFO        HRSG-1                            1       50.15      126.15    744.00           50.15        37311.60     44.1%
20:33:25  INFO        HRSG-2                          999       60.00      136.00      0.00            0.00            0.00      0.0%
20:33:25  INFO        HRSG-3                            1       46.21      122.21    744.00           46.21        34380.24     44.1%
20:33:25  INFO        TOTAL SUPPLEMENTARY                                                                          71691.84          
20:33:25  INFO        TOTAL STEAM GENERATED                                                                        89280.00          
20:33:25  INFO        SURPLUS: 67502.00 MT
20:33:25  INFO        ==============================================================================
20:33:25  INFO        [U4U LOOP] ⚡ EXCESS STEAM BALANCING (PROPORTIONAL CONTROLLER)
20:33:25  INFO          Excess Steam: 67502.00 MT | Desired STG Adj: 15577.40 MWh | Target STG: 15537.60 MWh | Current STG: 3744.00 MWh
20:33:25  INFO          ACTION: Adjusting STG override to 15537.60 MWh
20:33:25  INFO      
20:33:25  INFO        ------------------------------------------------------------------------------------------
20:33:25  INFO        ITERATION 1
20:33:25  INFO        ------------------------------------------------------------------------------------------
20:33:25  INFO        Power:  Demand =    31864568.60 KWH  |  Gen =       12672.00 MWh  |  Surplus =  5359.43  |  Deficit =     0.00
20:33:25  INFO        Steam:  Gen =       89280.00 MT  |  Surplus = 67502.00  |  Deficit =     0.00
20:33:25  INFO        Excess SHP:   67502.00 MT → STG override = 15537.60 MWh, GT reduction = 0.00 MWh
20:33:25  INFO        Power delta: 31864568.6000 MWh  |  Converged: NO
20:33:25  INFO      
20:33:25  INFO        Utility                                Total Demand      U4U Demand         Initial    Change %
20:33:25  INFO        -----------------------------------  --------------  --------------  --------------  ----------
20:33:25  INFO        COMPRESSED AIR                           6381525.24            0.00      6381525.24   100.0000% (PT)
20:33:25  INFO        Cooling Water 1                            15776.00            0.00        15776.00   100.0000% (PT)
20:33:25  INFO        Cooling Water 2                             9821.59            0.00         9821.59   100.0000% (PT)
20:33:25  INFO        D M Water                                  57000.20            0.00        57000.20   100.0000% (PT)
20:33:25  INFO        HP Steam_Dis                                4701.00            0.00         4701.00   100.0000% (PT)
20:33:25  INFO        LP Steam_Dis                               26426.63            0.00        26426.63   100.0000% (PT)
20:33:25  INFO        MP Steam_Dis                               19981.68            0.00        19981.68   100.0000% (PT)
20:33:25  INFO        Nitrogen Gas                             5908725.00            0.00      5908725.00   100.0000% (PT)
20:33:25  INFO        Oxygen                                      5501.00            0.00         5501.00   100.0000% (PT)
20:33:25  INFO        Power_Dis                               31864568.60            0.00     31864568.60   100.0000% (PT)
20:33:25  INFO        SHP Steam_Dis                              21778.00            0.00        21778.00   100.0000% (PT)
20:33:25  INFO        Water                                     289668.16            0.00       289668.16   100.0000% (PT)
20:33:25  INFO      
20:33:25  INFO        All U4U materials converged within tolerance
20:33:25  INFO        ------------------------------------------------------------------------------------------
20:33:25  INFO        [DISPATCH] Total demand: 31864.57 MWh, Import: 24552.00 MWh, Net for GT/STG: 7312.57 MWh
20:33:25  WARNING     [DISPATCH] No aux power norm for 'NMD-Power Plant-1'; using 0.0
20:33:25  WARNING     [DISPATCH] No aux power norm for 'NMD-Power Plant-3'; using 0.0
20:33:25  WARNING     [DISPATCH] No aux power norm for 'NMD-STG Power Plant'; using 0.0
20:33:25  INFO        ==============================================================================
20:33:25  INFO        POWER DISPATCH  (March 2026)
20:33:25  INFO        ==============================================================================
20:33:25  INFO        Demand:  Process = 31864.57 MWh  |  Fixed = 0.00 MWh  |  Total = 31864.57 MWh
20:33:25  INFO      
20:33:25  INFO        Asset                      Priority    Min MW    Max MW     Hours   Dispatched MW  Dispatched MWh    Load %  Free Steam MT  Aux Power MWh
20:33:25  INFO        -------------------------  --------  --------  --------  --------  --------------  --------------  --------  ------------  ------------
20:33:25  INFO        NMD-Power Plant-1                 1      5.00     21.90    744.00            5.00         3720.00     22.8%       7328.40          0.00
20:33:25  INFO        NMD-Power Plant-3                 1      7.00     14.00    744.00            7.00         5208.00     50.0%      10259.76          0.00
20:33:25  INFO        NMD-STG Power Plant               2      6.00     24.90    624.00           24.90        15537.60    100.0%          0.00          0.00
20:33:25  INFO        TOTAL                                                                                    24465.60                17588.16          0.00
20:33:25  INFO        DEFICIT: 7398.97 MWh under-generation
20:33:25  INFO        ==============================================================================
20:33:25  INFO        [STG EXTRACTION] STG Load: 24.90 MW, LP Extraction: 14904.00 MT, MP Extraction: 3864.00 MT
20:33:25  INFO        ==============================================================================
20:33:25  INFO        STEAM DISPATCH  (February 2026)
20:33:25  INFO        ==============================================================================
20:33:25  INFO        Grade      Process/Fixed MT  Letdown MT  Byproduct MT     Net Demand MT
20:33:25  INFO        ---------  ----------------  ----------  ------------  ----------------
20:33:25  INFO        LP                 23492.87        0.00          0.00           8588.87
20:33:25  INFO        MP                 18043.84        0.00          0.00          14179.84
20:33:25  INFO        HP                  3769.00        0.00          0.00           3769.00
20:33:25  INFO        SHP                19836.00        0.00          0.00          19836.00
20:33:25  INFO      
20:33:25  INFO        Total Free Steam available: 17209.92 MT
20:33:25  INFO      
20:33:25  INFO        FINAL SUPPLEMENTARY FIRING DISPATCH
20:33:25  INFO        Asset                      Priority     Min TPH     Max TPH     Hours  Dispatched TPH   Dispatched MT    Load %
20:33:25  INFO        -------------------------  --------  ----------  ----------  --------  --------------  --------------  --------
20:33:25  INFO        HRSG-1                            1       50.15      126.15    672.00           50.15        33700.80     44.1%
20:33:25  INFO        HRSG-2                          999       60.00      136.00      0.00            0.00            0.00      0.0%
20:33:25  INFO        HRSG-3                            1       44.24      120.24    672.00           44.24        29729.28     44.1%
20:33:25  INFO        TOTAL SUPPLEMENTARY                                                                          63430.08          
20:33:25  INFO        TOTAL STEAM GENERATED                                                                        80640.00          
20:33:25  INFO        SURPLUS: 60804.00 MT
20:33:25  INFO        ==============================================================================
20:33:25  INFO        [U4U LOOP] ⚡ EXCESS STEAM BALANCING (PROPORTIONAL CONTROLLER)
20:33:25  INFO          Excess Steam: 60804.00 MT | Desired STG Adj: 18004.69 MWh | Target STG: 13744.80 MWh | Current STG: 13744.80 MWh
20:33:25  INFO          ACTION: Adjusting STG override to 13744.80 MWh
20:33:25  INFO      
20:33:25  INFO        ------------------------------------------------------------------------------------------
20:33:25  INFO        ITERATION 2
20:33:25  INFO        ------------------------------------------------------------------------------------------
20:33:25  INFO        Power:  Demand =    28168087.90 KWH  |  Gen =       22480.80 MWh  |  Surplus = 16488.71  |  Deficit =     0.00
20:33:25  INFO        Steam:  Gen =       80640.00 MT  |  Surplus = 60804.00  |  Deficit =     0.00
20:33:25  INFO        Excess SHP:   60804.00 MT → STG override = 13744.80 MWh, GT reduction = 0.00 MWh
20:33:25  INFO        Power delta: 0.0000 MWh  |  Converged: YES
20:33:25  INFO      
20:33:25  INFO        Utility                                Total Demand      U4U Demand         Initial    Change %
20:33:25  INFO        -----------------------------------  --------------  --------------  --------------  ----------
20:33:25  INFO        COMPRESSED AIR                           5725372.28            0.00      5725372.28   100.0000% (PT)
20:33:25  INFO        Cooling Water 1                            14369.00            0.00        14369.00   100.0000% (PT)
20:33:25  INFO        Cooling Water 2                             8478.76            0.00         8478.76   100.0000% (PT)
20:33:25  INFO        D M Water                                  51443.60            0.00        51443.60   100.0000% (PT)
20:33:25  INFO        HP Steam_Dis                                3769.00            0.00         3769.00   100.0000% (PT)
20:33:25  INFO        LP Steam_Dis                               23492.87            0.00        23492.87   100.0000% (PT)
20:33:25  INFO        MP Steam_Dis                               18043.84            0.00        18043.84   100.0000% (PT)
20:33:25  INFO        Nitrogen Gas                             5331782.00            0.00      5331782.00   100.0000% (PT)
20:33:25  INFO        Oxygen                                      4960.00            0.00         4960.00   100.0000% (PT)
20:33:25  INFO        Power_Dis                               28168087.90            0.00     28168087.90   100.0000% (PT)
20:33:25  INFO        SHP Steam_Dis                              19836.00            0.00        19836.00   100.0000% (PT)
20:33:25  INFO        Water                                     261656.08            0.00       261656.08   100.0000% (PT)
20:33:25  INFO      
20:33:25  INFO        All U4U materials converged within tolerance
20:33:25  INFO        ------------------------------------------------------------------------------------------
20:33:25  INFO      
20:33:25  INFO        [U4U LOOP] === CONVERGED in 2 iterations ===
20:33:25  INFO      
20:33:25  INFO        ==========================================================================================
20:33:25  INFO        FINAL BALANCE  (after 2 iterations, CONVERGED)
20:33:25  INFO        ==========================================================================================
20:33:25  INFO      
20:33:25  INFO        POWER BALANCE
20:33:25  INFO        Process + Fixed Demand                  28168087.90 KWH
20:33:25  INFO        U4U Demand                                     0.00 KWH
20:33:25  INFO        TOTAL DEMAND                            28168087.90 KWH
20:33:25  INFO        GT/STG Generation                          22480.80 MWh
20:33:25  INFO        Import Power                               22176.00 MWh
20:33:25  INFO        TOTAL SUPPLY                               44656.80 MWh
20:33:25  INFO        BALANCE                                    16488.71 MWh
20:33:25  INFO      
20:33:25  INFO        STEAM BALANCE
20:33:25  INFO        Grade            Demand (MT)        Gen (MT)    Surplus (MT)    Deficit (MT)
20:33:25  INFO        ------------  --------------  --------------  --------------  --------------
20:33:25  INFO        LP                   8588.87            0.00            0.00            0.00
20:33:25  INFO        MP                  14179.84            0.00            0.00            0.00
20:33:25  INFO        HP                   3769.00            0.00            0.00            0.00
20:33:25  INFO        SHP                 19836.00        80640.00        60804.00            0.00
20:33:25  INFO      
20:33:25  INFO        U4U CONSUMPTION SUMMARY
20:33:25  INFO        Utility                              Initial Demand      U4U Demand    Total Demand
20:33:25  INFO        -----------------------------------  --------------  --------------  --------------
20:33:25  INFO        COMPRESSED AIR                           5725372.28            0.00      5725372.28 (PT)
20:33:25  INFO        Cooling Water 1                            14369.00            0.00        14369.00 (PT)
20:33:25  INFO        Cooling Water 2                             8478.76            0.00         8478.76 (PT)
20:33:25  INFO        D M Water                                  51443.60            0.00        51443.60 (PT)
20:33:25  INFO        HP Steam_Dis                                3769.00            0.00         3769.00 (PT)
20:33:25  INFO        LP Steam_Dis                               23492.87            0.00        23492.87 (PT)
20:33:25  INFO        MP Steam_Dis                               18043.84            0.00        18043.84 (PT)
20:33:25  INFO        Nitrogen Gas                             5331782.00            0.00      5331782.00 (PT)
20:33:25  INFO        Oxygen                                      4960.00            0.00         4960.00 (PT)
20:33:25  INFO        Power_Dis                               28168087.90            0.00     28168087.90 (PT)
20:33:25  INFO        SHP Steam_Dis                              19836.00            0.00        19836.00 (PT)
20:33:25  INFO        Water                                     261656.08            0.00       261656.08 (PT)
20:33:25  INFO      
20:33:25  INFO        PASS-THROUGH UTILITIES (demand but no norms configuration):
20:33:25  INFO          COMPRESSED AIR                       demand = 5725372.28  (assumed external supply)
20:33:25  INFO          Cooling Water 1                      demand = 14369.00  (assumed external supply)
20:33:25  INFO          Cooling Water 2                      demand = 8478.76  (assumed external supply)
20:33:25  INFO          D M Water                            demand = 51443.60  (assumed external supply)
20:33:25  INFO          HP Steam_Dis                         demand = 3769.00  (assumed external supply)
20:33:25  INFO          LP Steam_Dis                         demand = 23492.87  (assumed external supply)
20:33:25  INFO          MP Steam_Dis                         demand = 18043.84  (assumed external supply)
20:33:25  INFO          Nitrogen Gas                         demand = 5331782.00  (assumed external supply)
20:33:25  INFO          Oxygen                               demand = 4960.00  (assumed external supply)
20:33:25  INFO          Power_Dis                            demand = 28168087.90  (assumed external supply)
20:33:25  INFO          SHP Steam_Dis                        demand = 19836.00  (assumed external supply)
20:33:25  INFO          Water                                demand = 261656.08  (assumed external supply)
20:33:25  INFO        ==========================================================================================
20:33:25  INFO        [STG EXTRACTION] STG Load: 24.90 MW, LP Extraction: 16848.00 MT, MP Extraction: 4368.00 MT
20:33:25  INFO        ==============================================================================
20:33:25  INFO        STEAM DISPATCH  (March 2026)
20:33:25  INFO        ==============================================================================
20:33:25  INFO        Grade      Process/Fixed MT  Letdown MT  Byproduct MT     Net Demand MT
20:33:25  INFO        ---------  ----------------  ----------  ------------  ----------------
20:33:26  INFO        LP                 26426.63        0.00          0.00           9578.63
20:33:26  INFO        MP                 19981.68        0.00          0.00          15613.68
20:33:26  INFO        HP                  4701.00        0.00          0.00           4701.00
20:33:26  INFO        SHP                21778.00        0.00          0.00          21778.00
20:33:26  INFO      
20:33:26  INFO        Total Free Steam available: 17588.16 MT
20:33:26  INFO      
20:33:26  INFO        FINAL SUPPLEMENTARY FIRING DISPATCH
20:33:26  INFO        Asset                      Priority     Min TPH     Max TPH     Hours  Dispatched TPH   Dispatched MT    Load %
20:33:26  INFO        -------------------------  --------  ----------  ----------  --------  --------------  --------------  --------
20:33:26  INFO        HRSG-1                            1       50.15      126.15    744.00           50.15        37311.60     44.1%
20:33:26  INFO        HRSG-2                          999       60.00      136.00      0.00            0.00            0.00      0.0%
20:33:26  INFO        HRSG-3                            1       46.21      122.21    744.00           46.21        34380.24     44.1%
20:33:26  INFO        TOTAL SUPPLEMENTARY                                                                          71691.84          
20:33:26  INFO        TOTAL STEAM GENERATED                                                                        89280.00          
20:33:26  INFO        SURPLUS: 67502.00 MT
20:33:26  INFO        ==============================================================================
20:33:26  INFO        [U4U LOOP] ⚡ EXCESS STEAM BALANCING (PROPORTIONAL CONTROLLER)
20:33:26  INFO          Excess Steam: 67502.00 MT | Desired STG Adj: 19988.04 MWh | Target STG: 15537.60 MWh | Current STG: 15537.60 MWh
20:33:26  INFO          ACTION: Adjusting STG override to 15537.60 MWh
20:33:26  INFO      
20:33:26  INFO        ------------------------------------------------------------------------------------------
20:33:26  INFO        ITERATION 2
20:33:26  INFO        ------------------------------------------------------------------------------------------
20:33:26  INFO        Power:  Demand =    31864568.60 KWH  |  Gen =       24465.60 MWh  |  Surplus = 17153.03  |  Deficit =     0.00
20:33:26  INFO        Steam:  Gen =       89280.00 MT  |  Surplus = 67502.00  |  Deficit =     0.00
20:33:26  INFO        Excess SHP:   67502.00 MT → STG override = 15537.60 MWh, GT reduction = 0.00 MWh
20:33:26  INFO        Power delta: 0.0000 MWh  |  Converged: YES
20:33:26  INFO        [BPC] Loaded BPC.ods (122 rows, 58 cols) for month 2/2026
20:33:26  INFO      
20:33:26  INFO        [BPC] Month columns: norm=50, qty=51
20:33:26  INFO        Utility                                Total Demand      U4U Demand         Initial    Change %
20:33:26  INFO        -----------------------------------  --------------  --------------  --------------  ----------
20:33:26  INFO        [BPC] ===== BPC SUMMARY (BPC.ods 2/2026) =====
20:33:26  INFO        COMPRESSED AIR                           6381525.24            0.00      6381525.24   100.0000% (PT)
20:33:26  INFO        [BPC] Producers with generation quantities: 22
20:33:26  INFO        Cooling Water 1                            15776.00            0.00        15776.00   100.0000% (PT)
20:33:26  INFO        [BPC] Producers with consumption quantities: 25
20:33:26  INFO        Cooling Water 2                             9821.59            0.00         9821.59   100.0000% (PT)
20:33:26  INFO        [BPC]   Boiler Feed Water               gen=      94141.88  materials=4
20:33:26  INFO        D M Water                                  57000.20            0.00        57000.20   100.0000% (PT)
20:33:26  INFO        [BPC]   COMPRESSED AIR                  gen=    6681703.35  materials=2
20:33:26  INFO        HP Steam_Dis                                4701.00            0.00         4701.00   100.0000% (PT)
20:33:26  INFO        [BPC]   Cooling Water 1                 gen=      14369.00  materials=4
20:33:26  INFO        LP Steam_Dis                               26426.63            0.00        26426.63   100.0000% (PT)
20:33:26  INFO        [BPC]   Cooling Water 2                 gen=      12591.29  materials=4
20:33:26  INFO        MP Steam_Dis                               19981.68            0.00        19981.68   100.0000% (PT)
20:33:26  INFO        [BPC]   D M Water                       gen=     132657.05  materials=5
20:33:26  INFO        Nitrogen Gas                             5908725.00            0.00      5908725.00   100.0000% (PT)
20:33:26  INFO        [BPC]   Effluent Treated                gen=     230049.38  materials=3
20:33:26  INFO        Oxygen                                      5501.00            0.00         5501.00   100.0000% (PT)
20:33:26  INFO        [BPC]   HP Steam PRDS                   gen=       3769.98  materials=2
20:33:26  INFO        Power_Dis                               31864568.60            0.00     31864568.60   100.0000% (PT)
20:33:26  INFO        [BPC]   HP Steam_Dis                    gen=       3769.98  materials=1
20:33:26  INFO        SHP Steam_Dis                              21778.00            0.00        21778.00   100.0000% (PT)
20:33:26  INFO        [BPC]   HRSG1_SHP STEAM                 gen=      43406.56  materials=6
20:33:26  INFO        Water                                     289668.16            0.00       289668.16   100.0000% (PT)
20:33:26  INFO        [BPC]   HRSG3_SHP STEAM                 gen=      42098.15  materials=6
20:33:26  INFO      
20:33:26  INFO        [BPC]   LP Steam PRDS                   gen=      16278.48  materials=2
20:33:26  INFO        All U4U materials converged within tolerance
20:33:26  INFO        [BPC]   LP Steam_Dis                    gen=      32838.48  materials=2
20:33:26  INFO        ------------------------------------------------------------------------------------------
20:33:26  INFO        [BPC]   MP Steam PRDS SHP               gen=      24732.33  materials=2
20:33:26  INFO      
20:33:26  INFO        [BPC]   MP Steam_Dis                    gen=      30252.33  materials=2
20:33:26  INFO        [U4U LOOP] === CONVERGED in 2 iterations ===
20:33:26  INFO        [BPC]   NMD - Power Plant 1             gen=    7145017.44  materials=5
20:33:26  INFO      
20:33:26  INFO        [BPC]   NMD - Power Plant 3             gen=    6074880.00  materials=5
20:33:26  INFO        ==========================================================================================
20:33:26  INFO        [BPC]   NMD - STG Power Plant           gen=    7843920.00  materials=6
20:33:26  INFO        FINAL BALANCE  (after 2 iterations, CONVERGED)
20:33:26  INFO        [BPC]   Oxygen                          gen=       4960.28  materials=3
20:33:26  INFO        ==========================================================================================
20:33:26  INFO        [BPC]   Power_Dis                       gen=   43239817.44  materials=1
20:33:26  INFO      
20:33:26  INFO        [BPC]   SHP Steam_Dis                   gen=      85504.70  materials=3
20:33:26  INFO        POWER BALANCE
20:33:26  INFO        [BPC]   STG1_LP STEAM                   gen=      16560.00  materials=1
20:33:26  INFO        Process + Fixed Demand                  31864568.60 KWH
20:33:26  INFO        [BPC]   STG1_MP STEAM                   gen=       5520.00  materials=1
20:33:26  INFO        U4U Demand                                     0.00 KWH
20:33:26  INFO        TOTAL DEMAND                            31864568.60 KWH
20:33:26  WARNING     [NORMS SAVE] No detail_records in result — nothing to save.
20:33:26  INFO        GT/STG Generation                          24465.60 MWh
20:33:26  INFO        Import Power                               24552.00 MWh
20:33:26  INFO        TOTAL SUPPLY                               49017.60 MWh
20:33:26  INFO        BALANCE                                    17153.03 MWh
20:33:26  INFO      
20:33:26  INFO        STEAM BALANCE
20:33:26  INFO        Grade            Demand (MT)        Gen (MT)    Surplus (MT)    Deficit (MT)
20:33:26  INFO        ------------  --------------  --------------  --------------  --------------
20:33:26  INFO        LP                   9578.63            0.00            0.00            0.00
20:33:26  INFO        MP                  15613.68            0.00            0.00            0.00
20:33:26  INFO        HP                   4701.00            0.00            0.00            0.00
20:33:26  INFO        SHP                 21778.00        89280.00        67502.00            0.00
20:33:26  INFO      
20:33:26  INFO        U4U CONSUMPTION SUMMARY
20:33:26  INFO        Utility                              Initial Demand      U4U Demand    Total Demand
20:33:26  INFO        -----------------------------------  --------------  --------------  --------------
20:33:26  INFO        COMPRESSED AIR                           6381525.24            0.00      6381525.24 (PT)
20:33:26  INFO        Cooling Water 1                            15776.00            0.00        15776.00 (PT)
20:33:26  INFO        Cooling Water 2                             9821.59            0.00         9821.59 (PT)
20:33:26  INFO        D M Water                                  57000.20            0.00        57000.20 (PT)
20:33:26  INFO        HP Steam_Dis                                4701.00            0.00         4701.00 (PT)
20:33:26  INFO        LP Steam_Dis                               26426.63            0.00        26426.63 (PT)
20:33:26  INFO        MP Steam_Dis                               19981.68            0.00        19981.68 (PT)
20:33:26  INFO        Nitrogen Gas                             5908725.00            0.00      5908725.00 (PT)
20:33:26  INFO        Oxygen                                      5501.00            0.00         5501.00 (PT)
20:33:26  INFO        Power_Dis                               31864568.60            0.00     31864568.60 (PT)
20:33:26  INFO        SHP Steam_Dis                              21778.00            0.00        21778.00 (PT)
20:33:26  INFO        Water                                     289668.16            0.00       289668.16 (PT)
20:33:26  INFO      
20:33:26  INFO        PASS-THROUGH UTILITIES (demand but no norms configuration):
20:33:26  INFO          COMPRESSED AIR                       demand = 6381525.24  (assumed external supply)
20:33:26  INFO          Cooling Water 1                      demand = 15776.00  (assumed external supply)
20:33:26  INFO          Cooling Water 2                      demand = 9821.59  (assumed external supply)
20:33:26  INFO          D M Water                            demand = 57000.20  (assumed external supply)
20:33:26  INFO          HP Steam_Dis                         demand = 4701.00  (assumed external supply)
20:33:26  INFO          LP Steam_Dis                         demand = 26426.63  (assumed external supply)
20:33:26  INFO          MP Steam_Dis                         demand = 19981.68  (assumed external supply)
20:33:26  INFO          Nitrogen Gas                         demand = 5908725.00  (assumed external supply)
20:33:26  INFO          Oxygen                               demand = 5501.00  (assumed external supply)
20:33:26  INFO          Power_Dis                            demand = 31864568.60  (assumed external supply)
20:33:26  INFO          SHP Steam_Dis                        demand = 21778.00  (assumed external supply)
20:33:26  INFO          Water                                demand = 289668.16  (assumed external supply)
20:33:26  INFO        ==========================================================================================

  Iterations: 2  |  Converged: YES
  Pass-through utilities: COMPRESSED AIR, Power_Dis, MP Steam_Dis, HP Steam_Dis, Water, Cooling Water 2, D M Water, Oxygen, Cooling Water 1, SHP Steam_Dis, LP Steam_Dis, Nitrogen Gas

======================================================================
  DONE
======================================================================

======================================================================
  U4U vs BPC COMPARISON  (March 2026)
======================================================================
20:33:27  INFO        [BPC] Loaded BPC.ods (122 rows, 58 cols) for month 3/2026
20:33:27  INFO        [BPC] Month columns: norm=54, qty=55
20:33:27  INFO        [BPC] ===== BPC SUMMARY (BPC.ods 3/2026) =====
20:33:27  INFO        [BPC] Producers with generation quantities: 22
20:33:27  INFO        [BPC] Producers with consumption quantities: 25
20:33:27  INFO        [BPC]   Boiler Feed Water               gen=     105566.82  materials=4
20:33:27  INFO        [BPC]   COMPRESSED AIR                  gen=    7440059.70  materials=2
20:33:27  INFO        [BPC]   Cooling Water 1                 gen=      15775.86  materials=4
20:33:27  INFO        [BPC]   Cooling Water 2                 gen=      14358.17  materials=4
20:33:27  INFO        [BPC]   D M Water                       gen=     148075.87  materials=5
20:33:27  INFO        [BPC]   Effluent Treated                gen=     253863.05  materials=3
20:33:27  INFO        [BPC]   HP Steam PRDS                   gen=       4701.58  materials=2
20:33:27  INFO        [BPC]   HP Steam_Dis                    gen=       4701.58  materials=1
20:33:27  INFO        [BPC]   HRSG1_SHP STEAM                 gen=      48666.93  materials=6
20:33:27  INFO        [BPC]   HRSG3_SHP STEAM                 gen=      47226.42  materials=6
20:33:27  INFO        [BPC]   LP Steam PRDS                   gen=      18186.52  materials=2
20:33:27  INFO        [BPC]   LP Steam_Dis                    gen=      36906.52  materials=2
20:33:27  INFO        [BPC]   MP Steam PRDS SHP               gen=      27381.30  materials=2
20:33:27  INFO        [BPC]   MP Steam_Dis                    gen=      33621.30  materials=2
20:33:27  INFO        [BPC]   NMD - Power Plant 1             gen=    8207085.29  materials=5
20:33:27  INFO        [BPC]   NMD - Power Plant 3             gen=    7023360.00  materials=5
20:33:27  INFO        [BPC]   NMD - STG Power Plant           gen=    8867040.00  materials=6
20:33:27  INFO        [BPC]   Oxygen                          gen=       5500.51  materials=3
20:33:27  INFO        [BPC]   Power_Dis                       gen=   48649485.29  materials=1
20:33:27  INFO        [BPC]   SHP Steam_Dis                   gen=      95893.35  materials=3
20:33:27  INFO        [BPC]   STG1_LP STEAM                   gen=      18720.00  materials=1
20:33:27  INFO        [BPC]   STG1_MP STEAM                   gen=       6240.00  materials=1
  No U4U detail records from iteration loop — skipping comparison
20:33:27  WARNING     [NORMS SAVE] No detail_records in result — nothing to save.

==============================================================================================================
  NMD UTILITY PRICE CALCULATION — March / 2026
  Method : Cost Cycle Gauss-Seidel  |  Max iterations : 100  |  Convergence tolerance : 0.0001 INR
==============================================================================================================
  Loaded 26 utility groups from NormsMonthDetail.

  Dynamic calculation sequence: 25 utilities
    1. NMD - Power Plant 1 | POWERGEN
    2. NMD - Power Plant 2 | POWERGEN
    3. NMD - Power Plant 3 | POWERGEN
    4. NMD - STG Power Plant | POWERGEN
    5. NMD - Utility Plant | Boiler Feed Water
    6. NMD - Utility Plant | COMPRESSED AIR
    7. NMD - Utility Plant | Cooling Water 1
    8. NMD - Utility Plant | Cooling Water 2
    9. NMD - Utility Plant | D M Water
    10. NMD - Utility Plant | Effluent Treated
    11. NMD - Utility Plant | HP Steam PRDS
    12. NMD - Utility Plant | HRSG1_SHP STEAM
    13. NMD - Utility Plant | HRSG2_SHP STEAM
    14. NMD - Utility Plant | HRSG3_SHP STEAM
    15. NMD - Utility Plant | LP Steam PRDS
    16. NMD - Utility Plant | MP Steam PRDS SHP
    17. NMD - Utility Plant | Oxygen
    18. NMD - Utility Plant | PQR
    19. NMD - Utility Plant | STG1_LP STEAM
    20. NMD - Utility Plant | STG1_MP STEAM
    21. NMD - Utility Plant | Treated Spent Caustic
    22. NMD - Utility/Power Dist | HP Steam_Dis
    23. NMD - Utility/Power Dist | LP Steam_Dis
    24. NMD - Utility/Power Dist | Power_Dis
    25. NMD - Utility/Power Dist | SHP Steam_Dis

  [ITERATION] Price calculation iteration completed in 12 iteration(s). Converged: True
  Status  : CONVERGED after 12 iteration(s)

============================================================================================================================
  UTILITY SUMMARY
============================================================================================================================
  #    Plant                          Utility                  UOM           Gen QTY   Calc Price       Total Cost Status
  --------------------------------------------------------------------------------------------------------------------------
  1    Power Plant 1                  POWERGEN                 KWH      7,683,876.97      13.1623   101,137,618.00  Converged
  2    Power Plant 2                  POWERGEN                 KWH              0.00       0.0000             0.00  Zero QTY
  3    Power Plant 3                  POWERGEN                 KWH      8,006,320.00      13.4091   107,357,510.82  Converged
  4    STG Power Plant                POWERGEN                 KWH      8,727,990.00      14.7141   128,424,201.44  Converged
  5    Utility Plant                  Boiler Feed Water        M3         111,734.22     303.1677    33,874,202.30  Converged
  6    Utility Plant                  COMPRESSED AIR           NM3      7,491,863.90       2.5525    19,123,101.66  Converged
  7    Utility Plant                  Cooling Water 1          KM3         15,776.00   3,176.8270    50,117,623.42  Converged
  8    Utility Plant                  Cooling Water 2          KM3         14,319.23   3,255.3693    46,614,389.87  Converged
  9    Utility Plant                  D M Water                M3         153,089.32      77.8458    11,917,366.00  Converged
  10   Utility Plant                  Effluent Treated         M3               0.00       0.0000             0.00  Zero QTY
  11   Utility Plant                  HP Steam PRDS            MT           4,701.00   3,057.7089    14,374,289.51  Converged
  12   Utility Plant                  HRSG1_SHP STEAM          MT          50,344.34   2,975.4982   149,799,494.18  Converged
  13   Utility Plant                  HRSG2_SHP STEAM          MT               0.00       0.0000             0.00  Zero QTY
  14   Utility Plant                  HRSG3_SHP STEAM          MT          50,344.34   3,598.2141   181,149,714.87  Converged
  15   Utility Plant                  LP Steam PRDS            MT          20,494.01      75.7919     1,553,280.33  Converged
  16   Utility Plant                  MP Steam PRDS SHP        MT          34,964.69   3,018.3242   105,534,768.60  Converged
  17   Utility Plant                  Oxygen                   MT           5,501.00  18,264.1061   100,470,847.88  Converged
  18   Utility Plant                  PQR                                       0.00       0.0000             0.00  Zero QTY
  19   Utility Plant                  STG1_LP STEAM            MT          22,130.80   1,577.6910    34,915,567.52  Converged
  20   Utility Plant                  STG1_MP STEAM            MT             385.32   2,267.9308       873,867.85  Converged
  21   Utility Plant                  Treated Spent Caustic    M3               0.00       0.0000        26,042.95  Zero QTY
  22   Utility/Power Dist             HP Steam_Dis             MT           4,701.00   3,057.7089    14,374,289.50  Converged
  23   Utility/Power Dist             LP Steam_Dis             MT          42,627.70     929.7555    39,633,341.06  Converged
  24   Utility/Power Dist             Power_Dis                KWH     47,804,630.00      10.2523   490,109,425.17  Converged
  25   Utility/Power Dist             SHP Steam_Dis            MT         100,688.67   3,286.8562   330,949,176.49  Converged
  ==========================================================================================================================
  GRAND TOTAL COST (All Utilities)                                             1,962,330,119.41
  ==========================================================================================================================

============================================================================================================================
  MATERIAL COST DETAIL
============================================================================================================================

  ┌─ Power Plant 1  |  POWERGEN  (KWH)  |  Gen QTY : 7,683,876.97  |  Calculated Price : 13.1623
  │  Material                             Issuing Plant                    Norms      Cons. Qty       Price         Amount  Type
  │  ----------------------------------------------------------------------------------------------------------------------
  │  COMPRESSED AIR                       NMD - Utility Plant             0.0039      25,408.41      2.5525      64,855.37  Calculated
  │  Cooling Water 2                      NMD - Utility Plant             0.0000          91.26  3,255.3693     297,073.54  Calculated
  │  NATURAL GAS                          NMD-Rev Proc                    0.0107      76,244.83  1,101.3763  83,974,245.26  User Price
  │  No Material                          No Plant                        0.0000           0.00           —   3,951,170.77  Direct Amount
  │  No Material                          No Plant                        0.0000           0.00           —   9,344,236.87  Direct Amount
  │  No Material                          No Plant                        0.0000           0.00           —   2,570,443.52  Direct Amount
  │  Power_Dis                            NMD - Utility/Power Dist        0.0140      91,256.48     10.2523     935,592.66  Calculated
  │  ----------------------------------------------------------------------------------------------------------------------
  └─ TOTAL COST : 101,137,618.00   PRICE = 101,137,618.00 / 7,683,876.97 = 13.1623 /KWH

  ┌─ Power Plant 2  |  POWERGEN  (KWH)  |  Gen QTY : 0.00  |  Calculated Price : 0.0000
  │  Material                             Issuing Plant                    Norms      Cons. Qty       Price         Amount  Type
  │  ----------------------------------------------------------------------------------------------------------------------
  │  COMPRESSED AIR                       NMD - Utility Plant             0.0039           0.00      2.5525           0.00  Calculated
  │  Cooling Water 2                      NMD - Utility Plant             0.0000           0.00  3,255.3693           0.00  Calculated
  │  NATURAL GAS                          NMD-Rev Proc                    0.0101           0.00      0.0000           0.00  User Price
  │  No Material                          No Plant                        0.0000           0.00           —           0.00  Direct Amount
  │  No Material                          No Plant                        0.0000           0.00           —           0.00  Direct Amount
  │  No Material                          No Plant                        0.0000           0.00           —           0.00  Direct Amount
  │  Power_Dis                            NMD - Utility/Power Dist        0.0140           0.00     10.2523           0.00  Calculated
  │  ----------------------------------------------------------------------------------------------------------------------
  └─ TOTAL COST :           0.00   PRICE = 0.00 / 0 = 0.0000 /KWH

  ┌─ Power Plant 3  |  POWERGEN  (KWH)  |  Gen QTY : 8,006,320.00  |  Calculated Price : 13.4091
  │  Material                             Issuing Plant                    Norms      Cons. Qty       Price         Amount  Type
  │  ----------------------------------------------------------------------------------------------------------------------
  │  COMPRESSED AIR                       NMD - Utility Plant             0.0046      36,468.79      2.5525      93,087.16  Calculated
  │  Cooling Water 2                      NMD - Utility Plant             0.0000         128.10  3,255.3693     417,016.45  Calculated
  │  NATURAL GAS                          NMD-Rev Proc                    0.0107      83,257.74  1,101.3763  91,698,102.16  User Price
  │  No Material                          No Plant                        0.0000           0.00           —   3,803,934.79  Direct Amount
  │  No Material                          No Plant                        0.0000           0.00           —   2,199,703.01  Direct Amount
  │  No Material                          No Plant                        0.0000           0.00           —   7,996,497.80  Direct Amount
  │  Power_Dis                            NMD - Utility/Power Dist        0.0140     112,088.48     10.2523   1,149,169.45  Calculated
  │  ----------------------------------------------------------------------------------------------------------------------
  └─ TOTAL COST : 107,357,510.82   PRICE = 107,357,510.82 / 8,006,320.00 = 13.4091 /KWH

  ┌─ STG Power Plant  |  POWERGEN  (KWH)  |  Gen QTY : 8,727,990.00  |  Calculated Price : 14.7141
  │  Material                             Issuing Plant                    Norms      Cons. Qty       Price         Amount  Type
  │  ----------------------------------------------------------------------------------------------------------------------
  │  COMPRESSED AIR                       NMD - Utility Plant             0.0048      41,745.98      2.5525     106,557.27  Calculated
  │  Cooling Water 2                      NMD - Utility Plant             0.0003       2,417.65  3,255.3693   7,870,354.04  Calculated
  │  No Material                          No Plant                        0.0000           0.00           —  10,095,633.12  Direct Amount
  │  No Material                          No Plant                        0.0000           0.00           —   2,777,140.08  Direct Amount
  │  No Material                          No Plant                        0.0000           0.00           —   3,632,669.67  Direct Amount
  │  Power_Dis                            NMD - Utility/Power Dist        0.0020      17,455.98     10.2523     178,964.68  Calculated
  │  Ret steam condensate                 NMD - STG Power Plant           0.0023      20,327.49    -48.0000    -975,719.46  User Price
  │  SHP Steam_Dis                        NMD - Utility/Power Dist        0.0037      31,865.89  3,286.8562 104,738,602.04  Calculated
  │  ----------------------------------------------------------------------------------------------------------------------
  └─ TOTAL COST : 128,424,201.44   PRICE = 128,424,201.44 / 8,727,990.00 = 14.7141 /KWH

  ┌─ Utility Plant  |  Boiler Feed Water  (M3)  |  Gen QTY : 111,734.22  |  Calculated Price : 303.1677
  │  Material                             Issuing Plant                    Norms      Cons. Qty       Price         Amount  Type
  │  ----------------------------------------------------------------------------------------------------------------------
  │  CHEM CYCLO HEXY                      NMD-Rev Proc                    0.0001          11.17    190.0000       2,122.95  User Price
  │  CHEM MORPHOLENE                      NMD-Rev Proc                    0.0000           0.22 170,000.0000      37,989.56  User Price
  │  Cooling Water 2                      NMD - Utility Plant             0.0011         118.55  3,255.3693     385,924.04  Calculated
  │  D M Water                            NMD - Utility Plant             0.8600      96,091.43     77.8458   7,480,317.33  Calculated
  │  KEM WATREAT B 70M                    NMD-Rev Proc                    0.0006          63.69    343.0000      21,845.16  User Price
  │  LP Steam_Dis                         NMD - Utility/Power Dist        0.1450      16,201.46    929.7555  15,063,397.83  Calculated
  │  Power_Dis                            NMD - Utility/Power Dist        9.5000   1,061,475.05     10.2523  10,882,605.43  Calculated
  │  ----------------------------------------------------------------------------------------------------------------------
  └─ TOTAL COST :  33,874,202.30   PRICE = 33,874,202.30 / 111,734.22 = 303.1677 /M3

  ┌─ Utility Plant  |  COMPRESSED AIR  (NM3)  |  Gen QTY : 7,491,863.90  |  Calculated Price : 2.5525
  │  Material                             Issuing Plant                    Norms      Cons. Qty       Price         Amount  Type
  │  ----------------------------------------------------------------------------------------------------------------------
  │  Cooling Water 2                      NMD - Utility Plant             0.0000         179.80  3,255.3693     585,330.81  Calculated
  │  No Material                          No Plant                        0.0000           0.00           —   5,864,260.71  Direct Amount
  │  Power_Dis                            NMD - Utility/Power Dist        0.1650   1,236,157.54     10.2523  12,673,510.14  Calculated
  │  PQR                                  NMD - Utility Plant             0.0000           0.00      0.0000           0.00  Calculated
  │  ----------------------------------------------------------------------------------------------------------------------
  └─ TOTAL COST :  19,123,101.66   PRICE = 19,123,101.66 / 7,491,863.90 = 2.5525 /NM3

  ┌─ Utility Plant  |  Cooling Water 1  (KM3)  |  Gen QTY : 15,776.00  |  Calculated Price : 3,176.8270
  │  Material                             Issuing Plant                    Norms      Cons. Qty       Price         Amount  Type
  │  ----------------------------------------------------------------------------------------------------------------------
  │  COMPRESSED AIR                       NMD - Utility Plant             0.1046       1,650.01      2.5525       4,211.68  Calculated
  │  No Material                          No Plant                        0.0000           0.00           —      12,434.59  Direct Amount
  │  Power_Dis                            NMD - Utility/Power Dist      245.0000   3,865,120.06     10.2523  39,626,533.50  Calculated
  │  SULPHURIC ACID                       NMD-Rev Proc                    0.0002           2.49  6,000.0000      14,955.65  User Price
  │  Water                                NMD-Rev Proc                   11.0500     174,324.80     60.0000  10,459,488.00  User Price
  │  ----------------------------------------------------------------------------------------------------------------------
  └─ TOTAL COST :  50,117,623.42   PRICE = 50,117,623.42 / 15,776.00 = 3,176.8270 /KM3

  ┌─ Utility Plant  |  Cooling Water 2  (KM3)  |  Gen QTY : 14,319.23  |  Calculated Price : 3,255.3693
  │  Material                             Issuing Plant                    Norms      Cons. Qty       Price         Amount  Type
  │  ----------------------------------------------------------------------------------------------------------------------
  │  COMPRESSED AIR                       NMD - Utility Plant             0.1149       1,645.52      2.5525       4,200.22  Calculated
  │  No Material                          No Plant                        0.0000           0.00           —      11,317.32  Direct Amount
  │  Power_Dis                            NMD - Utility/Power Dist      250.0000   3,579,808.21     10.2523  36,701,418.74  Calculated
  │  SULPHURIC ACID                       NMD-Rev Proc                    0.0002           2.86  6,000.0000      17,183.08  User Price
  │  Water                                NMD-Rev Proc                   11.5000     164,671.17     60.0000   9,880,270.50  User Price
  │  ----------------------------------------------------------------------------------------------------------------------
  └─ TOTAL COST :  46,614,389.87   PRICE = 46,614,389.87 / 14,319.23 = 3,255.3693 /KM3

  ┌─ Utility Plant  |  D M Water  (M3)  |  Gen QTY : 153,089.32  |  Calculated Price : 77.8458
  │  Material                             Issuing Plant                    Norms      Cons. Qty       Price         Amount  Type
  │  ----------------------------------------------------------------------------------------------------------------------
  │  CAUSTIC SODA LYE – GRADE 1           NMD-Rev Proc                    0.0002          34.60 33,765.0000   1,168,207.75  User Price
  │  CHEM  SODIUM SULPHITE;PN:MIS 19OX    NMD-Rev Proc                    0.0007         107.32     51.5000       5,526.75  User Price
  │  CHEM ALUM.SULFATE, AL2(SO4)3,18H2O   NMD-Rev Proc                    0.0008         115.89      9.5000       1,100.94  User Price
  │  COMPRESSED AIR                       NMD - Utility Plant             0.0770      11,787.88      2.5525      30,088.74  Calculated
  │  HYDRO CHLORIC ACID (30%) -VIRGIN     NMD-Rev Proc                    0.0002          34.60    550.0000      19,029.00  User Price
  │  No Material                          No Plant                        0.0000           0.00           —     116,432.85  Direct Amount
  │  POLYELECTROLYTE                      NMD-Rev Proc                    0.0006          88.49    140.0000      12,387.99  User Price
  │  Power_Dis                            NMD - Utility/Power Dist        1.2100     185,238.08     10.2523   1,899,124.15  Calculated
  │  Ret steam condensate                 NMD - STG Power Plant           0.2030      31,077.13    -32.0000    -994,468.22  User Price
  │  SODIUM CHLORIDE IS 797 GRADE1        NMD-Rev Proc                    0.0000           1.53 10,000.0000      15,308.93  User Price
  │  Water                                NMD-Rev Proc                    1.0500     160,743.79     60.0000   9,644,627.11  User Price
  │  ----------------------------------------------------------------------------------------------------------------------
  └─ TOTAL COST :  11,917,366.00   PRICE = 11,917,366.00 / 153,089.32 = 77.8458 /M3

  ┌─ Utility Plant  |  Effluent Treated  (M3)  |  Gen QTY : 0.00  |  Calculated Price : 0.0000
  │  Material                             Issuing Plant                    Norms      Cons. Qty       Price         Amount  Type
  │  ----------------------------------------------------------------------------------------------------------------------
  │  Power_Dis                            NMD - Utility/Power Dist        3.5400           0.00     10.2523           0.00  Calculated
  │  UREA,NITROGEN CONTENT 46%            NMD-Rev Proc                    0.0007           0.00     46.0000           0.00  User Price
  │  Water                                NMD-Rev Proc                    0.0007           0.00     60.0000           0.00  User Price
  │  ----------------------------------------------------------------------------------------------------------------------
  └─ TOTAL COST :           0.00   PRICE = 0.00 / 0 = 0.0000 /M3

  ┌─ Utility Plant  |  HP Steam PRDS  (MT)  |  Gen QTY : 4,701.00  |  Calculated Price : 3,057.7089
  │  Material                             Issuing Plant                    Norms      Cons. Qty       Price         Amount  Type
  │  ----------------------------------------------------------------------------------------------------------------------
  │  Boiler Feed Water                    NMD - Utility Plant             0.0768         361.04    303.1677     109,454.69  Calculated
  │  SHP Steam_Dis                        NMD - Utility/Power Dist        0.9232       4,339.96  3,286.8562  14,264,834.82  Calculated
  │  ----------------------------------------------------------------------------------------------------------------------
  └─ TOTAL COST :  14,374,289.51   PRICE = 14,374,289.51 / 4,701.00 = 3,057.7089 /MT

  ┌─ Utility Plant  |  HRSG1_SHP STEAM  (MT)  |  Gen QTY : 50,344.34  |  Calculated Price : 2,975.4982
  │  Material                             Issuing Plant                    Norms      Cons. Qty       Price         Amount  Type
  │  ----------------------------------------------------------------------------------------------------------------------
  │  Boiler Feed Water                    NMD - Utility Plant             1.0240      51,552.60    303.1677  15,629,083.09  Calculated
  │  CHEM TRISODIUM PHOSPHATE             NMD-Rev Proc                    0.0009          45.31    153.0000       6,932.42  User Price
  │  COMPRESSED AIR                       NMD - Utility Plant             9.6312     484,875.45      2.5525   1,237,652.29  Calculated
  │  FURNACE OIL ( MEDIUM VISCOSITY GRAD  NMD-Rev Proc                    0.0001           4.93    948.9829       4,682.04  User Price
  │  LP Steam_Dis                         NMD - Utility/Power Dist       -0.0780      -3,926.86  2,097.5400  -8,236,742.82  User Price
  │  NATURAL GAS                          NMD-Rev Proc                    2.4722     124,463.19  1,101.3763 137,080,808.17  User Price
  │  No Material                          No Plant                        0.0000           0.00           —   4,069,044.04  Direct Amount
  │  Water                                NMD-Rev Proc                    0.0027         133.92     60.0000       8,034.96  User Price
  │  ----------------------------------------------------------------------------------------------------------------------
  └─ TOTAL COST : 149,799,494.18   PRICE = 149,799,494.18 / 50,344.34 = 2,975.4982 /MT

  ┌─ Utility Plant  |  HRSG2_SHP STEAM  (MT)  |  Gen QTY : 0.00  |  Calculated Price : 0.0000
  │  Material                             Issuing Plant                    Norms      Cons. Qty       Price         Amount  Type
  │  ----------------------------------------------------------------------------------------------------------------------
  │  Boiler Feed Water                    NMD - Utility Plant             1.0542           0.00    303.1677           0.00  Calculated
  │  CHEM TRISODIUM PHOSPHATE             NMD-Rev Proc                    0.0009           0.00      0.0000           0.00  User Price
  │  COMPRESSED AIR                       NMD - Utility Plant            14.1733           0.00      2.5525           0.00  Calculated
  │  FURNACE OIL ( MEDIUM VISCOSITY GRAD  NMD-Rev Proc                    0.0001           0.00      0.0000           0.00  User Price
  │  LP Steam_Dis                         NMD - Utility/Power Dist       -0.0780           0.00    929.7555           0.00  Calculated
  │  NATURAL GAS                          NMD-Rev Proc                    2.8116           0.00      0.0000           0.00  User Price
  │  No Material                          No Plant                        0.0000           0.00           —           0.00  Direct Amount
  │  Water                                NMD-Rev Proc                    0.0027           0.00      0.0000           0.00  User Price
  │  ----------------------------------------------------------------------------------------------------------------------
  └─ TOTAL COST :           0.00   PRICE = 0.00 / 0 = 0.0000 /MT

  ┌─ Utility Plant  |  HRSG3_SHP STEAM  (MT)  |  Gen QTY : 50,344.34  |  Calculated Price : 3,598.2141
  │  Material                             Issuing Plant                    Norms      Cons. Qty       Price         Amount  Type
  │  ----------------------------------------------------------------------------------------------------------------------
  │  Boiler Feed Water                    NMD - Utility Plant             1.0240      51,552.60    303.1677  15,629,083.09  Calculated
  │  CHEM TRISODIUM PHOSPHATE             NMD-Rev Proc                    0.0009          45.31    153.0000       6,932.42  User Price
  │  COMPRESSED AIR                       NMD - Utility Plant            10.0662     506,778.46      2.5525   1,293,560.07  Calculated
  │  FURNACE OIL ( MEDIUM VISCOSITY GRAD  NMD-Rev Proc                    0.0001           4.93    948.9827       4,682.04  User Price
  │  LP Steam_Dis                         NMD - Utility/Power Dist       -0.0780      -3,926.86    929.7555  -3,651,018.33  Calculated
  │  NATURAL GAS                          NMD-Rev Proc                    2.9544     148,738.53  1,101.3763 163,817,087.83  User Price
  │  No Material                          No Plant                        0.0000           0.00           —   4,041,352.80  Direct Amount
  │  Water                                NMD-Rev Proc                    0.0027         133.92     60.0000       8,034.96  User Price
  │  ----------------------------------------------------------------------------------------------------------------------
  └─ TOTAL COST : 181,149,714.87   PRICE = 181,149,714.87 / 50,344.34 = 3,598.2141 /MT

  ┌─ Utility Plant  |  LP Steam PRDS  (MT)  |  Gen QTY : 20,494.01  |  Calculated Price : 75.7919
  │  Material                             Issuing Plant                    Norms      Cons. Qty       Price         Amount  Type
  │  ----------------------------------------------------------------------------------------------------------------------
  │  Boiler Feed Water                    NMD - Utility Plant             0.2500       5,123.50    303.1677   1,553,280.33  Calculated
  │  MP Steam_Dis                         NMD - Utility/Power Dist        0.7500      15,370.51      0.0000           0.00  Calculated
  │  ----------------------------------------------------------------------------------------------------------------------
  └─ TOTAL COST :   1,553,280.33   PRICE = 1,553,280.33 / 20,494.01 = 75.7919 /MT

  ┌─ Utility Plant  |  MP Steam PRDS SHP  (MT)  |  Gen QTY : 34,964.69  |  Calculated Price : 3,018.3242
  │  Material                             Issuing Plant                    Norms      Cons. Qty       Price         Amount  Type
  │  ----------------------------------------------------------------------------------------------------------------------
  │  Boiler Feed Water                    NMD - Utility Plant             0.0900       3,146.82    303.1677     954,014.72  Calculated
  │  SHP Steam_Dis                        NMD - Utility/Power Dist        0.9100      31,817.87  3,286.8562 104,580,753.87  Calculated
  │  ----------------------------------------------------------------------------------------------------------------------
  └─ TOTAL COST : 105,534,768.60   PRICE = 105,534,768.60 / 34,964.69 = 3,018.3242 /MT

  ┌─ Utility Plant  |  Oxygen  (MT)  |  Gen QTY : 5,501.00  |  Calculated Price : 18,264.1061
  │  Material                             Issuing Plant                    Norms      Cons. Qty       Price         Amount  Type
  │  ----------------------------------------------------------------------------------------------------------------------
  │  Cooling Water 2                      NMD - Utility Plant             0.2840       1,562.28  3,255.3693   5,085,811.33  Calculated
  │  Nitrogen Gas                         NMD - Utility Plant           888.7000   4,888,738.70      5.8100  28,403,571.85  User Price
  │  No Material                          No Plant                        0.0000           0.00           —   7,604,944.82  Direct Amount
  │  Power_Dis                            NMD - Utility/Power Dist     1052.8100   5,791,507.81     10.2523  59,376,519.88  Calculated
  │  ----------------------------------------------------------------------------------------------------------------------
  └─ TOTAL COST : 100,470,847.88   PRICE = 100,470,847.88 / 5,501.00 = 18,264.1061 /MT

  ┌─ Utility Plant  |  PQR  ()  |  Gen QTY : 0.00  |  Calculated Price : 0.0000
  │  Material                             Issuing Plant                    Norms      Cons. Qty       Price         Amount  Type
  │  ----------------------------------------------------------------------------------------------------------------------
  │  Effluent Treated                     NMD - Utility Plant             0.0010           0.00      0.0000           0.00  Calculated
  │  ----------------------------------------------------------------------------------------------------------------------
  └─ TOTAL COST :           0.00   PRICE = 0.00 / 0 = 0.0000 /

  ┌─ Utility Plant  |  STG1_LP STEAM  (MT)  |  Gen QTY : 22,130.80  |  Calculated Price : 1,577.6910
  │  Material                             Issuing Plant                    Norms      Cons. Qty       Price         Amount  Type
  │  ----------------------------------------------------------------------------------------------------------------------
  │  SHP Steam_Dis                        NMD - Utility/Power Dist        0.4800      10,622.79  3,286.8562  34,915,567.52  Calculated
  │  ----------------------------------------------------------------------------------------------------------------------
  └─ TOTAL COST :  34,915,567.52   PRICE = 34,915,567.52 / 22,130.80 = 1,577.6910 /MT

  ┌─ Utility Plant  |  STG1_MP STEAM  (MT)  |  Gen QTY : 385.32  |  Calculated Price : 2,267.9308
  │  Material                             Issuing Plant                    Norms      Cons. Qty       Price         Amount  Type
  │  ----------------------------------------------------------------------------------------------------------------------
  │  SHP Steam_Dis                        NMD - Utility/Power Dist        0.6900         265.87  3,286.8562     873,867.85  Calculated
  │  ----------------------------------------------------------------------------------------------------------------------
  └─ TOTAL COST :     873,867.85   PRICE = 873,867.85 / 385.32 = 2,267.9308 /MT

  ┌─ Utility Plant  |  Treated Spent Caustic  (M3)  |  Gen QTY : 0.00  |  Calculated Price : 0.0000
  │  Material                             Issuing Plant                    Norms      Cons. Qty       Price         Amount  Type
  │  ----------------------------------------------------------------------------------------------------------------------
  │  COMPRESSED AIR                       NMD - Utility Plant             0.0000           0.00      2.5525           0.00  Calculated
  │  Cooling Water 2                      NMD - Utility Plant             0.0000           8.00  3,255.3693      26,042.95  Calculated
  │  MP Steam_Dis                         NMD - Utility/Power Dist        0.0390           0.00      0.0000           0.00  Calculated
  │  Power_Dis                            NMD - Utility/Power Dist       17.0400           0.00     10.2523           0.00  Calculated
  │  SULPHURIC ACID                       NMD-Rev Proc                    0.0200           0.00      0.0000           0.00  User Price
  │  Water                                NMD-Rev Proc                    0.0934           0.00           —           0.00  Direct Amount
  │  ----------------------------------------------------------------------------------------------------------------------
  └─ TOTAL COST :      26,042.95   PRICE = 26,042.95 / 0 = 0.0000 /M3

  ┌─ Utility/Power Dist  |  HP Steam_Dis  (MT)  |  Gen QTY : 4,701.00  |  Calculated Price : 3,057.7089
  │  Material                             Issuing Plant                    Norms      Cons. Qty       Price         Amount  Type
  │  ----------------------------------------------------------------------------------------------------------------------
  │  HP Steam PRDS                        NMD - Utility Plant             1.0000       4,701.00  3,057.7089  14,374,289.50  Calculated
  │  ----------------------------------------------------------------------------------------------------------------------
  └─ TOTAL COST :  14,374,289.50   PRICE = 14,374,289.50 / 4,701.00 = 3,057.7089 /MT

  ┌─ Utility/Power Dist  |  LP Steam_Dis  (MT)  |  Gen QTY : 42,627.70  |  Calculated Price : 929.7555
  │  Material                             Issuing Plant                    Norms      Cons. Qty       Price         Amount  Type
  │  ----------------------------------------------------------------------------------------------------------------------
  │  LP Steam PRDS                        NMD - Utility Plant             0.4808      20,495.40     75.7919   1,553,385.64  Calculated
  │  STG1_LP STEAM                        NMD - Utility Plant             0.5192      22,132.30  1,720.5600  38,079,955.42  User Price
  │  ----------------------------------------------------------------------------------------------------------------------
  └─ TOTAL COST :  39,633,341.06   PRICE = 39,633,341.06 / 42,627.70 = 929.7555 /MT

  ┌─ Utility/Power Dist  |  Power_Dis  (KWH)  |  Gen QTY : 47,804,630.00  |  Calculated Price : 10.2523
  │  Material                             Issuing Plant                    Norms      Cons. Qty       Price         Amount  Type
  │  ----------------------------------------------------------------------------------------------------------------------
  │  Power from MEL                       NMD-Rev Proc                    0.5259  24,552,000.00      6.8900 169,163,280.00  User Price
  │  POWERGEN                             NMD - STG Power Plant           0.1495   7,148,369.74     14.7141 105,181,568.09  Calculated
  │  POWERGEN                             NMD - Power Plant 2             0.0000           0.00      0.0000           0.00  User Price
  │  POWERGEN                             NMD - Power Plant 3             0.1623   7,757,878.77     14.6500 113,652,923.98  User Price
  │  POWERGEN                             NMD - Power Plant 1             0.1623   7,757,878.77     13.1623 102,111,653.10  Calculated
  │  ----------------------------------------------------------------------------------------------------------------------
  └─ TOTAL COST : 490,109,425.17   PRICE = 490,109,425.17 / 47,804,630.00 = 10.2523 /KWH

  ┌─ Utility/Power Dist  |  SHP Steam_Dis  (MT)  |  Gen QTY : 100,688.67  |  Calculated Price : 3,286.8562
  │  Material                             Issuing Plant                    Norms      Cons. Qty       Price         Amount  Type
  │  ----------------------------------------------------------------------------------------------------------------------
  │  HRSG1_SHP STEAM                      NMD - Utility Plant             0.5000      50,344.34  2,975.4982 149,799,479.44  Calculated
  │  HRSG2_SHP STEAM                      NMD - Utility Plant             0.0000           0.00      0.0000           0.00  User Price
  │  HRSG3_SHP STEAM                      NMD - Utility Plant             0.5000      50,344.34  3,598.2141 181,149,697.05  Calculated
  │  ----------------------------------------------------------------------------------------------------------------------
  └─ TOTAL COST : 330,949,176.49   PRICE = 330,949,176.49 / 100,688.67 = 3,286.8562 /MT

============================================================================================================================
  END — March / 2026
============================================================================================================================

  [DB SAVE] NormsMonthDetail: 99 rows updated (43 Price-AmountOnly + 56 Calculation-Full) | 21 skipped (Amount/user-entered) | 0 errors | CPPMonthWisePrice: 56 Calculation rows written
  [ERROR] save_utility_rate_snapshot: ('08S01', '[08S01] [Microsoft][ODBC Driver 17 for SQL Server]TCP Provider: An existing connection was forcibly closed by the remote host.\r\n (10054) (SQLExecDirectW); [08S01] [Microsoft][ODBC Driver 17 for SQL Server]Communication link failure (10054)')
  [SNAPSHOT] CPPUtilityRateSnapshot: 0 rows upserted | 14 errors
