JMD Plant Run Log
Plant:     C2 CPP
Period:    4/2026
Generated: 2026-06-29 21:23:38
================================================================================


======================================================================
  NEW SCHEMA ASSET SNAPSHOT  (April 2026)
======================================================================
  Plant:    C2-CPP
  AOP Year: 2026-27

  POWER ASSETS
  Asset                      Type           Hours    Min MW    Max MW     Gen MWh   Prio
  -------------------------  ----------  --------  --------  --------  ----------  -----
  JMD - C2-GTG 1             GT            676.00     80.00    110.00    74360.00      2
  JMD - C2-GTG 2             GT            710.00     80.00    110.00    78100.00      1
  JMD - C2-STG 1             STG           719.00      0.00     93.00    66867.00      1
  TOTAL                                                                 219327.00       

  STEAM ASSETS
  Asset                      Type        SteamType      Hours   Min TPH   Max TPH      Gen MT   Prio
  -------------------------  ----------  ----------  --------  --------  --------  ----------  -----
  AUXBOIL7_SHP STEAM         AUXBOILER   SHP Steam_Dis    698.00     90.00    220.00   153560.00      1
  AUXBOIL8_SHP STEAM         AUXBOILER   SHP Steam_Dis    720.00     90.00    220.00   158400.00      1
  HP Steam PRDS              PRDS        HP Steam_Dis    720.00      0.00    568.00   408960.00      1
  HRSG1_C2_LP STEAM          HRSG        LP Steam_Dis    720.00     32.00     42.00    30240.00      1
  HRSG1_C2_SHP STEAM         HRSG        SHP Steam_Dis    720.00    160.00    250.00   180000.00      1
  HRSG2_C2_LP STEAM          HRSG        LP Steam_Dis    720.00     32.00     42.00    30240.00      1
  HRSG2_C2_SHP STEAM         HRSG        SHP Steam_Dis    720.00    160.00    250.00   180000.00      1
  LP Steam PRDS              PRDS        LP Steam_Dis    720.00      0.00     68.00    48960.00      1
  MP Steam PRDS SHP          PRDS        MP Steam_Dis    720.00      0.00    498.00   358560.00      1
  TOTAL                                                                            1548920.00       

  MONTHLY GENERATION SUMMARY
  Category                  Generation  Unit    
  --------------------  --------------  --------
  Power                     219,327.00  MWh
  Steam                   1,548,920.00  MT
21:23:23  INFO        [CALC] C2 CPP  4/2026  (2026-27)
21:23:23  INFO        [PROCESS] Found 11 rows for FY 2026-27, plant BA558F95-8A3F-4769-9C78-FF7B6C639DDF
21:23:23  INFO        [PROCESS] Utility                           Demand  Mapped Key                  
21:23:23  INFO        [PROCESS] ------------------------  --------------  ----------------------------
21:23:23  INFO        [PROCESS] NITROGEN_ASU                  4435199.00  nitrogen_asu_process        
21:23:23  INFO        [PROCESS] COMPRESSED AIR                7221792.00  air_process                 
21:23:23  INFO        [PROCESS] HP Steam_Dis                   -21599.00  hp_process                  
21:23:23  INFO        [PROCESS] SHP Steam_Dis                  219588.00  shp_process                 
21:23:23  INFO        [PROCESS] Power_Dis                    11813076.00  power_process               
21:23:23  INFO        [PROCESS] MP Steam_Dis                  -127253.00  mp_process                  
21:23:23  INFO        [PROCESS] Utility Water                    3548.00  utility_water_process       
21:23:23  INFO        [PROCESS] D M Water                       72074.00  dm_process                  
21:23:23  INFO        [PROCESS] LP Steam_Dis                    54000.00  lp_process                  
21:23:23  INFO        [PROCESS] Ret steam condensate          -154158.00  ret_steam_condensate_process
21:23:23  INFO        [PROCESS] Cooling Water                   47161.00  cooling_water_process       
21:23:23  INFO        [PROCESS] TOTAL                                                                 
21:23:23  INFO        [PROCESS]   power_process             11813076.00
21:23:23  INFO        [PROCESS]   lp_process                   54000.00
21:23:23  INFO        [PROCESS]   mp_process                 -127253.00
21:23:23  INFO        [PROCESS]   hp_process                  -21599.00
21:23:23  INFO        [PROCESS]   shp_process                 219588.00
21:23:23  INFO        [PROCESS]   air_process                7221792.00
21:23:23  INFO        [PROCESS]   nitrogen_asu_process       4435199.00
21:23:23  INFO        [PROCESS]   dm_process                   72074.00
21:23:23  INFO        [PROCESS]   cooling_water_process        47161.00
21:23:23  INFO        [PROCESS]   utility_water_process         3548.00
21:23:23  INFO        [PROCESS]   ret_steam_condensate_process     -154158.00
21:23:24  INFO        [FIXED] ==================================================
21:23:24  INFO        [FIXED] Fetching fixed consumption for plant BA558F95-8A3F-4769-9C78-FF7B6C639DDF
21:23:24  INFO        [FIXED] Financial year : 2026-27
21:23:24  INFO        [FIXED] Selected month : Apr
21:23:24  INFO        [FIXED] ==================================================
21:23:24  INFO        [FIXED] Using CPP Plant ID as SourceName to find sub-plants: BA558F95-8A3F-4769-9C78-FF7B6C639DDF
21:23:24  INFO        [FIXED] Trying table: CPPFixedConsumption (SourceName filter)
21:23:24  INFO        [FIXED] Using table: CPPFixedConsumption
21:23:24  INFO        [FIXED] Power values are normalized from kWh to MWh for the model
21:23:24  INFO        [FIXED] Plant                     Cost Center             Utility                      Value
21:23:24  INFO        [FIXED] ------------------------  ----------------------  ------------------  --------------
21:23:24  INFO        [FIXED] JMD - DTA-MEG-C2 Gantry   JG- C2- Tank Farm       COMPRESSED AIR           501800.00
21:23:24  INFO        [FIXED] JMD-Rev Proc-DTA C2       JG-C2-Tankfarms         COMPRESSED AIR            79200.00
21:23:24  INFO        [FIXED] JMD - C2 Utility Plant    JG-DTA-Utility Sale to Sibur  COMPRESSED AIR           746713.00
21:23:24  INFO        [FIXED] JMD - DTA-MEG-C2 Gantry   JG- C2- Tank Farm       Cooling Water             10872.00
21:23:24  INFO        [FIXED] JMD - C2 Utility Plant    JG-DTA-Utility Sale to Sibur  D M Water                 55713.00
21:23:24  INFO        [FIXED] JMD-Rev Proc-DTA C2       JG-C2-Horticulture      Effluent Treated         131760.00
21:23:24  INFO        [FIXED] JMD - C2 Utility Plant    JG-C2-Steam Dumping     HP Steam_Dis                238.00
21:23:24  INFO        [FIXED] JMD - DTA-MEG-C2 Gantry   JG- C2- Tank Farm       LP Steam_Dis               4320.00
21:23:24  INFO        [FIXED] JMD - C2 Utility Plant    JG-C2-Steam Dumping     LP Steam_Dis                425.00
21:23:24  INFO        [FIXED] JMD - DTA-MEG-C2 Gantry   JG- C2- Tank Farm       MP Steam_Dis               1200.00
21:23:24  INFO        [FIXED] JMD - C2 Utility Plant    JG-C2-Steam Dumping     MP Steam_Dis                389.00
21:23:24  INFO        [FIXED] JMD - C2 Utility Plant    JG-C2-Steam Flaring     MP Steam_Dis               6336.00
21:23:24  INFO        [FIXED] JMD - DTA-MEG-C2 Gantry   JG- C2- Tank Farm       NITROGEN_ASU             648000.00
21:23:24  INFO        [FIXED] JMD - C2 Utility Plant    JG-C2-Steam Flaring     NITROGEN_ASU             504000.00
21:23:24  INFO        [FIXED] JMD - C2 Utility Plant    JG-DTA-Utility Sale to Sibur  NITROGEN_ASU             800800.00
21:23:24  INFO        [FIXED] JMD - DTA-MEG-C2 Gantry   JG- C2- Tank Farm       Power_Dis                  2880.00
21:23:24  INFO        [FIXED] JMD - C2 Utility Plant    JG C2 Utility Common    Power_Dis                  1440.08
21:23:24  INFO        [FIXED] JMD-Rev Proc-DTA C2       JG C2 Utility Common    Power_Dis                  3528.00
21:23:24  INFO        [FIXED] JMD - C2 Utility Plant    JG-C2-FIRE WATER        Power_Dis                   151.20
21:23:24  INFO        [FIXED] JMD - C2 Utility Plant    JG-DTA-C2-RWTP          Power_Dis                   180.00
21:23:24  INFO        [FIXED] JMD - DTA-C2 Power & UTILITY  JG-DTA-Utility Sale to Sibur  Power_Dis                 12162.00
21:23:24  INFO        [FIXED] JMD - DTA-MEG-C2 Gantry   JG- C2- Tank Farm       Ret steam condensate         1512.00
21:23:24  INFO        [FIXED] JMD - C2 Utility Plant    JG-C2-Steam Dumping     SHP Steam_Dis               630.00
21:23:24  INFO        [FIXED] JMD - C2 Utility Plant    JG-DTA-Utility Sale to Sibur  SHP Steam_Dis             93660.00
21:23:24  INFO        [FIXED] JMD - C2 Utility Plant    JG-DTA-Utility Sale to Sibur  SWRO WATER                87646.00
21:23:24  INFO        [FIXED]   -> unmapped utility kept out of rollup: SWRO WATER
21:23:24  INFO        [FIXED] JMD - DTA-MEG-C2 Gantry   JG- C2- Tank Farm       Utility Water               720.00
21:23:24  INFO        [FIXED] JMD - C2 Utility Plant    JG C2 Utility Common    Utility Water           1512083.00
21:23:24  INFO        [FIXED] JMD - C2 Utility Plant    JG-DTA-Utility Sale to Sibur  Utility Water             10847.00
21:23:24  INFO        [FIXED] --------------------------------------------------
21:23:24  INFO        [FIXED] Utility-wise fixed totals
21:23:24  INFO        [FIXED] Utility                            Total  Unit    
21:23:24  INFO        [FIXED] ------------------------  --------------  --------
21:23:24  INFO        [FIXED] Power                           20341.28  MWh     
21:23:24  INFO        [FIXED] LP Steam                         4745.00  MT      
21:23:24  INFO        [FIXED] MP Steam                         7925.00  MT      
21:23:24  INFO        [FIXED] HP Steam                          238.00  MT      
21:23:24  INFO        [FIXED] SHP Steam                       94290.00  MT      
21:23:24  INFO        [FIXED] Compressed Air                1327713.00  NM3     
21:23:24  INFO        [FIXED] Nitrogen ASU                  1952800.00  NM3     
21:23:24  INFO        [FIXED] DM Water                        55713.00  M3      
21:23:24  INFO        [FIXED] Cooling Water                   10872.00  KM3     
21:23:24  INFO        [FIXED] Utility Water                 1523650.00  M3      
21:23:24  INFO        [FIXED] Ret Steam Condensate             1512.00  M3      
21:23:24  INFO        [FIXED] Effluent                       131760.00  M3      
21:23:24  INFO        [FIXED] ==================================================
21:23:24  INFO        [DEMAND] ==================================================
21:23:24  INFO        [DEMAND] Utility-wise demand rollup  (4/2026)
21:23:24  INFO        [DEMAND] Utility                        Process         Fixed         Total  Unit    
21:23:24  INFO        [DEMAND] ------------------------  ------------  ------------  ------------  --------
21:23:24  INFO        [DEMAND] Power                         11813.08      20341.28      32154.36  MWh     
21:23:24  INFO        [DEMAND] LP Steam                      54000.00       4745.00      58745.00  MT      
21:23:24  INFO        [DEMAND] MP Steam                    -127253.00       7925.00    -119328.00  MT      
21:23:24  INFO        [DEMAND] HP Steam                     -21599.00        238.00     -21361.00  MT      
21:23:24  INFO        [DEMAND] SHP Steam                    219588.00      94290.00     313878.00  MT      
21:23:24  INFO        [DEMAND] Compressed Air              7221792.00    1327713.00    8549505.00  NM3     
21:23:24  INFO        [DEMAND] Nitrogen ASU                4435199.00    1952800.00    6387999.00  NM3     
21:23:24  INFO        [DEMAND] DM Water                      72074.00      55713.00     127787.00  M3      
21:23:24  INFO        [DEMAND] CW1                               0.00          0.00          0.00  KM3     
21:23:24  INFO        [DEMAND] CW2                               0.00          0.00          0.00  KM3     
21:23:24  INFO        [DEMAND] Cooling Water                 47161.00      10872.00      58033.00  KM3     
21:23:24  INFO        [DEMAND] Raw Water                         0.00          0.00          0.00  M3      
21:23:24  INFO        [DEMAND] Utility Water                  3548.00    1523650.00    1527198.00  M3      
21:23:24  INFO        [DEMAND] Ret Steam Condensate        -154158.00       1512.00    -152646.00  M3      
21:23:24  INFO        [DEMAND] Oxygen                            0.00          0.00          0.00  MT      
21:23:24  INFO        [DEMAND] Effluent                          0.00     131760.00     131760.00  M3      
21:23:24  INFO        [DEMAND] ==================================================
21:23:27  INFO        [DC] ==================================================
21:23:27  INFO        [DC] Power Demand vs Capacity Check:
21:23:27  INFO        [DC] Demand: 32154.36 MWh, Available Capacity: 219327.00 MWh
21:23:27  INFO        [DC] -> Power demand CAN be achieved with available assets.
21:23:27  INFO        [DC] Steam (SHP) Demand vs Capacity Check:
21:23:27  INFO        [DC] Demand: 231934.00 MT, Available Capacity: 1553760.00 MT
21:23:27  INFO        [DC] -> Steam demand CAN be achieved with available assets.
21:23:27  INFO        [DC] ==================================================
21:23:28  INFO        [ODS] Loaded C2_JMD.ods (187 rows, 83 cols) — month 4/2026 at col 11
21:23:28  INFO        [ODS] ===== NORMS SUMMARY (C2_JMD.ods 4/2026) =====
21:23:28  INFO        [ODS] Powergen aux power norms:
21:23:28  INFO        [ODS]   JMD - C2-GTG 1             aux_norm=0.001350
21:23:28  INFO        [ODS]   JMD - C2-GTG 2             aux_norm=0.001350
21:23:28  INFO        [ODS]   JMD - C2-STG 1             aux_norm=0.007050
21:23:28  INFO        [ODS] Steam letdown norms (PRDS cascade):
21:23:28  INFO        [ODS]   LP→MP: 0.9450  (1 MT LP needs this much MP)
21:23:28  INFO        [ODS]   MP→HP: 0.9000  (1 MT MP needs this much HP)
21:23:28  INFO        [ODS]   HP→SHP: 0.9360 (1 MT HP needs this much SHP)
21:23:28  INFO        [ODS] HRSG byproduct (LP steam credit):
21:23:28  INFO        [ODS]   HRSG1_C2_SHP STEAM         byproduct_norm=-0.1500 MT LP / MT SHP
21:23:28  INFO        [ODS]   HRSG2_C2_SHP STEAM         byproduct_norm=-0.1500 MT LP / MT SHP
21:23:28  INFO        [ODS] STG steam consumption:
21:23:28  INFO        [ODS]   JMD - C2-STG 1             shp_norm=0.003640 MT/KWH
21:23:28  INFO        [ODS] Steam distribution factors:
21:23:28  INFO        [ODS]   HP Steam_Dis → HP Steam PRDS: 1.0000
21:23:28  INFO        [ODS]   LP Steam_Dis → HRSG1_C2_LP STEAM: 0.3873, HRSG2_C2_LP STEAM: 0.2453, LP Steam PRDS: 0.3675
21:23:28  INFO        [ODS]   MP Steam_Dis → MP Steam PRDS SHP: 1.0000
21:23:28  INFO        [ODS]   SHP Steam_Dis → AUXBOIL7_SHP STEAM: 0.2267, HRSG1_C2_SHP STEAM: 0.4735, HRSG2_C2_SHP STEAM: 0.2999
21:23:28  INFO      
21:23:28  INFO        [ODS] ╔══════════════════════════════════════════════════════════════════╗
21:23:28  INFO        [ODS] ║  CONSUMPTION NORMS — Who consumes what to produce what          ║
21:23:28  INFO        [ODS] ║  (Each block = one producer. Shows what it needs to make 1 unit)║
21:23:28  INFO        [ODS] ╚══════════════════════════════════════════════════════════════════╝
21:23:28  INFO        [ODS]
21:23:28  INFO        [ODS]  Think of it like a recipe card:
21:23:28  INFO        [ODS]  - The PRODUCER is what the plant makes (like a cake)
21:23:28  INFO        [ODS]  - The INGREDIENTS are what it needs to make it (flour, eggs, etc.)
21:23:28  INFO        [ODS]  - The NORM is how much of each ingredient is needed for 1 unit of output
21:23:28  INFO        [ODS]  - A negative norm means it's a BYPRODUCT (you get it for free while making something else)
21:23:28  INFO        [ODS]
21:23:28  INFO        [ODS]  ┌──────────────────────────────────────────────────────────────
21:23:28  INFO        [ODS]  │ PRODUCER: AUXBOIL7_SHP STEAM                 
21:23:28  INFO        [ODS]  │ SAP Code: 310028384             Plant Code: 36H1
21:23:28  INFO        [ODS]  │ Makes: 1 MT of AUXBOIL7_SHP STEAM
21:23:28  INFO        [ODS]  │
21:23:28  INFO        [ODS]  │  Needs these ingredients (to make 1 MT):
21:23:28  INFO        [ODS]  │
21:23:28  INFO        [ODS]  │  Type    Ingredient (Material)             Material SAP Code  Norm          UOM       
21:23:28  INFO        [ODS]  │  ------  --------------------------------  ---------------  ------------  ----------
21:23:28  INFO        [ODS]  │  Raw Mat.  SynGas(Unshift)                   SYNGASN_UNSHIFT      2.876221  MMBTU     
21:23:28  INFO        [ODS]  │  Utility  Boiler Feed Water                 310027927            1.010000  M3        
21:23:28  INFO        [ODS]  │  Utility  Power_Dis                         310027910            3.850000  KWH       
21:23:28  INFO        [ODS]  │
21:23:28  INFO        [ODS]  │  In simple words: To make 1 MT of AUXBOIL7_SHP STEAM, you need:
21:23:28  INFO        [ODS]  │    → 2.876221 MMBTU of SynGas(Unshift)
21:23:28  INFO        [ODS]  │    → 1.010000 M3 of Boiler Feed Water
21:23:28  INFO        [ODS]  │    → 3.850000 KWH of Power_Dis
21:23:28  INFO        [ODS]  └──────────────────────────────────────────────────────────────
21:23:28  INFO        [ODS]
21:23:28  INFO        [ODS]  ┌──────────────────────────────────────────────────────────────
21:23:28  INFO        [ODS]  │ PRODUCER: AUXBOIL8_SHP STEAM                 
21:23:28  INFO        [ODS]  │ SAP Code: 310028411             Plant Code: 36H1
21:23:28  INFO        [ODS]  │ Makes: 1 MT of AUXBOIL8_SHP STEAM
21:23:28  INFO        [ODS]  │
21:23:28  INFO        [ODS]  │  Needs these ingredients (to make 1 MT):
21:23:28  INFO        [ODS]  │
21:23:28  INFO        [ODS]  │  Type    Ingredient (Material)             Material SAP Code  Norm          UOM       
21:23:28  INFO        [ODS]  │  ------  --------------------------------  ---------------  ------------  ----------
21:23:28  INFO        [ODS]  │  Raw Mat.  SynGas(Unshift)                   SYNGASN_UNSHIFT             0  MMBTU     
21:23:28  INFO        [ODS]  │  Utility  Boiler Feed Water                 310027927            1.010000  M3        
21:23:28  INFO        [ODS]  │  Utility  Power_Dis                         310027910            3.850000  KWH       
21:23:28  INFO        [ODS]  │
21:23:28  INFO        [ODS]  │  In simple words: To make 1 MT of AUXBOIL8_SHP STEAM, you need:
21:23:28  INFO        [ODS]  │    → 1.010000 M3 of Boiler Feed Water
21:23:28  INFO        [ODS]  │    → 3.850000 KWH of Power_Dis
21:23:28  INFO        [ODS]  └──────────────────────────────────────────────────────────────
21:23:28  INFO        [ODS]
21:23:28  INFO        [ODS]  ┌──────────────────────────────────────────────────────────────
21:23:28  INFO        [ODS]  │ PRODUCER: Boiler Feed Water                  
21:23:28  INFO        [ODS]  │ SAP Code: 310027927             Plant Code: 36H1
21:23:28  INFO        [ODS]  │ Makes: 1 M3 of Boiler Feed Water
21:23:28  INFO        [ODS]  │
21:23:28  INFO        [ODS]  │  Needs these ingredients (to make 1 M3):
21:23:28  INFO        [ODS]  │
21:23:28  INFO        [ODS]  │  Type    Ingredient (Material)             Material SAP Code  Norm          UOM       
21:23:28  INFO        [ODS]  │  ------  --------------------------------  ---------------  ------------  ----------
21:23:28  INFO        [ODS]  │  Utility  D M Water                         310027966            0.900000  M3        
21:23:28  INFO        [ODS]  │  Utility  LP Steam_Dis                      310027965            0.100000  MT        
21:23:28  INFO        [ODS]  │  Utility  Power_Dis                         310027910            8.100000  KWH       
21:23:28  INFO        [ODS]  │
21:23:28  INFO        [ODS]  │  In simple words: To make 1 M3 of Boiler Feed Water, you need:
21:23:28  INFO        [ODS]  │    → 0.900000 M3 of D M Water
21:23:28  INFO        [ODS]  │    → 0.100000 MT of LP Steam_Dis
21:23:28  INFO        [ODS]  │    → 8.100000 KWH of Power_Dis
21:23:28  INFO        [ODS]  └──────────────────────────────────────────────────────────────
21:23:28  INFO        [ODS]
21:23:28  INFO        [ODS]  ┌──────────────────────────────────────────────────────────────
21:23:28  INFO        [ODS]  │ PRODUCER: COMPRESED AIR_ASU                  
21:23:28  INFO        [ODS]  │ SAP Code: 310028433             Plant Code: 36H1
21:23:28  INFO        [ODS]  │ Makes: 1 NM3 of COMPRESED AIR_ASU
21:23:28  INFO        [ODS]  │
21:23:28  INFO        [ODS]  │  Needs these ingredients (to make 1 NM3):
21:23:28  INFO        [ODS]  │
21:23:28  INFO        [ODS]  │  Type    Ingredient (Material)             Material SAP Code  Norm          UOM       
21:23:28  INFO        [ODS]  │  ------  --------------------------------  ---------------  ------------  ----------
21:23:28  INFO        [ODS]  │  Utility  Power_Dis                         310027910            0.125000  KWH       
21:23:28  INFO        [ODS]  │
21:23:28  INFO        [ODS]  │  In simple words: To make 1 NM3 of COMPRESED AIR_ASU, you need:
21:23:28  INFO        [ODS]  │    → 0.125000 KWH of Power_Dis
21:23:28  INFO        [ODS]  └──────────────────────────────────────────────────────────────
21:23:28  INFO        [ODS]
21:23:28  INFO        [ODS]  ┌──────────────────────────────────────────────────────────────
21:23:28  INFO        [ODS]  │ PRODUCER: COMPRESSED AIR                     
21:23:28  INFO        [ODS]  │ SAP Code: 310027904             Plant Code: 36H1
21:23:28  INFO        [ODS]  │ Makes: 1 NM3 of COMPRESSED AIR
21:23:28  INFO        [ODS]  │
21:23:28  INFO        [ODS]  │  Needs these ingredients (to make 1 NM3):
21:23:28  INFO        [ODS]  │
21:23:28  INFO        [ODS]  │  Type    Ingredient (Material)             Material SAP Code  Norm          UOM       
21:23:28  INFO        [ODS]  │  ------  --------------------------------  ---------------  ------------  ----------
21:23:28  INFO        [ODS]  │  Utility  COMPRESED AIR_ASU                 310028433            0.051000  NM3       
21:23:28  INFO        [ODS]  │  Utility  COMPRESSED AIR                    310027904            0.002670  NM3       
21:23:28  INFO        [ODS]  │  Utility  Cooling Water                     310027912                   0  KM3       
21:23:28  INFO        [ODS]  │  Utility  Power_Dis                         310027910            0.150000  KWH       
21:23:28  INFO        [ODS]  │
21:23:28  INFO        [ODS]  │  In simple words: To make 1 NM3 of COMPRESSED AIR, you need:
21:23:28  INFO        [ODS]  │    → 0.051000 NM3 of COMPRESED AIR_ASU
21:23:28  INFO        [ODS]  │    → 0.002670 NM3 of COMPRESSED AIR
21:23:28  INFO        [ODS]  │    → 0.150000 KWH of Power_Dis
21:23:28  INFO        [ODS]  └──────────────────────────────────────────────────────────────
21:23:28  INFO        [ODS]
21:23:28  INFO        [ODS]  ┌──────────────────────────────────────────────────────────────
21:23:28  INFO        [ODS]  │ PRODUCER: Condensate                         
21:23:28  INFO        [ODS]  │ SAP Code: 310027968             Plant Code: 36H1
21:23:28  INFO        [ODS]  │ Makes: 1 M3 of Condensate
21:23:28  INFO        [ODS]  │
21:23:28  INFO        [ODS]  │  Needs these ingredients (to make 1 M3):
21:23:28  INFO        [ODS]  │
21:23:28  INFO        [ODS]  │  Type    Ingredient (Material)             Material SAP Code  Norm          UOM       
21:23:28  INFO        [ODS]  │  ------  --------------------------------  ---------------  ------------  ----------
21:23:28  INFO        [ODS]  │  Utility  COMPRESSED AIR                    310027904            0.080000  NM3       
21:23:28  INFO        [ODS]  │  Utility  Cooling Water                     310027912            0.017360  KM3       
21:23:28  INFO        [ODS]  │  Utility  NITROGEN_ASU                      310028432            0.360000  NM3       
21:23:28  INFO        [ODS]  │  Utility  Power_Dis                         310027910            1.460000  KWH       
21:23:28  INFO        [ODS]  │  Utility  Ret steam condensate              310027923            1.090000  M3        
21:23:28  INFO        [ODS]  │
21:23:28  INFO        [ODS]  │  In simple words: To make 1 M3 of Condensate, you need:
21:23:28  INFO        [ODS]  │    → 0.080000 NM3 of COMPRESSED AIR
21:23:28  INFO        [ODS]  │    → 0.017360 KM3 of Cooling Water
21:23:28  INFO        [ODS]  │    → 0.360000 NM3 of NITROGEN_ASU
21:23:28  INFO        [ODS]  │    → 1.460000 KWH of Power_Dis
21:23:28  INFO        [ODS]  │    → 1.090000 M3 of Ret steam condensate
21:23:28  INFO        [ODS]  └──────────────────────────────────────────────────────────────
21:23:28  INFO        [ODS]
21:23:28  INFO        [ODS]  ┌──────────────────────────────────────────────────────────────
21:23:28  INFO        [ODS]  │ PRODUCER: Cooling Water                      
21:23:28  INFO        [ODS]  │ SAP Code: 310027912             Plant Code: 36H1
21:23:28  INFO        [ODS]  │ Makes: 1 KM3 of Cooling Water
21:23:28  INFO        [ODS]  │
21:23:28  INFO        [ODS]  │  Needs these ingredients (to make 1 KM3):
21:23:28  INFO        [ODS]  │
21:23:28  INFO        [ODS]  │  Type    Ingredient (Material)             Material SAP Code  Norm          UOM       
21:23:28  INFO        [ODS]  │  ------  --------------------------------  ---------------  ------------  ----------
21:23:28  INFO        [ODS]  │  Utility  COMPRESSED AIR                    310027904            0.974741  NM3       
21:23:28  INFO        [ODS]  │  Utility  Effluent Treated                  310027994            3.800000  M3        
21:23:28  INFO        [ODS]  │  Utility  Power_Dis                         310027910          210.900000  KWH       
21:23:28  INFO        [ODS]  │  Utility  SWRO WATER                        310028356            9.400000  M3        
21:23:28  INFO        [ODS]  │
21:23:28  INFO        [ODS]  │  In simple words: To make 1 KM3 of Cooling Water, you need:
21:23:28  INFO        [ODS]  │    → 0.974741 NM3 of COMPRESSED AIR
21:23:28  INFO        [ODS]  │    → 3.800000 M3 of Effluent Treated
21:23:28  INFO        [ODS]  │    → 210.900000 KWH of Power_Dis
21:23:28  INFO        [ODS]  │    → 9.400000 M3 of SWRO WATER
21:23:28  INFO        [ODS]  └──────────────────────────────────────────────────────────────
21:23:28  INFO        [ODS]
21:23:28  INFO        [ODS]  ┌──────────────────────────────────────────────────────────────
21:23:28  INFO        [ODS]  │ PRODUCER: D M Water                          
21:23:28  INFO        [ODS]  │ SAP Code: 310027966             Plant Code: 36H1
21:23:28  INFO        [ODS]  │ Makes: 1 M3 of D M Water
21:23:28  INFO        [ODS]  │
21:23:28  INFO        [ODS]  │  Needs these ingredients (to make 1 M3):
21:23:28  INFO        [ODS]  │
21:23:28  INFO        [ODS]  │  Type    Ingredient (Material)             Material SAP Code  Norm          UOM       
21:23:28  INFO        [ODS]  │  ------  --------------------------------  ---------------  ------------  ----------
21:23:28  INFO        [ODS]  │  Utility  COMPRESSED AIR                    310027904            0.049180  NM3       
21:23:28  INFO        [ODS]  │  Utility  NITROGEN_ASU                      310028432            0.630000  NM3       
21:23:28  INFO        [ODS]  │  Utility  Power_Dis                         310027910            0.920000  KWH       
21:23:28  INFO        [ODS]  │  Utility  SWRO WATER                        310028356            1.150000  M3        
21:23:28  INFO        [ODS]  │
21:23:28  INFO        [ODS]  │  In simple words: To make 1 M3 of D M Water, you need:
21:23:28  INFO        [ODS]  │    → 0.049180 NM3 of COMPRESSED AIR
21:23:28  INFO        [ODS]  │    → 0.630000 NM3 of NITROGEN_ASU
21:23:28  INFO        [ODS]  │    → 0.920000 KWH of Power_Dis
21:23:28  INFO        [ODS]  │    → 1.150000 M3 of SWRO WATER
21:23:28  INFO        [ODS]  └──────────────────────────────────────────────────────────────
21:23:28  INFO        [ODS]
21:23:28  INFO        [ODS]  ┌──────────────────────────────────────────────────────────────
21:23:28  INFO        [ODS]  │ PRODUCER: Effluent Treated                   
21:23:28  INFO        [ODS]  │ SAP Code: 310027994             Plant Code: 36H1
21:23:28  INFO        [ODS]  │ Makes: 1 M3 of Effluent Treated
21:23:28  INFO        [ODS]  │
21:23:28  INFO        [ODS]  │  Needs these ingredients (to make 1 M3):
21:23:28  INFO        [ODS]  │
21:23:28  INFO        [ODS]  │  Type    Ingredient (Material)             Material SAP Code  Norm          UOM       
21:23:28  INFO        [ODS]  │  ------  --------------------------------  ---------------  ------------  ----------
21:23:28  INFO        [ODS]  │  Utility  COMPRESSED AIR                    310027904            2.209302  NM3       
21:23:28  INFO        [ODS]  │  Utility  Cooling Water                     310027912            0.000031  KM3       
21:23:28  INFO        [ODS]  │  Utility  NITROGEN_ASU                      310028432            0.005814  NM3       
21:23:28  INFO        [ODS]  │  Utility  Power_Dis                         310027910            3.200000  KWH       
21:23:28  INFO        [ODS]  │  Utility  Utility Water                     310027928            0.029070  M3        
21:23:28  INFO        [ODS]  │
21:23:28  INFO        [ODS]  │  In simple words: To make 1 M3 of Effluent Treated, you need:
21:23:28  INFO        [ODS]  │    → 2.209302 NM3 of COMPRESSED AIR
21:23:28  INFO        [ODS]  │    → 0.000031 KM3 of Cooling Water
21:23:28  INFO        [ODS]  │    → 0.005814 NM3 of NITROGEN_ASU
21:23:28  INFO        [ODS]  │    → 3.200000 KWH of Power_Dis
21:23:28  INFO        [ODS]  │    → 0.029070 M3 of Utility Water
21:23:28  INFO        [ODS]  └──────────────────────────────────────────────────────────────
21:23:28  INFO        [ODS]
21:23:28  INFO        [ODS]  ┌──────────────────────────────────────────────────────────────
21:23:28  INFO        [ODS]  │ PRODUCER: HP Steam PRDS                      
21:23:28  INFO        [ODS]  │ SAP Code: 310028161             Plant Code: 36H1
21:23:28  INFO        [ODS]  │ Makes: 1 MT of HP Steam PRDS
21:23:28  INFO        [ODS]  │
21:23:28  INFO        [ODS]  │  Needs these ingredients (to make 1 MT):
21:23:28  INFO        [ODS]  │
21:23:28  INFO        [ODS]  │  Type    Ingredient (Material)             Material SAP Code  Norm          UOM       
21:23:28  INFO        [ODS]  │  ------  --------------------------------  ---------------  ------------  ----------
21:23:28  INFO        [ODS]  │  Utility  Boiler Feed Water                 310027927            0.064000  M3        
21:23:28  INFO        [ODS]  │  Utility  SHP Steam_Dis                     310027924            0.936000  MT        
21:23:28  INFO        [ODS]  │
21:23:28  INFO        [ODS]  │  In simple words: To make 1 MT of HP Steam PRDS, you need:
21:23:28  INFO        [ODS]  │    → 0.064000 M3 of Boiler Feed Water
21:23:28  INFO        [ODS]  │    → 0.936000 MT of SHP Steam_Dis
21:23:28  INFO        [ODS]  └──────────────────────────────────────────────────────────────
21:23:28  INFO        [ODS]
21:23:28  INFO        [ODS]  ┌──────────────────────────────────────────────────────────────
21:23:28  INFO        [ODS]  │ PRODUCER: HP Steam_Dis                       
21:23:28  INFO        [ODS]  │ SAP Code: 310027939             Plant Code: 36H2
21:23:28  INFO        [ODS]  │ Makes: 1 MT of HP Steam_Dis
21:23:28  INFO        [ODS]  │
21:23:28  INFO        [ODS]  │  Needs these ingredients (to make 1 MT):
21:23:28  INFO        [ODS]  │
21:23:28  INFO        [ODS]  │  Type    Ingredient (Material)             Material SAP Code  Norm          UOM       
21:23:28  INFO        [ODS]  │  ------  --------------------------------  ---------------  ------------  ----------
21:23:28  INFO        [ODS]  │  Utility  HP Steam PRDS                     310028161            1.000000  MT        
21:23:28  INFO        [ODS]  │
21:23:28  INFO        [ODS]  │  In simple words: To make 1 MT of HP Steam_Dis, you need:
21:23:28  INFO        [ODS]  │    → 1.000000 MT of HP Steam PRDS
21:23:28  INFO        [ODS]  └──────────────────────────────────────────────────────────────
21:23:28  INFO        [ODS]
21:23:28  INFO        [ODS]  ┌──────────────────────────────────────────────────────────────
21:23:28  INFO        [ODS]  │ PRODUCER: HRSG1_C2_SHP STEAM                 
21:23:28  INFO        [ODS]  │ SAP Code: 310028383             Plant Code: 36H1
21:23:28  INFO        [ODS]  │ Makes: 1 MT of HRSG1_C2_SHP STEAM
21:23:28  INFO        [ODS]  │
21:23:28  INFO        [ODS]  │  Needs these ingredients (to make 1 MT):
21:23:28  INFO        [ODS]  │
21:23:28  INFO        [ODS]  │  Type    Ingredient (Material)             Material SAP Code  Norm          UOM       
21:23:28  INFO        [ODS]  │  ------  --------------------------------  ---------------  ------------  ----------
21:23:28  INFO        [ODS]  │  Raw Mat.  SynGas(Unshift)                   SYNGASN_UNSHIFT      3.376244  MMBTU     
21:23:28  INFO        [ODS]  │  Utility  Boiler Feed Water                 310027927            1.160000  M3        
21:23:28  INFO        [ODS]  │  Utility  HRSG1_C2_LP STEAM                 310028385           -0.150000  MT        
21:23:28  INFO        [ODS]  │  Utility  Power_Dis                         310027910            0.285000  KWH       
21:23:28  INFO        [ODS]  │
21:23:28  INFO        [ODS]  │  In simple words: To make 1 MT of HRSG1_C2_SHP STEAM, you need:
21:23:28  INFO        [ODS]  │    → 3.376244 MMBTU of SynGas(Unshift)
21:23:28  INFO        [ODS]  │    → 1.160000 M3 of Boiler Feed Water
21:23:28  INFO        [ODS]  │    → 0.285000 KWH of Power_Dis
21:23:28  INFO        [ODS]  │  And as a bonus (byproduct), you also GET:
21:23:28  INFO        [ODS]  │    → 0.150000 MT of HRSG1_C2_LP STEAM (this is extra output, not input!)
21:23:28  INFO        [ODS]  └──────────────────────────────────────────────────────────────
21:23:28  INFO        [ODS]
21:23:28  INFO        [ODS]  ┌──────────────────────────────────────────────────────────────
21:23:28  INFO        [ODS]  │ PRODUCER: HRSG2_C2_SHP STEAM                 
21:23:28  INFO        [ODS]  │ SAP Code: 310028410             Plant Code: 36H1
21:23:28  INFO        [ODS]  │ Makes: 1 MT of HRSG2_C2_SHP STEAM
21:23:28  INFO        [ODS]  │
21:23:28  INFO        [ODS]  │  Needs these ingredients (to make 1 MT):
21:23:28  INFO        [ODS]  │
21:23:28  INFO        [ODS]  │  Type    Ingredient (Material)             Material SAP Code  Norm          UOM       
21:23:28  INFO        [ODS]  │  ------  --------------------------------  ---------------  ------------  ----------
21:23:28  INFO        [ODS]  │  Raw Mat.  SynGas(Unshift)                   SYNGASN_UNSHIFT      3.357468  MMBTU     
21:23:28  INFO        [ODS]  │  Utility  Boiler Feed Water                 310027927            1.160000  M3        
21:23:28  INFO        [ODS]  │  Utility  HRSG2_C2_LP STEAM                 310028409           -0.150000  MT        
21:23:28  INFO        [ODS]  │  Utility  Power_Dis                         310027910            0.285000  KWH       
21:23:28  INFO        [ODS]  │
21:23:28  INFO        [ODS]  │  In simple words: To make 1 MT of HRSG2_C2_SHP STEAM, you need:
21:23:28  INFO        [ODS]  │    → 3.357468 MMBTU of SynGas(Unshift)
21:23:28  INFO        [ODS]  │    → 1.160000 M3 of Boiler Feed Water
21:23:28  INFO        [ODS]  │    → 0.285000 KWH of Power_Dis
21:23:28  INFO        [ODS]  │  And as a bonus (byproduct), you also GET:
21:23:28  INFO        [ODS]  │    → 0.150000 MT of HRSG2_C2_LP STEAM (this is extra output, not input!)
21:23:28  INFO        [ODS]  └──────────────────────────────────────────────────────────────
21:23:28  INFO        [ODS]
21:23:28  INFO        [ODS]  ┌──────────────────────────────────────────────────────────────
21:23:28  INFO        [ODS]  │ PRODUCER: LP Steam PRDS                      
21:23:28  INFO        [ODS]  │ SAP Code: 310028013             Plant Code: 36H1
21:23:28  INFO        [ODS]  │ Makes: 1 MT of LP Steam PRDS
21:23:28  INFO        [ODS]  │
21:23:28  INFO        [ODS]  │  Needs these ingredients (to make 1 MT):
21:23:28  INFO        [ODS]  │
21:23:28  INFO        [ODS]  │  Type    Ingredient (Material)             Material SAP Code  Norm          UOM       
21:23:28  INFO        [ODS]  │  ------  --------------------------------  ---------------  ------------  ----------
21:23:28  INFO        [ODS]  │  Utility  Boiler Feed Water                 310027927            0.055000  M3        
21:23:28  INFO        [ODS]  │  Utility  MP Steam_Dis                      310027940            0.945000  MT        
21:23:28  INFO        [ODS]  │
21:23:28  INFO        [ODS]  │  In simple words: To make 1 MT of LP Steam PRDS, you need:
21:23:28  INFO        [ODS]  │    → 0.055000 M3 of Boiler Feed Water
21:23:28  INFO        [ODS]  │    → 0.945000 MT of MP Steam_Dis
21:23:28  INFO        [ODS]  └──────────────────────────────────────────────────────────────
21:23:28  INFO        [ODS]
21:23:28  INFO        [ODS]  ┌──────────────────────────────────────────────────────────────
21:23:28  INFO        [ODS]  │ PRODUCER: LP Steam_Dis                       
21:23:28  INFO        [ODS]  │ SAP Code: 310027965             Plant Code: 36H2
21:23:28  INFO        [ODS]  │ Makes: 1 MT of LP Steam_Dis
21:23:28  INFO        [ODS]  │
21:23:28  INFO        [ODS]  │  Needs these ingredients (to make 1 MT):
21:23:28  INFO        [ODS]  │
21:23:28  INFO        [ODS]  │  Type    Ingredient (Material)             Material SAP Code  Norm          UOM       
21:23:28  INFO        [ODS]  │  ------  --------------------------------  ---------------  ------------  ----------
21:23:28  INFO        [ODS]  │  Utility  HRSG1_C2_LP STEAM                 310028385            0.387271  MT        
21:23:28  INFO        [ODS]  │  Utility  HRSG2_C2_LP STEAM                 310028409            0.245271  MT        
21:23:28  INFO        [ODS]  │  Utility  LP Steam PRDS                     310028013            0.367458  MT        
21:23:28  INFO        [ODS]  │
21:23:28  INFO        [ODS]  │  In simple words: To make 1 MT of LP Steam_Dis, you need:
21:23:28  INFO        [ODS]  │    → 0.387271 MT of HRSG1_C2_LP STEAM
21:23:28  INFO        [ODS]  │    → 0.245271 MT of HRSG2_C2_LP STEAM
21:23:28  INFO        [ODS]  │    → 0.367458 MT of LP Steam PRDS
21:23:28  INFO        [ODS]  └──────────────────────────────────────────────────────────────
21:23:28  INFO        [ODS]
21:23:28  INFO        [ODS]  ┌──────────────────────────────────────────────────────────────
21:23:28  INFO        [ODS]  │ PRODUCER: MP Steam PRDS SHP                  
21:23:28  INFO        [ODS]  │ SAP Code: 310028012             Plant Code: 36H1
21:23:28  INFO        [ODS]  │ Makes: 1 MT of MP Steam PRDS SHP
21:23:28  INFO        [ODS]  │
21:23:28  INFO        [ODS]  │  Needs these ingredients (to make 1 MT):
21:23:28  INFO        [ODS]  │
21:23:28  INFO        [ODS]  │  Type    Ingredient (Material)             Material SAP Code  Norm          UOM       
21:23:28  INFO        [ODS]  │  ------  --------------------------------  ---------------  ------------  ----------
21:23:28  INFO        [ODS]  │  Utility  Boiler Feed Water                 310027927            0.100000  M3        
21:23:28  INFO        [ODS]  │  Utility  HP Steam_Dis                      310027939            0.900000  MT        
21:23:28  INFO        [ODS]  │
21:23:28  INFO        [ODS]  │  In simple words: To make 1 MT of MP Steam PRDS SHP, you need:
21:23:28  INFO        [ODS]  │    → 0.100000 M3 of Boiler Feed Water
21:23:28  INFO        [ODS]  │    → 0.900000 MT of HP Steam_Dis
21:23:28  INFO        [ODS]  └──────────────────────────────────────────────────────────────
21:23:28  INFO        [ODS]
21:23:28  INFO        [ODS]  ┌──────────────────────────────────────────────────────────────
21:23:28  INFO        [ODS]  │ PRODUCER: MP Steam_Dis                       
21:23:28  INFO        [ODS]  │ SAP Code: 310027940             Plant Code: 36H2
21:23:28  INFO        [ODS]  │ Makes: 1 MT of MP Steam_Dis
21:23:28  INFO        [ODS]  │
21:23:28  INFO        [ODS]  │  Needs these ingredients (to make 1 MT):
21:23:28  INFO        [ODS]  │
21:23:28  INFO        [ODS]  │  Type    Ingredient (Material)             Material SAP Code  Norm          UOM       
21:23:28  INFO        [ODS]  │  ------  --------------------------------  ---------------  ------------  ----------
21:23:28  INFO        [ODS]  │  Utility  MP Steam PRDS SHP                 310028012            1.000000  MT        
21:23:28  INFO        [ODS]  │
21:23:28  INFO        [ODS]  │  In simple words: To make 1 MT of MP Steam_Dis, you need:
21:23:28  INFO        [ODS]  │    → 1.000000 MT of MP Steam PRDS SHP
21:23:28  INFO        [ODS]  └──────────────────────────────────────────────────────────────
21:23:28  INFO        [ODS]
21:23:28  INFO        [ODS]  ┌──────────────────────────────────────────────────────────────
21:23:28  INFO        [ODS]  │ PRODUCER: NITROGEN_ASU                       
21:23:28  INFO        [ODS]  │ SAP Code: 310028432             Plant Code: 36H1
21:23:28  INFO        [ODS]  │ Makes: 1 NM3 of NITROGEN_ASU
21:23:28  INFO        [ODS]  │
21:23:28  INFO        [ODS]  │  Needs these ingredients (to make 1 NM3):
21:23:28  INFO        [ODS]  │
21:23:28  INFO        [ODS]  │  Type    Ingredient (Material)             Material SAP Code  Norm          UOM       
21:23:28  INFO        [ODS]  │  ------  --------------------------------  ---------------  ------------  ----------
21:23:28  INFO        [ODS]  │  Utility  Cooling Water                     310027912                   0  KM3       
21:23:28  INFO        [ODS]  │  Utility  MP Steam_Dis                      310027940            0.000021  MT        
21:23:28  INFO        [ODS]  │  Utility  Power_Dis                         310027910            0.474260  KWH       
21:23:28  INFO        [ODS]  │  Utility  Ret steam condensate              310027923           -0.000011  M3        
21:23:28  INFO        [ODS]  │  Utility  Utility Water                     310027928            0.001540  M3        
21:23:28  INFO        [ODS]  │
21:23:28  INFO        [ODS]  │  In simple words: To make 1 NM3 of NITROGEN_ASU, you need:
21:23:28  INFO        [ODS]  │    → 0.000021 MT of MP Steam_Dis
21:23:28  INFO        [ODS]  │    → 0.474260 KWH of Power_Dis
21:23:28  INFO        [ODS]  │    → 0.001540 M3 of Utility Water
21:23:28  INFO        [ODS]  │  And as a bonus (byproduct), you also GET:
21:23:28  INFO        [ODS]  │    → 0.000011 M3 of Ret steam condensate (this is extra output, not input!)
21:23:28  INFO        [ODS]  └──────────────────────────────────────────────────────────────
21:23:28  INFO        [ODS]
21:23:28  INFO        [ODS]  ┌──────────────────────────────────────────────────────────────
21:23:28  INFO        [ODS]  │ PRODUCER: Oxygen                             
21:23:28  INFO        [ODS]  │ SAP Code: 310028126             Plant Code: 36H1
21:23:28  INFO        [ODS]  │ Makes: 1 MT of Oxygen
21:23:28  INFO        [ODS]  │
21:23:28  INFO        [ODS]  │  Needs these ingredients (to make 1 MT):
21:23:28  INFO        [ODS]  │
21:23:28  INFO        [ODS]  │  Type    Ingredient (Material)             Material SAP Code  Norm          UOM       
21:23:28  INFO        [ODS]  │  ------  --------------------------------  ---------------  ------------  ----------
21:23:28  INFO        [ODS]  │  Utility  Cooling Water                     310027912                   0  KM3       
21:23:28  INFO        [ODS]  │  Utility  MP Steam_Dis                      310027940            0.017000  MT        
21:23:28  INFO        [ODS]  │  Utility  Power_Dis                         310027910          374.610000  KWH       
21:23:28  INFO        [ODS]  │  Utility  Ret steam condensate              310027923           -0.008000  M3        
21:23:28  INFO        [ODS]  │  Utility  Utility Water                     310027928            1.230000  M3        
21:23:28  INFO        [ODS]  │
21:23:28  INFO        [ODS]  │  In simple words: To make 1 MT of Oxygen, you need:
21:23:28  INFO        [ODS]  │    → 0.017000 MT of MP Steam_Dis
21:23:28  INFO        [ODS]  │    → 374.610000 KWH of Power_Dis
21:23:28  INFO        [ODS]  │    → 1.230000 M3 of Utility Water
21:23:28  INFO        [ODS]  │  And as a bonus (byproduct), you also GET:
21:23:28  INFO        [ODS]  │    → 0.008000 M3 of Ret steam condensate (this is extra output, not input!)
21:23:28  INFO        [ODS]  └──────────────────────────────────────────────────────────────
21:23:28  INFO        [ODS]
21:23:28  INFO        [ODS]  ┌──────────────────────────────────────────────────────────────
21:23:28  INFO        [ODS]  │ PRODUCER: POWERGEN                           
21:23:28  INFO        [ODS]  │ SAP Code: 310027907             Plant Code: 36H0
21:23:28  INFO        [ODS]  │ Makes: 1 KWH of POWERGEN
21:23:28  INFO        [ODS]  │
21:23:28  INFO        [ODS]  │  This producer has 3 sub-assets (different machines):
21:23:28  INFO        [ODS]  │    • JMD - C2-GTG 1                  (Plant ID: 36H0)
21:23:28  INFO        [ODS]  │    • JMD - C2-GTG 2                  (Plant ID: 36GX)
21:23:28  INFO        [ODS]  │    • JMD - C2-STG 1                  (Plant ID: 36HM)
21:23:28  INFO        [ODS]  │
21:23:28  INFO        [ODS]  │  Needs these ingredients (to make 1 KWH):
21:23:28  INFO        [ODS]  │
21:23:28  INFO        [ODS]  │  ▸ Sub-asset: JMD - C2-GTG 1 (Plant ID: 36H0)
21:23:28  INFO        [ODS]  │    Type    Ingredient (Material)             Material SAP Code  Norm          UOM       
21:23:28  INFO        [ODS]  │    ------  --------------------------------  ---------------  ------------  ----------
21:23:28  INFO        [ODS]  │    Raw Mat.  SynGas(Unshift)                   SYNGASN_UNSHIFT      0.004368  MMBTU     
21:23:28  INFO        [ODS]  │    Utility  COMPRESSED AIR                    310027904            0.001280  NM3       
21:23:28  INFO        [ODS]  │    Utility  Cooling Water                     310027912            0.000007  KM3       
21:23:28  INFO        [ODS]  │    Utility  NITROGEN_ASU                      310028432            0.001660  NM3       
21:23:28  INFO        [ODS]  │    Utility  Power_Dis                         310027910            0.001350  KWH       
21:23:28  INFO        [ODS]  │    Utility  Utility Water                     310027928            0.000023  M3        
21:23:28  INFO        [ODS]  │    In simple words: To make 1 KWH from JMD - C2-GTG 1, you need:
21:23:28  INFO        [ODS]  │      → 0.004368 MMBTU of SynGas(Unshift)
21:23:28  INFO        [ODS]  │      → 0.001280 NM3 of COMPRESSED AIR
21:23:28  INFO        [ODS]  │      → 0.000007 KM3 of Cooling Water
21:23:28  INFO        [ODS]  │      → 0.001660 NM3 of NITROGEN_ASU
21:23:28  INFO        [ODS]  │      → 0.001350 KWH of Power_Dis
21:23:28  INFO        [ODS]  │      → 0.000023 M3 of Utility Water
21:23:28  INFO        [ODS]  │
21:23:28  INFO        [ODS]  │  ▸ Sub-asset: JMD - C2-GTG 2 (Plant ID: 36GX)
21:23:28  INFO        [ODS]  │    Type    Ingredient (Material)             Material SAP Code  Norm          UOM       
21:23:28  INFO        [ODS]  │    ------  --------------------------------  ---------------  ------------  ----------
21:23:28  INFO        [ODS]  │    Raw Mat.  SynGas(Unshift)                   SYNGASN_UNSHIFT      0.004485  MMBTU     
21:23:28  INFO        [ODS]  │    Utility  COMPRESSED AIR                    310027904            0.001280  NM3       
21:23:28  INFO        [ODS]  │    Utility  Cooling Water                     310027912            0.000007  KM3       
21:23:28  INFO        [ODS]  │    Utility  NITROGEN_ASU                      310028432            0.001660  NM3       
21:23:28  INFO        [ODS]  │    Utility  Power_Dis                         310027910            0.001350  KWH       
21:23:28  INFO        [ODS]  │    Utility  Utility Water                     310027928            0.000023  M3        
21:23:28  INFO        [ODS]  │    In simple words: To make 1 KWH from JMD - C2-GTG 2, you need:
21:23:28  INFO        [ODS]  │      → 0.004485 MMBTU of SynGas(Unshift)
21:23:28  INFO        [ODS]  │      → 0.001280 NM3 of COMPRESSED AIR
21:23:28  INFO        [ODS]  │      → 0.000007 KM3 of Cooling Water
21:23:28  INFO        [ODS]  │      → 0.001660 NM3 of NITROGEN_ASU
21:23:28  INFO        [ODS]  │      → 0.001350 KWH of Power_Dis
21:23:28  INFO        [ODS]  │      → 0.000023 M3 of Utility Water
21:23:28  INFO        [ODS]  │
21:23:28  INFO        [ODS]  │  ▸ Sub-asset: JMD - C2-STG 1 (Plant ID: 36HM)
21:23:28  INFO        [ODS]  │    Type    Ingredient (Material)             Material SAP Code  Norm          UOM       
21:23:28  INFO        [ODS]  │    ------  --------------------------------  ---------------  ------------  ----------
21:23:28  INFO        [ODS]  │    Utility  Cooling Water                     310027912            0.000400  KM3       
21:23:28  INFO        [ODS]  │    Utility  NITROGEN_ASU                      310028432            0.001030  NM3       
21:23:28  INFO        [ODS]  │    Utility  Power_Dis                         310027910            0.007050  KWH       
21:23:28  INFO        [ODS]  │    Utility  SHP Steam_Dis                     310027924            0.003640  MT        
21:23:28  INFO        [ODS]  │    In simple words: To make 1 KWH from JMD - C2-STG 1, you need:
21:23:28  INFO        [ODS]  │      → 0.000400 KM3 of Cooling Water
21:23:28  INFO        [ODS]  │      → 0.001030 NM3 of NITROGEN_ASU
21:23:28  INFO        [ODS]  │      → 0.007050 KWH of Power_Dis
21:23:28  INFO        [ODS]  │      → 0.003640 MT of SHP Steam_Dis
21:23:28  INFO        [ODS]  │
21:23:28  INFO        [ODS]  └──────────────────────────────────────────────────────────────
21:23:28  INFO        [ODS]
21:23:28  INFO        [ODS]  ┌──────────────────────────────────────────────────────────────
21:23:28  INFO        [ODS]  │ PRODUCER: PROCESS FEED WATER                 
21:23:28  INFO        [ODS]  │ SAP Code: 310027972             Plant Code: 36H1
21:23:28  INFO        [ODS]  │ Makes: 1 M3 of PROCESS FEED WATER
21:23:28  INFO        [ODS]  │
21:23:28  INFO        [ODS]  │  Needs these ingredients (to make 1 M3):
21:23:28  INFO        [ODS]  │
21:23:28  INFO        [ODS]  │  Type    Ingredient (Material)             Material SAP Code  Norm          UOM       
21:23:28  INFO        [ODS]  │  ------  --------------------------------  ---------------  ------------  ----------
21:23:28  INFO        [ODS]  │  Utility  D M Water                         310027966            0.900000  M3        
21:23:28  INFO        [ODS]  │  Utility  LP Steam_Dis                      310027965            0.100000  MT        
21:23:28  INFO        [ODS]  │  Utility  Power_Dis                         310027910            0.631000  KWH       
21:23:28  INFO        [ODS]  │
21:23:28  INFO        [ODS]  │  In simple words: To make 1 M3 of PROCESS FEED WATER, you need:
21:23:28  INFO        [ODS]  │    → 0.900000 M3 of D M Water
21:23:28  INFO        [ODS]  │    → 0.100000 MT of LP Steam_Dis
21:23:28  INFO        [ODS]  │    → 0.631000 KWH of Power_Dis
21:23:28  INFO        [ODS]  └──────────────────────────────────────────────────────────────
21:23:28  INFO        [ODS]
21:23:28  INFO        [ODS]  ┌──────────────────────────────────────────────────────────────
21:23:28  INFO        [ODS]  │ PRODUCER: Power_Dis                          
21:23:28  INFO        [ODS]  │ SAP Code: 310027910             Plant Code: 36H2
21:23:28  INFO        [ODS]  │ Makes: 1 KWH of Power_Dis
21:23:28  INFO        [ODS]  │
21:23:28  INFO        [ODS]  │  Needs these ingredients (to make 1 KWH):
21:23:28  INFO        [ODS]  │
21:23:28  INFO        [ODS]  │  Type    Ingredient (Material)             Material SAP Code  Norm          UOM       
21:23:28  INFO        [ODS]  │  ------  --------------------------------  ---------------  ------------  ----------
21:23:28  INFO        [ODS]  │  Utility  Power                             POWER                0.065453  KWH       
21:23:28  INFO        [ODS]  │  Utility  POWERGEN                          310027907            0.572172  KWH       
21:23:28  INFO        [ODS]  │  Utility  POWERGEN                          310027907            0.362375  KWH       
21:23:28  INFO        [ODS]  │
21:23:28  INFO        [ODS]  │  In simple words: To make 1 KWH of Power_Dis, you need:
21:23:28  INFO        [ODS]  │    → 0.065453 KWH of Power
21:23:28  INFO        [ODS]  │    → 0.572172 KWH of POWERGEN
21:23:28  INFO        [ODS]  │    → 0.362375 KWH of POWERGEN
21:23:28  INFO        [ODS]  └──────────────────────────────────────────────────────────────
21:23:28  INFO        [ODS]
21:23:28  INFO        [ODS]  ┌──────────────────────────────────────────────────────────────
21:23:28  INFO        [ODS]  │ PRODUCER: SHP Steam_Dis                      
21:23:28  INFO        [ODS]  │ SAP Code: 310027924             Plant Code: 36H2
21:23:28  INFO        [ODS]  │ Makes: 1 MT of SHP Steam_Dis
21:23:28  INFO        [ODS]  │
21:23:28  INFO        [ODS]  │  Needs these ingredients (to make 1 MT):
21:23:28  INFO        [ODS]  │
21:23:28  INFO        [ODS]  │  Type    Ingredient (Material)             Material SAP Code  Norm          UOM       
21:23:28  INFO        [ODS]  │  ------  --------------------------------  ---------------  ------------  ----------
21:23:28  INFO        [ODS]  │  Utility  AUXBOIL7_SHP STEAM                310028384            0.226682  MT        
21:23:28  INFO        [ODS]  │  Utility  AUXBOIL8_SHP STEAM                310028411                   0  MT        
21:23:28  INFO        [ODS]  │  Utility  HRSG1_C2_SHP STEAM                310028383            0.473460  MT        
21:23:28  INFO        [ODS]  │  Utility  HRSG2_C2_SHP STEAM                310028410            0.299858  MT        
21:23:28  INFO        [ODS]  │
21:23:28  INFO        [ODS]  │  In simple words: To make 1 MT of SHP Steam_Dis, you need:
21:23:28  INFO        [ODS]  │    → 0.226682 MT of AUXBOIL7_SHP STEAM
21:23:28  INFO        [ODS]  │    → 0.473460 MT of HRSG1_C2_SHP STEAM
21:23:28  INFO        [ODS]  │    → 0.299858 MT of HRSG2_C2_SHP STEAM
21:23:28  INFO        [ODS]  └──────────────────────────────────────────────────────────────
21:23:28  INFO        [ODS]
21:23:28  INFO        [ODS]  ┌──────────────────────────────────────────────────────────────
21:23:28  INFO        [ODS]  │ PRODUCER: Utility Water                      
21:23:28  INFO        [ODS]  │ SAP Code: 310027928             Plant Code: 36H1
21:23:28  INFO        [ODS]  │ Makes: 1 M3 of Utility Water
21:23:28  INFO        [ODS]  │
21:23:28  INFO        [ODS]  │  Needs these ingredients (to make 1 M3):
21:23:28  INFO        [ODS]  │
21:23:28  INFO        [ODS]  │  Type    Ingredient (Material)             Material SAP Code  Norm          UOM       
21:23:28  INFO        [ODS]  │  ------  --------------------------------  ---------------  ------------  ----------
21:23:28  INFO        [ODS]  │  Utility  COMPRESSED AIR                    310027904            0.217390  NM3       
21:23:28  INFO        [ODS]  │  Utility  Power_Dis                         310027910                   0  KWH       
21:23:28  INFO        [ODS]  │  Utility  SWRO WATER                        310028356            1.100000  M3        
21:23:28  INFO        [ODS]  │
21:23:28  INFO        [ODS]  │  In simple words: To make 1 M3 of Utility Water, you need:
21:23:28  INFO        [ODS]  │    → 0.217390 NM3 of COMPRESSED AIR
21:23:28  INFO        [ODS]  │    → 1.100000 M3 of SWRO WATER
21:23:28  INFO        [ODS]  └──────────────────────────────────────────────────────────────
21:23:28  INFO        [ODS]
21:23:28  INFO        [ODS]  Total producers with consumption norms: 24
21:23:28  INFO        [ODS] ===================================
21:23:28  INFO      
21:23:28  INFO      ================================================================================
21:23:28  INFO      BALANCED UTILITY DISPATCH v3 — RECURSIVE SOLVER
21:23:28  INFO      Plant: BA558F95-8A3F-4769-9C78-FF7B6C639DDF  |  Month: 4/2026
21:23:28  INFO      ================================================================================
21:23:28  INFO      
21:23:28  INFO      U4U matrix loaded: 15 consumers
21:23:28  INFO      
21:23:28  INFO      
21:23:28  INFO      ================================================================================
21:23:28  INFO      BUILDING DEPENDENCY GRAPH
21:23:28  INFO      ================================================================================
21:23:28  INFO      
21:23:28  INFO      Generation utilities identified: 16
21:23:28  INFO        - bfw
21:23:28  INFO        - compresed air_asu
21:23:28  INFO        - compressed air
21:23:28  INFO        - condensate
21:23:28  INFO        - cooling water
21:23:28  INFO        - dm_water
21:23:28  INFO        - effluent
21:23:28  INFO        - hp_steam
21:23:28  INFO        - lp_steam
21:23:28  INFO        - mp_steam
21:23:28  INFO        - nitrogen
21:23:28  INFO        - oxygen
21:23:28  INFO        - power
21:23:28  INFO        - shp_steam
21:23:28  INFO        - swro water
21:23:28  INFO        - utility water
21:23:28  INFO      
21:23:28  INFO      Dispatchable utilities: 5
21:23:28  INFO        - hp_steam
21:23:28  INFO        - lp_steam
21:23:28  INFO        - mp_steam
21:23:28  INFO        - power
21:23:28  INFO        - shp_steam
21:23:28  INFO      
21:23:28  INFO      Non-dispatchable utilities: 11
21:23:28  INFO        - bfw
21:23:28  INFO        - compresed air_asu
21:23:28  INFO        - compressed air
21:23:28  INFO        - condensate
21:23:28  INFO        - cooling water
21:23:28  INFO        - dm_water
21:23:28  INFO        - effluent
21:23:28  INFO        - nitrogen
21:23:28  INFO        - oxygen
21:23:28  INFO        - swro water
21:23:28  INFO        - utility water
21:23:28  INFO      
21:23:28  INFO      Dependency graph built successfully
21:23:28  INFO        Total dependencies: 51
21:23:28  INFO      
21:23:28  INFO      Validating dependency graph...
21:23:28  INFO      
21:23:28  INFO      ✓ Dependency graph validation passed
21:23:28  INFO      
21:23:28  INFO      
21:23:28  INFO      ================================================================================
21:23:28  INFO      DEPENDENCY GRAPH SUMMARY
21:23:28  INFO      ================================================================================
21:23:28  INFO      
21:23:28  INFO      Generation Utilities: 16
21:23:28  INFO        Dispatchable: 5
21:23:28  INFO        Non-Dispatchable: 11
21:23:28  INFO      
21:23:28  INFO      Dependencies:
21:23:28  INFO        bfw consumes:
21:23:28  INFO          - dm_water (norm: 0.900000)
21:23:28  INFO          - lp_steam (norm: 0.100000)
21:23:28  INFO          - power (norm: 0.631000)
21:23:28  INFO        compresed air_asu consumes:
21:23:28  INFO          - power (norm: 0.125000)
21:23:28  INFO        compressed air consumes:
21:23:28  INFO          - compresed air_asu (norm: 0.051000)
21:23:28  INFO          - compressed air (norm: 0.002670)
21:23:28  INFO          - power (norm: 0.150000)
21:23:28  INFO        condensate consumes:
21:23:28  INFO          - compressed air (norm: 0.080000)
21:23:28  INFO          - condensate (norm: 1.090000)
21:23:28  INFO          - cooling water (norm: 0.017360)
21:23:28  INFO          - nitrogen (norm: 0.360000)
21:23:28  INFO          - power (norm: 1.460000)
21:23:28  INFO        cooling water consumes:
21:23:28  INFO          - compressed air (norm: 0.974741)
21:23:28  INFO          - effluent (norm: 3.800000)
21:23:28  INFO          - power (norm: 210.900000)
21:23:28  INFO          - swro water (norm: 9.400000)
21:23:28  INFO        dm_water consumes:
21:23:28  INFO          - compressed air (norm: 0.049180)
21:23:28  INFO          - nitrogen (norm: 0.630000)
21:23:28  INFO          - power (norm: 0.920000)
21:23:28  INFO          - swro water (norm: 1.150000)
21:23:28  INFO        effluent consumes:
21:23:28  INFO          - compressed air (norm: 2.209302)
21:23:28  INFO          - cooling water (norm: 0.000031)
21:23:28  INFO          - nitrogen (norm: 0.005814)
21:23:28  INFO          - power (norm: 3.200000)
21:23:28  INFO          - utility water (norm: 0.029070)
21:23:28  INFO        hp_steam consumes:
21:23:28  INFO          - bfw (norm: 0.064000)
21:23:28  INFO          - hp_steam (norm: 1.000000)
21:23:28  INFO          - shp_steam (norm: 0.936000)
21:23:28  INFO        lp_steam consumes:
21:23:28  INFO          - bfw (norm: 0.055000)
21:23:28  INFO          - lp_steam (norm: 0.367458)
21:23:28  INFO          - mp_steam (norm: 0.945000)
21:23:28  INFO        mp_steam consumes:
21:23:28  INFO          - bfw (norm: 0.100000)
21:23:28  INFO          - hp_steam (norm: 0.900000)
21:23:28  INFO          - mp_steam (norm: 1.000000)
21:23:28  INFO        nitrogen consumes:
21:23:28  INFO          - mp_steam (norm: 0.000021)
21:23:28  INFO          - power (norm: 0.474260)
21:23:28  INFO          - utility water (norm: 0.001540)
21:23:28  INFO        oxygen consumes:
21:23:28  INFO          - mp_steam (norm: 0.017000)
21:23:28  INFO          - power (norm: 374.610000)
21:23:28  INFO          - utility water (norm: 1.230000)
21:23:28  INFO        power consumes:
21:23:28  INFO          - compressed air (norm: 0.001280)
21:23:28  INFO          - cooling water (norm: 0.000400)
21:23:28  INFO          - nitrogen (norm: 0.001030)
21:23:28  INFO          - power (norm: 0.362375)
21:23:28  INFO          - shp_steam (norm: 0.003640)
21:23:28  INFO          - utility water (norm: 0.000023)
21:23:28  INFO        shp_steam consumes:
21:23:28  INFO          - bfw (norm: 1.160000)
21:23:28  INFO          - power (norm: 0.285000)
21:23:28  INFO          - shp_steam (norm: 0.299858)
21:23:28  INFO        utility water consumes:
21:23:28  INFO          - compressed air (norm: 0.217390)
21:23:28  INFO          - swro water (norm: 1.100000)
21:23:28  INFO      
21:23:28  INFO      Initial demands: 19 utilities
21:23:28  INFO        cooling_water                 :     58033.00
21:23:28  INFO        dm_water                      :    127787.00
21:23:28  INFO        instrument_air                :   8549505.00
21:23:28  INFO        lp_steam                      :     58745.00
21:23:28  INFO        nitrogen                      :   6387999.00
21:23:28  INFO        power                         :  32174700.28
21:23:28  INFO        shp_steam                     :    313878.00
21:23:28  INFO      
21:23:28  INFO      
21:23:28  INFO      ================================================================================
21:23:28  INFO      RECURSIVE UTILITY BALANCER — COMPLETE FIXED-POINT SOLVER
21:23:28  INFO      ================================================================================
21:23:28  INFO      
21:23:28  INFO      Initial Demands Loaded: 16 utilities
21:23:28  INFO        dm_water                      :    127787.00 M3
21:23:28  INFO        lp_steam                      :     58745.00 MT
21:23:28  INFO        nitrogen                      :   6387999.00 NM3
21:23:28  INFO        power                         :  32174700.28 MWh
21:23:28  INFO        shp_steam                     :    313878.00 MT
21:23:28  INFO      
21:23:28  INFO      ================================================================================
21:23:28  INFO      ITERATION 1
21:23:28  INFO      ================================================================================
21:23:28  INFO      
21:23:28  INFO      Current Utility Demands
21:23:28  INFO      
21:23:28  INFO        dm_water                      :    127787.00 M3
21:23:28  INFO        lp_steam                      :     58745.00 MT
21:23:28  INFO        nitrogen                      :   6387999.00 NM3
21:23:28  INFO        power                         :  32174700.28 MWh
21:23:28  INFO        shp_steam                     :    313878.00 MT
21:23:28  INFO      
21:23:30  INFO      
21:23:30  INFO        POWER SPINNING MARGIN CONFIG
21:23:30  INFO        Most efficient asset: JMD - C2-GTG 2 (fixed_max = 120.00 MW)
21:23:30  INFO        Required margin: 120.00 MW
21:23:30  INFO        Asset                          Max MW     Eff Max     Reserve
21:23:30  INFO        -------------------------  ----------  ----------  ----------
21:23:30  INFO        JMD - C2-GTG 1                 110.00       80.00       30.00
21:23:30  INFO        JMD - C2-GTG 2                 110.00      110.00        0.00 (excluded)
21:23:30  INFO        JMD - C2-STG 1                  93.00        3.00       90.00
21:23:30  INFO        TOTAL RESERVED                                         120.00
21:23:30  INFO        → Margin of 120.00 MW successfully reserved
21:23:30  INFO      
21:23:30  INFO        ==============================================================================
21:23:30  INFO        POWER DISPATCH  (April 2026)
21:23:30  INFO        ==============================================================================
21:23:30  INFO        Demand:  Process = 32174.70 MWh  |  Fixed = 0.00 MWh  |  Total = 32174.70 MWh
21:23:30  INFO      
21:23:30  INFO        Step 1: Mandatory assets at MIN load, then optional if needed
21:23:30  INFO        Asset                      Priority   Man    Min MW    Max MW     Hours       Min MWh
21:23:30  INFO        -------------------------  --------  ----  --------  --------  --------  ------------
21:23:30  INFO        JMD - C2-GTG 1                    2     Y     80.00    110.00    676.00      54080.00
21:23:30  INFO        JMD - C2-GTG 2                    1     Y     80.00    110.00    710.00      56800.00
21:23:30  INFO        JMD - C2-STG 1                    1     Y      0.00     93.00    719.00          0.00
21:23:30  INFO        TOTAL MIN GENERATION                                                        110880.00
21:23:30  INFO      
21:23:30  INFO        ⚠ SURPLUS: MIN generation (110880.00 MWh) EXCEEDS demand (32174.70 MWh)
21:23:30  INFO          Surplus = 78705.30 MWh  (will be handled via export power in future)
21:23:30  INFO      
21:23:30  INFO        FINAL DISPATCH
21:23:30  INFO        Asset                      Priority   Dispatched MW  Dispatched MWh    Load %   Avg Load MW   Free Steam MT        Aux Norm   Aux Power MWh
21:23:30  INFO        -------------------------  --------  --------------  --------------  --------  ------------  --------------  --------------  --------------
21:23:30  INFO        JMD - C2-GTG 1                    2           80.00        54080.00    100.0%         80.00       106537.60        0.001350           73.01
21:23:30  INFO        JMD - C2-GTG 2                    1           80.00        56800.00     72.7%         80.00       111896.00        0.001350           76.68
21:23:30  INFO        JMD - C2-STG 1                    1            0.00            0.00      0.0%          0.00            0.00        0.007050            0.00
21:23:30  INFO        TOTAL                                                     110880.00                               218433.60                          149.69
21:23:30  INFO      
21:23:30  INFO        ✓ POWER SPINNING MARGIN OK: 153.00 MW reserved (required: 120.00 MW)
21:23:30  INFO        ==============================================================================
21:23:31  INFO        ==============================================================================
21:23:31  INFO        STEAM DISPATCH  (April 2026)
21:23:31  INFO        ==============================================================================
21:23:31  INFO        Grade      Process/Fixed MT  Letdown MT  Byproduct MT     Net Demand MT
21:23:31  INFO        ---------  ----------------  ----------  ------------  ----------------
21:23:31  INFO        LP                 58745.00    24079.54     -33264.00          25481.00
21:23:31  INFO        MP               -119328.00        0.00          0.00         -95248.46
21:23:31  INFO        HP                -21361.00        0.00          0.00         -21361.00
21:23:31  INFO        SHP               313878.00        0.00          0.00         313878.00
21:23:31  INFO      
21:23:31  INFO        Total Free Steam available: 0.00 MT
21:23:31  INFO      
21:23:31  INFO        FINAL SUPPLEMENTARY FIRING DISPATCH
21:23:31  INFO        Asset                      Priority   Man     Min TPH     Max TPH     Hours  Dispatched TPH   Dispatched MT    Load %
21:23:31  INFO        -------------------------  --------  ----  ----------  ----------  --------  --------------  --------------  --------
21:23:31  INFO        AUXBOIL7_SHP STEAM                1     Y       90.00      220.00    698.00           90.00        62820.00     40.9%
21:23:31  INFO        AUXBOIL8_SHP STEAM                1     Y       90.00      220.00    720.00           90.00        64800.00     40.9%
21:23:31  INFO        HRSG1_C2_SHP STEAM                2     Y      160.00      250.00    676.00          160.00       108160.00     64.0%
21:23:31  INFO        HRSG2_C2_SHP STEAM                1     Y      160.00      250.00    710.00          160.00       113600.00     64.0%
21:23:31  INFO        TOTAL SUPPLEMENTARY                                                                         349380.00          
21:23:31  INFO        TOTAL STEAM GENERATED                                                                       349380.00          
21:23:31  INFO        ✓ Steam demand fully met with surplus of 35502.00 MT
21:23:31  INFO        ==============================================================================
21:23:32  INFO        ==============================================================================
21:23:32  INFO        STEAM DISPATCH  (April 2026)
21:23:32  INFO        ==============================================================================
21:23:32  INFO        Grade      Process/Fixed MT  Letdown MT  Byproduct MT     Net Demand MT
21:23:32  INFO        ---------  ----------------  ----------  ------------  ----------------
21:23:32  INFO        LP                 58745.00    24079.54     -33264.00          25481.00
21:23:32  INFO        MP               -119328.00        0.00          0.00         -95248.46
21:23:32  INFO        HP                -21361.00        0.00          0.00         -21361.00
21:23:32  INFO        SHP               313878.00        0.00          0.00         313878.00
21:23:32  INFO      
21:23:32  INFO        Total Free Steam available: 0.00 MT
21:23:32  INFO      
21:23:32  INFO        FINAL SUPPLEMENTARY FIRING DISPATCH
21:23:32  INFO        Asset                      Priority   Man     Min TPH     Max TPH     Hours  Dispatched TPH   Dispatched MT    Load %
21:23:32  INFO        -------------------------  --------  ----  ----------  ----------  --------  --------------  --------------  --------
21:23:32  INFO        AUXBOIL7_SHP STEAM                1     Y       90.00      220.00    698.00           90.00        62820.00     40.9%
21:23:32  INFO        AUXBOIL8_SHP STEAM                1     Y       90.00      220.00    720.00           90.00        64800.00     40.9%
21:23:32  INFO        HRSG1_C2_SHP STEAM                2     Y      160.00      250.00    676.00          160.00       108160.00     64.0%
21:23:32  INFO        HRSG2_C2_SHP STEAM                1     Y      160.00      250.00    710.00          160.00       113600.00     64.0%
21:23:32  INFO        TOTAL SUPPLEMENTARY                                                                         349380.00          
21:23:32  INFO        TOTAL STEAM GENERATED                                                                       349380.00          
21:23:32  INFO        ✓ Steam demand fully met with surplus of 35502.00 MT
21:23:32  INFO        ==============================================================================
21:23:33  INFO        ==============================================================================
21:23:33  INFO        STEAM DISPATCH  (April 2026)
21:23:33  INFO        ==============================================================================
21:23:33  INFO        Grade      Process/Fixed MT  Letdown MT  Byproduct MT     Net Demand MT
21:23:33  INFO        ---------  ----------------  ----------  ------------  ----------------
21:23:33  INFO        LP                 58745.00    24079.54     -33264.00          25481.00
21:23:33  INFO        MP               -119328.00        0.00          0.00         -95248.46
21:23:33  INFO        HP                -21361.00        0.00          0.00         -21361.00
21:23:33  INFO        SHP               313878.00        0.00          0.00         313878.00
21:23:33  INFO      
21:23:33  INFO        Total Free Steam available: 0.00 MT
21:23:33  INFO      
21:23:33  INFO        FINAL SUPPLEMENTARY FIRING DISPATCH
21:23:33  INFO        Asset                      Priority   Man     Min TPH     Max TPH     Hours  Dispatched TPH   Dispatched MT    Load %
21:23:33  INFO        -------------------------  --------  ----  ----------  ----------  --------  --------------  --------------  --------
21:23:33  INFO        AUXBOIL7_SHP STEAM                1     Y       90.00      220.00    698.00           90.00        62820.00     40.9%
21:23:33  INFO        AUXBOIL8_SHP STEAM                1     Y       90.00      220.00    720.00           90.00        64800.00     40.9%
21:23:33  INFO        HRSG1_C2_SHP STEAM                2     Y      160.00      250.00    676.00          160.00       108160.00     64.0%
21:23:33  INFO        HRSG2_C2_SHP STEAM                1     Y      160.00      250.00    710.00          160.00       113600.00     64.0%
21:23:33  INFO        TOTAL SUPPLEMENTARY                                                                         349380.00          
21:23:33  INFO        TOTAL STEAM GENERATED                                                                       349380.00          
21:23:33  INFO        ✓ Steam demand fully met with surplus of 35502.00 MT
21:23:33  INFO        ==============================================================================
21:23:35  INFO      
21:23:35  INFO        POWER SPINNING MARGIN CONFIG
21:23:35  INFO        Most efficient asset: JMD - C2-GTG 2 (fixed_max = 120.00 MW)
21:23:35  INFO        Required margin: 120.00 MW
21:23:35  INFO        Asset                          Max MW     Eff Max     Reserve
21:23:35  INFO        -------------------------  ----------  ----------  ----------
21:23:35  INFO        JMD - C2-GTG 1                 110.00       80.00       30.00
21:23:35  INFO        JMD - C2-GTG 2                 110.00      110.00        0.00 (excluded)
21:23:35  INFO        JMD - C2-STG 1                  93.00        3.00       90.00
21:23:35  INFO        TOTAL RESERVED                                         120.00
21:23:35  INFO        → Margin of 120.00 MW successfully reserved
21:23:35  INFO      
21:23:35  INFO        ==============================================================================
21:23:35  INFO        POWER DISPATCH  (April 2026)
21:23:35  INFO        ==============================================================================
21:23:35  INFO        Demand:  Process = 32174.70 MWh  |  Fixed = 0.00 MWh  |  Total = 32174.70 MWh
21:23:35  INFO      
21:23:35  INFO        Step 1: Mandatory assets at MIN load, then optional if needed
21:23:35  INFO        Asset                      Priority   Man    Min MW    Max MW     Hours       Min MWh
21:23:35  INFO        -------------------------  --------  ----  --------  --------  --------  ------------
21:23:35  INFO        JMD - C2-GTG 1                    2     Y     80.00    110.00    676.00      54080.00
21:23:35  INFO        JMD - C2-GTG 2                    1     Y     80.00    110.00    710.00      56800.00
21:23:35  INFO        JMD - C2-STG 1                    1     Y      0.00     93.00    719.00          0.00
21:23:35  INFO        TOTAL MIN GENERATION                                                        110880.00
21:23:35  INFO      
21:23:35  INFO        ⚠ SURPLUS: MIN generation (110880.00 MWh) EXCEEDS demand (32174.70 MWh)
21:23:35  INFO          Surplus = 78705.30 MWh  (will be handled via export power in future)
21:23:35  INFO      
21:23:35  INFO        FINAL DISPATCH
21:23:35  INFO        Asset                      Priority   Dispatched MW  Dispatched MWh    Load %   Avg Load MW   Free Steam MT        Aux Norm   Aux Power MWh
21:23:35  INFO        -------------------------  --------  --------------  --------------  --------  ------------  --------------  --------------  --------------
21:23:35  INFO        JMD - C2-GTG 1                    2           80.00        54080.00    100.0%         80.00       106537.60        0.001350           73.01
21:23:35  INFO        JMD - C2-GTG 2                    1           80.00        56800.00     72.7%         80.00       111896.00        0.001350           76.68
21:23:35  INFO        JMD - C2-STG 1                    1            0.00            0.00      0.0%          0.00            0.00        0.007050            0.00
21:23:35  INFO        TOTAL                                                     110880.00                               218433.60                          149.69
21:23:35  INFO      
21:23:35  INFO        ✓ POWER SPINNING MARGIN OK: 153.00 MW reserved (required: 120.00 MW)
21:23:35  INFO        ==============================================================================
21:23:36  INFO        ==============================================================================
21:23:36  INFO        STEAM DISPATCH  (April 2026)
21:23:36  INFO        ==============================================================================
21:23:36  INFO        Grade      Process/Fixed MT  Letdown MT  Byproduct MT     Net Demand MT
21:23:36  INFO        ---------  ----------------  ----------  ------------  ----------------
21:23:36  INFO        LP                 58745.00    24079.54     -33264.00          25481.00
21:23:36  INFO        MP               -119328.00        0.00          0.00         -95248.46
21:23:36  INFO        HP                -21361.00        0.00          0.00         -21361.00
21:23:36  INFO        SHP               313878.00        0.00          0.00         313878.00
21:23:36  INFO      
21:23:36  INFO        Total Free Steam available: 0.00 MT
21:23:36  INFO      
21:23:36  INFO        FINAL SUPPLEMENTARY FIRING DISPATCH
21:23:36  INFO        Asset                      Priority   Man     Min TPH     Max TPH     Hours  Dispatched TPH   Dispatched MT    Load %
21:23:36  INFO        -------------------------  --------  ----  ----------  ----------  --------  --------------  --------------  --------
21:23:36  INFO        AUXBOIL7_SHP STEAM                1     Y       90.00      220.00    698.00           90.00        62820.00     40.9%
21:23:36  INFO        AUXBOIL8_SHP STEAM                1     Y       90.00      220.00    720.00           90.00        64800.00     40.9%
21:23:36  INFO        HRSG1_C2_SHP STEAM                2     Y      160.00      250.00    676.00          160.00       108160.00     64.0%
21:23:36  INFO        HRSG2_C2_SHP STEAM                1     Y      160.00      250.00    710.00          160.00       113600.00     64.0%
21:23:36  INFO        TOTAL SUPPLEMENTARY                                                                         349380.00          
21:23:36  INFO        TOTAL STEAM GENERATED                                                                       349380.00          
21:23:36  INFO        ✓ Steam demand fully met with surplus of 35502.00 MT
21:23:36  INFO        ==============================================================================
21:23:36  INFO      Dispatch Results
21:23:36  INFO      
21:23:36  INFO      HP_STEAM
21:23:36  INFO        Generation:         0.00 MT
21:23:36  INFO      
21:23:36  INFO      LP_STEAM
21:23:36  INFO        Generation:         0.00 MT
21:23:36  INFO      
21:23:36  INFO      MP_STEAM
21:23:36  INFO        Generation:         0.00 MT
21:23:36  INFO      
21:23:36  INFO      POWER
21:23:36  INFO        Generation:    110880.00 MWh
21:23:36  INFO      
21:23:36  INFO      SHP_STEAM
21:23:36  INFO        Generation:         0.00 MT
21:23:36  INFO      
21:23:36  INFO      Non-Dispatchable Generation
21:23:36  INFO      
21:23:36  INFO        dm_water                      : Demand    127787.00 → Generated    127787.00 M3
21:23:36  INFO        nitrogen                      : Demand   6387999.00 → Generated   6387999.00 NM3
21:23:36  INFO      
21:23:36  ERROR     Balancing failed: name 'v' is not defined
Traceback (most recent call last):
  File "C:\Users\shrik\Desktop\Project\fork repo\development\New\JMD new python script\wks-platform\apps\python\JMD\engine\balancing_integration_v3.py", line 308, in run_balanced_dispatch_v3
    result = balancer.balance(
             ^^^^^^^^^^^^^^^^^
  File "C:\Users\shrik\Desktop\Project\fork repo\development\New\JMD new python script\wks-platform\apps\python\JMD\engine\recursive_balancer.py", line 193, in balance
    u4u_map = self._calculate_u4u_for_all_utilities(state, u4u_calculator)
              ^^^^^^^^^^^^^^^^^^^^^^^^^^^^^^^^^^^^^^^^^^^^^^^^^^^^^^^^^^^^
  File "C:\Users\shrik\Desktop\Project\fork repo\development\New\JMD new python script\wks-platform\apps\python\JMD\engine\recursive_balancer.py", line 354, in _calculate_u4u_for_all_utilities
    generation_map = {
                     ^
  File "C:\Users\shrik\Desktop\Project\fork repo\development\New\JMD new python script\wks-platform\apps\python\JMD\engine\recursive_balancer.py", line 355, in <dictcomp>
    k: v.generation
      ^
NameError: name 'v' is not defined
21:23:37  INFO      
21:23:37  INFO        POWER SPINNING MARGIN CONFIG
21:23:37  INFO        Most efficient asset: JMD - C2-GTG 2 (fixed_max = 120.00 MW)
21:23:37  INFO        Required margin: 120.00 MW
21:23:37  INFO        Asset                          Max MW     Eff Max     Reserve
21:23:37  INFO        -------------------------  ----------  ----------  ----------
21:23:37  INFO        JMD - C2-GTG 1                 110.00       80.00       30.00
21:23:37  INFO        JMD - C2-GTG 2                 110.00      110.00        0.00 (excluded)
21:23:37  INFO        JMD - C2-STG 1                  93.00        3.00       90.00
21:23:37  INFO        TOTAL RESERVED                                         120.00
21:23:37  INFO        → Margin of 120.00 MW successfully reserved
21:23:37  INFO      
21:23:37  INFO        ==============================================================================
21:23:37  INFO        POWER DISPATCH  (April 2026)
21:23:37  INFO        ==============================================================================
21:23:37  INFO        Demand:  Process = 11813.08 MWh  |  Fixed = 20341.28 MWh  |  Total = 32154.36 MWh
21:23:37  INFO      
21:23:37  INFO        Step 1: Mandatory assets at MIN load, then optional if needed
21:23:37  INFO        Asset                      Priority   Man    Min MW    Max MW     Hours       Min MWh
21:23:37  INFO        -------------------------  --------  ----  --------  --------  --------  ------------
21:23:37  INFO        JMD - C2-GTG 1                    2     Y     80.00    110.00    676.00      54080.00
21:23:37  INFO        JMD - C2-GTG 2                    1     Y     80.00    110.00    710.00      56800.00
21:23:37  INFO        JMD - C2-STG 1                    1     Y      0.00     93.00    719.00          0.00
21:23:37  INFO        TOTAL MIN GENERATION                                                        110880.00
21:23:37  INFO      
21:23:37  INFO        ⚠ SURPLUS: MIN generation (110880.00 MWh) EXCEEDS demand (32154.36 MWh)
21:23:37  INFO          Surplus = 78725.64 MWh  (will be handled via export power in future)
21:23:37  INFO      
21:23:37  INFO        FINAL DISPATCH
21:23:37  INFO        Asset                      Priority   Dispatched MW  Dispatched MWh    Load %   Avg Load MW   Free Steam MT        Aux Norm   Aux Power MWh
21:23:37  INFO        -------------------------  --------  --------------  --------------  --------  ------------  --------------  --------------  --------------
21:23:37  INFO        JMD - C2-GTG 1                    2           80.00        54080.00    100.0%         80.00       106537.60        0.001350           73.01
21:23:37  INFO        JMD - C2-GTG 2                    1           80.00        56800.00     72.7%         80.00       111896.00        0.001350           76.68
21:23:37  INFO        JMD - C2-STG 1                    1            0.00            0.00      0.0%          0.00            0.00        0.007050            0.00
21:23:37  INFO        TOTAL                                                     110880.00                               218433.60                          149.69
21:23:37  INFO      
21:23:37  INFO        ✓ POWER SPINNING MARGIN OK: 153.00 MW reserved (required: 120.00 MW)
21:23:37  INFO        ==============================================================================
21:23:38  INFO        ==============================================================================
21:23:38  INFO        STEAM DISPATCH  (April 2026)
21:23:38  INFO        ==============================================================================
21:23:38  INFO        Grade      Process/Fixed MT  Letdown MT  Byproduct MT     Net Demand MT
21:23:38  INFO        ---------  ----------------  ----------  ------------  ----------------
21:23:38  INFO        LP                 58745.00    24079.54     -33264.00          25481.00
21:23:38  INFO        MP               -119328.00        0.00          0.00         -95248.46
21:23:38  INFO        HP                -21361.00        0.00          0.00         -21361.00
21:23:38  INFO        SHP               313878.00        0.00          0.00         313878.00
21:23:38  INFO      
21:23:38  INFO        Total Free Steam available: 218433.60 MT
21:23:38  INFO      
21:23:38  INFO        FINAL SUPPLEMENTARY FIRING DISPATCH
21:23:38  INFO        Asset                      Priority   Man     Min TPH     Max TPH     Hours  Dispatched TPH   Dispatched MT    Load %
21:23:38  INFO        -------------------------  --------  ----  ----------  ----------  --------  --------------  --------------  --------
21:23:38  INFO        AUXBOIL7_SHP STEAM                1     Y       90.00      220.00    698.00           90.00        62820.00     40.9%
21:23:38  INFO        AUXBOIL8_SHP STEAM                1     Y       90.00      220.00    720.00           90.00        64800.00     40.9%
21:23:38  INFO        HRSG1_C2_SHP STEAM                2     Y      160.00      250.00    676.00          160.00       108160.00     64.0%
21:23:38  INFO        HRSG2_C2_SHP STEAM                1     Y      160.00      250.00    710.00          160.00       113600.00     64.0%
21:23:38  INFO        TOTAL SUPPLEMENTARY                                                                         349380.00          
21:23:38  INFO        TOTAL STEAM GENERATED                                                                       567813.60          
21:23:38  INFO        ✓ Steam demand fully met with surplus of 253935.60 MT
21:23:38  INFO        ==============================================================================
21:23:38  INFO        [CALC] Done  4/2026  (15.2s)  assets=3  norms=0
