JMD Plant Run Log
Plant:     C2 CPP
Period:    4/2026
Generated: 2026-06-30 09:01:41
================================================================================


======================================================================
  NEW SCHEMA ASSET SNAPSHOT  (April 2026)
======================================================================
  Plant:    C2-CPP
  AOP Year: 2026-27

  POWER ASSETS
  Asset                      Type           Hours    Min MW    Max MW     Gen MWh   Prio
  -------------------------  ----------  --------  --------  --------  ----------  -----
  JMD - C2-GTG 1             GT            676.00     80.00    110.00    74360.00      2
  JMD - C2-GTG 2             GT            710.00     80.00    110.00    78100.00      1
  JMD - C2-STG 1             STG           719.00      0.00     93.00    66867.00      1
  TOTAL                                                                 219327.00       

  STEAM ASSETS
  Asset                      Type        SteamType      Hours   Min TPH   Max TPH      Gen MT   Prio
  -------------------------  ----------  ----------  --------  --------  --------  ----------  -----
  AUXBOIL7_SHP STEAM         AUXBOILER   SHP Steam_Dis    698.00     90.00    220.00   153560.00      1
  AUXBOIL8_SHP STEAM         AUXBOILER   SHP Steam_Dis    720.00     90.00    220.00   158400.00      1
  HP Steam PRDS              PRDS        HP Steam_Dis    720.00      0.00    568.00   408960.00      1
  HRSG1_C2_LP STEAM          HRSG        LP Steam_Dis    720.00     32.00     42.00    30240.00      1
  HRSG1_C2_SHP STEAM         HRSG        SHP Steam_Dis    720.00    160.00    250.00   180000.00      1
  HRSG2_C2_LP STEAM          HRSG        LP Steam_Dis    720.00     32.00     42.00    30240.00      1
  HRSG2_C2_SHP STEAM         HRSG        SHP Steam_Dis    720.00    160.00    250.00   180000.00      1
  LP Steam PRDS              PRDS        LP Steam_Dis    720.00      0.00     68.00    48960.00      1
  MP Steam PRDS SHP          PRDS        MP Steam_Dis    720.00      0.00    498.00   358560.00      1
  TOTAL                                                                            1548920.00       

  MONTHLY GENERATION SUMMARY
  Category                  Generation  Unit    
  --------------------  --------------  --------
  Power                     219,327.00  MWh
  Steam                   1,548,920.00  MT
09:01:34  INFO        [CALC] C2 CPP  4/2026  (2026-27)
09:01:34  INFO        [PROCESS] Found 11 rows for FY 2026-27, plant BA558F95-8A3F-4769-9C78-FF7B6C639DDF
09:01:34  INFO        [PROCESS] Utility                           Demand  Mapped Key                  
09:01:34  INFO        [PROCESS] ------------------------  --------------  ----------------------------
09:01:34  INFO        [PROCESS] NITROGEN_ASU                  4435199.00  nitrogen_asu_process        
09:01:34  INFO        [PROCESS] COMPRESSED AIR                7221792.00  air_process                 
09:01:34  INFO        [PROCESS] HP Steam_Dis                   -21599.00  hp_process                  
09:01:34  INFO        [PROCESS] SHP Steam_Dis                  219588.00  shp_process                 
09:01:34  INFO        [PROCESS] Power_Dis                    11813076.00  power_process               
09:01:34  INFO        [PROCESS] MP Steam_Dis                  -127253.00  mp_process                  
09:01:34  INFO        [PROCESS] Utility Water                    3548.00  utility_water_process       
09:01:34  INFO        [PROCESS] D M Water                       72074.00  dm_process                  
09:01:34  INFO        [PROCESS] LP Steam_Dis                    54000.00  lp_process                  
09:01:34  INFO        [PROCESS] Ret steam condensate          -154158.00  ret_steam_condensate_process
09:01:34  INFO        [PROCESS] Cooling Water                   47161.00  cooling_water_process       
09:01:34  INFO        [PROCESS] TOTAL                                                                 
09:01:34  INFO        [PROCESS]   power_process             11813076.00
09:01:34  INFO        [PROCESS]   lp_process                   54000.00
09:01:34  INFO        [PROCESS]   mp_process                 -127253.00
09:01:34  INFO        [PROCESS]   hp_process                  -21599.00
09:01:34  INFO        [PROCESS]   shp_process                 219588.00
09:01:34  INFO        [PROCESS]   air_process                7221792.00
09:01:34  INFO        [PROCESS]   nitrogen_asu_process       4435199.00
09:01:34  INFO        [PROCESS]   dm_process                   72074.00
09:01:34  INFO        [PROCESS]   cooling_water_process        47161.00
09:01:34  INFO        [PROCESS]   utility_water_process         3548.00
09:01:34  INFO        [PROCESS]   ret_steam_condensate_process     -154158.00
09:01:34  INFO        [FIXED] ==================================================
09:01:34  INFO        [FIXED] Fetching fixed consumption for plant BA558F95-8A3F-4769-9C78-FF7B6C639DDF
09:01:34  INFO        [FIXED] Financial year : 2026-27
09:01:34  INFO        [FIXED] Selected month : Apr
09:01:34  INFO        [FIXED] ==================================================
09:01:34  INFO        [FIXED] Using CPP Plant ID as SourceName to find sub-plants: BA558F95-8A3F-4769-9C78-FF7B6C639DDF
09:01:34  INFO        [FIXED] Trying table: CPPFixedConsumption (SourceName filter)
09:01:34  INFO        [FIXED] Using table: CPPFixedConsumption
09:01:34  INFO        [FIXED] Power values are normalized from kWh to MWh for the model
09:01:34  INFO        [FIXED] Plant                     Cost Center             Utility                      Value
09:01:34  INFO        [FIXED] ------------------------  ----------------------  ------------------  --------------
09:01:34  INFO        [FIXED] JMD - DTA-MEG-C2 Gantry   JG- C2- Tank Farm       COMPRESSED AIR           501800.00
09:01:34  INFO        [FIXED] JMD-Rev Proc-DTA C2       JG-C2-Tankfarms         COMPRESSED AIR            79200.00
09:01:34  INFO        [FIXED] JMD - C2 Utility Plant    JG-DTA-Utility Sale to Sibur  COMPRESSED AIR           746713.00
09:01:34  INFO        [FIXED] JMD - DTA-MEG-C2 Gantry   JG- C2- Tank Farm       Cooling Water             10872.00
09:01:34  INFO        [FIXED] JMD - C2 Utility Plant    JG-DTA-Utility Sale to Sibur  D M Water                 55713.00
09:01:34  INFO        [FIXED] JMD-Rev Proc-DTA C2       JG-C2-Horticulture      Effluent Treated         131760.00
09:01:34  INFO        [FIXED] JMD - C2 Utility Plant    JG-C2-Steam Dumping     HP Steam_Dis                238.00
09:01:34  INFO        [FIXED] JMD - DTA-MEG-C2 Gantry   JG- C2- Tank Farm       LP Steam_Dis               4320.00
09:01:34  INFO        [FIXED] JMD - C2 Utility Plant    JG-C2-Steam Dumping     LP Steam_Dis                425.00
09:01:34  INFO        [FIXED] JMD - DTA-MEG-C2 Gantry   JG- C2- Tank Farm       MP Steam_Dis               1200.00
09:01:34  INFO        [FIXED] JMD - C2 Utility Plant    JG-C2-Steam Dumping     MP Steam_Dis                389.00
09:01:34  INFO        [FIXED] JMD - C2 Utility Plant    JG-C2-Steam Flaring     MP Steam_Dis               6336.00
09:01:34  INFO        [FIXED] JMD - DTA-MEG-C2 Gantry   JG- C2- Tank Farm       NITROGEN_ASU             648000.00
09:01:34  INFO        [FIXED] JMD - C2 Utility Plant    JG-C2-Steam Flaring     NITROGEN_ASU             504000.00
09:01:34  INFO        [FIXED] JMD - C2 Utility Plant    JG-DTA-Utility Sale to Sibur  NITROGEN_ASU             800800.00
09:01:34  INFO        [FIXED] JMD - DTA-MEG-C2 Gantry   JG- C2- Tank Farm       Power_Dis                  2880.00
09:01:34  INFO        [FIXED] JMD - C2 Utility Plant    JG C2 Utility Common    Power_Dis                  1440.08
09:01:34  INFO        [FIXED] JMD-Rev Proc-DTA C2       JG C2 Utility Common    Power_Dis                  3528.00
09:01:34  INFO        [FIXED] JMD - C2 Utility Plant    JG-C2-FIRE WATER        Power_Dis                   151.20
09:01:34  INFO        [FIXED] JMD - C2 Utility Plant    JG-DTA-C2-RWTP          Power_Dis                   180.00
09:01:34  INFO        [FIXED] JMD - DTA-C2 Power & UTILITY  JG-DTA-Utility Sale to Sibur  Power_Dis                 12162.00
09:01:34  INFO        [FIXED] JMD - DTA-MEG-C2 Gantry   JG- C2- Tank Farm       Ret steam condensate         1512.00
09:01:34  INFO        [FIXED] JMD - C2 Utility Plant    JG-C2-Steam Dumping     SHP Steam_Dis               630.00
09:01:34  INFO        [FIXED] JMD - C2 Utility Plant    JG-DTA-Utility Sale to Sibur  SHP Steam_Dis             93660.00
09:01:34  INFO        [FIXED] JMD - C2 Utility Plant    JG-DTA-Utility Sale to Sibur  SWRO WATER                87646.00
09:01:34  INFO        [FIXED]   -> unmapped utility kept out of rollup: SWRO WATER
09:01:34  INFO        [FIXED] JMD - DTA-MEG-C2 Gantry   JG- C2- Tank Farm       Utility Water               720.00
09:01:34  INFO        [FIXED] JMD - C2 Utility Plant    JG C2 Utility Common    Utility Water           1512083.00
09:01:34  INFO        [FIXED] JMD - C2 Utility Plant    JG-DTA-Utility Sale to Sibur  Utility Water             10847.00
09:01:34  INFO        [FIXED] --------------------------------------------------
09:01:34  INFO        [FIXED] Utility-wise fixed totals
09:01:34  INFO        [FIXED] Utility                            Total  Unit    
09:01:34  INFO        [FIXED] ------------------------  --------------  --------
09:01:34  INFO        [FIXED] Power                           20341.28  MWh     
09:01:34  INFO        [FIXED] LP Steam                         4745.00  MT      
09:01:34  INFO        [FIXED] MP Steam                         7925.00  MT      
09:01:34  INFO        [FIXED] HP Steam                          238.00  MT      
09:01:34  INFO        [FIXED] SHP Steam                       94290.00  MT      
09:01:34  INFO        [FIXED] Compressed Air                1327713.00  NM3     
09:01:34  INFO        [FIXED] Nitrogen ASU                  1952800.00  NM3     
09:01:34  INFO        [FIXED] DM Water                        55713.00  M3      
09:01:34  INFO        [FIXED] Cooling Water                   10872.00  KM3     
09:01:34  INFO        [FIXED] Utility Water                 1523650.00  M3      
09:01:34  INFO        [FIXED] Ret Steam Condensate             1512.00  M3      
09:01:34  INFO        [FIXED] Effluent                       131760.00  M3      
09:01:34  INFO        [FIXED] ==================================================
09:01:34  INFO        [DEMAND] ==================================================
09:01:34  INFO        [DEMAND] Utility-wise demand rollup  (4/2026)
09:01:34  INFO        [DEMAND] Utility                        Process         Fixed         Total  Unit    
09:01:34  INFO        [DEMAND] ------------------------  ------------  ------------  ------------  --------
09:01:34  INFO        [DEMAND] Power                         11813.08      20341.28      32154.36  MWh     
09:01:34  INFO        [DEMAND] LP Steam                      54000.00       4745.00      58745.00  MT      
09:01:34  INFO        [DEMAND] MP Steam                    -127253.00       7925.00    -119328.00  MT      
09:01:34  INFO        [DEMAND] HP Steam                     -21599.00        238.00     -21361.00  MT      
09:01:34  INFO        [DEMAND] SHP Steam                    219588.00      94290.00     313878.00  MT      
09:01:34  INFO        [DEMAND] Compressed Air              7221792.00    1327713.00    8549505.00  NM3     
09:01:34  INFO        [DEMAND] Nitrogen ASU                4435199.00    1952800.00    6387999.00  NM3     
09:01:34  INFO        [DEMAND] DM Water                      72074.00      55713.00     127787.00  M3      
09:01:34  INFO        [DEMAND] CW1                               0.00          0.00          0.00  KM3     
09:01:34  INFO        [DEMAND] CW2                               0.00          0.00          0.00  KM3     
09:01:34  INFO        [DEMAND] Cooling Water                 47161.00      10872.00      58033.00  KM3     
09:01:34  INFO        [DEMAND] Raw Water                         0.00          0.00          0.00  M3      
09:01:34  INFO        [DEMAND] Utility Water                  3548.00    1523650.00    1527198.00  M3      
09:01:34  INFO        [DEMAND] Ret Steam Condensate        -154158.00       1512.00    -152646.00  M3      
09:01:34  INFO        [DEMAND] Oxygen                            0.00          0.00          0.00  MT      
09:01:34  INFO        [DEMAND] Effluent                          0.00     131760.00     131760.00  M3      
09:01:34  INFO        [DEMAND] ==================================================
09:01:37  INFO        [DC] ==================================================
09:01:37  INFO        [DC] Power Demand vs Capacity Check:
09:01:37  INFO        [DC] Demand: 32154.36 MWh, Available Capacity: 219327.00 MWh
09:01:37  INFO        [DC] -> Power demand CAN be achieved with available assets.
09:01:37  INFO        [DC] Steam (SHP) Demand vs Capacity Check:
09:01:37  INFO        [DC] Demand: 231934.00 MT, Available Capacity: 1553760.00 MT
09:01:37  INFO        [DC] -> Steam demand CAN be achieved with available assets.
09:01:37  INFO        [DC] ==================================================
09:01:38  INFO        [ODS] Loaded C2_JMD.ods (187 rows, 83 cols) — month 4/2026 at col 11
09:01:38  INFO        [ODS] ===== NORMS SUMMARY (C2_JMD.ods 4/2026) =====
09:01:38  INFO        [ODS] Powergen aux power norms:
09:01:38  INFO        [ODS]   JMD - C2-GTG 1             aux_norm=0.001350
09:01:38  INFO        [ODS]   JMD - C2-GTG 2             aux_norm=0.001350
09:01:38  INFO        [ODS]   JMD - C2-STG 1             aux_norm=0.007050
09:01:38  INFO        [ODS] Steam letdown norms (PRDS cascade):
09:01:38  INFO        [ODS]   LP→MP: 0.9450  (1 MT LP needs this much MP)
09:01:38  INFO        [ODS]   MP→HP: 0.9000  (1 MT MP needs this much HP)
09:01:38  INFO        [ODS]   HP→SHP: 0.9360 (1 MT HP needs this much SHP)
09:01:38  INFO        [ODS] HRSG byproduct (LP steam credit):
09:01:38  INFO        [ODS]   HRSG1_C2_SHP STEAM         byproduct_norm=-0.1500 MT LP / MT SHP
09:01:38  INFO        [ODS]   HRSG2_C2_SHP STEAM         byproduct_norm=-0.1500 MT LP / MT SHP
09:01:38  INFO        [ODS] STG steam consumption:
09:01:38  INFO        [ODS]   JMD - C2-STG 1             shp_norm=0.003640 MT/KWH
09:01:38  INFO        [ODS] Steam distribution factors:
09:01:38  INFO        [ODS]   HP Steam_Dis → HP Steam PRDS: 1.0000
09:01:38  INFO        [ODS]   LP Steam_Dis → HRSG1_C2_LP STEAM: 0.3873, HRSG2_C2_LP STEAM: 0.2453, LP Steam PRDS: 0.3675
09:01:38  INFO        [ODS]   MP Steam_Dis → MP Steam PRDS SHP: 1.0000
09:01:38  INFO        [ODS]   SHP Steam_Dis → AUXBOIL7_SHP STEAM: 0.2267, HRSG1_C2_SHP STEAM: 0.4735, HRSG2_C2_SHP STEAM: 0.2999
09:01:38  INFO      
09:01:38  INFO        [ODS] ╔══════════════════════════════════════════════════════════════════╗
09:01:38  INFO        [ODS] ║  CONSUMPTION NORMS — Who consumes what to produce what          ║
09:01:38  INFO        [ODS] ║  (Each block = one producer. Shows what it needs to make 1 unit)║
09:01:38  INFO        [ODS] ╚══════════════════════════════════════════════════════════════════╝
09:01:38  INFO        [ODS]
09:01:38  INFO        [ODS]  Think of it like a recipe card:
09:01:38  INFO        [ODS]  - The PRODUCER is what the plant makes (like a cake)
09:01:38  INFO        [ODS]  - The INGREDIENTS are what it needs to make it (flour, eggs, etc.)
09:01:38  INFO        [ODS]  - The NORM is how much of each ingredient is needed for 1 unit of output
09:01:38  INFO        [ODS]  - A negative norm means it's a BYPRODUCT (you get it for free while making something else)
09:01:38  INFO        [ODS]
09:01:38  INFO        [ODS]  ┌──────────────────────────────────────────────────────────────
09:01:38  INFO        [ODS]  │ PRODUCER: AUXBOIL7_SHP STEAM                 
09:01:38  INFO        [ODS]  │ SAP Code: 310028384             Plant Code: 36H1
09:01:38  INFO        [ODS]  │ Makes: 1 MT of AUXBOIL7_SHP STEAM
09:01:38  INFO        [ODS]  │
09:01:38  INFO        [ODS]  │  Needs these ingredients (to make 1 MT):
09:01:38  INFO        [ODS]  │
09:01:38  INFO        [ODS]  │  Type    Ingredient (Material)             Material SAP Code  Norm          UOM       
09:01:38  INFO        [ODS]  │  ------  --------------------------------  ---------------  ------------  ----------
09:01:38  INFO        [ODS]  │  Raw Mat.  SynGas(Unshift)                   SYNGASN_UNSHIFT      2.876221  MMBTU     
09:01:38  INFO        [ODS]  │  Utility  Boiler Feed Water                 310027927            1.010000  M3        
09:01:38  INFO        [ODS]  │  Utility  Power_Dis                         310027910            3.850000  KWH       
09:01:38  INFO        [ODS]  │
09:01:38  INFO        [ODS]  │  In simple words: To make 1 MT of AUXBOIL7_SHP STEAM, you need:
09:01:38  INFO        [ODS]  │    → 2.876221 MMBTU of SynGas(Unshift)
09:01:38  INFO        [ODS]  │    → 1.010000 M3 of Boiler Feed Water
09:01:38  INFO        [ODS]  │    → 3.850000 KWH of Power_Dis
09:01:38  INFO        [ODS]  └──────────────────────────────────────────────────────────────
09:01:38  INFO        [ODS]
09:01:38  INFO        [ODS]  ┌──────────────────────────────────────────────────────────────
09:01:38  INFO        [ODS]  │ PRODUCER: AUXBOIL8_SHP STEAM                 
09:01:38  INFO        [ODS]  │ SAP Code: 310028411             Plant Code: 36H1
09:01:38  INFO        [ODS]  │ Makes: 1 MT of AUXBOIL8_SHP STEAM
09:01:38  INFO        [ODS]  │
09:01:38  INFO        [ODS]  │  Needs these ingredients (to make 1 MT):
09:01:38  INFO        [ODS]  │
09:01:38  INFO        [ODS]  │  Type    Ingredient (Material)             Material SAP Code  Norm          UOM       
09:01:38  INFO        [ODS]  │  ------  --------------------------------  ---------------  ------------  ----------
09:01:38  INFO        [ODS]  │  Raw Mat.  SynGas(Unshift)                   SYNGASN_UNSHIFT             0  MMBTU     
09:01:38  INFO        [ODS]  │  Utility  Boiler Feed Water                 310027927            1.010000  M3        
09:01:38  INFO        [ODS]  │  Utility  Power_Dis                         310027910            3.850000  KWH       
09:01:38  INFO        [ODS]  │
09:01:38  INFO        [ODS]  │  In simple words: To make 1 MT of AUXBOIL8_SHP STEAM, you need:
09:01:38  INFO        [ODS]  │    → 1.010000 M3 of Boiler Feed Water
09:01:38  INFO        [ODS]  │    → 3.850000 KWH of Power_Dis
09:01:38  INFO        [ODS]  └──────────────────────────────────────────────────────────────
09:01:38  INFO        [ODS]
09:01:38  INFO        [ODS]  ┌──────────────────────────────────────────────────────────────
09:01:38  INFO        [ODS]  │ PRODUCER: Boiler Feed Water                  
09:01:38  INFO        [ODS]  │ SAP Code: 310027927             Plant Code: 36H1
09:01:38  INFO        [ODS]  │ Makes: 1 M3 of Boiler Feed Water
09:01:38  INFO        [ODS]  │
09:01:38  INFO        [ODS]  │  Needs these ingredients (to make 1 M3):
09:01:38  INFO        [ODS]  │
09:01:38  INFO        [ODS]  │  Type    Ingredient (Material)             Material SAP Code  Norm          UOM       
09:01:38  INFO        [ODS]  │  ------  --------------------------------  ---------------  ------------  ----------
09:01:38  INFO        [ODS]  │  Utility  D M Water                         310027966            0.900000  M3        
09:01:38  INFO        [ODS]  │  Utility  LP Steam_Dis                      310027965            0.100000  MT        
09:01:38  INFO        [ODS]  │  Utility  Power_Dis                         310027910            8.100000  KWH       
09:01:38  INFO        [ODS]  │
09:01:38  INFO        [ODS]  │  In simple words: To make 1 M3 of Boiler Feed Water, you need:
09:01:38  INFO        [ODS]  │    → 0.900000 M3 of D M Water
09:01:38  INFO        [ODS]  │    → 0.100000 MT of LP Steam_Dis
09:01:38  INFO        [ODS]  │    → 8.100000 KWH of Power_Dis
09:01:38  INFO        [ODS]  └──────────────────────────────────────────────────────────────
09:01:38  INFO        [ODS]
09:01:38  INFO        [ODS]  ┌──────────────────────────────────────────────────────────────
09:01:38  INFO        [ODS]  │ PRODUCER: COMPRESED AIR_ASU                  
09:01:38  INFO        [ODS]  │ SAP Code: 310028433             Plant Code: 36H1
09:01:38  INFO        [ODS]  │ Makes: 1 NM3 of COMPRESED AIR_ASU
09:01:38  INFO        [ODS]  │
09:01:38  INFO        [ODS]  │  Needs these ingredients (to make 1 NM3):
09:01:38  INFO        [ODS]  │
09:01:38  INFO        [ODS]  │  Type    Ingredient (Material)             Material SAP Code  Norm          UOM       
09:01:38  INFO        [ODS]  │  ------  --------------------------------  ---------------  ------------  ----------
09:01:38  INFO        [ODS]  │  Utility  Power_Dis                         310027910            0.125000  KWH       
09:01:38  INFO        [ODS]  │
09:01:38  INFO        [ODS]  │  In simple words: To make 1 NM3 of COMPRESED AIR_ASU, you need:
09:01:38  INFO        [ODS]  │    → 0.125000 KWH of Power_Dis
09:01:38  INFO        [ODS]  └──────────────────────────────────────────────────────────────
09:01:38  INFO        [ODS]
09:01:38  INFO        [ODS]  ┌──────────────────────────────────────────────────────────────
09:01:38  INFO        [ODS]  │ PRODUCER: COMPRESSED AIR                     
09:01:38  INFO        [ODS]  │ SAP Code: 310027904             Plant Code: 36H1
09:01:38  INFO        [ODS]  │ Makes: 1 NM3 of COMPRESSED AIR
09:01:38  INFO        [ODS]  │
09:01:38  INFO        [ODS]  │  Needs these ingredients (to make 1 NM3):
09:01:38  INFO        [ODS]  │
09:01:38  INFO        [ODS]  │  Type    Ingredient (Material)             Material SAP Code  Norm          UOM       
09:01:38  INFO        [ODS]  │  ------  --------------------------------  ---------------  ------------  ----------
09:01:38  INFO        [ODS]  │  Utility  COMPRESED AIR_ASU                 310028433            0.051000  NM3       
09:01:38  INFO        [ODS]  │  Utility  COMPRESSED AIR                    310027904            0.002670  NM3       
09:01:38  INFO        [ODS]  │  Utility  Cooling Water                     310027912                   0  KM3       
09:01:38  INFO        [ODS]  │  Utility  Power_Dis                         310027910            0.150000  KWH       
09:01:38  INFO        [ODS]  │
09:01:38  INFO        [ODS]  │  In simple words: To make 1 NM3 of COMPRESSED AIR, you need:
09:01:38  INFO        [ODS]  │    → 0.051000 NM3 of COMPRESED AIR_ASU
09:01:38  INFO        [ODS]  │    → 0.002670 NM3 of COMPRESSED AIR
09:01:38  INFO        [ODS]  │    → 0.150000 KWH of Power_Dis
09:01:38  INFO        [ODS]  └──────────────────────────────────────────────────────────────
09:01:38  INFO        [ODS]
09:01:38  INFO        [ODS]  ┌──────────────────────────────────────────────────────────────
09:01:38  INFO        [ODS]  │ PRODUCER: Condensate                         
09:01:38  INFO        [ODS]  │ SAP Code: 310027968             Plant Code: 36H1
09:01:38  INFO        [ODS]  │ Makes: 1 M3 of Condensate
09:01:38  INFO        [ODS]  │
09:01:38  INFO        [ODS]  │  Needs these ingredients (to make 1 M3):
09:01:38  INFO        [ODS]  │
09:01:38  INFO        [ODS]  │  Type    Ingredient (Material)             Material SAP Code  Norm          UOM       
09:01:38  INFO        [ODS]  │  ------  --------------------------------  ---------------  ------------  ----------
09:01:38  INFO        [ODS]  │  Utility  COMPRESSED AIR                    310027904            0.080000  NM3       
09:01:38  INFO        [ODS]  │  Utility  Cooling Water                     310027912            0.017360  KM3       
09:01:38  INFO        [ODS]  │  Utility  NITROGEN_ASU                      310028432            0.360000  NM3       
09:01:38  INFO        [ODS]  │  Utility  Power_Dis                         310027910            1.460000  KWH       
09:01:38  INFO        [ODS]  │  Utility  Ret steam condensate              310027923            1.090000  M3        
09:01:38  INFO        [ODS]  │
09:01:38  INFO        [ODS]  │  In simple words: To make 1 M3 of Condensate, you need:
09:01:38  INFO        [ODS]  │    → 0.080000 NM3 of COMPRESSED AIR
09:01:38  INFO        [ODS]  │    → 0.017360 KM3 of Cooling Water
09:01:38  INFO        [ODS]  │    → 0.360000 NM3 of NITROGEN_ASU
09:01:38  INFO        [ODS]  │    → 1.460000 KWH of Power_Dis
09:01:38  INFO        [ODS]  │    → 1.090000 M3 of Ret steam condensate
09:01:38  INFO        [ODS]  └──────────────────────────────────────────────────────────────
09:01:38  INFO        [ODS]
09:01:38  INFO        [ODS]  ┌──────────────────────────────────────────────────────────────
09:01:38  INFO        [ODS]  │ PRODUCER: Cooling Water                      
09:01:38  INFO        [ODS]  │ SAP Code: 310027912             Plant Code: 36H1
09:01:38  INFO        [ODS]  │ Makes: 1 KM3 of Cooling Water
09:01:38  INFO        [ODS]  │
09:01:38  INFO        [ODS]  │  Needs these ingredients (to make 1 KM3):
09:01:38  INFO        [ODS]  │
09:01:38  INFO        [ODS]  │  Type    Ingredient (Material)             Material SAP Code  Norm          UOM       
09:01:38  INFO        [ODS]  │  ------  --------------------------------  ---------------  ------------  ----------
09:01:38  INFO        [ODS]  │  Utility  COMPRESSED AIR                    310027904            0.974741  NM3       
09:01:38  INFO        [ODS]  │  Utility  Effluent Treated                  310027994            3.800000  M3        
09:01:38  INFO        [ODS]  │  Utility  Power_Dis                         310027910          210.900000  KWH       
09:01:38  INFO        [ODS]  │  Utility  SWRO WATER                        310028356            9.400000  M3        
09:01:38  INFO        [ODS]  │
09:01:38  INFO        [ODS]  │  In simple words: To make 1 KM3 of Cooling Water, you need:
09:01:38  INFO        [ODS]  │    → 0.974741 NM3 of COMPRESSED AIR
09:01:38  INFO        [ODS]  │    → 3.800000 M3 of Effluent Treated
09:01:38  INFO        [ODS]  │    → 210.900000 KWH of Power_Dis
09:01:38  INFO        [ODS]  │    → 9.400000 M3 of SWRO WATER
09:01:38  INFO        [ODS]  └──────────────────────────────────────────────────────────────
09:01:38  INFO        [ODS]
09:01:38  INFO        [ODS]  ┌──────────────────────────────────────────────────────────────
09:01:38  INFO        [ODS]  │ PRODUCER: D M Water                          
09:01:38  INFO        [ODS]  │ SAP Code: 310027966             Plant Code: 36H1
09:01:38  INFO        [ODS]  │ Makes: 1 M3 of D M Water
09:01:38  INFO        [ODS]  │
09:01:38  INFO        [ODS]  │  Needs these ingredients (to make 1 M3):
09:01:38  INFO        [ODS]  │
09:01:38  INFO        [ODS]  │  Type    Ingredient (Material)             Material SAP Code  Norm          UOM       
09:01:38  INFO        [ODS]  │  ------  --------------------------------  ---------------  ------------  ----------
09:01:38  INFO        [ODS]  │  Utility  COMPRESSED AIR                    310027904            0.049180  NM3       
09:01:38  INFO        [ODS]  │  Utility  NITROGEN_ASU                      310028432            0.630000  NM3       
09:01:38  INFO        [ODS]  │  Utility  Power_Dis                         310027910            0.920000  KWH       
09:01:38  INFO        [ODS]  │  Utility  SWRO WATER                        310028356            1.150000  M3        
09:01:38  INFO        [ODS]  │
09:01:38  INFO        [ODS]  │  In simple words: To make 1 M3 of D M Water, you need:
09:01:38  INFO        [ODS]  │    → 0.049180 NM3 of COMPRESSED AIR
09:01:38  INFO        [ODS]  │    → 0.630000 NM3 of NITROGEN_ASU
09:01:38  INFO        [ODS]  │    → 0.920000 KWH of Power_Dis
09:01:38  INFO        [ODS]  │    → 1.150000 M3 of SWRO WATER
09:01:38  INFO        [ODS]  └──────────────────────────────────────────────────────────────
09:01:38  INFO        [ODS]
09:01:38  INFO        [ODS]  ┌──────────────────────────────────────────────────────────────
09:01:38  INFO        [ODS]  │ PRODUCER: Effluent Treated                   
09:01:38  INFO        [ODS]  │ SAP Code: 310027994             Plant Code: 36H1
09:01:38  INFO        [ODS]  │ Makes: 1 M3 of Effluent Treated
09:01:38  INFO        [ODS]  │
09:01:38  INFO        [ODS]  │  Needs these ingredients (to make 1 M3):
09:01:38  INFO        [ODS]  │
09:01:38  INFO        [ODS]  │  Type    Ingredient (Material)             Material SAP Code  Norm          UOM       
09:01:38  INFO        [ODS]  │  ------  --------------------------------  ---------------  ------------  ----------
09:01:38  INFO        [ODS]  │  Utility  COMPRESSED AIR                    310027904            2.209302  NM3       
09:01:38  INFO        [ODS]  │  Utility  Cooling Water                     310027912            0.000031  KM3       
09:01:38  INFO        [ODS]  │  Utility  NITROGEN_ASU                      310028432            0.005814  NM3       
09:01:38  INFO        [ODS]  │  Utility  Power_Dis                         310027910            3.200000  KWH       
09:01:38  INFO        [ODS]  │  Utility  Utility Water                     310027928            0.029070  M3        
09:01:38  INFO        [ODS]  │
09:01:38  INFO        [ODS]  │  In simple words: To make 1 M3 of Effluent Treated, you need:
09:01:38  INFO        [ODS]  │    → 2.209302 NM3 of COMPRESSED AIR
09:01:38  INFO        [ODS]  │    → 0.000031 KM3 of Cooling Water
09:01:38  INFO        [ODS]  │    → 0.005814 NM3 of NITROGEN_ASU
09:01:38  INFO        [ODS]  │    → 3.200000 KWH of Power_Dis
09:01:38  INFO        [ODS]  │    → 0.029070 M3 of Utility Water
09:01:38  INFO        [ODS]  └──────────────────────────────────────────────────────────────
09:01:38  INFO        [ODS]
09:01:38  INFO        [ODS]  ┌──────────────────────────────────────────────────────────────
09:01:38  INFO        [ODS]  │ PRODUCER: HP Steam PRDS                      
09:01:38  INFO        [ODS]  │ SAP Code: 310028161             Plant Code: 36H1
09:01:38  INFO        [ODS]  │ Makes: 1 MT of HP Steam PRDS
09:01:38  INFO        [ODS]  │
09:01:38  INFO        [ODS]  │  Needs these ingredients (to make 1 MT):
09:01:38  INFO        [ODS]  │
09:01:38  INFO        [ODS]  │  Type    Ingredient (Material)             Material SAP Code  Norm          UOM       
09:01:38  INFO        [ODS]  │  ------  --------------------------------  ---------------  ------------  ----------
09:01:38  INFO        [ODS]  │  Utility  Boiler Feed Water                 310027927            0.064000  M3        
09:01:38  INFO        [ODS]  │  Utility  SHP Steam_Dis                     310027924            0.936000  MT        
09:01:38  INFO        [ODS]  │
09:01:38  INFO        [ODS]  │  In simple words: To make 1 MT of HP Steam PRDS, you need:
09:01:38  INFO        [ODS]  │    → 0.064000 M3 of Boiler Feed Water
09:01:38  INFO        [ODS]  │    → 0.936000 MT of SHP Steam_Dis
09:01:38  INFO        [ODS]  └──────────────────────────────────────────────────────────────
09:01:38  INFO        [ODS]
09:01:38  INFO        [ODS]  ┌──────────────────────────────────────────────────────────────
09:01:38  INFO        [ODS]  │ PRODUCER: HP Steam_Dis                       
09:01:38  INFO        [ODS]  │ SAP Code: 310027939             Plant Code: 36H2
09:01:38  INFO        [ODS]  │ Makes: 1 MT of HP Steam_Dis
09:01:38  INFO        [ODS]  │
09:01:38  INFO        [ODS]  │  Needs these ingredients (to make 1 MT):
09:01:38  INFO        [ODS]  │
09:01:38  INFO        [ODS]  │  Type    Ingredient (Material)             Material SAP Code  Norm          UOM       
09:01:38  INFO        [ODS]  │  ------  --------------------------------  ---------------  ------------  ----------
09:01:38  INFO        [ODS]  │  Utility  HP Steam PRDS                     310028161            1.000000  MT        
09:01:38  INFO        [ODS]  │
09:01:38  INFO        [ODS]  │  In simple words: To make 1 MT of HP Steam_Dis, you need:
09:01:38  INFO        [ODS]  │    → 1.000000 MT of HP Steam PRDS
09:01:38  INFO        [ODS]  └──────────────────────────────────────────────────────────────
09:01:38  INFO        [ODS]
09:01:38  INFO        [ODS]  ┌──────────────────────────────────────────────────────────────
09:01:38  INFO        [ODS]  │ PRODUCER: HRSG1_C2_SHP STEAM                 
09:01:38  INFO        [ODS]  │ SAP Code: 310028383             Plant Code: 36H1
09:01:38  INFO        [ODS]  │ Makes: 1 MT of HRSG1_C2_SHP STEAM
09:01:38  INFO        [ODS]  │
09:01:38  INFO        [ODS]  │  Needs these ingredients (to make 1 MT):
09:01:38  INFO        [ODS]  │
09:01:38  INFO        [ODS]  │  Type    Ingredient (Material)             Material SAP Code  Norm          UOM       
09:01:38  INFO        [ODS]  │  ------  --------------------------------  ---------------  ------------  ----------
09:01:38  INFO        [ODS]  │  Raw Mat.  SynGas(Unshift)                   SYNGASN_UNSHIFT      3.376244  MMBTU     
09:01:38  INFO        [ODS]  │  Utility  Boiler Feed Water                 310027927            1.160000  M3        
09:01:38  INFO        [ODS]  │  Utility  HRSG1_C2_LP STEAM                 310028385           -0.150000  MT        
09:01:38  INFO        [ODS]  │  Utility  Power_Dis                         310027910            0.285000  KWH       
09:01:38  INFO        [ODS]  │
09:01:38  INFO        [ODS]  │  In simple words: To make 1 MT of HRSG1_C2_SHP STEAM, you need:
09:01:38  INFO        [ODS]  │    → 3.376244 MMBTU of SynGas(Unshift)
09:01:38  INFO        [ODS]  │    → 1.160000 M3 of Boiler Feed Water
09:01:38  INFO        [ODS]  │    → 0.285000 KWH of Power_Dis
09:01:38  INFO        [ODS]  │  And as a bonus (byproduct), you also GET:
09:01:38  INFO        [ODS]  │    → 0.150000 MT of HRSG1_C2_LP STEAM (this is extra output, not input!)
09:01:38  INFO        [ODS]  └──────────────────────────────────────────────────────────────
09:01:38  INFO        [ODS]
09:01:38  INFO        [ODS]  ┌──────────────────────────────────────────────────────────────
09:01:38  INFO        [ODS]  │ PRODUCER: HRSG2_C2_SHP STEAM                 
09:01:38  INFO        [ODS]  │ SAP Code: 310028410             Plant Code: 36H1
09:01:38  INFO        [ODS]  │ Makes: 1 MT of HRSG2_C2_SHP STEAM
09:01:38  INFO        [ODS]  │
09:01:38  INFO        [ODS]  │  Needs these ingredients (to make 1 MT):
09:01:38  INFO        [ODS]  │
09:01:38  INFO        [ODS]  │  Type    Ingredient (Material)             Material SAP Code  Norm          UOM       
09:01:38  INFO        [ODS]  │  ------  --------------------------------  ---------------  ------------  ----------
09:01:38  INFO        [ODS]  │  Raw Mat.  SynGas(Unshift)                   SYNGASN_UNSHIFT      3.357468  MMBTU     
09:01:38  INFO        [ODS]  │  Utility  Boiler Feed Water                 310027927            1.160000  M3        
09:01:38  INFO        [ODS]  │  Utility  HRSG2_C2_LP STEAM                 310028409           -0.150000  MT        
09:01:38  INFO        [ODS]  │  Utility  Power_Dis                         310027910            0.285000  KWH       
09:01:38  INFO        [ODS]  │
09:01:38  INFO        [ODS]  │  In simple words: To make 1 MT of HRSG2_C2_SHP STEAM, you need:
09:01:38  INFO        [ODS]  │    → 3.357468 MMBTU of SynGas(Unshift)
09:01:38  INFO        [ODS]  │    → 1.160000 M3 of Boiler Feed Water
09:01:38  INFO        [ODS]  │    → 0.285000 KWH of Power_Dis
09:01:38  INFO        [ODS]  │  And as a bonus (byproduct), you also GET:
09:01:38  INFO        [ODS]  │    → 0.150000 MT of HRSG2_C2_LP STEAM (this is extra output, not input!)
09:01:38  INFO        [ODS]  └──────────────────────────────────────────────────────────────
09:01:38  INFO        [ODS]
09:01:38  INFO        [ODS]  ┌──────────────────────────────────────────────────────────────
09:01:38  INFO        [ODS]  │ PRODUCER: LP Steam PRDS                      
09:01:38  INFO        [ODS]  │ SAP Code: 310028013             Plant Code: 36H1
09:01:38  INFO        [ODS]  │ Makes: 1 MT of LP Steam PRDS
09:01:38  INFO        [ODS]  │
09:01:38  INFO        [ODS]  │  Needs these ingredients (to make 1 MT):
09:01:38  INFO        [ODS]  │
09:01:38  INFO        [ODS]  │  Type    Ingredient (Material)             Material SAP Code  Norm          UOM       
09:01:38  INFO        [ODS]  │  ------  --------------------------------  ---------------  ------------  ----------
09:01:38  INFO        [ODS]  │  Utility  Boiler Feed Water                 310027927            0.055000  M3        
09:01:38  INFO        [ODS]  │  Utility  MP Steam_Dis                      310027940            0.945000  MT        
09:01:38  INFO        [ODS]  │
09:01:38  INFO        [ODS]  │  In simple words: To make 1 MT of LP Steam PRDS, you need:
09:01:38  INFO        [ODS]  │    → 0.055000 M3 of Boiler Feed Water
09:01:38  INFO        [ODS]  │    → 0.945000 MT of MP Steam_Dis
09:01:38  INFO        [ODS]  └──────────────────────────────────────────────────────────────
09:01:38  INFO        [ODS]
09:01:38  INFO        [ODS]  ┌──────────────────────────────────────────────────────────────
09:01:38  INFO        [ODS]  │ PRODUCER: LP Steam_Dis                       
09:01:38  INFO        [ODS]  │ SAP Code: 310027965             Plant Code: 36H2
09:01:38  INFO        [ODS]  │ Makes: 1 MT of LP Steam_Dis
09:01:38  INFO        [ODS]  │
09:01:38  INFO        [ODS]  │  Needs these ingredients (to make 1 MT):
09:01:38  INFO        [ODS]  │
09:01:38  INFO        [ODS]  │  Type    Ingredient (Material)             Material SAP Code  Norm          UOM       
09:01:38  INFO        [ODS]  │  ------  --------------------------------  ---------------  ------------  ----------
09:01:38  INFO        [ODS]  │  Utility  HRSG1_C2_LP STEAM                 310028385            0.387271  MT        
09:01:38  INFO        [ODS]  │  Utility  HRSG2_C2_LP STEAM                 310028409            0.245271  MT        
09:01:38  INFO        [ODS]  │  Utility  LP Steam PRDS                     310028013            0.367458  MT        
09:01:38  INFO        [ODS]  │
09:01:38  INFO        [ODS]  │  In simple words: To make 1 MT of LP Steam_Dis, you need:
09:01:38  INFO        [ODS]  │    → 0.387271 MT of HRSG1_C2_LP STEAM
09:01:38  INFO        [ODS]  │    → 0.245271 MT of HRSG2_C2_LP STEAM
09:01:38  INFO        [ODS]  │    → 0.367458 MT of LP Steam PRDS
09:01:38  INFO        [ODS]  └──────────────────────────────────────────────────────────────
09:01:38  INFO        [ODS]
09:01:38  INFO        [ODS]  ┌──────────────────────────────────────────────────────────────
09:01:38  INFO        [ODS]  │ PRODUCER: MP Steam PRDS SHP                  
09:01:38  INFO        [ODS]  │ SAP Code: 310028012             Plant Code: 36H1
09:01:38  INFO        [ODS]  │ Makes: 1 MT of MP Steam PRDS SHP
09:01:38  INFO        [ODS]  │
09:01:38  INFO        [ODS]  │  Needs these ingredients (to make 1 MT):
09:01:38  INFO        [ODS]  │
09:01:38  INFO        [ODS]  │  Type    Ingredient (Material)             Material SAP Code  Norm          UOM       
09:01:38  INFO        [ODS]  │  ------  --------------------------------  ---------------  ------------  ----------
09:01:38  INFO        [ODS]  │  Utility  Boiler Feed Water                 310027927            0.100000  M3        
09:01:38  INFO        [ODS]  │  Utility  HP Steam_Dis                      310027939            0.900000  MT        
09:01:38  INFO        [ODS]  │
09:01:38  INFO        [ODS]  │  In simple words: To make 1 MT of MP Steam PRDS SHP, you need:
09:01:38  INFO        [ODS]  │    → 0.100000 M3 of Boiler Feed Water
09:01:38  INFO        [ODS]  │    → 0.900000 MT of HP Steam_Dis
09:01:38  INFO        [ODS]  └──────────────────────────────────────────────────────────────
09:01:38  INFO        [ODS]
09:01:38  INFO        [ODS]  ┌──────────────────────────────────────────────────────────────
09:01:38  INFO        [ODS]  │ PRODUCER: MP Steam_Dis                       
09:01:38  INFO        [ODS]  │ SAP Code: 310027940             Plant Code: 36H2
09:01:38  INFO        [ODS]  │ Makes: 1 MT of MP Steam_Dis
09:01:38  INFO        [ODS]  │
09:01:38  INFO        [ODS]  │  Needs these ingredients (to make 1 MT):
09:01:38  INFO        [ODS]  │
09:01:38  INFO        [ODS]  │  Type    Ingredient (Material)             Material SAP Code  Norm          UOM       
09:01:38  INFO        [ODS]  │  ------  --------------------------------  ---------------  ------------  ----------
09:01:38  INFO        [ODS]  │  Utility  MP Steam PRDS SHP                 310028012            1.000000  MT        
09:01:38  INFO        [ODS]  │
09:01:38  INFO        [ODS]  │  In simple words: To make 1 MT of MP Steam_Dis, you need:
09:01:38  INFO        [ODS]  │    → 1.000000 MT of MP Steam PRDS SHP
09:01:38  INFO        [ODS]  └──────────────────────────────────────────────────────────────
09:01:38  INFO        [ODS]
09:01:38  INFO        [ODS]  ┌──────────────────────────────────────────────────────────────
09:01:38  INFO        [ODS]  │ PRODUCER: NITROGEN_ASU                       
09:01:38  INFO        [ODS]  │ SAP Code: 310028432             Plant Code: 36H1
09:01:38  INFO        [ODS]  │ Makes: 1 NM3 of NITROGEN_ASU
09:01:38  INFO        [ODS]  │
09:01:38  INFO        [ODS]  │  Needs these ingredients (to make 1 NM3):
09:01:38  INFO        [ODS]  │
09:01:38  INFO        [ODS]  │  Type    Ingredient (Material)             Material SAP Code  Norm          UOM       
09:01:38  INFO        [ODS]  │  ------  --------------------------------  ---------------  ------------  ----------
09:01:38  INFO        [ODS]  │  Utility  Cooling Water                     310027912                   0  KM3       
09:01:38  INFO        [ODS]  │  Utility  MP Steam_Dis                      310027940            0.000021  MT        
09:01:38  INFO        [ODS]  │  Utility  Power_Dis                         310027910            0.474260  KWH       
09:01:38  INFO        [ODS]  │  Utility  Ret steam condensate              310027923           -0.000011  M3        
09:01:38  INFO        [ODS]  │  Utility  Utility Water                     310027928            0.001540  M3        
09:01:38  INFO        [ODS]  │
09:01:38  INFO        [ODS]  │  In simple words: To make 1 NM3 of NITROGEN_ASU, you need:
09:01:38  INFO        [ODS]  │    → 0.000021 MT of MP Steam_Dis
09:01:38  INFO        [ODS]  │    → 0.474260 KWH of Power_Dis
09:01:38  INFO        [ODS]  │    → 0.001540 M3 of Utility Water
09:01:38  INFO        [ODS]  │  And as a bonus (byproduct), you also GET:
09:01:38  INFO        [ODS]  │    → 0.000011 M3 of Ret steam condensate (this is extra output, not input!)
09:01:38  INFO        [ODS]  └──────────────────────────────────────────────────────────────
09:01:38  INFO        [ODS]
09:01:38  INFO        [ODS]  ┌──────────────────────────────────────────────────────────────
09:01:38  INFO        [ODS]  │ PRODUCER: Oxygen                             
09:01:38  INFO        [ODS]  │ SAP Code: 310028126             Plant Code: 36H1
09:01:38  INFO        [ODS]  │ Makes: 1 MT of Oxygen
09:01:38  INFO        [ODS]  │
09:01:38  INFO        [ODS]  │  Needs these ingredients (to make 1 MT):
09:01:38  INFO        [ODS]  │
09:01:38  INFO        [ODS]  │  Type    Ingredient (Material)             Material SAP Code  Norm          UOM       
09:01:38  INFO        [ODS]  │  ------  --------------------------------  ---------------  ------------  ----------
09:01:38  INFO        [ODS]  │  Utility  Cooling Water                     310027912                   0  KM3       
09:01:38  INFO        [ODS]  │  Utility  MP Steam_Dis                      310027940            0.017000  MT        
09:01:38  INFO        [ODS]  │  Utility  Power_Dis                         310027910          374.610000  KWH       
09:01:38  INFO        [ODS]  │  Utility  Ret steam condensate              310027923           -0.008000  M3        
09:01:38  INFO        [ODS]  │  Utility  Utility Water                     310027928            1.230000  M3        
09:01:38  INFO        [ODS]  │
09:01:38  INFO        [ODS]  │  In simple words: To make 1 MT of Oxygen, you need:
09:01:38  INFO        [ODS]  │    → 0.017000 MT of MP Steam_Dis
09:01:38  INFO        [ODS]  │    → 374.610000 KWH of Power_Dis
09:01:38  INFO        [ODS]  │    → 1.230000 M3 of Utility Water
09:01:38  INFO        [ODS]  │  And as a bonus (byproduct), you also GET:
09:01:38  INFO        [ODS]  │    → 0.008000 M3 of Ret steam condensate (this is extra output, not input!)
09:01:38  INFO        [ODS]  └──────────────────────────────────────────────────────────────
09:01:38  INFO        [ODS]
09:01:38  INFO        [ODS]  ┌──────────────────────────────────────────────────────────────
09:01:38  INFO        [ODS]  │ PRODUCER: POWERGEN                           
09:01:38  INFO        [ODS]  │ SAP Code: 310027907             Plant Code: 36H0
09:01:38  INFO        [ODS]  │ Makes: 1 KWH of POWERGEN
09:01:38  INFO        [ODS]  │
09:01:38  INFO        [ODS]  │  This producer has 3 sub-assets (different machines):
09:01:38  INFO        [ODS]  │    • JMD - C2-GTG 1                  (Plant ID: 36H0)
09:01:38  INFO        [ODS]  │    • JMD - C2-GTG 2                  (Plant ID: 36GX)
09:01:38  INFO        [ODS]  │    • JMD - C2-STG 1                  (Plant ID: 36HM)
09:01:38  INFO        [ODS]  │
09:01:38  INFO        [ODS]  │  Needs these ingredients (to make 1 KWH):
09:01:38  INFO        [ODS]  │
09:01:38  INFO        [ODS]  │  ▸ Sub-asset: JMD - C2-GTG 1 (Plant ID: 36H0)
09:01:38  INFO        [ODS]  │    Type    Ingredient (Material)             Material SAP Code  Norm          UOM       
09:01:38  INFO        [ODS]  │    ------  --------------------------------  ---------------  ------------  ----------
09:01:38  INFO        [ODS]  │    Raw Mat.  SynGas(Unshift)                   SYNGASN_UNSHIFT      0.004368  MMBTU     
09:01:38  INFO        [ODS]  │    Utility  COMPRESSED AIR                    310027904            0.001280  NM3       
09:01:38  INFO        [ODS]  │    Utility  Cooling Water                     310027912            0.000007  KM3       
09:01:38  INFO        [ODS]  │    Utility  NITROGEN_ASU                      310028432            0.001660  NM3       
09:01:38  INFO        [ODS]  │    Utility  Power_Dis                         310027910            0.001350  KWH       
09:01:38  INFO        [ODS]  │    Utility  Utility Water                     310027928            0.000023  M3        
09:01:38  INFO        [ODS]  │    In simple words: To make 1 KWH from JMD - C2-GTG 1, you need:
09:01:38  INFO        [ODS]  │      → 0.004368 MMBTU of SynGas(Unshift)
09:01:38  INFO        [ODS]  │      → 0.001280 NM3 of COMPRESSED AIR
09:01:38  INFO        [ODS]  │      → 0.000007 KM3 of Cooling Water
09:01:38  INFO        [ODS]  │      → 0.001660 NM3 of NITROGEN_ASU
09:01:38  INFO        [ODS]  │      → 0.001350 KWH of Power_Dis
09:01:38  INFO        [ODS]  │      → 0.000023 M3 of Utility Water
09:01:38  INFO        [ODS]  │
09:01:38  INFO        [ODS]  │  ▸ Sub-asset: JMD - C2-GTG 2 (Plant ID: 36GX)
09:01:38  INFO        [ODS]  │    Type    Ingredient (Material)             Material SAP Code  Norm          UOM       
09:01:38  INFO        [ODS]  │    ------  --------------------------------  ---------------  ------------  ----------
09:01:38  INFO        [ODS]  │    Raw Mat.  SynGas(Unshift)                   SYNGASN_UNSHIFT      0.004485  MMBTU     
09:01:38  INFO        [ODS]  │    Utility  COMPRESSED AIR                    310027904            0.001280  NM3       
09:01:38  INFO        [ODS]  │    Utility  Cooling Water                     310027912            0.000007  KM3       
09:01:38  INFO        [ODS]  │    Utility  NITROGEN_ASU                      310028432            0.001660  NM3       
09:01:38  INFO        [ODS]  │    Utility  Power_Dis                         310027910            0.001350  KWH       
09:01:38  INFO        [ODS]  │    Utility  Utility Water                     310027928            0.000023  M3        
09:01:38  INFO        [ODS]  │    In simple words: To make 1 KWH from JMD - C2-GTG 2, you need:
09:01:38  INFO        [ODS]  │      → 0.004485 MMBTU of SynGas(Unshift)
09:01:38  INFO        [ODS]  │      → 0.001280 NM3 of COMPRESSED AIR
09:01:38  INFO        [ODS]  │      → 0.000007 KM3 of Cooling Water
09:01:38  INFO        [ODS]  │      → 0.001660 NM3 of NITROGEN_ASU
09:01:38  INFO        [ODS]  │      → 0.001350 KWH of Power_Dis
09:01:38  INFO        [ODS]  │      → 0.000023 M3 of Utility Water
09:01:38  INFO        [ODS]  │
09:01:38  INFO        [ODS]  │  ▸ Sub-asset: JMD - C2-STG 1 (Plant ID: 36HM)
09:01:38  INFO        [ODS]  │    Type    Ingredient (Material)             Material SAP Code  Norm          UOM       
09:01:38  INFO        [ODS]  │    ------  --------------------------------  ---------------  ------------  ----------
09:01:38  INFO        [ODS]  │    Utility  Cooling Water                     310027912            0.000400  KM3       
09:01:38  INFO        [ODS]  │    Utility  NITROGEN_ASU                      310028432            0.001030  NM3       
09:01:38  INFO        [ODS]  │    Utility  Power_Dis                         310027910            0.007050  KWH       
09:01:38  INFO        [ODS]  │    Utility  SHP Steam_Dis                     310027924            0.003640  MT        
09:01:38  INFO        [ODS]  │    In simple words: To make 1 KWH from JMD - C2-STG 1, you need:
09:01:38  INFO        [ODS]  │      → 0.000400 KM3 of Cooling Water
09:01:38  INFO        [ODS]  │      → 0.001030 NM3 of NITROGEN_ASU
09:01:38  INFO        [ODS]  │      → 0.007050 KWH of Power_Dis
09:01:38  INFO        [ODS]  │      → 0.003640 MT of SHP Steam_Dis
09:01:38  INFO        [ODS]  │
09:01:38  INFO        [ODS]  └──────────────────────────────────────────────────────────────
09:01:38  INFO        [ODS]
09:01:38  INFO        [ODS]  ┌──────────────────────────────────────────────────────────────
09:01:38  INFO        [ODS]  │ PRODUCER: PROCESS FEED WATER                 
09:01:38  INFO        [ODS]  │ SAP Code: 310027972             Plant Code: 36H1
09:01:38  INFO        [ODS]  │ Makes: 1 M3 of PROCESS FEED WATER
09:01:38  INFO        [ODS]  │
09:01:38  INFO        [ODS]  │  Needs these ingredients (to make 1 M3):
09:01:38  INFO        [ODS]  │
09:01:38  INFO        [ODS]  │  Type    Ingredient (Material)             Material SAP Code  Norm          UOM       
09:01:38  INFO        [ODS]  │  ------  --------------------------------  ---------------  ------------  ----------
09:01:38  INFO        [ODS]  │  Utility  D M Water                         310027966            0.900000  M3        
09:01:38  INFO        [ODS]  │  Utility  LP Steam_Dis                      310027965            0.100000  MT        
09:01:38  INFO        [ODS]  │  Utility  Power_Dis                         310027910            0.631000  KWH       
09:01:38  INFO        [ODS]  │
09:01:38  INFO        [ODS]  │  In simple words: To make 1 M3 of PROCESS FEED WATER, you need:
09:01:38  INFO        [ODS]  │    → 0.900000 M3 of D M Water
09:01:38  INFO        [ODS]  │    → 0.100000 MT of LP Steam_Dis
09:01:38  INFO        [ODS]  │    → 0.631000 KWH of Power_Dis
09:01:38  INFO        [ODS]  └──────────────────────────────────────────────────────────────
09:01:38  INFO        [ODS]
09:01:38  INFO        [ODS]  ┌──────────────────────────────────────────────────────────────
09:01:38  INFO        [ODS]  │ PRODUCER: Power_Dis                          
09:01:38  INFO        [ODS]  │ SAP Code: 310027910             Plant Code: 36H2
09:01:38  INFO        [ODS]  │ Makes: 1 KWH of Power_Dis
09:01:38  INFO        [ODS]  │
09:01:38  INFO        [ODS]  │  Needs these ingredients (to make 1 KWH):
09:01:38  INFO        [ODS]  │
09:01:38  INFO        [ODS]  │  Type    Ingredient (Material)             Material SAP Code  Norm          UOM       
09:01:38  INFO        [ODS]  │  ------  --------------------------------  ---------------  ------------  ----------
09:01:38  INFO        [ODS]  │  Utility  Power                             POWER                0.065453  KWH       
09:01:38  INFO        [ODS]  │  Utility  POWERGEN                          310027907            0.572172  KWH       
09:01:38  INFO        [ODS]  │  Utility  POWERGEN                          310027907            0.362375  KWH       
09:01:38  INFO        [ODS]  │
09:01:38  INFO        [ODS]  │  In simple words: To make 1 KWH of Power_Dis, you need:
09:01:38  INFO        [ODS]  │    → 0.065453 KWH of Power
09:01:38  INFO        [ODS]  │    → 0.572172 KWH of POWERGEN
09:01:38  INFO        [ODS]  │    → 0.362375 KWH of POWERGEN
09:01:38  INFO        [ODS]  └──────────────────────────────────────────────────────────────
09:01:38  INFO        [ODS]
09:01:38  INFO        [ODS]  ┌──────────────────────────────────────────────────────────────
09:01:38  INFO        [ODS]  │ PRODUCER: SHP Steam_Dis                      
09:01:38  INFO        [ODS]  │ SAP Code: 310027924             Plant Code: 36H2
09:01:38  INFO        [ODS]  │ Makes: 1 MT of SHP Steam_Dis
09:01:38  INFO        [ODS]  │
09:01:38  INFO        [ODS]  │  Needs these ingredients (to make 1 MT):
09:01:38  INFO        [ODS]  │
09:01:38  INFO        [ODS]  │  Type    Ingredient (Material)             Material SAP Code  Norm          UOM       
09:01:38  INFO        [ODS]  │  ------  --------------------------------  ---------------  ------------  ----------
09:01:38  INFO        [ODS]  │  Utility  AUXBOIL7_SHP STEAM                310028384            0.226682  MT        
09:01:38  INFO        [ODS]  │  Utility  AUXBOIL8_SHP STEAM                310028411                   0  MT        
09:01:38  INFO        [ODS]  │  Utility  HRSG1_C2_SHP STEAM                310028383            0.473460  MT        
09:01:38  INFO        [ODS]  │  Utility  HRSG2_C2_SHP STEAM                310028410            0.299858  MT        
09:01:38  INFO        [ODS]  │
09:01:38  INFO        [ODS]  │  In simple words: To make 1 MT of SHP Steam_Dis, you need:
09:01:38  INFO        [ODS]  │    → 0.226682 MT of AUXBOIL7_SHP STEAM
09:01:38  INFO        [ODS]  │    → 0.473460 MT of HRSG1_C2_SHP STEAM
09:01:38  INFO        [ODS]  │    → 0.299858 MT of HRSG2_C2_SHP STEAM
09:01:38  INFO        [ODS]  └──────────────────────────────────────────────────────────────
09:01:38  INFO        [ODS]
09:01:38  INFO        [ODS]  ┌──────────────────────────────────────────────────────────────
09:01:38  INFO        [ODS]  │ PRODUCER: Utility Water                      
09:01:38  INFO        [ODS]  │ SAP Code: 310027928             Plant Code: 36H1
09:01:38  INFO        [ODS]  │ Makes: 1 M3 of Utility Water
09:01:38  INFO        [ODS]  │
09:01:38  INFO        [ODS]  │  Needs these ingredients (to make 1 M3):
09:01:38  INFO        [ODS]  │
09:01:38  INFO        [ODS]  │  Type    Ingredient (Material)             Material SAP Code  Norm          UOM       
09:01:38  INFO        [ODS]  │  ------  --------------------------------  ---------------  ------------  ----------
09:01:38  INFO        [ODS]  │  Utility  COMPRESSED AIR                    310027904            0.217390  NM3       
09:01:38  INFO        [ODS]  │  Utility  Power_Dis                         310027910                   0  KWH       
09:01:38  INFO        [ODS]  │  Utility  SWRO WATER                        310028356            1.100000  M3        
09:01:38  INFO        [ODS]  │
09:01:38  INFO        [ODS]  │  In simple words: To make 1 M3 of Utility Water, you need:
09:01:38  INFO        [ODS]  │    → 0.217390 NM3 of COMPRESSED AIR
09:01:38  INFO        [ODS]  │    → 1.100000 M3 of SWRO WATER
09:01:38  INFO        [ODS]  └──────────────────────────────────────────────────────────────
09:01:38  INFO        [ODS]
09:01:38  INFO        [ODS]  Total producers with consumption norms: 24
09:01:38  INFO        [ODS] ===================================
09:01:41  WARNING     [CALC] power dispatch skipped: 'fixed_max_mw'
09:01:41  INFO        [CALC] Done  4/2026  (6.7s)  assets=3  norms=0
