JMD Plant Run Log
Plant:     C2 CPP
Period:    4/2026
Generated: 2026-06-25 17:54:47
================================================================================


======================================================================
  NEW SCHEMA ASSET SNAPSHOT  (April 2026)
======================================================================
  Plant:    C2-CPP
  AOP Year: 2026-27

  POWER ASSETS
  Asset                      Type           Hours    Min MW    Max MW     Gen MWh   Prio
  -------------------------  ----------  --------  --------  --------  ----------  -----
  JMD - C2-GTG 1             GT            676.00     80.00    110.00    74360.00      2
  JMD - C2-GTG 2             GT            710.00     80.00    110.00    78100.00      1
  JMD - C2-STG 1             STG           719.00      0.00     93.00    66867.00      1
  TOTAL                                                                 219327.00       

  STEAM ASSETS
  Asset                      Type        SteamType      Hours   Min TPH   Max TPH      Gen MT   Prio
  -------------------------  ----------  ----------  --------  --------  --------  ----------  -----
  AUXBOIL7_SHP STEAM         AUXBOILER   SHP Steam_Dis    698.00     90.00    220.00   153560.00      1
  AUXBOIL8_SHP STEAM         AUXBOILER   SHP Steam_Dis    720.00     90.00    220.00   158400.00      1
  HP Steam PRDS              PRDS        HP Steam_Dis    720.00      0.00    568.00   408960.00      1
  HRSG1_C2_LP STEAM          HRSG        LP Steam_Dis    720.00     32.00     42.00    30240.00      1
  HRSG1_C2_SHP STEAM         HRSG        SHP Steam_Dis    720.00    160.00    250.00   180000.00      1
  HRSG2_C2_LP STEAM          HRSG        LP Steam_Dis    720.00     32.00     42.00    30240.00      1
  HRSG2_C2_SHP STEAM         HRSG        SHP Steam_Dis    720.00    160.00    250.00   180000.00      1
  LP Steam PRDS              PRDS        LP Steam_Dis    720.00      0.00     68.00    48960.00      1
  MP Steam PRDS SHP          PRDS        MP Steam_Dis    720.00      0.00    498.00   358560.00      1
  TOTAL                                                                            1548920.00       

  MONTHLY GENERATION SUMMARY
  Category                  Generation  Unit    
  --------------------  --------------  --------
  Power                     219,327.00  MWh
  Steam                   1,548,920.00  MT
17:54:43  INFO        [CALC] C2 CPP  4/2026  (2026-27)
17:54:43  INFO        [PROCESS] Found 11 rows for FY 2026-27, plant BA558F95-8A3F-4769-9C78-FF7B6C639DDF
17:54:43  INFO        [PROCESS] Utility                           Demand  Mapped Key                  
17:54:43  INFO        [PROCESS] ------------------------  --------------  ----------------------------
17:54:43  INFO        [PROCESS] NITROGEN_ASU                  4435199.00  nitrogen_asu_process        
17:54:43  INFO        [PROCESS] COMPRESSED AIR                7221792.00  air_process                 
17:54:43  INFO        [PROCESS] HP Steam_Dis                   -21599.00  hp_process                  
17:54:43  INFO        [PROCESS] SHP Steam_Dis                  219588.00  shp_process                 
17:54:43  INFO        [PROCESS] Power_Dis                    11813076.00  power_process               
17:54:43  INFO        [PROCESS] MP Steam_Dis                  -127253.00  mp_process                  
17:54:43  INFO        [PROCESS] Utility Water                    3548.00  utility_water_process       
17:54:43  INFO        [PROCESS] D M Water                       72074.00  dm_process                  
17:54:43  INFO        [PROCESS] LP Steam_Dis                    54000.00  lp_process                  
17:54:43  INFO        [PROCESS] Ret steam condensate          -154158.00  ret_steam_condensate_process
17:54:43  INFO        [PROCESS] Cooling Water                   47161.00  cooling_water_process       
17:54:43  INFO        [PROCESS] TOTAL                                                                 
17:54:43  INFO        [PROCESS]   power_process             11813076.00
17:54:43  INFO        [PROCESS]   lp_process                   54000.00
17:54:43  INFO        [PROCESS]   mp_process                 -127253.00
17:54:43  INFO        [PROCESS]   hp_process                  -21599.00
17:54:43  INFO        [PROCESS]   shp_process                 219588.00
17:54:43  INFO        [PROCESS]   air_process                7221792.00
17:54:43  INFO        [PROCESS]   nitrogen_asu_process       4435199.00
17:54:43  INFO        [PROCESS]   dm_process                   72074.00
17:54:43  INFO        [PROCESS]   cooling_water_process        47161.00
17:54:43  INFO        [PROCESS]   utility_water_process         3548.00
17:54:43  INFO        [PROCESS]   ret_steam_condensate_process     -154158.00
17:54:43  INFO        [FIXED] ==================================================
17:54:43  INFO        [FIXED] Fetching fixed consumption for plant BA558F95-8A3F-4769-9C78-FF7B6C639DDF
17:54:43  INFO        [FIXED] Financial year : 2026-27
17:54:43  INFO        [FIXED] Selected month : Apr
17:54:43  INFO        [FIXED] ==================================================
17:54:43  INFO        [FIXED] Using CPP Plant ID as SourceName to find sub-plants: BA558F95-8A3F-4769-9C78-FF7B6C639DDF
17:54:43  INFO        [FIXED] Trying table: CPPFixedConsumption (SourceName filter)
17:54:43  INFO        [FIXED] Using table: CPPFixedConsumption
17:54:43  INFO        [FIXED] Power values are normalized from kWh to MWh for the model
17:54:43  INFO        [FIXED] Plant                     Cost Center             Utility                      Value
17:54:43  INFO        [FIXED] ------------------------  ----------------------  ------------------  --------------
17:54:43  INFO        [FIXED] JMD - DTA-MEG-C2 Gantry   JG- C2- Tank Farm       COMPRESSED AIR           501800.00
17:54:43  INFO        [FIXED] JMD-Rev Proc-DTA C2       JG-C2-Tankfarms         COMPRESSED AIR            79200.00
17:54:43  INFO        [FIXED] JMD - C2 Utility Plant    JG-DTA-Utility Sale to Sibur  COMPRESSED AIR           746713.00
17:54:43  INFO        [FIXED] JMD - DTA-MEG-C2 Gantry   JG- C2- Tank Farm       Cooling Water             10872.00
17:54:43  INFO        [FIXED] JMD - C2 Utility Plant    JG-DTA-Utility Sale to Sibur  D M Water                 55713.00
17:54:43  INFO        [FIXED] JMD-Rev Proc-DTA C2       JG-C2-Horticulture      Effluent Treated         131760.00
17:54:43  INFO        [FIXED] JMD - C2 Utility Plant    JG-C2-Steam Dumping     HP Steam_Dis                238.00
17:54:43  INFO        [FIXED] JMD - DTA-MEG-C2 Gantry   JG- C2- Tank Farm       LP Steam_Dis               4320.00
17:54:43  INFO        [FIXED] JMD - C2 Utility Plant    JG-C2-Steam Dumping     LP Steam_Dis                425.00
17:54:43  INFO        [FIXED] JMD - DTA-MEG-C2 Gantry   JG- C2- Tank Farm       MP Steam_Dis               1200.00
17:54:43  INFO        [FIXED] JMD - C2 Utility Plant    JG-C2-Steam Dumping     MP Steam_Dis                389.00
17:54:43  INFO        [FIXED] JMD - C2 Utility Plant    JG-C2-Steam Flaring     MP Steam_Dis               6336.00
17:54:43  INFO        [FIXED] JMD - DTA-MEG-C2 Gantry   JG- C2- Tank Farm       NITROGEN_ASU             648000.00
17:54:43  INFO        [FIXED] JMD - C2 Utility Plant    JG-C2-Steam Flaring     NITROGEN_ASU             504000.00
17:54:43  INFO        [FIXED] JMD - C2 Utility Plant    JG-DTA-Utility Sale to Sibur  NITROGEN_ASU             800800.00
17:54:43  INFO        [FIXED] JMD - DTA-MEG-C2 Gantry   JG- C2- Tank Farm       Power_Dis                  2880.00
17:54:43  INFO        [FIXED] JMD - C2 Utility Plant    JG C2 Utility Common    Power_Dis                  1440.08
17:54:43  INFO        [FIXED] JMD-Rev Proc-DTA C2       JG C2 Utility Common    Power_Dis                  3528.00
17:54:43  INFO        [FIXED] JMD - C2 Utility Plant    JG-C2-FIRE WATER        Power_Dis                   151.20
17:54:43  INFO        [FIXED] JMD - C2 Utility Plant    JG-DTA-C2-RWTP          Power_Dis                   180.00
17:54:43  INFO        [FIXED] JMD - DTA-C2 Power & UTILITY  JG-DTA-Utility Sale to Sibur  Power_Dis                 12162.00
17:54:43  INFO        [FIXED] JMD - DTA-MEG-C2 Gantry   JG- C2- Tank Farm       Ret steam condensate         1512.00
17:54:43  INFO        [FIXED] JMD - C2 Utility Plant    JG-C2-Steam Dumping     SHP Steam_Dis               630.00
17:54:43  INFO        [FIXED] JMD - C2 Utility Plant    JG-DTA-Utility Sale to Sibur  SHP Steam_Dis             93660.00
17:54:43  INFO        [FIXED] JMD - C2 Utility Plant    JG-DTA-Utility Sale to Sibur  SWRO WATER                87646.00
17:54:43  INFO        [FIXED]   -> unmapped utility kept out of rollup: SWRO WATER
17:54:43  INFO        [FIXED] JMD - DTA-MEG-C2 Gantry   JG- C2- Tank Farm       Utility Water               720.00
17:54:43  INFO        [FIXED] JMD - C2 Utility Plant    JG C2 Utility Common    Utility Water           1512083.00
17:54:43  INFO        [FIXED] JMD - C2 Utility Plant    JG-DTA-Utility Sale to Sibur  Utility Water             10847.00
17:54:43  INFO        [FIXED] --------------------------------------------------
17:54:43  INFO        [FIXED] Utility-wise fixed totals
17:54:43  INFO        [FIXED] Utility                            Total  Unit    
17:54:43  INFO        [FIXED] ------------------------  --------------  --------
17:54:43  INFO        [FIXED] Power                           20341.28  MWh     
17:54:43  INFO        [FIXED] LP Steam                         4745.00  MT      
17:54:43  INFO        [FIXED] MP Steam                         7925.00  MT      
17:54:43  INFO        [FIXED] HP Steam                          238.00  MT      
17:54:43  INFO        [FIXED] SHP Steam                       94290.00  MT      
17:54:43  INFO        [FIXED] Compressed Air                1327713.00  NM3     
17:54:43  INFO        [FIXED] Nitrogen ASU                  1952800.00  NM3     
17:54:43  INFO        [FIXED] DM Water                        55713.00  M3      
17:54:43  INFO        [FIXED] Cooling Water                   10872.00  KM3     
17:54:43  INFO        [FIXED] Utility Water                 1523650.00  M3      
17:54:43  INFO        [FIXED] Ret Steam Condensate             1512.00  M3      
17:54:43  INFO        [FIXED] Effluent                       131760.00  M3      
17:54:43  INFO        [FIXED] ==================================================
17:54:43  INFO        [DEMAND] ==================================================
17:54:43  INFO        [DEMAND] Utility-wise demand rollup  (4/2026)
17:54:43  INFO        [DEMAND] Utility                        Process         Fixed         Total  Unit    
17:54:43  INFO        [DEMAND] ------------------------  ------------  ------------  ------------  --------
17:54:43  INFO        [DEMAND] Power                         11813.08      20341.28      32154.36  MWh     
17:54:43  INFO        [DEMAND] LP Steam                      54000.00       4745.00      58745.00  MT      
17:54:43  INFO        [DEMAND] MP Steam                    -127253.00       7925.00    -119328.00  MT      
17:54:43  INFO        [DEMAND] HP Steam                     -21599.00        238.00     -21361.00  MT      
17:54:43  INFO        [DEMAND] SHP Steam                    219588.00      94290.00     313878.00  MT      
17:54:43  INFO        [DEMAND] Compressed Air              7221792.00    1327713.00    8549505.00  NM3     
17:54:43  INFO        [DEMAND] Nitrogen ASU                4435199.00    1952800.00    6387999.00  NM3     
17:54:43  INFO        [DEMAND] DM Water                      72074.00      55713.00     127787.00  M3      
17:54:43  INFO        [DEMAND] CW1                               0.00          0.00          0.00  KM3     
17:54:43  INFO        [DEMAND] CW2                               0.00          0.00          0.00  KM3     
17:54:43  INFO        [DEMAND] Cooling Water                 47161.00      10872.00      58033.00  KM3     
17:54:43  INFO        [DEMAND] Raw Water                         0.00          0.00          0.00  M3      
17:54:43  INFO        [DEMAND] Utility Water                  3548.00    1523650.00    1527198.00  M3      
17:54:43  INFO        [DEMAND] Ret Steam Condensate        -154158.00       1512.00    -152646.00  M3      
17:54:43  INFO        [DEMAND] Oxygen                            0.00          0.00          0.00  MT      
17:54:43  INFO        [DEMAND] Effluent                          0.00     131760.00     131760.00  M3      
17:54:43  INFO        [DEMAND] ==================================================
17:54:45  INFO        [DC] ==================================================
17:54:45  INFO        [DC] Power Demand vs Capacity Check:
17:54:45  INFO        [DC] Demand: 32154.36 MWh, Available Capacity: 219327.00 MWh
17:54:45  INFO        [DC] -> Power demand CAN be achieved with available assets.
17:54:45  INFO        [DC] Steam (SHP) Demand vs Capacity Check:
17:54:45  INFO        [DC] Demand: 231934.00 MT, Available Capacity: 1553760.00 MT
17:54:45  INFO        [DC] -> Steam demand CAN be achieved with available assets.
17:54:45  INFO        [DC] ==================================================
17:54:46  INFO        [ODS] Loaded C2_JMD.ods (187 rows, 83 cols) — month 4/2026 at col 11
17:54:46  INFO        [ODS] ===== NORMS SUMMARY (C2_JMD.ods 4/2026) =====
17:54:46  INFO        [ODS] Powergen aux power norms:
17:54:46  INFO        [ODS]   JMD - C2-GTG 1             aux_norm=0.001350
17:54:46  INFO        [ODS]   JMD - C2-GTG 2             aux_norm=0.001350
17:54:46  INFO        [ODS]   JMD - C2-STG 1             aux_norm=0.007050
17:54:46  INFO        [ODS] Steam letdown norms (PRDS cascade):
17:54:46  INFO        [ODS]   LP→MP: 0.9450  (1 MT LP needs this much MP)
17:54:46  INFO        [ODS]   MP→HP: 0.9000  (1 MT MP needs this much HP)
17:54:46  INFO        [ODS]   HP→SHP: 0.9360 (1 MT HP needs this much SHP)
17:54:46  INFO        [ODS] HRSG byproduct (LP steam credit):
17:54:46  INFO        [ODS]   HRSG1_C2_SHP STEAM         byproduct_norm=-0.1500 MT LP / MT SHP
17:54:46  INFO        [ODS]   HRSG2_C2_SHP STEAM         byproduct_norm=-0.1500 MT LP / MT SHP
17:54:46  INFO        [ODS] STG steam consumption:
17:54:46  INFO        [ODS]   JMD - C2-STG 1             shp_norm=0.003640 MT/KWH
17:54:46  INFO        [ODS] Steam distribution factors:
17:54:46  INFO        [ODS]   HP Steam_Dis → HP Steam PRDS: 1.0000
17:54:46  INFO        [ODS]   LP Steam_Dis → HRSG1_C2_LP STEAM: 0.3873, HRSG2_C2_LP STEAM: 0.2453, LP Steam PRDS: 0.3675
17:54:46  INFO        [ODS]   MP Steam_Dis → MP Steam PRDS SHP: 1.0000
17:54:46  INFO        [ODS]   SHP Steam_Dis → AUXBOIL7_SHP STEAM: 0.2267, HRSG1_C2_SHP STEAM: 0.4735, HRSG2_C2_SHP STEAM: 0.2999
17:54:46  INFO        [ODS] Full consumption norms matrix (24 producers):
17:54:46  INFO        [ODS]   AUXBOIL7_SHP STEAM             (per MT): SynGas(Unshift)=2.876221 MMBTU, Boiler Feed Water=1.010000 M3, Power_Dis=3.850000 KWH
17:54:46  INFO        [ODS]   AUXBOIL8_SHP STEAM             (per MT): SynGas(Unshift)=0 MMBTU, Boiler Feed Water=1.010000 M3, Power_Dis=3.850000 KWH
17:54:46  INFO        [ODS]   Boiler Feed Water              (per M3): D M Water=0.900000 M3, LP Steam_Dis=0.100000 MT, Power_Dis=8.100000 KWH
17:54:46  INFO        [ODS]   COMPRESED AIR_ASU              (per NM3): Power_Dis=0.125000 KWH
17:54:46  INFO        [ODS]   COMPRESSED AIR                 (per NM3): COMPRESED AIR_ASU=0.051000 NM3, COMPRESSED AIR=0.002670 NM3, Cooling Water=0 KM3, Power_Dis=0.150000 KWH
17:54:46  INFO        [ODS]   Condensate                     (per M3): COMPRESSED AIR=0.080000 NM3, Cooling Water=0.017360 KM3, NITROGEN_ASU=0.360000 NM3, Power_Dis=1.460000 KWH, Ret steam condensate=1.090000 M3
17:54:46  INFO        [ODS]   Cooling Water                  (per KM3): COMPRESSED AIR=0.974741 NM3, Effluent Treated=3.800000 M3, Power_Dis=210.900000 KWH, SWRO WATER=9.400000 M3
17:54:46  INFO        [ODS]   D M Water                      (per M3): COMPRESSED AIR=0.049180 NM3, NITROGEN_ASU=0.630000 NM3, Power_Dis=0.920000 KWH, SWRO WATER=1.150000 M3
17:54:46  INFO        [ODS]   Effluent Treated               (per M3): COMPRESSED AIR=2.209302 NM3, Cooling Water=0.000031 KM3, NITROGEN_ASU=0.005814 NM3, Power_Dis=3.200000 KWH, Utility Water=0.029070 M3
17:54:46  INFO        [ODS]   HP Steam PRDS                  (per MT): Boiler Feed Water=0.064000 M3, SHP Steam_Dis=0.936000 MT
17:54:46  INFO        [ODS]   HP Steam_Dis                   (per MT): HP Steam PRDS=1.000000 MT
17:54:46  INFO        [ODS]   HRSG1_C2_SHP STEAM             (per MT): SynGas(Unshift)=3.376244 MMBTU, Boiler Feed Water=1.160000 M3, HRSG1_C2_LP STEAM=-0.150000 MT, Power_Dis=0.285000 KWH
17:54:46  INFO        [ODS]   HRSG2_C2_SHP STEAM             (per MT): SynGas(Unshift)=3.357468 MMBTU, Boiler Feed Water=1.160000 M3, HRSG2_C2_LP STEAM=-0.150000 MT, Power_Dis=0.285000 KWH
17:54:46  INFO        [ODS]   LP Steam PRDS                  (per MT): Boiler Feed Water=0.055000 M3, MP Steam_Dis=0.945000 MT
17:54:46  INFO        [ODS]   LP Steam_Dis                   (per MT): HRSG1_C2_LP STEAM=0.387271 MT, HRSG2_C2_LP STEAM=0.245271 MT, LP Steam PRDS=0.367458 MT
17:54:46  INFO        [ODS]   MP Steam PRDS SHP              (per MT): Boiler Feed Water=0.100000 M3, HP Steam_Dis=0.900000 MT
17:54:46  INFO        [ODS]   MP Steam_Dis                   (per MT): MP Steam PRDS SHP=1.000000 MT
17:54:46  INFO        [ODS]   NITROGEN_ASU                   (per NM3): Cooling Water=0 KM3, MP Steam_Dis=0.000021 MT, Power_Dis=0.474260 KWH, Ret steam condensate=-0.000011 M3, Utility Water=0.001540 M3
17:54:46  INFO        [ODS]   Oxygen                         (per MT): Cooling Water=0 KM3, MP Steam_Dis=0.017000 MT, Power_Dis=374.610000 KWH, Ret steam condensate=-0.008000 M3, Utility Water=1.230000 M3
17:54:46  INFO        [ODS]   POWERGEN                       (per KWH): SynGas(Unshift)=0.004368 MMBTU, COMPRESSED AIR=0.001280 NM3, Cooling Water=0.000007 KM3, NITROGEN_ASU=0.001660 NM3, Power_Dis=0.001350 KWH, Utility Water=0.000023 M3, SynGas(Unshift)=0.004485 MMBTU, COMPRESSED AIR=0.001280 NM3, Cooling Water=0.000007 KM3, NITROGEN_ASU=0.001660 NM3, Power_Dis=0.001350 KWH, Utility Water=0.000023 M3, Cooling Water=0.000400 KM3, NITROGEN_ASU=0.001030 NM3, Power_Dis=0.007050 KWH, SHP Steam_Dis=0.003640 MT
17:54:46  INFO        [ODS]   PROCESS FEED WATER             (per M3): D M Water=0.900000 M3, LP Steam_Dis=0.100000 MT, Power_Dis=0.631000 KWH
17:54:46  INFO        [ODS]   Power_Dis                      (per KWH): Power=0.065453 KWH, POWERGEN=0.572172 KWH, POWERGEN=0.362375 KWH
17:54:46  INFO        [ODS]   SHP Steam_Dis                  (per MT): AUXBOIL7_SHP STEAM=0.226682 MT, AUXBOIL8_SHP STEAM=0 MT, HRSG1_C2_SHP STEAM=0.473460 MT, HRSG2_C2_SHP STEAM=0.299858 MT
17:54:46  INFO        [ODS]   Utility Water                  (per M3): COMPRESSED AIR=0.217390 NM3, Power_Dis=0 KWH, SWRO WATER=1.100000 M3
17:54:46  INFO        [ODS] ===================================
17:54:46  INFO        ==============================================================================
17:54:46  INFO        POWER DISPATCH  (April 2026)
17:54:46  INFO        ==============================================================================
17:54:46  INFO        Demand:  Process = 11813.08 MWh  |  Fixed = 20341.28 MWh  |  Total = 32154.36 MWh
17:54:46  INFO      
17:54:46  INFO        Step 1: All assets at MIN load
17:54:46  INFO        Asset                      Priority    Min MW    Max MW     Hours       Min MWh
17:54:46  INFO        -------------------------  --------  --------  --------  --------  ------------
17:54:46  INFO        JMD - C2-GTG 1                    2     80.00    110.00    676.00      54080.00
17:54:46  INFO        JMD - C2-GTG 2                    1     80.00    110.00    710.00      56800.00
17:54:46  INFO        JMD - C2-STG 1                    1      0.00     93.00    719.00          0.00
17:54:46  INFO        TOTAL MIN GENERATION                                                  110880.00
17:54:46  INFO      
17:54:46  INFO        ⚠ SURPLUS: MIN generation (110880.00 MWh) EXCEEDS demand (32154.36 MWh)
17:54:46  INFO          Surplus = 78725.64 MWh  (will be handled via export power in future)
17:54:46  INFO      
17:54:46  INFO        FINAL DISPATCH
17:54:46  INFO        Asset                      Priority   Dispatched MW  Dispatched MWh    Load %   Avg Load MW   Free Steam MT        Aux Norm   Aux Power MWh
17:54:46  INFO        -------------------------  --------  --------------  --------------  --------  ------------  --------------  --------------  --------------
17:54:46  INFO        JMD - C2-GTG 1                    2           80.00        54080.00     72.7%         80.00       106537.60        0.001350           73.01
17:54:46  INFO        JMD - C2-GTG 2                    1           80.00        56800.00     72.7%         80.00       111896.00        0.001350           76.68
17:54:46  INFO        JMD - C2-STG 1                    1            0.00            0.00      0.0%          0.00            0.00        0.007050            0.00
17:54:46  INFO        TOTAL                                                     110880.00                               218433.60                          149.69
17:54:46  INFO        ==============================================================================
17:54:47  INFO        ==============================================================================
17:54:47  INFO        STEAM DISPATCH  (April 2026)
17:54:47  INFO        ==============================================================================
17:54:47  INFO        Grade      Process/Fixed MT  Letdown MT  Byproduct MT     Net Demand MT
17:54:47  INFO        ---------  ----------------  ----------  ------------  ----------------
17:54:47  INFO        LP                 58745.00    24079.54     -33264.00          25481.00
17:54:47  INFO        MP               -119328.00        0.00          0.00         -95248.46
17:54:47  INFO        HP                -21361.00        0.00          0.00         -21361.00
17:54:47  INFO        SHP               313878.00        0.00          0.00         313878.00
17:54:47  INFO      
17:54:47  INFO        Total Free Steam available: 218433.60 MT
17:54:47  INFO      
17:54:47  INFO        FINAL SUPPLEMENTARY FIRING DISPATCH
17:54:47  INFO        Asset                      Priority     Min TPH     Max TPH     Hours  Dispatched TPH   Dispatched MT    Load %
17:54:47  INFO        -------------------------  --------  ----------  ----------  --------  --------------  --------------  --------
17:54:47  INFO        AUXBOIL7_SHP STEAM                1       90.00      220.00    698.00           90.00        62820.00     40.9%
17:54:47  INFO        AUXBOIL8_SHP STEAM                1       90.00      220.00    720.00           90.00        64800.00     40.9%
17:54:47  INFO        HRSG1_C2_SHP STEAM                2      160.00      250.00    676.00          160.00       108160.00     64.0%
17:54:47  INFO        HRSG2_C2_SHP STEAM                1      160.00      250.00    710.00          160.00       113600.00     64.0%
17:54:47  INFO        TOTAL SUPPLEMENTARY                                                                         349380.00          
17:54:47  INFO        TOTAL STEAM GENERATED                                                                       567813.60          
17:54:47  INFO        ✓ Steam demand fully met with surplus of 253935.60 MT
17:54:47  INFO        ==============================================================================
17:54:47  INFO        [CALC] Done  4/2026  (4.6s)  assets=3  norms=0
