JMD Plant Run Log
Plant:     C2 CPP
Period:    4/2025
Generated: 2026-06-25 13:32:52
================================================================================


======================================================================
  NEW SCHEMA ASSET SNAPSHOT  (April 2025)
======================================================================
  Plant:    C2-CPP
  AOP Year: 2025-26

  POWER ASSETS
  Asset                      Type           Hours    Min MW    Max MW     Gen MWh   Prio
  -------------------------  ----------  --------  --------  --------  ----------  -----
  JMD - C2-GTG 1             GT            709.00     70.00    110.00    77990.00     33
  JMD - C2-GTG 2             GT            710.00     80.00    110.00    78100.00      2
  JMD - C2-STG 1             STG           719.00      0.00     93.00    66867.00      1
  TOTAL                                                                 222957.00       

  STEAM ASSETS
  Asset                      Type        SteamType      Hours   Min TPH   Max TPH      Gen MT   Prio
  -------------------------  ----------  ----------  --------  --------  --------  ----------  -----
  AUXBOIL7_SHP STEAM         AUXBOILER   SHP Steam_Dis    699.00     90.00    220.00   153780.00      1
  AUXBOIL8_SHP STEAM         AUXBOILER   SHP Steam_Dis    720.00     90.00    220.00   158400.00      1
  HP Steam PRDS              PRDS        HP Steam_Dis    720.00      0.00    568.00   408960.00      1
  HRSG1_C2_LP STEAM          HRSG        LP Steam_Dis    720.00     32.00     42.00    30240.00      1
  HRSG1_C2_SHP STEAM         HRSG        SHP Steam_Dis    720.00    160.00    250.00   180000.00      1
  HRSG2_C2_LP STEAM          HRSG        LP Steam_Dis    720.00     32.00     42.00    30240.00      1
  HRSG2_C2_SHP STEAM         HRSG        SHP Steam_Dis    720.00    160.00    250.00   180000.00      1
  LP Steam PRDS              PRDS        LP Steam_Dis    720.00      0.00     68.00    48960.00      1
  MP Steam PRDS SHP          PRDS        MP Steam_Dis    720.00      0.00    498.00   358560.00      1
  TOTAL                                                                            1549140.00       

  MONTHLY GENERATION SUMMARY
  Category                  Generation  Unit    
  --------------------  --------------  --------
  Power                     222,957.00  MWh
  Steam                   1,549,140.00  MT
13:32:42  INFO        [CALC] C2 CPP  4/2025  (2025-26)
13:32:43  INFO        [PROCESS] Found 11 rows for FY 2025-26, plant BA558F95-8A3F-4769-9C78-FF7B6C639DDF
13:32:43  INFO        [PROCESS] Utility                           Demand  Mapped Key                  
13:32:43  INFO        [PROCESS] ------------------------  --------------  ----------------------------
13:32:43  INFO        [PROCESS] D M Water                       72073.00  dm_process                  
13:32:43  INFO        [PROCESS] LP Steam_Dis                    54000.00  lp_process                  
13:32:43  INFO        [PROCESS] MP Steam_Dis                  -127253.00  mp_process                  
13:32:43  INFO        [PROCESS] Cooling Water                   47161.00  cooling_water_process       
13:32:43  INFO        [PROCESS] NITROGEN_ASU                  4435199.00  nitrogen_asu_process        
13:32:43  INFO        [PROCESS] COMPRESSED AIR                7221791.00  air_process                 
13:32:43  INFO        [PROCESS] Power_Dis                    11813076.00  power_process               
13:32:43  INFO        [PROCESS] SHP Steam_Dis                  219588.00  shp_process                 
13:32:43  INFO        [PROCESS] HP Steam_Dis                   -21599.00  hp_process                  
13:32:43  INFO        [PROCESS] Utility Water                    3548.00  utility_water_process       
13:32:43  INFO        [PROCESS] Ret steam condensate          -154158.00  ret_steam_condensate_process
13:32:43  INFO        [PROCESS] TOTAL                                                                 
13:32:43  INFO        [PROCESS]   power_process             11813076.00
13:32:43  INFO        [PROCESS]   lp_process                   54000.00
13:32:43  INFO        [PROCESS]   mp_process                 -127253.00
13:32:43  INFO        [PROCESS]   hp_process                  -21599.00
13:32:43  INFO        [PROCESS]   shp_process                 219588.00
13:32:43  INFO        [PROCESS]   air_process                7221791.00
13:32:43  INFO        [PROCESS]   nitrogen_asu_process       4435199.00
13:32:43  INFO        [PROCESS]   dm_process                   72073.00
13:32:43  INFO        [PROCESS]   cooling_water_process        47161.00
13:32:43  INFO        [PROCESS]   utility_water_process         3548.00
13:32:43  INFO        [PROCESS]   ret_steam_condensate_process     -154158.00
13:32:43  INFO        [FIXED] ==================================================
13:32:43  INFO        [FIXED] Fetching fixed consumption for plant BA558F95-8A3F-4769-9C78-FF7B6C639DDF
13:32:43  INFO        [FIXED] Financial year : 2025-26
13:32:43  INFO        [FIXED] Selected month : Apr
13:32:43  INFO        [FIXED] ==================================================
13:32:43  INFO        [FIXED] Using CPP Plant ID as SourceName to find sub-plants: BA558F95-8A3F-4769-9C78-FF7B6C639DDF
13:32:43  INFO        [FIXED] Trying table: CPPFixedConsumption (SourceName filter)
13:32:43  INFO        [FIXED] No rows returned for SourceName filter; trying Plant_FK_Id fallback
13:32:43  INFO        [FIXED] Trying table: CPPFixedConsumption (Plant_FK_Id filter)
13:32:43  WARNING     [FIXED] No fixed consumption table available for plant BA558F95-8A3F-4769-9C78-FF7B6C639DDF
13:32:43  INFO        [DEMAND] ==================================================
13:32:43  INFO        [DEMAND] Utility-wise demand rollup  (4/2025)
13:32:43  INFO        [DEMAND] Utility                        Process         Fixed         Total  Unit    
13:32:43  INFO        [DEMAND] ------------------------  ------------  ------------  ------------  --------
13:32:43  INFO        [DEMAND] Power                         11813.08          0.00      11813.08  MWh     
13:32:43  INFO        [DEMAND] LP Steam                      54000.00          0.00      54000.00  MT      
13:32:43  INFO        [DEMAND] MP Steam                    -127253.00          0.00    -127253.00  MT      
13:32:43  INFO        [DEMAND] HP Steam                     -21599.00          0.00     -21599.00  MT      
13:32:43  INFO        [DEMAND] SHP Steam                    219588.00          0.00     219588.00  MT      
13:32:43  INFO        [DEMAND] Compressed Air              7221791.00          0.00    7221791.00  NM3     
13:32:43  INFO        [DEMAND] Nitrogen ASU                4435199.00          0.00    4435199.00  NM3     
13:32:43  INFO        [DEMAND] DM Water                      72073.00          0.00      72073.00  M3      
13:32:43  INFO        [DEMAND] CW1                               0.00          0.00          0.00  KM3     
13:32:43  INFO        [DEMAND] CW2                               0.00          0.00          0.00  KM3     
13:32:43  INFO        [DEMAND] Cooling Water                 47161.00          0.00      47161.00  KM3     
13:32:43  INFO        [DEMAND] Raw Water                         0.00          0.00          0.00  M3      
13:32:43  INFO        [DEMAND] Utility Water                  3548.00          0.00       3548.00  M3      
13:32:43  INFO        [DEMAND] Ret Steam Condensate        -154158.00          0.00    -154158.00  M3      
13:32:43  INFO        [DEMAND] Oxygen                            0.00          0.00          0.00  MT      
13:32:43  INFO        [DEMAND] Effluent                          0.00          0.00          0.00  M3      
13:32:43  INFO        [DEMAND] ==================================================
13:32:45  INFO        [DC] ==================================================
13:32:45  INFO        [DC] Power Demand vs Capacity Check:
13:32:45  INFO        [DC] Demand: 11813.08 MWh, Available Capacity: 222957.00 MWh
13:32:45  INFO        [DC] -> Power demand CAN be achieved with available assets.
13:32:45  INFO        [DC] Steam (SHP) Demand vs Capacity Check:
13:32:45  INFO        [DC] Demand: 124736.00 MT, Available Capacity: 1553760.00 MT
13:32:45  INFO        [DC] -> Steam demand CAN be achieved with available assets.
13:32:45  INFO        [DC] ==================================================
13:32:45  INFO        [PROCESS] Found 11 rows for FY 2025-26, plant BA558F95-8A3F-4769-9C78-FF7B6C639DDF
13:32:45  INFO        [PROCESS] Utility                           Demand  Mapped Key                  
13:32:45  INFO        [PROCESS] ------------------------  --------------  ----------------------------
13:32:45  INFO        [PROCESS] D M Water                       72073.00  dm_process                  
13:32:45  INFO        [PROCESS] LP Steam_Dis                    54000.00  lp_process                  
13:32:45  INFO        [PROCESS] MP Steam_Dis                  -127253.00  mp_process                  
13:32:45  INFO        [PROCESS] Cooling Water                   47161.00  cooling_water_process       
13:32:45  INFO        [PROCESS] NITROGEN_ASU                  4435199.00  nitrogen_asu_process        
13:32:45  INFO        [PROCESS] COMPRESSED AIR                7221791.00  air_process                 
13:32:45  INFO        [PROCESS] Power_Dis                    11813076.00  power_process               
13:32:45  INFO        [PROCESS] SHP Steam_Dis                  219588.00  shp_process                 
13:32:45  INFO        [PROCESS] HP Steam_Dis                   -21599.00  hp_process                  
13:32:45  INFO        [PROCESS] Utility Water                    3548.00  utility_water_process       
13:32:45  INFO        [PROCESS] Ret steam condensate          -154158.00  ret_steam_condensate_process
13:32:45  INFO        [PROCESS] TOTAL                                                                 
13:32:45  INFO        [PROCESS]   power_process             11813076.00
13:32:45  INFO        [PROCESS]   lp_process                   54000.00
13:32:45  INFO        [PROCESS]   mp_process                 -127253.00
13:32:45  INFO        [PROCESS]   hp_process                  -21599.00
13:32:45  INFO        [PROCESS]   shp_process                 219588.00
13:32:45  INFO        [PROCESS]   air_process                7221791.00
13:32:45  INFO        [PROCESS]   nitrogen_asu_process       4435199.00
13:32:45  INFO        [PROCESS]   dm_process                   72073.00
13:32:45  INFO        [PROCESS]   cooling_water_process        47161.00
13:32:45  INFO        [PROCESS]   utility_water_process         3548.00
13:32:45  INFO        [PROCESS]   ret_steam_condensate_process     -154158.00
13:32:45  INFO        [FIXED] ==================================================
13:32:45  INFO        [FIXED] Fetching fixed consumption for plant BA558F95-8A3F-4769-9C78-FF7B6C639DDF
13:32:45  INFO        [FIXED] Financial year : 2025-26
13:32:45  INFO        [FIXED] Selected month : Apr
13:32:45  INFO        [FIXED] ==================================================
13:32:46  INFO        [FIXED] Using CPP Plant ID as SourceName to find sub-plants: BA558F95-8A3F-4769-9C78-FF7B6C639DDF
13:32:46  INFO        [FIXED] Trying table: CPPFixedConsumption (SourceName filter)
13:32:46  INFO        [FIXED] No rows returned for SourceName filter; trying Plant_FK_Id fallback
13:32:46  INFO        [FIXED] Trying table: CPPFixedConsumption (Plant_FK_Id filter)
13:32:46  WARNING     [FIXED] No fixed consumption table available for plant BA558F95-8A3F-4769-9C78-FF7B6C639DDF
13:32:47  WARNING     [DISPATCH] Month 4/2025 (value: 2025.04) not found in Excel columns
13:32:47  INFO        ==============================================================================
13:32:47  INFO        POWER DISPATCH  (April 2025)
13:32:47  INFO        ==============================================================================
13:32:47  INFO        Demand:  Process = 11813.08 MWh  |  Fixed = 0.00 MWh  |  Total = 11813.08 MWh
13:32:47  INFO      
13:32:47  INFO        Step 1: All assets at MIN load
13:32:47  INFO        Asset                      Priority    Min MW    Max MW     Hours       Min MWh
13:32:47  INFO        -------------------------  --------  --------  --------  --------  ------------
13:32:47  INFO        JMD - C2-GTG 1                   33     70.00    110.00    709.00      49630.00
13:32:47  INFO        JMD - C2-GTG 2                    2     80.00    110.00    710.00      56800.00
13:32:47  INFO        JMD - C2-STG 1                    1      0.00     93.00    719.00          0.00
13:32:47  INFO        TOTAL MIN GENERATION                                                  106430.00
13:32:47  INFO      
13:32:47  INFO        ⚠ SURPLUS: MIN generation (106430.00 MWh) EXCEEDS demand (11813.08 MWh)
13:32:47  INFO          Surplus = 94616.92 MWh  (will be handled via export power in future)
13:32:47  INFO      
13:32:47  INFO        FINAL DISPATCH
13:32:47  INFO        Asset                      Priority   Dispatched MW  Dispatched MWh    Load %   Avg Load MW   Free Steam MT        Aux Norm   Aux Power MWh
13:32:47  INFO        -------------------------  --------  --------------  --------------  --------  ------------  --------------  --------------  --------------
13:32:47  INFO        JMD - C2-GTG 1                   33           70.00        49630.00     63.6%         70.00        97771.10        0.001350           67.00
13:32:47  INFO        JMD - C2-GTG 2                    2           80.00        56800.00     72.7%         80.00       111896.00        0.001350           76.68
13:32:47  INFO        JMD - C2-STG 1                    1            0.00            0.00      0.0%          0.00            0.00        0.007050            0.00
13:32:47  INFO        TOTAL                                                     106430.00                               209667.10                          143.68
13:32:47  INFO        ==============================================================================
13:32:47  INFO        [PROCESS] Found 11 rows for FY 2025-26, plant BA558F95-8A3F-4769-9C78-FF7B6C639DDF
13:32:47  INFO        [PROCESS] Utility                           Demand  Mapped Key                  
13:32:47  INFO        [PROCESS] ------------------------  --------------  ----------------------------
13:32:47  INFO        [PROCESS] D M Water                       72073.00  dm_process                  
13:32:47  INFO        [PROCESS] LP Steam_Dis                    54000.00  lp_process                  
13:32:47  INFO        [PROCESS] MP Steam_Dis                  -127253.00  mp_process                  
13:32:47  INFO        [PROCESS] Cooling Water                   47161.00  cooling_water_process       
13:32:47  INFO        [PROCESS] NITROGEN_ASU                  4435199.00  nitrogen_asu_process        
13:32:47  INFO        [PROCESS] COMPRESSED AIR                7221791.00  air_process                 
13:32:47  INFO        [PROCESS] Power_Dis                    11813076.00  power_process               
13:32:47  INFO        [PROCESS] SHP Steam_Dis                  219588.00  shp_process                 
13:32:47  INFO        [PROCESS] HP Steam_Dis                   -21599.00  hp_process                  
13:32:47  INFO        [PROCESS] Utility Water                    3548.00  utility_water_process       
13:32:47  INFO        [PROCESS] Ret steam condensate          -154158.00  ret_steam_condensate_process
13:32:47  INFO        [PROCESS] TOTAL                                                                 
13:32:47  INFO        [PROCESS]   power_process             11813076.00
13:32:47  INFO        [PROCESS]   lp_process                   54000.00
13:32:47  INFO        [PROCESS]   mp_process                 -127253.00
13:32:47  INFO        [PROCESS]   hp_process                  -21599.00
13:32:47  INFO        [PROCESS]   shp_process                 219588.00
13:32:47  INFO        [PROCESS]   air_process                7221791.00
13:32:47  INFO        [PROCESS]   nitrogen_asu_process       4435199.00
13:32:47  INFO        [PROCESS]   dm_process                   72073.00
13:32:47  INFO        [PROCESS]   cooling_water_process        47161.00
13:32:47  INFO        [PROCESS]   utility_water_process         3548.00
13:32:47  INFO        [PROCESS]   ret_steam_condensate_process     -154158.00
13:32:47  INFO        [FIXED] ==================================================
13:32:47  INFO        [FIXED] Fetching fixed consumption for plant BA558F95-8A3F-4769-9C78-FF7B6C639DDF
13:32:47  INFO        [FIXED] Financial year : 2025-26
13:32:47  INFO        [FIXED] Selected month : Apr
13:32:47  INFO        [FIXED] ==================================================
13:32:47  INFO        [FIXED] Using CPP Plant ID as SourceName to find sub-plants: BA558F95-8A3F-4769-9C78-FF7B6C639DDF
13:32:47  INFO        [FIXED] Trying table: CPPFixedConsumption (SourceName filter)
13:32:47  INFO        [FIXED] No rows returned for SourceName filter; trying Plant_FK_Id fallback
13:32:47  INFO        [FIXED] Trying table: CPPFixedConsumption (Plant_FK_Id filter)
13:32:47  WARNING     [FIXED] No fixed consumption table available for plant BA558F95-8A3F-4769-9C78-FF7B6C639DDF
13:32:49  WARNING     [DISPATCH] Month 4/2025 (value: 2025.04) not found in Excel columns for steam norms
13:32:51  WARNING     [DISPATCH] Month 4/2025 (value: 2025.04) not found in Excel columns for byproduct norms
13:32:52  INFO        ==============================================================================
13:32:52  INFO        STEAM DISPATCH  (April 2025)
13:32:52  INFO        ==============================================================================
13:32:52  INFO        Grade      Process/Fixed MT  Letdown MT  Byproduct MT     Net Demand MT
13:32:52  INFO        ---------  ----------------  ----------  ------------  ----------------
13:32:52  INFO        LP                 54000.00    18847.08     -34056.00          19944.00
13:32:52  INFO        MP               -127253.00        0.00          0.00        -108405.92
13:32:52  INFO        HP                -21599.00        0.00          0.00         -21599.00
13:32:52  INFO        SHP               219588.00        0.00          0.00         219588.00
13:32:52  INFO      
13:32:52  INFO        Total Free Steam available: 209667.10 MT
13:32:52  INFO      
13:32:52  INFO        FINAL SUPPLEMENTARY FIRING DISPATCH
13:32:52  INFO        Asset                      Priority     Min TPH     Max TPH     Hours  Dispatched TPH   Dispatched MT    Load %
13:32:52  INFO        -------------------------  --------  ----------  ----------  --------  --------------  --------------  --------
13:32:52  INFO        AUXBOIL7_SHP STEAM                1       90.00      220.00    699.00           90.00        62910.00     40.9%
13:32:52  INFO        AUXBOIL8_SHP STEAM                1       90.00      220.00    720.00           90.00        64800.00     40.9%
13:32:52  INFO        HRSG1_C2_SHP STEAM               33      160.00      250.00    709.00          160.00       113440.00     64.0%
13:32:52  INFO        HRSG2_C2_SHP STEAM                2      160.00      250.00    710.00          160.00       113600.00     64.0%
13:32:52  INFO        TOTAL SUPPLEMENTARY                                                                         354750.00          
13:32:52  INFO        TOTAL STEAM GENERATED                                                                       564417.10          
13:32:52  INFO        ✓ Steam demand fully met with surplus of 344829.10 MT
13:32:52  INFO        ==============================================================================
13:32:52  INFO        [CALC] Done  4/2025  (9.2s)  assets=3  norms=0
