JMD Plant Run Log
Plant:     C2 CPP
Period:    4/2026
Generated: 2026-06-23 21:50:52
================================================================================


======================================================================
  NEW SCHEMA ASSET SNAPSHOT  (April 2026)
======================================================================
  Plant:    C2-CPP
  AOP Year: 2026-27

  POWER ASSETS
  Asset                      Type           Hours    Min MW    Max MW     Gen MWh   Prio
  -------------------------  ----------  --------  --------  --------  ----------  -----
  JMD - C2-GTG 1             GT            687.00     80.00    110.00    75570.00      1
  JMD - C2-GTG 2             GT            710.00     80.00    110.00    78100.00      1
  JMD - C2-STG 1             STG           719.00      0.00     93.00    66867.00      1
  TOTAL                                                                 220537.00       

  STEAM ASSETS
  Asset                      Type        SteamType      Hours   Min TPH   Max TPH      Gen MT   Prio
  -------------------------  ----------  ----------  --------  --------  --------  ----------  -----
  AUXBOIL7_SHP STEAM         AUXBOILER   SHP Steam_Dis    698.00     90.00    220.00   153560.00      1
  AUXBOIL8_SHP STEAM         AUXBOILER   SHP Steam_Dis    720.00     90.00    220.00   158400.00      1
  HP Steam PRDS              PRDS        HP Steam_Dis    720.00      0.00    568.00   408960.00      1
  HRSG1_C2_LP STEAM          HRSG        LP Steam_Dis    720.00     32.00     42.00    30240.00      1
  HRSG1_C2_SHP STEAM         HRSG        SHP Steam_Dis    720.00    160.00    250.00   180000.00      1
  HRSG2_C2_LP STEAM          HRSG        LP Steam_Dis    720.00     32.00     42.00    30240.00      1
  HRSG2_C2_SHP STEAM         HRSG        SHP Steam_Dis    720.00    160.00    250.00   180000.00      1
  LP Steam PRDS              PRDS        LP Steam_Dis    720.00      0.00     68.00    48960.00      1
  MP Steam PRDS SHP          PRDS        MP Steam_Dis    720.00      0.00    498.00   358560.00      1
  TOTAL                                                                            1548920.00       

  MONTHLY GENERATION SUMMARY
  Category                  Generation  Unit    
  --------------------  --------------  --------
  Power                     220,537.00  MWh
  Steam                   1,548,920.00  MT
21:50:35  INFO        [CALC] C2 CPP  4/2026  (2026-27)
21:50:35  INFO        [PROCESS] Found 11 rows for FY 2026-27, plant BA558F95-8A3F-4769-9C78-FF7B6C639DDF
21:50:35  INFO        [PROCESS] Utility                           Demand  Mapped Key                  
21:50:35  INFO        [PROCESS] ------------------------  --------------  ----------------------------
21:50:35  INFO        [PROCESS] NITROGEN_ASU                  4435199.00  nitrogen_asu_process        
21:50:35  INFO        [PROCESS] COMPRESSED AIR                7221792.00  air_process                 
21:50:35  INFO        [PROCESS] HP Steam_Dis                   -21599.00  hp_process                  
21:50:35  INFO        [PROCESS] SHP Steam_Dis                  219588.00  shp_process                 
21:50:35  INFO        [PROCESS] Power_Dis                    11813076.00  power_process               
21:50:35  INFO        [PROCESS] MP Steam_Dis                  -127253.00  mp_process                  
21:50:35  INFO        [PROCESS] Utility Water                    3548.00  utility_water_process       
21:50:35  INFO        [PROCESS] D M Water                       72074.00  dm_process                  
21:50:35  INFO        [PROCESS] LP Steam_Dis                    54000.00  lp_process                  
21:50:35  INFO        [PROCESS] Ret steam condensate          -154158.00  ret_steam_condensate_process
21:50:35  INFO        [PROCESS] Cooling Water                   47161.00  cooling_water_process       
21:50:35  INFO        [PROCESS] TOTAL                                                                 
21:50:35  INFO        [PROCESS]   power_process             11813076.00
21:50:35  INFO        [PROCESS]   lp_process                   54000.00
21:50:35  INFO        [PROCESS]   mp_process                 -127253.00
21:50:35  INFO        [PROCESS]   hp_process                  -21599.00
21:50:35  INFO        [PROCESS]   shp_process                 219588.00
21:50:35  INFO        [PROCESS]   air_process                7221792.00
21:50:35  INFO        [PROCESS]   nitrogen_asu_process       4435199.00
21:50:35  INFO        [PROCESS]   dm_process                   72074.00
21:50:35  INFO        [PROCESS]   cooling_water_process        47161.00
21:50:35  INFO        [PROCESS]   utility_water_process         3548.00
21:50:35  INFO        [PROCESS]   ret_steam_condensate_process     -154158.00
21:50:36  INFO        [FIXED] ==================================================
21:50:36  INFO        [FIXED] Fetching fixed consumption for plant BA558F95-8A3F-4769-9C78-FF7B6C639DDF
21:50:36  INFO        [FIXED] Financial year : 2026-27
21:50:36  INFO        [FIXED] Selected month : Apr
21:50:36  INFO        [FIXED] ==================================================
21:50:36  INFO        [FIXED] Using CPP Plant ID as SourceName to find sub-plants: BA558F95-8A3F-4769-9C78-FF7B6C639DDF
21:50:36  INFO        [FIXED] Trying table: CPPFixedConsumption (SourceName filter)
21:50:36  INFO        [FIXED] Using table: CPPFixedConsumption
21:50:36  INFO        [FIXED] Power values are normalized from kWh to MWh for the model
21:50:36  INFO        [FIXED] Plant                     Cost Center             Utility                      Value
21:50:36  INFO        [FIXED] ------------------------  ----------------------  ------------------  --------------
21:50:36  INFO        [FIXED] JMD - DTA-MEG-C2 Gantry   JG- C2- Tank Farm       COMPRESSED AIR           501800.00
21:50:36  INFO        [FIXED] JMD-Rev Proc-DTA C2       JG-C2-Tankfarms         COMPRESSED AIR            79200.00
21:50:36  INFO        [FIXED] JMD - C2 Utility Plant    JG-DTA-Utility Sale to Sibur  COMPRESSED AIR           746713.00
21:50:36  INFO        [FIXED] JMD - DTA-MEG-C2 Gantry   JG- C2- Tank Farm       Cooling Water             10872.00
21:50:36  INFO        [FIXED] JMD - C2 Utility Plant    JG-DTA-Utility Sale to Sibur  D M Water                 55713.00
21:50:36  INFO        [FIXED] JMD-Rev Proc-DTA C2       JG-C2-Horticulture      Effluent Treated         131760.00
21:50:36  INFO        [FIXED] JMD - C2 Utility Plant    JG-C2-Steam Dumping     HP Steam_Dis                238.00
21:50:36  INFO        [FIXED] JMD - DTA-MEG-C2 Gantry   JG- C2- Tank Farm       LP Steam_Dis               4320.00
21:50:36  INFO        [FIXED] JMD - C2 Utility Plant    JG-C2-Steam Dumping     LP Steam_Dis                425.00
21:50:36  INFO        [FIXED] JMD - DTA-MEG-C2 Gantry   JG- C2- Tank Farm       MP Steam_Dis               1200.00
21:50:36  INFO        [FIXED] JMD - C2 Utility Plant    JG-C2-Steam Dumping     MP Steam_Dis                389.00
21:50:36  INFO        [FIXED] JMD - C2 Utility Plant    JG-C2-Steam Flaring     MP Steam_Dis               6336.00
21:50:36  INFO        [FIXED] JMD - DTA-MEG-C2 Gantry   JG- C2- Tank Farm       NITROGEN_ASU             648000.00
21:50:36  INFO        [FIXED] JMD - C2 Utility Plant    JG-C2-Steam Flaring     NITROGEN_ASU             504000.00
21:50:36  INFO        [FIXED] JMD - C2 Utility Plant    JG-DTA-Utility Sale to Sibur  NITROGEN_ASU             800800.00
21:50:36  INFO        [FIXED] JMD - DTA-MEG-C2 Gantry   JG- C2- Tank Farm       Power_Dis                  2880.00
21:50:36  INFO        [FIXED] JMD - C2 Utility Plant    JG C2 Utility Common    Power_Dis                  1440.08
21:50:36  INFO        [FIXED] JMD-Rev Proc-DTA C2       JG C2 Utility Common    Power_Dis                  3528.00
21:50:36  INFO        [FIXED] JMD - C2 Utility Plant    JG-C2-FIRE WATER        Power_Dis                   151.20
21:50:36  INFO        [FIXED] JMD - C2 Utility Plant    JG-DTA-C2-RWTP          Power_Dis                   180.00
21:50:36  INFO        [FIXED] JMD - DTA-C2 Power & UTILITY  JG-DTA-Utility Sale to Sibur  Power_Dis                 12162.00
21:50:36  INFO        [FIXED] JMD - DTA-MEG-C2 Gantry   JG- C2- Tank Farm       Ret steam condensate         1512.00
21:50:36  INFO        [FIXED] JMD - C2 Utility Plant    JG-C2-Steam Dumping     SHP Steam_Dis               630.00
21:50:36  INFO        [FIXED] JMD - C2 Utility Plant    JG-DTA-Utility Sale to Sibur  SHP Steam_Dis             93660.00
21:50:36  INFO        [FIXED] JMD - C2 Utility Plant    JG-DTA-Utility Sale to Sibur  SWRO WATER                87646.00
21:50:36  INFO        [FIXED]   -> unmapped utility kept out of rollup: SWRO WATER
21:50:36  INFO        [FIXED] JMD - DTA-MEG-C2 Gantry   JG- C2- Tank Farm       Utility Water               720.00
21:50:36  INFO        [FIXED] JMD - C2 Utility Plant    JG C2 Utility Common    Utility Water           1512083.00
21:50:36  INFO        [FIXED] JMD - C2 Utility Plant    JG-DTA-Utility Sale to Sibur  Utility Water             10847.00
21:50:36  INFO        [FIXED] --------------------------------------------------
21:50:36  INFO        [FIXED] Utility-wise fixed totals
21:50:36  INFO        [FIXED] Utility                            Total  Unit    
21:50:36  INFO        [FIXED] ------------------------  --------------  --------
21:50:36  INFO        [FIXED] Power                           20341.28  MWh     
21:50:36  INFO        [FIXED] LP Steam                         4745.00  MT      
21:50:36  INFO        [FIXED] MP Steam                         7925.00  MT      
21:50:36  INFO        [FIXED] HP Steam                          238.00  MT      
21:50:36  INFO        [FIXED] SHP Steam                       94290.00  MT      
21:50:36  INFO        [FIXED] Compressed Air                1327713.00  NM3     
21:50:36  INFO        [FIXED] Nitrogen ASU                  1952800.00  NM3     
21:50:36  INFO        [FIXED] DM Water                        55713.00  M3      
21:50:36  INFO        [FIXED] Cooling Water                   10872.00  KM3     
21:50:36  INFO        [FIXED] Utility Water                 1523650.00  M3      
21:50:36  INFO        [FIXED] Ret Steam Condensate             1512.00  M3      
21:50:36  INFO        [FIXED] Effluent                       131760.00  M3      
21:50:36  INFO        [FIXED] ==================================================
21:50:36  INFO        [DEMAND] ==================================================
21:50:36  INFO        [DEMAND] Utility-wise demand rollup  (4/2026)
21:50:36  INFO        [DEMAND] Utility                        Process         Fixed         Total  Unit    
21:50:36  INFO        [DEMAND] ------------------------  ------------  ------------  ------------  --------
21:50:36  INFO        [DEMAND] Power                         11813.08      20341.28      32154.36  MWh     
21:50:36  INFO        [DEMAND] LP Steam                      54000.00       4745.00      58745.00  MT      
21:50:36  INFO        [DEMAND] MP Steam                    -127253.00       7925.00    -119328.00  MT      
21:50:36  INFO        [DEMAND] HP Steam                     -21599.00        238.00     -21361.00  MT      
21:50:36  INFO        [DEMAND] SHP Steam                    219588.00      94290.00     313878.00  MT      
21:50:36  INFO        [DEMAND] Compressed Air              7221792.00    1327713.00    8549505.00  NM3     
21:50:36  INFO        [DEMAND] Nitrogen ASU                4435199.00    1952800.00    6387999.00  NM3     
21:50:36  INFO        [DEMAND] DM Water                      72074.00      55713.00     127787.00  M3      
21:50:36  INFO        [DEMAND] CW1                               0.00          0.00          0.00  KM3     
21:50:36  INFO        [DEMAND] CW2                               0.00          0.00          0.00  KM3     
21:50:36  INFO        [DEMAND] Cooling Water                 47161.00      10872.00      58033.00  KM3     
21:50:36  INFO        [DEMAND] Raw Water                         0.00          0.00          0.00  M3      
21:50:36  INFO        [DEMAND] Utility Water                  3548.00    1523650.00    1527198.00  M3      
21:50:36  INFO        [DEMAND] Ret Steam Condensate        -154158.00       1512.00    -152646.00  M3      
21:50:36  INFO        [DEMAND] Oxygen                            0.00          0.00          0.00  MT      
21:50:36  INFO        [DEMAND] Effluent                          0.00     131760.00     131760.00  M3      
21:50:36  INFO        [DEMAND] ==================================================
21:50:41  INFO        [DC] ==================================================
21:50:41  INFO        [DC] Power Demand vs Capacity Check:
21:50:41  INFO        [DC] Demand: 32154.36 MWh, Available Capacity: 220537.00 MWh
21:50:41  INFO        [DC] -> Power demand CAN be achieved with available assets.
21:50:41  INFO        [DC] Steam (SHP) Demand vs Capacity Check:
21:50:41  INFO        [DC] Demand: 231934.00 MT, Available Capacity: 1553760.00 MT
21:50:41  INFO        [DC] -> Steam demand CAN be achieved with available assets.
21:50:41  INFO        [DC] ==================================================
21:50:43  INFO        [PROCESS] Found 11 rows for FY 2026-27, plant BA558F95-8A3F-4769-9C78-FF7B6C639DDF
21:50:43  INFO        [PROCESS] Utility                           Demand  Mapped Key                  
21:50:43  INFO        [PROCESS] ------------------------  --------------  ----------------------------
21:50:43  INFO        [PROCESS] NITROGEN_ASU                  4435199.00  nitrogen_asu_process        
21:50:43  INFO        [PROCESS] COMPRESSED AIR                7221792.00  air_process                 
21:50:43  INFO        [PROCESS] HP Steam_Dis                   -21599.00  hp_process                  
21:50:43  INFO        [PROCESS] SHP Steam_Dis                  219588.00  shp_process                 
21:50:43  INFO        [PROCESS] Power_Dis                    11813076.00  power_process               
21:50:43  INFO        [PROCESS] MP Steam_Dis                  -127253.00  mp_process                  
21:50:43  INFO        [PROCESS] Utility Water                    3548.00  utility_water_process       
21:50:43  INFO        [PROCESS] D M Water                       72074.00  dm_process                  
21:50:43  INFO        [PROCESS] LP Steam_Dis                    54000.00  lp_process                  
21:50:43  INFO        [PROCESS] Ret steam condensate          -154158.00  ret_steam_condensate_process
21:50:43  INFO        [PROCESS] Cooling Water                   47161.00  cooling_water_process       
21:50:43  INFO        [PROCESS] TOTAL                                                                 
21:50:43  INFO        [PROCESS]   power_process             11813076.00
21:50:43  INFO        [PROCESS]   lp_process                   54000.00
21:50:43  INFO        [PROCESS]   mp_process                 -127253.00
21:50:43  INFO        [PROCESS]   hp_process                  -21599.00
21:50:43  INFO        [PROCESS]   shp_process                 219588.00
21:50:43  INFO        [PROCESS]   air_process                7221792.00
21:50:43  INFO        [PROCESS]   nitrogen_asu_process       4435199.00
21:50:43  INFO        [PROCESS]   dm_process                   72074.00
21:50:43  INFO        [PROCESS]   cooling_water_process        47161.00
21:50:43  INFO        [PROCESS]   utility_water_process         3548.00
21:50:43  INFO        [PROCESS]   ret_steam_condensate_process     -154158.00
21:50:43  INFO        [FIXED] ==================================================
21:50:43  INFO        [FIXED] Fetching fixed consumption for plant BA558F95-8A3F-4769-9C78-FF7B6C639DDF
21:50:43  INFO        [FIXED] Financial year : 2026-27
21:50:43  INFO        [FIXED] Selected month : Apr
21:50:43  INFO        [FIXED] ==================================================
21:50:43  INFO        [FIXED] Using CPP Plant ID as SourceName to find sub-plants: BA558F95-8A3F-4769-9C78-FF7B6C639DDF
21:50:43  INFO        [FIXED] Trying table: CPPFixedConsumption (SourceName filter)
21:50:43  INFO        [FIXED] Using table: CPPFixedConsumption
21:50:43  INFO        [FIXED] Power values are normalized from kWh to MWh for the model
21:50:43  INFO        [FIXED] Plant                     Cost Center             Utility                      Value
21:50:43  INFO        [FIXED] ------------------------  ----------------------  ------------------  --------------
21:50:43  INFO        [FIXED] JMD - DTA-MEG-C2 Gantry   JG- C2- Tank Farm       COMPRESSED AIR           501800.00
21:50:43  INFO        [FIXED] JMD-Rev Proc-DTA C2       JG-C2-Tankfarms         COMPRESSED AIR            79200.00
21:50:43  INFO        [FIXED] JMD - C2 Utility Plant    JG-DTA-Utility Sale to Sibur  COMPRESSED AIR           746713.00
21:50:43  INFO        [FIXED] JMD - DTA-MEG-C2 Gantry   JG- C2- Tank Farm       Cooling Water             10872.00
21:50:43  INFO        [FIXED] JMD - C2 Utility Plant    JG-DTA-Utility Sale to Sibur  D M Water                 55713.00
21:50:43  INFO        [FIXED] JMD-Rev Proc-DTA C2       JG-C2-Horticulture      Effluent Treated         131760.00
21:50:43  INFO        [FIXED] JMD - C2 Utility Plant    JG-C2-Steam Dumping     HP Steam_Dis                238.00
21:50:43  INFO        [FIXED] JMD - DTA-MEG-C2 Gantry   JG- C2- Tank Farm       LP Steam_Dis               4320.00
21:50:44  INFO        [FIXED] JMD - C2 Utility Plant    JG-C2-Steam Dumping     LP Steam_Dis                425.00
21:50:44  INFO        [FIXED] JMD - DTA-MEG-C2 Gantry   JG- C2- Tank Farm       MP Steam_Dis               1200.00
21:50:44  INFO        [FIXED] JMD - C2 Utility Plant    JG-C2-Steam Dumping     MP Steam_Dis                389.00
21:50:44  INFO        [FIXED] JMD - C2 Utility Plant    JG-C2-Steam Flaring     MP Steam_Dis               6336.00
21:50:44  INFO        [FIXED] JMD - DTA-MEG-C2 Gantry   JG- C2- Tank Farm       NITROGEN_ASU             648000.00
21:50:44  INFO        [FIXED] JMD - C2 Utility Plant    JG-C2-Steam Flaring     NITROGEN_ASU             504000.00
21:50:44  INFO        [FIXED] JMD - C2 Utility Plant    JG-DTA-Utility Sale to Sibur  NITROGEN_ASU             800800.00
21:50:44  INFO        [FIXED] JMD - DTA-MEG-C2 Gantry   JG- C2- Tank Farm       Power_Dis                  2880.00
21:50:44  INFO        [FIXED] JMD - C2 Utility Plant    JG C2 Utility Common    Power_Dis                  1440.08
21:50:44  INFO        [FIXED] JMD-Rev Proc-DTA C2       JG C2 Utility Common    Power_Dis                  3528.00
21:50:44  INFO        [FIXED] JMD - C2 Utility Plant    JG-C2-FIRE WATER        Power_Dis                   151.20
21:50:44  INFO        [FIXED] JMD - C2 Utility Plant    JG-DTA-C2-RWTP          Power_Dis                   180.00
21:50:44  INFO        [FIXED] JMD - DTA-C2 Power & UTILITY  JG-DTA-Utility Sale to Sibur  Power_Dis                 12162.00
21:50:44  INFO        [FIXED] JMD - DTA-MEG-C2 Gantry   JG- C2- Tank Farm       Ret steam condensate         1512.00
21:50:44  INFO        [FIXED] JMD - C2 Utility Plant    JG-C2-Steam Dumping     SHP Steam_Dis               630.00
21:50:44  INFO        [FIXED] JMD - C2 Utility Plant    JG-DTA-Utility Sale to Sibur  SHP Steam_Dis             93660.00
21:50:44  INFO        [FIXED] JMD - C2 Utility Plant    JG-DTA-Utility Sale to Sibur  SWRO WATER                87646.00
21:50:44  INFO        [FIXED]   -> unmapped utility kept out of rollup: SWRO WATER
21:50:44  INFO        [FIXED] JMD - DTA-MEG-C2 Gantry   JG- C2- Tank Farm       Utility Water               720.00
21:50:44  INFO        [FIXED] JMD - C2 Utility Plant    JG C2 Utility Common    Utility Water           1512083.00
21:50:44  INFO        [FIXED] JMD - C2 Utility Plant    JG-DTA-Utility Sale to Sibur  Utility Water             10847.00
21:50:44  INFO        [FIXED] --------------------------------------------------
21:50:44  INFO        [FIXED] Utility-wise fixed totals
21:50:44  INFO        [FIXED] Utility                            Total  Unit    
21:50:44  INFO        [FIXED] ------------------------  --------------  --------
21:50:44  INFO        [FIXED] Power                           20341.28  MWh     
21:50:44  INFO        [FIXED] LP Steam                         4745.00  MT      
21:50:44  INFO        [FIXED] MP Steam                         7925.00  MT      
21:50:44  INFO        [FIXED] HP Steam                          238.00  MT      
21:50:44  INFO        [FIXED] SHP Steam                       94290.00  MT      
21:50:44  INFO        [FIXED] Compressed Air                1327713.00  NM3     
21:50:44  INFO        [FIXED] Nitrogen ASU                  1952800.00  NM3     
21:50:44  INFO        [FIXED] DM Water                        55713.00  M3      
21:50:44  INFO        [FIXED] Cooling Water                   10872.00  KM3     
21:50:44  INFO        [FIXED] Utility Water                 1523650.00  M3      
21:50:44  INFO        [FIXED] Ret Steam Condensate             1512.00  M3      
21:50:44  INFO        [FIXED] Effluent                       131760.00  M3      
21:50:44  INFO        [FIXED] ==================================================
21:50:46  INFO        ==============================================================================
21:50:46  INFO        POWER DISPATCH  (April 2026)
21:50:46  INFO        ==============================================================================
21:50:46  INFO        Demand:  Process = 11813.08 MWh  |  Fixed = 20341.28 MWh  |  Total = 32154.36 MWh
21:50:46  INFO      
21:50:46  INFO        Step 1: All assets at MIN load
21:50:46  INFO        Asset                      Priority    Min MW    Max MW     Hours       Min MWh
21:50:46  INFO        -------------------------  --------  --------  --------  --------  ------------
21:50:46  INFO        JMD - C2-GTG 1                    1     80.00    110.00    687.00      54960.00
21:50:46  INFO        JMD - C2-GTG 2                    1     80.00    110.00    710.00      56800.00
21:50:46  INFO        JMD - C2-STG 1                    1      0.00     93.00    719.00          0.00
21:50:46  INFO        TOTAL MIN GENERATION                                                  111760.00
21:50:46  INFO      
21:50:46  INFO        ⚠ SURPLUS: MIN generation (111760.00 MWh) EXCEEDS demand (32154.36 MWh)
21:50:46  INFO          Surplus = 79605.64 MWh  (will be handled via export power in future)
21:50:46  INFO      
21:50:46  INFO        FINAL DISPATCH
21:50:46  INFO        Asset                      Priority   Dispatched MW  Dispatched MWh    Load %   Avg Load MW   Free Steam MT        Aux Norm   Aux Power MWh
21:50:46  INFO        -------------------------  --------  --------------  --------------  --------  ------------  --------------  --------------  --------------
21:50:46  INFO        JMD - C2-GTG 1                    1           80.00        54960.00     72.7%         80.00       108271.20        0.001350           74.20
21:50:46  INFO        JMD - C2-GTG 2                    1           80.00        56800.00     72.7%         80.00       111896.00        0.001350           76.68
21:50:46  INFO        JMD - C2-STG 1                    1            0.00            0.00      0.0%          0.00            0.00        0.007050            0.00
21:50:46  INFO        TOTAL                                                     111760.00                               220167.20                          150.88
21:50:46  INFO        ==============================================================================
21:50:46  INFO        [PROCESS] Found 11 rows for FY 2026-27, plant BA558F95-8A3F-4769-9C78-FF7B6C639DDF
21:50:46  INFO        [PROCESS] Utility                           Demand  Mapped Key                  
21:50:46  INFO        [PROCESS] ------------------------  --------------  ----------------------------
21:50:46  INFO        [PROCESS] NITROGEN_ASU                  4435199.00  nitrogen_asu_process        
21:50:46  INFO        [PROCESS] COMPRESSED AIR                7221792.00  air_process                 
21:50:46  INFO        [PROCESS] HP Steam_Dis                   -21599.00  hp_process                  
21:50:46  INFO        [PROCESS] SHP Steam_Dis                  219588.00  shp_process                 
21:50:46  INFO        [PROCESS] Power_Dis                    11813076.00  power_process               
21:50:46  INFO        [PROCESS] MP Steam_Dis                  -127253.00  mp_process                  
21:50:46  INFO        [PROCESS] Utility Water                    3548.00  utility_water_process       
21:50:46  INFO        [PROCESS] D M Water                       72074.00  dm_process                  
21:50:46  INFO        [PROCESS] LP Steam_Dis                    54000.00  lp_process                  
21:50:46  INFO        [PROCESS] Ret steam condensate          -154158.00  ret_steam_condensate_process
21:50:46  INFO        [PROCESS] Cooling Water                   47161.00  cooling_water_process       
21:50:46  INFO        [PROCESS] TOTAL                                                                 
21:50:46  INFO        [PROCESS]   power_process             11813076.00
21:50:46  INFO        [PROCESS]   lp_process                   54000.00
21:50:46  INFO        [PROCESS]   mp_process                 -127253.00
21:50:46  INFO        [PROCESS]   hp_process                  -21599.00
21:50:46  INFO        [PROCESS]   shp_process                 219588.00
21:50:46  INFO        [PROCESS]   air_process                7221792.00
21:50:46  INFO        [PROCESS]   nitrogen_asu_process       4435199.00
21:50:46  INFO        [PROCESS]   dm_process                   72074.00
21:50:46  INFO        [PROCESS]   cooling_water_process        47161.00
21:50:46  INFO        [PROCESS]   utility_water_process         3548.00
21:50:46  INFO        [PROCESS]   ret_steam_condensate_process     -154158.00
21:50:46  INFO        [FIXED] ==================================================
21:50:46  INFO        [FIXED] Fetching fixed consumption for plant BA558F95-8A3F-4769-9C78-FF7B6C639DDF
21:50:46  INFO        [FIXED] Financial year : 2026-27
21:50:46  INFO        [FIXED] Selected month : Apr
21:50:46  INFO        [FIXED] ==================================================
21:50:46  INFO        [FIXED] Using CPP Plant ID as SourceName to find sub-plants: BA558F95-8A3F-4769-9C78-FF7B6C639DDF
21:50:46  INFO        [FIXED] Trying table: CPPFixedConsumption (SourceName filter)
21:50:46  INFO        [FIXED] Using table: CPPFixedConsumption
21:50:46  INFO        [FIXED] Power values are normalized from kWh to MWh for the model
21:50:46  INFO        [FIXED] Plant                     Cost Center             Utility                      Value
21:50:46  INFO        [FIXED] ------------------------  ----------------------  ------------------  --------------
21:50:46  INFO        [FIXED] JMD - DTA-MEG-C2 Gantry   JG- C2- Tank Farm       COMPRESSED AIR           501800.00
21:50:46  INFO        [FIXED] JMD-Rev Proc-DTA C2       JG-C2-Tankfarms         COMPRESSED AIR            79200.00
21:50:46  INFO        [FIXED] JMD - C2 Utility Plant    JG-DTA-Utility Sale to Sibur  COMPRESSED AIR           746713.00
21:50:46  INFO        [FIXED] JMD - DTA-MEG-C2 Gantry   JG- C2- Tank Farm       Cooling Water             10872.00
21:50:46  INFO        [FIXED] JMD - C2 Utility Plant    JG-DTA-Utility Sale to Sibur  D M Water                 55713.00
21:50:46  INFO        [FIXED] JMD-Rev Proc-DTA C2       JG-C2-Horticulture      Effluent Treated         131760.00
21:50:46  INFO        [FIXED] JMD - C2 Utility Plant    JG-C2-Steam Dumping     HP Steam_Dis                238.00
21:50:46  INFO        [FIXED] JMD - DTA-MEG-C2 Gantry   JG- C2- Tank Farm       LP Steam_Dis               4320.00
21:50:46  INFO        [FIXED] JMD - C2 Utility Plant    JG-C2-Steam Dumping     LP Steam_Dis                425.00
21:50:46  INFO        [FIXED] JMD - DTA-MEG-C2 Gantry   JG- C2- Tank Farm       MP Steam_Dis               1200.00
21:50:46  INFO        [FIXED] JMD - C2 Utility Plant    JG-C2-Steam Dumping     MP Steam_Dis                389.00
21:50:46  INFO        [FIXED] JMD - C2 Utility Plant    JG-C2-Steam Flaring     MP Steam_Dis               6336.00
21:50:46  INFO        [FIXED] JMD - DTA-MEG-C2 Gantry   JG- C2- Tank Farm       NITROGEN_ASU             648000.00
21:50:46  INFO        [FIXED] JMD - C2 Utility Plant    JG-C2-Steam Flaring     NITROGEN_ASU             504000.00
21:50:46  INFO        [FIXED] JMD - C2 Utility Plant    JG-DTA-Utility Sale to Sibur  NITROGEN_ASU             800800.00
21:50:46  INFO        [FIXED] JMD - DTA-MEG-C2 Gantry   JG- C2- Tank Farm       Power_Dis                  2880.00
21:50:46  INFO        [FIXED] JMD - C2 Utility Plant    JG C2 Utility Common    Power_Dis                  1440.08
21:50:46  INFO        [FIXED] JMD-Rev Proc-DTA C2       JG C2 Utility Common    Power_Dis                  3528.00
21:50:46  INFO        [FIXED] JMD - C2 Utility Plant    JG-C2-FIRE WATER        Power_Dis                   151.20
21:50:46  INFO        [FIXED] JMD - C2 Utility Plant    JG-DTA-C2-RWTP          Power_Dis                   180.00
21:50:46  INFO        [FIXED] JMD - DTA-C2 Power & UTILITY  JG-DTA-Utility Sale to Sibur  Power_Dis                 12162.00
21:50:46  INFO        [FIXED] JMD - DTA-MEG-C2 Gantry   JG- C2- Tank Farm       Ret steam condensate         1512.00
21:50:46  INFO        [FIXED] JMD - C2 Utility Plant    JG-C2-Steam Dumping     SHP Steam_Dis               630.00
21:50:46  INFO        [FIXED] JMD - C2 Utility Plant    JG-DTA-Utility Sale to Sibur  SHP Steam_Dis             93660.00
21:50:46  INFO        [FIXED] JMD - C2 Utility Plant    JG-DTA-Utility Sale to Sibur  SWRO WATER                87646.00
21:50:46  INFO        [FIXED]   -> unmapped utility kept out of rollup: SWRO WATER
21:50:46  INFO        [FIXED] JMD - DTA-MEG-C2 Gantry   JG- C2- Tank Farm       Utility Water               720.00
21:50:46  INFO        [FIXED] JMD - C2 Utility Plant    JG C2 Utility Common    Utility Water           1512083.00
21:50:46  INFO        [FIXED] JMD - C2 Utility Plant    JG-DTA-Utility Sale to Sibur  Utility Water             10847.00
21:50:46  INFO        [FIXED] --------------------------------------------------
21:50:46  INFO        [FIXED] Utility-wise fixed totals
21:50:46  INFO        [FIXED] Utility                            Total  Unit    
21:50:46  INFO        [FIXED] ------------------------  --------------  --------
21:50:46  INFO        [FIXED] Power                           20341.28  MWh     
21:50:46  INFO        [FIXED] LP Steam                         4745.00  MT      
21:50:46  INFO        [FIXED] MP Steam                         7925.00  MT      
21:50:46  INFO        [FIXED] HP Steam                          238.00  MT      
21:50:46  INFO        [FIXED] SHP Steam                       94290.00  MT      
21:50:46  INFO        [FIXED] Compressed Air                1327713.00  NM3     
21:50:46  INFO        [FIXED] Nitrogen ASU                  1952800.00  NM3     
21:50:46  INFO        [FIXED] DM Water                        55713.00  M3      
21:50:46  INFO        [FIXED] Cooling Water                   10872.00  KM3     
21:50:46  INFO        [FIXED] Utility Water                 1523650.00  M3      
21:50:46  INFO        [FIXED] Ret Steam Condensate             1512.00  M3      
21:50:46  INFO        [FIXED] Effluent                       131760.00  M3      
21:50:46  INFO        [FIXED] ==================================================
21:50:52  INFO        ==============================================================================
21:50:52  INFO        STEAM DISPATCH  (April 2026)
21:50:52  INFO        ==============================================================================
21:50:52  INFO        Grade      Process/Fixed MT  Letdown MT  Byproduct MT     Net Demand MT
21:50:52  INFO        ---------  ----------------  ----------  ------------  ----------------
21:50:52  INFO        LP                 58745.00    23830.06     -33528.00          25217.00
21:50:52  INFO        MP               -119328.00        0.00          0.00         -95497.93
21:50:52  INFO        HP                -21361.00        0.00          0.00         -21361.00
21:50:52  INFO        SHP               313878.00        0.00          0.00         313878.00
21:50:52  INFO      
21:50:52  INFO        Total Free Steam available: 220167.20 MT
21:50:52  INFO      
21:50:52  INFO        FINAL SUPPLEMENTARY FIRING DISPATCH
21:50:52  INFO        Asset                      Priority     Min TPH     Max TPH     Hours  Dispatched TPH   Dispatched MT    Load %
21:50:52  INFO        -------------------------  --------  ----------  ----------  --------  --------------  --------------  --------
21:50:52  INFO        AUXBOIL7_SHP STEAM                1       90.00      220.00    698.00           90.00        62820.00     40.9%
21:50:52  INFO        AUXBOIL8_SHP STEAM                1       90.00      220.00    720.00           90.00        64800.00     40.9%
21:50:52  INFO        HRSG1_C2_SHP STEAM                1      160.00      250.00    687.00          160.00       109920.00     64.0%
21:50:52  INFO        HRSG2_C2_SHP STEAM                1      160.00      250.00    710.00          160.00       113600.00     64.0%
21:50:52  INFO        TOTAL SUPPLEMENTARY                                                                         351140.00          
21:50:52  INFO        TOTAL STEAM GENERATED                                                                       571307.20          
21:50:52  INFO        ✓ Steam demand fully met with surplus of 257429.20 MT
21:50:52  INFO        ==============================================================================
21:50:52  INFO        [CALC] Done  4/2026  (17.1s)  assets=3  norms=0
