NMD Plant Run Log
Plant:     NMD CPP
Period:    4/2025
Generated: 2026-07-05 13:06:07
================================================================================


Fetching data for April 2025...
######################################################################
  NMD CPP  [23BCA1B3]  Period: 4/2025
######################################################################

======================================================================
  PLANT INFO
======================================================================
  plant_id:     23BCA1B3-56DD-4C15-A3D6-3C2C9A62E653
  name:         NMD-CPP
  display_name: NMD CPP
  short_code:   NMD

======================================================================
  POWER GENERATION ASSETS  (PowerGenerationAssets)
======================================================================
  4 asset(s):
  Asset                           Type      PlantCode   
  ------------------------------  --------  ------------
  NMD-Power Plant-1               GT        40NB        
  NMD-Power Plant-2               GT        40NC        
  NMD-Power Plant-3               GT        40ND        
  NMD-STG Power Plant             STG       40NE        

======================================================================
  ASSET SNAPSHOT  (April 2025)
======================================================================
  4 asset(s)
  Asset                         Type      Hours    MinMW    MaxMW   FixMin   FixMax   Prio   Avail
  ----------------------------  ------  -------  -------  -------  -------  -------  -----  ------
  NMD-Power Plant-1             -           0.0     1.00    21.90     1.00    22.00      1      No
  NMD-Power Plant-2             -         720.0     5.00    11.50     5.00    22.00      1     Yes
  NMD-Power Plant-3             -         720.0     5.00    12.80     5.00    22.00      1     Yes
  NMD-STG Power Plant           -         720.0     6.00    14.50     6.00    25.00      2     Yes

======================================================================
  STEAM GENERATION ASSETS  (April 2025)
======================================================================
  7 asset(s):
  Asset                   Type    Steam     MinMT    MaxMT    Eff   Prio    Hours   AlwaysOn  LinkedGT        
  ----------------------  ------  ------  -------  -------  -----  -----  -------  ---------  ----------------
  HRSG-1                  HRSG    SHP        60.0    136.0   1.03      1      0.0         No  NMD-Power Plant-1
  HRSG-2                  HRSG    SHP        60.0    136.0   1.03      2    720.0         No  NMD-Power Plant-2
  HRSG-3                  HRSG    SHP        60.0    136.0   1.03      3    720.0         No  NMD-Power Plant-3
  STG                     STG     ALL         0.0  999999.0   1.00     10    720.0        Yes  -               
  HP Steam PRDS           PRDS    HP          0.0  999999.0   1.00     20    720.0        Yes  -               
  MP Steam PRDS           PRDS    MP          0.0  999999.0   1.00     21    720.0        Yes  -               
  LP Steam PRDS           PRDS    LP          0.0  999999.0   1.00     22    720.0        Yes  -               

======================================================================
  CONSOLIDATED DEMAND  (Process + Fixed)  (4/2025)
======================================================================
13:06:03  INFO        [CONSOLIDATED] 12 utilities (process + fixed) for 4/2025
  12 utility(ies)
  Utility                       UOM                Process             Fixed             Total
  ----------------------------  --------  ----------------  ----------------  ----------------
  COMPRESSED AIR                NM3             6051146.00          32959.59        6084105.59
  Cooling Water 1               KM3/MT OF E+P          15194.00              0.00          15194.00
  Cooling Water 2               KM3                9008.00              8.31           9016.31
  D M Water                     M3                55421.00            366.00          55787.00
  HP Steam_Dis                  MT/MT OF E+P           4972.00              0.00           4972.00
  LP Steam_Dis                  MT                20111.00           5169.51          25280.51
  MP Steam_Dis                  MT                14030.00            518.40          14548.40
  Nitrogen Gas                  NM3/MT OF E+P        5437630.00              0.00        5437630.00
  Oxygen                        TPH                5787.00              0.00           5787.00
  Power_Dis                     KWH            27636925.00        1605142.20       29242067.20
  SHP Steam_Dis                 TPH               20975.00              0.00          20975.00
  Water                         M3                23131.00         257240.80         280371.80
  ----------------------------  --------  ----------------  ----------------  ----------------
  GRAND TOTAL                                  39294330.00        1901404.81       41195734.81

  Note: Grand total mixes UOMs — for reference only.

======================================================================
  IMPORT POWER  (4/2025)
======================================================================
  Total Import Power: 18000.00 MWh  (0 sources)

======================================================================
  SUPPLY vs DEMAND ANALYSIS  (April 2025)
======================================================================
13:06:05  INFO        [CONSOLIDATED] 12 utilities (process + fixed) for 4/2025

  --- POWER BALANCE ---

  DEMAND                                     MWh
  ------------------------------  --------------
  Power (Process)                       27636.92
  Power (Fixed)                          1605.14
  Total Power Demand                    29242.07

  IMPORT POWER (reduces demand)     Cap MW     Hours             MWh
  ------------------------------  --------  --------  --------------
  MEL                                10.00     720.0         7200.00
  MSCB                               15.00     720.0        10800.00
  ------------------------------  --------  --------  --------------
  Total Import Power                                        18000.00

  Net Demand (after import)             11242.07

  SUPPLY (GT + STG Assets)          Max MW     Hours             MWh
  ------------------------------  --------  --------  --------------
  NMD-Power Plant-1                  21.90       0.0            0.00  [DOWN]
  NMD-Power Plant-2                  11.50     720.0         8280.00  [OK]
  NMD-Power Plant-3                  12.80     720.0         9216.00  [OK]
  NMD-STG Power Plant                14.50     720.0        10440.00  [OK]
  ------------------------------  --------  --------  --------------
  Total Power Supply                                        27936.00

  Power Balance (Supply - Net Demand)        16693.93 MWh  [SURPLUS]
  Supply / Net Demand                      248.5 %
  ** OK: Power supply can meet net demand with 16693.93 MWh surplus **


  --- STEAM BALANCE ---


  === SHP STEAM ===

  DEMAND                                      MT
  ------------------------------  --------------
  Total SHP Steam Demand                20975.00

  SUPPLY (Available Assets)         MaxMT/hr     Hours              MT
  ------------------------------  ----------  --------  --------------
  HRSG-1                               136.0       0.0            0.00  [DOWN]
  HRSG-2                               136.0     720.0        97920.00  [OK]
  HRSG-3                               136.0     720.0        97920.00  [OK]
  ------------------------------  ----------  --------  --------------
  Total SHP Steam Supply                                     195840.00

  SHP Steam Balance                    174865.00 MT  [SURPLUS]
  Supply / Demand                          933.7 %
  ** OK: SHP steam supply can meet demand with 174865.00 MT surplus **

  === HP STEAM ===

  DEMAND                                      MT
  ------------------------------  --------------
  Total HP Steam Demand                  4972.00

  SUPPLY (Available Assets)         MaxMT/hr     Hours              MT
  ------------------------------  ----------  --------  --------------
  HP Steam PRDS                     999999.0     720.0         4972.00  [ALWAYS]
  ------------------------------  ----------  --------  --------------
  Total HP Steam Supply                                        4972.00

  HP Steam Balance                          0.00 MT  [SURPLUS]
  Supply / Demand                          100.0 %
  ** OK: HP steam supply can meet demand with 0.00 MT surplus **

  === MP STEAM ===

  DEMAND                                      MT
  ------------------------------  --------------
  Total MP Steam Demand                 14548.40

  SUPPLY (Available Assets)         MaxMT/hr     Hours              MT
  ------------------------------  ----------  --------  --------------
  MP Steam PRDS                     999999.0     720.0        14548.40  [ALWAYS]
  ------------------------------  ----------  --------  --------------
  Total MP Steam Supply                                       14548.40

  MP Steam Balance                          0.00 MT  [SURPLUS]
  Supply / Demand                          100.0 %
  ** OK: MP steam supply can meet demand with 0.00 MT surplus **

  === LP STEAM ===

  DEMAND                                      MT
  ------------------------------  --------------
  Total LP Steam Demand                 25280.51

  SUPPLY (Available Assets)         MaxMT/hr     Hours              MT
  ------------------------------  ----------  --------  --------------
  LP Steam PRDS                     999999.0     720.0        25280.51  [ALWAYS]
  ------------------------------  ----------  --------  --------------
  Total LP Steam Supply                                       25280.51

  LP Steam Balance                          0.00 MT  [SURPLUS]
  Supply / Demand                          100.0 %
  ** OK: LP steam supply can meet demand with 0.00 MT surplus **

======================================================================
  DONE
======================================================================
