NMD Plant Run Log
Plant:     NMD CPP
Period:    4/2025
Generated: 2026-07-05 13:19:03
================================================================================


Fetching data for April 2025...
######################################################################
  NMD CPP  [23BCA1B3]  Period: 4/2025
######################################################################

======================================================================
  PLANT INFO
======================================================================
  plant_id:     23BCA1B3-56DD-4C15-A3D6-3C2C9A62E653
  name:         NMD-CPP
  display_name: NMD CPP
  short_code:   NMD

======================================================================
  POWER GENERATION ASSETS  (PowerGenerationAssets)
======================================================================
  4 asset(s):
  Asset                           Type      PlantCode   
  ------------------------------  --------  ------------
  NMD-Power Plant-1               GT        40NB        
  NMD-Power Plant-2               GT        40NC        
  NMD-Power Plant-3               GT        40ND        
  NMD-STG Power Plant             STG       40NE        

======================================================================
  ASSET SNAPSHOT  (April 2025)
======================================================================
  4 asset(s)
  Asset                         Type      Hours    MinMW    MaxMW   FixMin   FixMax   Prio   Avail
  ----------------------------  ------  -------  -------  -------  -------  -------  -----  ------
  NMD-Power Plant-1             -           0.0     1.00    21.90     1.00    22.00      1      No
  NMD-Power Plant-2             -         720.0     5.00    11.50     5.00    22.00      1     Yes
  NMD-Power Plant-3             -         720.0     5.00    12.80     5.00    22.00      1     Yes
  NMD-STG Power Plant           -         720.0     6.00    14.50     6.00    25.00      2     Yes

======================================================================
  GT HEAT RATE & FREE STEAM  (April 2025)
======================================================================
  GT Asset                  Curve    LoadMW    Hours    GrossMWh   HeatRate   FSFactor   FreeSteamMT  → HRSG    
  ------------------------  ------  -------  -------  ----------  ---------  ---------  ------------  ----------
  NMD-Power Plant-1         GT-1       0.00      0.0        0.00       0.00     0.0000          0.00  HRSG-1    
  NMD-Power Plant-2         GT-2      11.50    720.0     8280.00    4016.03     1.9700      16311.60  HRSG-2    
  NMD-Power Plant-3         GT-3      12.80    720.0     9216.00    3862.56     1.9700      18155.52  HRSG-3    
  ------------------------  ------  -------  -------  ----------  ---------  ---------  ------------  ----------
  TOTAL FREE STEAM                                                                          34467.12

  Free Steam (MT) = GrossMWh × FreeSteamFactor (from CPP_GTHeatRate at GT load)
  This free steam is transferred to the respective linked HRSG as SHP steam input.

======================================================================
  STEAM GENERATION ASSETS  (April 2025)
======================================================================
  7 asset(s):
  Asset                   Type    Steam     MinMT    MaxMT    Eff   Prio    Hours   AlwaysOn  LinkedGT        
  ----------------------  ------  ------  -------  -------  -----  -----  -------  ---------  ----------------
  HRSG-1                  HRSG    SHP        60.0    136.0   1.03      1      0.0         No  NMD-Power Plant-1
  HRSG-2                  HRSG    SHP        60.0    136.0   1.03      2    720.0         No  NMD-Power Plant-2
  HRSG-3                  HRSG    SHP        60.0    136.0   1.03      3    720.0         No  NMD-Power Plant-3
  STG                     STG     ALL         0.0  999999.0   1.00     10    720.0        Yes  -               
  HP Steam PRDS           PRDS    HP          0.0  999999.0   1.00     20    720.0        Yes  -               
  MP Steam PRDS           PRDS    MP          0.0  999999.0   1.00     21    720.0        Yes  -               
  LP Steam PRDS           PRDS    LP          0.0  999999.0   1.00     22    720.0        Yes  -               

======================================================================
  CONSOLIDATED DEMAND  (Process + Fixed)  (4/2025)
======================================================================
13:18:58  INFO        [CONSOLIDATED] 12 utilities (process + fixed) for 4/2025
  12 utility(ies)
  Utility                       UOM                Process             Fixed             Total
  ----------------------------  --------  ----------------  ----------------  ----------------
  COMPRESSED AIR                NM3             6051146.00          32959.59        6084105.59
  Cooling Water 1               KM3/MT OF E+P          15194.00              0.00          15194.00
  Cooling Water 2               KM3                9008.00              8.31           9016.31
  D M Water                     M3                55421.00            366.00          55787.00
  HP Steam_Dis                  MT/MT OF E+P           4972.00              0.00           4972.00
  LP Steam_Dis                  MT                20111.00           5169.51          25280.51
  MP Steam_Dis                  MT                14030.00            518.40          14548.40
  Nitrogen Gas                  NM3/MT OF E+P        5437630.00              0.00        5437630.00
  Oxygen                        TPH                5787.00              0.00           5787.00
  Power_Dis                     KWH            27636925.00        1605142.20       29242067.20
  SHP Steam_Dis                 TPH               20975.00              0.00          20975.00
  Water                         M3                23131.00         257240.80         280371.80
  ----------------------------  --------  ----------------  ----------------  ----------------
  GRAND TOTAL                                  39294330.00        1901404.81       41195734.81

  Note: Grand total mixes UOMs — for reference only.

======================================================================
  IMPORT POWER  (4/2025)
======================================================================
  Total Import Power: 18000.00 MWh  (0 sources)

======================================================================
  SUPPLY vs DEMAND ANALYSIS  (April 2025)
======================================================================
13:19:00  INFO        [CONSOLIDATED] 12 utilities (process + fixed) for 4/2025

  --- POWER BALANCE ---

  DEMAND                                     MWh
  ------------------------------  --------------
  Power (Process)                       27636.92
  Power (Fixed)                          1605.14
  Total Power Demand                    29242.07

  IMPORT POWER (reduces demand)     Cap MW     Hours             MWh
  ------------------------------  --------  --------  --------------
  MEL                                10.00     720.0         7200.00
  MSCB                               15.00     720.0        10800.00
  ------------------------------  --------  --------  --------------
  Total Import Power                                        18000.00

  Net Demand (after import)             11242.07

  SUPPLY (GT + STG Assets)          Max MW     Hours             MWh
  ------------------------------  --------  --------  --------------
  NMD-Power Plant-1                  21.90       0.0            0.00  [DOWN]
  NMD-Power Plant-2                  11.50     720.0         8280.00  [OK]
  NMD-Power Plant-3                  12.80     720.0         9216.00  [OK]
  NMD-STG Power Plant                14.50     720.0        10440.00  [OK]
  ------------------------------  --------  --------  --------------
  Total Power Supply                                        27936.00

  Power Balance (Supply - Net Demand)        16693.93 MWh  [SURPLUS]
  Supply / Net Demand                      248.5 %
  ** OK: Power supply can meet net demand with 16693.93 MWh surplus **


  --- STEAM BALANCE ---


  === SHP STEAM ===

  DEMAND                                      MT
  ------------------------------  --------------
  Total SHP Steam Demand                20975.00

  SUPPLY (Available Assets)         MaxMT/hr     Hours              MT
  ------------------------------  ----------  --------  --------------
  HRSG-1                               136.0       0.0            0.00  [DOWN]
  HRSG-2                               136.0     720.0        97920.00  [OK]
  HRSG-3                               136.0     720.0        97920.00  [OK]
  ------------------------------  ----------  --------  --------------
  Total SHP Steam Supply                                     195840.00

  SHP Steam Balance                    174865.00 MT  [SURPLUS]
  Supply / Demand                          933.7 %
  ** OK: SHP steam supply can meet demand with 174865.00 MT surplus **

  === HP STEAM ===

  DEMAND                                      MT
  ------------------------------  --------------
  Total HP Steam Demand                  4972.00

  SUPPLY (Available Assets)         MaxMT/hr     Hours              MT
  ------------------------------  ----------  --------  --------------
  HP Steam PRDS                     999999.0     720.0         4972.00  [ALWAYS]
  ------------------------------  ----------  --------  --------------
  Total HP Steam Supply                                        4972.00

  HP Steam Balance                          0.00 MT  [SURPLUS]
  Supply / Demand                          100.0 %
  ** OK: HP steam supply can meet demand with 0.00 MT surplus **

  === MP STEAM ===

  DEMAND                                      MT
  ------------------------------  --------------
  Total MP Steam Demand                 14548.40

  SUPPLY (Available Assets)         MaxMT/hr     Hours              MT
  ------------------------------  ----------  --------  --------------
  MP Steam PRDS                     999999.0     720.0        14548.40  [ALWAYS]
  ------------------------------  ----------  --------  --------------
  Total MP Steam Supply                                       14548.40

  MP Steam Balance                          0.00 MT  [SURPLUS]
  Supply / Demand                          100.0 %
  ** OK: MP steam supply can meet demand with 0.00 MT surplus **

  === LP STEAM ===

  DEMAND                                      MT
  ------------------------------  --------------
  Total LP Steam Demand                 25280.51

  SUPPLY (Available Assets)         MaxMT/hr     Hours              MT
  ------------------------------  ----------  --------  --------------
  LP Steam PRDS                     999999.0     720.0        25280.51  [ALWAYS]
  ------------------------------  ----------  --------  --------------
  Total LP Steam Supply                                       25280.51

  LP Steam Balance                          0.00 MT  [SURPLUS]
  Supply / Demand                          100.0 %
  ** OK: LP steam supply can meet demand with 0.00 MT surplus **

======================================================================
  GENERATION UTILITIES & U4U CONSUMPTION MATRIX  (April 2025)
======================================================================
  Producer Utilities (22): Boiler Feed Water, COMPRESSED AIR, Cooling Water 1, Cooling Water 2, D M Water, Effluent Treated, HP Steam PRDS, HP Steam_Dis, HRSG1_SHP STEAM, HRSG2_SHP STEAM, HRSG3_SHP STEAM, LP Steam PRDS, LP Steam_Dis, MP Steam PRDS SHP, MP Steam_Dis, Oxygen, POWERGEN, Power_Dis, SHP Steam_Dis, STG1_LP STEAM, STG1_MP STEAM, Treated Spent Caustic
  Consumer/U4U Utilities (20): Boiler Feed Water, COMPRESSED AIR, Cooling Water 2, D M Water, HP Steam PRDS, HRSG1_SHP STEAM, HRSG2_SHP STEAM, HRSG3_SHP STEAM, LP Steam PRDS, LP Steam_Dis, MP Steam PRDS SHP, MP Steam_Dis, POWERGEN, Power from MEL, Power_Dis, Ret steam condensate, SHP Steam_Dis, STG1_LP STEAM, STG1_MP STEAM, UREA,NITROGEN CONTENT 46%
  Total Unique Utilities: 25

  Plant                         Utility (Producer)      UOM         Generation  U4U Consumes                                      
  ----------------------------  ----------------------  ------  --------------  --------------------------------------------------
  NMD - Power Plant 1           POWERGEN                KWH               0.00  COMPRESSED AIR(0.0000); Cooling Water 2(0.0000)...
  NMD - Power Plant 2           POWERGEN                KWH         8280000.00  COMPRESSED AIR(0.0038); Cooling Water 2(0.0000)...
  NMD - Power Plant 3           POWERGEN                KWH         9216000.00  COMPRESSED AIR(0.0034); Cooling Water 2(0.0000)...
  NMD - STG Power Plant         POWERGEN                KWH         8650082.05  COMPRESSED AIR(0.0040); Cooling Water 2(0.0002)...
  NMD - Utility Plant           Boiler Feed Water       NM3           94751.25  COMPRESSED AIR(0.5000); Cooling Water 2(0.0011)...
  NMD - Utility Plant           COMPRESSED AIR          NM3         7098799.59  Cooling Water 2(0.0000); Power_Dis(0.1650)        
  NMD - Utility Plant           Cooling Water 1         KM3           15194.00  COMPRESSED AIR(0.1086); Power_Dis(245.0000)       
  NMD - Utility Plant           Cooling Water 2         KM3          287947.87  COMPRESSED AIR(0.1230); Power_Dis(250.0000)       
  NMD - Utility Plant           D M Water               M3           137273.07  Cooling Water 2(2.0000); COMPRESSED AIR(0.0770)...
  NMD - Utility Plant           Effluent Treated        M3                0.00  Power_Dis(3.5400); UREA,NITROGEN CONTENT 46%(0....
  NMD - Utility Plant           HP Steam PRDS           MT             4972.00  Boiler Feed Water(0.0768); SHP Steam_Dis(0.9232)  
  NMD - Utility Plant           HRSG1_SHP STEAM         MT                0.00  Boiler Feed Water(1.0240); COMPRESSED AIR(9.738...
  NMD - Utility Plant           HRSG2_SHP STEAM         MT            43727.51  Boiler Feed Water(1.0240); COMPRESSED AIR(9.853...
  NMD - Utility Plant           HRSG3_SHP STEAM         MT            43727.51  Boiler Feed Water(1.0240); COMPRESSED AIR(9.596...
  NMD - Utility Plant           LP Steam PRDS           MT            11594.72  Boiler Feed Water(0.2500); MP Steam_Dis(0.7500)   
  NMD - Utility Plant           MP Steam PRDS SHP       MT            21297.55  Boiler Feed Water(0.0900); SHP Steam_Dis(0.9100)  
  NMD - Utility Plant           Oxygen                  MT             5787.00  Cooling Water 2(0.2610); Power_Dis(968.6500)      
  NMD - Utility Plant           STG1_LP STEAM           MT            20646.72  SHP Steam_Dis(0.4800)                             
  NMD - Utility Plant           STG1_MP STEAM           MT             1946.89  SHP Steam_Dis(0.6900)                             
  NMD - Utility Plant           Treated Spent Caustic   M3                0.00  COMPRESSED AIR(0.0000); Cooling Water 2(0.0000)...
  NMD - Utility/Power Dist      HP Steam_Dis            MT             4972.00  HP Steam PRDS(1.0000)                             
  NMD - Utility/Power Dist      LP Steam_Dis            MT            32241.44  LP Steam PRDS(0.3596); STG1_LP STEAM(0.6404)      
  NMD - Utility/Power Dist      MP Steam_Dis            MT            23244.44  MP Steam PRDS SHP(0.9162); STG1_MP STEAM(0.0838)  
  NMD - Utility/Power Dist      Power_Dis               KWH        43884361.32  Power from MEL(0.4102); POWERGEN(0.0000); POWER...
  NMD - Utility/Power Dist      SHP Steam_Dis           MT            87455.02  HRSG1_SHP STEAM(0.0000); HRSG2_SHP STEAM(0.5000...

  --- U4U CONSUMPTION DETAILS ---

  Producer Utility        Consumes (Material)           Norm             Qty  UOM     Issuing Plant               
  ----------------------  ----------------------  ----------  --------------  ------  ----------------------------
  Boiler Feed Water       COMPRESSED AIR            0.500000        47375.62  NM#     NMD - Utility Plant         
  Boiler Feed Water       Cooling Water 2           0.001070          101.38  KM3     NMD - Utility Plant         
  Boiler Feed Water       D M Water                 0.860000        81486.07  M3      NMD - Utility Plant         
  Boiler Feed Water       LP Steam_Dis              0.145000        13738.93  MT      NMD - Utility/Power Dist    
  Boiler Feed Water       Power_Dis                 9.500000       900136.88  KWH     NMD - Utility/Power Dist    
  COMPRESSED AIR          Cooling Water 2           0.000025          177.47  KM3     NMD - Utility Plant         
  COMPRESSED AIR          Power_Dis                 0.165000      1171301.93  KWH     NMD - Utility/Power Dist    
  Cooling Water 1         COMPRESSED AIR            0.108592         1649.95  NM3     NMD - Utility Plant         
  Cooling Water 1         Power_Dis               244.999997      3722529.95  KWH     NMD - Utility/Power Dist    
  Cooling Water 2         COMPRESSED AIR            0.123044        35430.26  NM3     NMD - Utility Plant         
  Cooling Water 2         Power_Dis               249.999997     71986966.64  KWH     NMD - Utility/Power Dist    
  D M Water               COMPRESSED AIR            0.077000        10570.03  NM3     NMD - Utility Plant         
  D M Water               Cooling Water 2           2.000000       274546.14  KM3     NMD - Utility Plant         
  D M Water               Power_Dis                 1.210000       166100.41  KWH     NMD - Utility/Power Dist    
  D M Water               Ret steam condensate      0.203000        27866.43  M3      NMD - STG Power Plant       
  Effluent Treated        Power_Dis                 3.540000            0.00  KWH     NMD - Utility/Power Dist    
  Effluent Treated        UREA,NITROGEN CONTENT 46%    0.000750            0.00  KG      NMD-Rev Proc                
  HP Steam PRDS           Boiler Feed Water         0.076800          381.85  M3      NMD - Utility Plant         
  HP Steam PRDS           SHP Steam_Dis             0.923200         4590.15  MT      NMD - Utility/Power Dist    
  HP Steam_Dis            HP Steam PRDS             1.000000         4972.00  MT      NMD - Utility Plant         
  HRSG1_SHP STEAM         Boiler Feed Water         1.024000            0.00  M3      NMD - Utility Plant         
  HRSG1_SHP STEAM         COMPRESSED AIR            9.738838            0.00  NM3     NMD - Utility Plant         
  HRSG1_SHP STEAM         LP Steam_Dis             -0.078000            0.00  MT      NMD - Utility/Power Dist    
  HRSG2_SHP STEAM         Boiler Feed Water         1.024000        44776.97  M3      NMD - Utility Plant         
  HRSG2_SHP STEAM         COMPRESSED AIR            9.853236       430857.48  NM3     NMD - Utility Plant         
  HRSG2_SHP STEAM         LP Steam_Dis             -0.078000        -3410.75  MT      NMD - Utility/Power Dist    
  HRSG3_SHP STEAM         Boiler Feed Water         1.024000        44776.97  M3      NMD - Utility Plant         
  HRSG3_SHP STEAM         COMPRESSED AIR            9.596520       419631.92  NM3     NMD - Utility Plant         
  HRSG3_SHP STEAM         LP Steam_Dis             -0.078000        -3410.75  MT      NMD - Utility/Power Dist    
  LP Steam PRDS           Boiler Feed Water         0.250000         2898.68  M3      NMD - Utility Plant         
  LP Steam PRDS           MP Steam_Dis              0.750000         8696.04  MT      NMD - Utility/Power Dist    
  LP Steam_Dis            LP Steam PRDS             0.359600        11594.02  MT      NMD - Utility Plant         
  LP Steam_Dis            STG1_LP STEAM             0.640400        20647.42  MT      NMD - Utility Plant         
  MP Steam PRDS SHP       Boiler Feed Water         0.090000         1916.78  M3      NMD - Utility Plant         
  MP Steam PRDS SHP       SHP Steam_Dis             0.910000        19380.77  MT      NMD - Utility/Power Dist    
  MP Steam_Dis            MP Steam PRDS SHP         0.916200        21296.56  MT      NMD - Utility Plant         
  MP Steam_Dis            STG1_MP STEAM             0.083800         1947.88  MT      NMD - Utility Plant         
  Oxygen                  Cooling Water 2           0.261000         1510.41  KM3     NMD - Utility Plant         
  Oxygen                  Power_Dis               968.650000      5605577.55  KWH     NMD - Utility/Power Dist    
  POWERGEN                COMPRESSED AIR            0.004011        34695.48  NM3     NMD - Utility Plant         
  POWERGEN                Cooling Water 2           0.000232         2006.82  KM3     NMD - Utility Plant         
  POWERGEN                Power_Dis                 0.002000        17300.16  KWH     NMD - Utility/Power Dist    
  POWERGEN                SHP Steam_Dis             0.003615        31271.02  MT      NMD - Utility/Power Dist    
  Power_Dis               POWERGEN                  0.196717      8632781.88  KWH     NMD - STG Power Plant       
  Power_Dis               Power from MEL            0.410169     18000000.00  KWH     NMD-Rev Proc                
  SHP Steam_Dis           HRSG1_SHP STEAM           0.000000            0.00  MT      NMD - Utility Plant         
  SHP Steam_Dis           HRSG2_SHP STEAM           0.500000        43727.51  MT      NMD - Utility Plant         
  SHP Steam_Dis           HRSG3_SHP STEAM           0.500000        43727.51  MT      NMD - Utility Plant         
  STG1_LP STEAM           SHP Steam_Dis             0.480000         9910.43  MT      NMD - Utility/Power Dist    
  STG1_MP STEAM           SHP Steam_Dis             0.690000         1343.35  MT      NMD - Utility/Power Dist    
  Treated Spent Caustic   COMPRESSED AIR            0.000000            8.00  NM3     NMD - Utility Plant         
  Treated Spent Caustic   Cooling Water 2           0.000000            0.00  KM3     NMD - Utility Plant         
  Treated Spent Caustic   MP Steam_Dis             17.040000            0.00  MT      NMD - Utility/Power Dist    
  Treated Spent Caustic   Power_Dis                 1.000000         4971.91  KWH     NMD - Utility/Power Dist    

  Note: Norm = consumption per unit generation. Qty = actual consumption for the month.
  U4U consumption adds to total demand for each consumed utility.

======================================================================
  DONE
======================================================================
