NMD Plant Run Log
Plant:     NMD CPP
Period:    4/2026
Generated: 2026-07-07 00:03:30
================================================================================


Fetching data for April 2026...
######################################################################
  NMD CPP  [23BCA1B3]  Period: 4/2026
######################################################################

======================================================================
  PLANT INFO
======================================================================
  plant_id:     23BCA1B3-56DD-4C15-A3D6-3C2C9A62E653
  name:         NMD-CPP
  display_name: NMD CPP
  short_code:   NMD

======================================================================
  POWER GENERATION ASSETS  (PowerGenerationAssets)
======================================================================
  4 asset(s):
  Asset                           Type      PlantCode   
  ------------------------------  --------  ------------
  NMD-Power Plant-1               GT        40NB        
  NMD-Power Plant-2               GT        40NC        
  NMD-Power Plant-3               GT        40ND        
  NMD-STG Power Plant             STG       40NE        

======================================================================
  ASSET SNAPSHOT  (April 2026)
======================================================================
  4 asset(s)
  Asset                         Type      Hours    MinMW    MaxMW   FixMin   FixMax   Prio   Avail
  ----------------------------  ------  -------  -------  -------  -------  -------  -----  ------
  NMD-Power Plant-2             -         700.0     6.00    20.00     5.00    22.00      1     Yes
  NMD-Power Plant-3             -         720.0     6.00    20.00     5.00    22.00      1     Yes
  NMD-Power Plant-1             -         620.0     6.00    20.00     5.00    22.00      2     Yes
  NMD-STG Power Plant           -         720.0     6.00    24.00     6.00    25.00      5     Yes

======================================================================
  GT HEAT RATE & FREE STEAM  (April 2026)
======================================================================
  GT Asset                  Curve    LoadMW    Hours    GrossMWh   HeatRate   FSFactor   FreeSteamMT  → HRSG    
  ------------------------  ------  -------  -------  ----------  ---------  ---------  ------------  ----------
  NMD-Power Plant-2         GT-2      20.00    700.0    14000.00    3382.00     1.8400      25760.00  HRSG-2    
  NMD-Power Plant-3         GT-3      20.00    720.0    14400.00    3368.00     1.8400      26496.00  HRSG-3    
  NMD-Power Plant-1         GT-1      20.00    620.0    12400.00    3378.00     1.8400      22816.00  HRSG-1    
  ------------------------  ------  -------  -------  ----------  ---------  ---------  ------------  ----------
  TOTAL FREE STEAM                                                                          75072.00

  Free Steam (MT) = GrossMWh × FreeSteamFactor (from CPP_GTHeatRate at GT load)
  This free steam is transferred to the respective linked HRSG as SHP steam input.

======================================================================
  STEAM GENERATION ASSETS  (April 2026)
======================================================================
  7 asset(s):
  Asset                   Type    Steam     MinMT    MaxMT    Eff   Prio    Hours   AlwaysOn  LinkedGT        
  ----------------------  ------  ------  -------  -------  -----  -----  -------  ---------  ----------------
  HRSG-1                  HRSG    SHP        60.0    136.0   1.03      1    620.0         No  NMD-Power Plant-1
  HRSG-2                  HRSG    SHP        60.0    136.0   1.03      2    700.0         No  NMD-Power Plant-2
  HRSG-3                  HRSG    SHP        60.0    136.0   1.03      3    720.0         No  NMD-Power Plant-3
  STG                     STG     ALL         0.0  999999.0   1.00     10    720.0        Yes  -               
  HP Steam PRDS           PRDS    HP          0.0  999999.0   1.00     20    720.0        Yes  -               
  MP Steam PRDS           PRDS    MP          0.0  999999.0   1.00     21    720.0        Yes  -               
  LP Steam PRDS           PRDS    LP          0.0  999999.0   1.00     22    720.0        Yes  -               

======================================================================
  CONSOLIDATED DEMAND  (Process + Fixed)  (4/2026)
======================================================================
00:03:21  INFO        [CONSOLIDATED] 12 utilities (process + fixed) for 4/2026
  12 utility(ies)
  Utility                       UOM                Process             Fixed             Total
  ----------------------------  --------  ----------------  ----------------  ----------------
  COMPRESSED AIR                NM3             5858501.00          32960.00        5891461.00
  Cooling Water 1               KM3/MT OF E+P          14286.00              0.00          14286.00
  Cooling Water 2               KM3                7960.00              8.00           7968.00
  D M Water                     M3                84660.00            366.00          85026.00
  HP Steam_Dis                  MT/MT OF E+P           1266.00              0.00           1266.00
  LP Steam_Dis                  MT                19769.00           5175.00          24944.00
  MP Steam_Dis                  MT                20556.00            518.00          21074.00
  Nitrogen Gas                  NM3/MT OF E+P        5464589.00              0.00        5464589.00
  Oxygen                        TPH                5315.00              0.00           5315.00
  Power_Dis                     KWH            26366549.00        1019084.00       27385633.00
  SHP Steam_Dis                 TPH               20126.00              0.00          20126.00
  Water                         M3                11183.00         257241.00         268424.00
  ----------------------------  --------  ----------------  ----------------  ----------------
  GRAND TOTAL                                  37874760.00        1315352.00       39190112.00

  Note: Grand total mixes UOMs — for reference only.

======================================================================
  IMPORT POWER  (4/2026)
======================================================================
  Total Import Power: 34560.00 MWh  (0 sources)

======================================================================
  SUPPLY vs DEMAND ANALYSIS  (April 2026)
======================================================================
00:03:23  INFO        [CONSOLIDATED] 12 utilities (process + fixed) for 4/2026

  --- POWER BALANCE ---

  DEMAND                                     MWh
  ------------------------------  --------------
  Power (Process)                       26366.55
  Power (Fixed)                          1019.08
  Total Power Demand                    27385.63

  IMPORT POWER (reduces demand)     Cap MW     Hours             MWh
  ------------------------------  --------  --------  --------------
  MEL                                24.00     720.0        17280.00
  MSCB                               24.00     720.0        17280.00
  ------------------------------  --------  --------  --------------
  Total Import Power                                        34560.00

  Net Demand (after import)             -7174.37

  SUPPLY (GT + STG Assets)          Max MW     Hours             MWh
  ------------------------------  --------  --------  --------------
  NMD-Power Plant-2                  20.00     700.0        14000.00  [OK]
  NMD-Power Plant-3                  20.00     720.0        14400.00  [OK]
  NMD-Power Plant-1                  20.00     620.0        12400.00  [OK]
  NMD-STG Power Plant                24.00     720.0        17280.00  [OK]
  ------------------------------  --------  --------  --------------
  Total Power Supply                                        58080.00

  Power Balance (Supply - Net Demand)        65254.37 MWh  [SURPLUS]
  Supply / Net Demand                        0.0 %
  ** OK: Power supply can meet net demand with 65254.37 MWh surplus **


  --- STEAM BALANCE ---


  === SHP STEAM ===

  DEMAND                                      MT
  ------------------------------  --------------
  Total SHP Steam Demand                20126.00

  SUPPLY (Available Assets)         MaxMT/hr     Hours              MT
  ------------------------------  ----------  --------  --------------
  HRSG-1                               136.0     620.0        84320.00  [OK]
  HRSG-2                               136.0     700.0        95200.00  [OK]
  HRSG-3                               136.0     720.0        97920.00  [OK]
  ------------------------------  ----------  --------  --------------
  Total SHP Steam Supply                                     277440.00

  SHP Steam Balance                    257314.00 MT  [SURPLUS]
  Supply / Demand                         1378.5 %
  ** OK: SHP steam supply can meet demand with 257314.00 MT surplus **

  === HP STEAM ===

  DEMAND                                      MT
  ------------------------------  --------------
  Total HP Steam Demand                  1266.00

  SUPPLY (Available Assets)         MaxMT/hr     Hours              MT
  ------------------------------  ----------  --------  --------------
  HP Steam PRDS                     999999.0     720.0         1266.00  [ALWAYS]
  ------------------------------  ----------  --------  --------------
  Total HP Steam Supply                                        1266.00

  HP Steam Balance                          0.00 MT  [SURPLUS]
  Supply / Demand                          100.0 %
  ** OK: HP steam supply can meet demand with 0.00 MT surplus **

  === MP STEAM ===

  DEMAND                                      MT
  ------------------------------  --------------
  Total MP Steam Demand                 21074.00

  SUPPLY (Available Assets)         MaxMT/hr     Hours              MT
  ------------------------------  ----------  --------  --------------
  MP Steam PRDS                     999999.0     720.0        21074.00  [ALWAYS]
  ------------------------------  ----------  --------  --------------
  Total MP Steam Supply                                       21074.00

  MP Steam Balance                          0.00 MT  [SURPLUS]
  Supply / Demand                          100.0 %
  ** OK: MP steam supply can meet demand with 0.00 MT surplus **

  === LP STEAM ===

  DEMAND                                      MT
  ------------------------------  --------------
  Total LP Steam Demand                 24944.00

  SUPPLY (Available Assets)         MaxMT/hr     Hours              MT
  ------------------------------  ----------  --------  --------------
  LP Steam PRDS                     999999.0     720.0        24944.00  [ALWAYS]
  ------------------------------  ----------  --------  --------------
  Total LP Steam Supply                                       24944.00

  LP Steam Balance                          0.00 MT  [SURPLUS]
  Supply / Demand                          100.0 %
  ** OK: LP steam supply can meet demand with 0.00 MT surplus **

======================================================================
  GENERATION UTILITIES & U4U CONSUMPTION MATRIX  (April 2026)
======================================================================
  Producer Utilities (31): Boiler Feed Water, CHEM CYCLO HEXY, CHEM MORPHOLENE, COMP AIR 27, COMPRESSED AIR, CPMP AIR 29, Colling Water 29, Cooling Water 1, Cooling Water 2, D M Water, Effluent Treated, HP Steam PRDS, HP Steam_Dis, HRSG1_SHP STEAM, HRSG2_SHP STEAM, HRSG3_SHP STEAM, KEM WATREAT B 70M, LP Steam PRDS, LP Steam_Dis, MP Steam PRDS SHP, MP Steam_Dis, NATURAL GAS, Natural Gas29, Oxygen, POWERGEN, POWERGEN1, Power_Dis, SHP Steam_Dis, STG1_LP STEAM, STG1_MP STEAM, Treated Spent Caustic
  Consumer/U4U Utilities (21): Boiler Feed Water, COMPRESSED AIR, Cooling Water 2, D M Water, HP Steam PRDS, HRSG1_SHP STEAM, HRSG2_SHP STEAM, HRSG3_SHP STEAM, LP Steam PRDS, LP Steam_Dis, MP Steam PRDS SHP, MP Steam_Dis, POWERGEN, POWERGEN1, Power from MEL, Power_Dis, Ret steam condensate, SHP Steam_Dis, STG1_LP STEAM, STG1_MP STEAM, UREA,NITROGEN CONTENT 46%
  Total Unique Utilities: 34

  Plant                         Utility (Producer)      UOM         Generation  U4U Consumes                                      
  ----------------------------  ----------------------  ------  --------------  --------------------------------------------------
  NMD - Power Plant 1           POWERGEN                KWH               0.00  COMPRESSED AIR(0.0040); Cooling Water 2(0.0000)...
  NMD - Power Plant 2           COMP AIR 27             NM3               0.00  POWERGEN1(0.0000)                                 
  NMD - Power Plant 2           Colling Water 29        NM3               0.00  POWERGEN(0.0000)                                  
  NMD - Power Plant 2           NATURAL GAS             MMBTU             0.00  POWERGEN(0.0000)                                  
  NMD - Power Plant 2           POWERGEN                KWH         9049661.39  COMPRESSED AIR(0.0039); Cooling Water 2(0.0000)...
  NMD - Power Plant 3           NATURAL GAS             MMBTU             0.00  POWERGEN(0.0000)                                  
  NMD - Power Plant 3           POWERGEN                KWH         9049661.39  COMPRESSED AIR(0.0040); Cooling Water 2(0.0000)...
  NMD - STG Power Plant         Natural Gas29           NM3               0.00  POWERGEN(0.0000)                                  
  NMD - STG Power Plant         POWERGEN                KWH         5176924.36  COMPRESSED AIR(0.0044); Cooling Water 2(0.0002)...
  NMD - Utility Plant           Boiler Feed Water       M3           104007.28  Cooling Water 2(0.0021); D M Water(0.8557); LP ...
  NMD - Utility Plant           CHEM CYCLO HEXY         KG                0.00  Boiler Feed Water(0.0000)                         
  NMD - Utility Plant           CHEM MORPHOLENE         MT                0.00  Boiler Feed Water(0.0000)                         
  NMD - Utility Plant           COMPRESSED AIR          NM3         6904921.00  Cooling Water 2(0.0000); Power_Dis(0.1789)        
  NMD - Utility Plant           CPMP AIR 29             KWH               0.00  POWERGEN(0.0000)                                  
  NMD - Utility Plant           Cooling Water 1         KM3           14286.00  COMPRESSED AIR(0.1976); Power_Dis(244.6950)       
  NMD - Utility Plant           Cooling Water 2         KM3           10843.00  COMPRESSED AIR(0.1353); Power_Dis(237.3584)       
  NMD - Utility Plant           D M Water               M3           174025.97  COMPRESSED AIR(0.0879); Power_Dis(1.0877); Ret ...
  NMD - Utility Plant           Effluent Treated        M3                0.00  Power_Dis(3.5400); UREA,NITROGEN CONTENT 46%(0....
  NMD - Utility Plant           HP Steam PRDS           MT             1266.00  Boiler Feed Water(0.0768); SHP Steam_Dis(0.9232)  
  NMD - Utility Plant           HRSG1_SHP STEAM         MT                0.00  Boiler Feed Water(1.1614); COMPRESSED AIR(14.32...
  NMD - Utility Plant           HRSG2_SHP STEAM         MT            43200.00  Boiler Feed Water(1.0573); COMPRESSED AIR(14.44...
  NMD - Utility Plant           HRSG3_SHP STEAM         MT            43200.00  Boiler Feed Water(1.5191); COMPRESSED AIR(14.02...
  NMD - Utility Plant           KEM WATREAT B 70M       KG                0.00  Boiler Feed Water(0.0000)                         
  NMD - Utility Plant           LP Steam PRDS           MT            33588.41  Boiler Feed Water(0.2500); MP Steam_Dis(0.7500)   
  NMD - Utility Plant           MP Steam PRDS SHP       MT            46264.31  Boiler Feed Water(0.0900); SHP Steam_Dis(0.9100)  
  NMD - Utility Plant           Oxygen                  MT                0.00  Cooling Water 2(0.1091); Power_Dis(492.4029)      
  NMD - Utility Plant           POWERGEN                KWH               0.00  Power_Dis(0.0000)                                 
  NMD - Utility Plant           STG1_LP STEAM           MT             4284.62  SHP Steam_Dis(0.4800)                             
  NMD - Utility Plant           STG1_MP STEAM           MT                0.00  SHP Steam_Dis(0.6900)                             
  NMD - Utility Plant           Treated Spent Caustic   M3                0.00  COMPRESSED AIR(99.4124); Cooling Water 2(0.0000...
  NMD - Utility/Power Dist      HP Steam_Dis            MT             1266.00  HP Steam PRDS(1.0000)                             
  NMD - Utility/Power Dist      LP Steam_Dis            MT            37873.03  LP Steam PRDS(0.8869); STG1_LP STEAM(0.1131)      
  NMD - Utility/Power Dist      MP Steam_Dis            MT            46264.31  MP Steam PRDS SHP(1.0000); STG1_MP STEAM(0.0000)  
  NMD - Utility/Power Dist      POWERGEN1               KWH               0.00  COMPRESSED AIR(0.0000)                            
  NMD - Utility/Power Dist      Power_Dis               KWH        40181583.55  Power from MEL(0.4300); POWERGEN(0.0000); POWER...
  NMD - Utility/Power Dist      SHP Steam_Dis           MT            86399.92  HRSG1_SHP STEAM(0.0000); HRSG2_SHP STEAM(0.5000...

  --- U4U CONSUMPTION DETAILS ---

  Producer Utility        Consumes (Material)           Norm             Qty  UOM     Issuing Plant               
  ----------------------  ----------------------  ----------  --------------  ------  ----------------------------
  Boiler Feed Water       Cooling Water 2           0.002072          215.50  KM3     NMD - Utility Plant         
  Boiler Feed Water       D M Water                 0.855709        88999.97  M3      NMD - Utility Plant         
  Boiler Feed Water       LP Steam_Dis              0.114937        11954.28  MT      NMD - Utility/Power Dist    
  Boiler Feed Water       Power_Dis                 9.657983      1004500.54  KWH     NMD - Utility/Power Dist    
  CHEM CYCLO HEXY         Boiler Feed Water         0.000000            0.00  M3      NMD - Utility Plant         
  CHEM MORPHOLENE         Boiler Feed Water         0.000000            0.00  M3      NMD - Utility Plant         
  COMP AIR 27             POWERGEN1                 0.000000            0.00  KWH     NMD - Utility Plant         
  COMPRESSED AIR          Cooling Water 2           0.000019          131.19  KM3     NMD - Utility Plant         
  COMPRESSED AIR          Power_Dis                 0.178938      1235552.75  KWH     NMD - Utility/Power Dist    
  CPMP AIR 29             POWERGEN                  0.000000            0.00  KWH     NMD - STG Power Plant       
  Colling Water 29        POWERGEN                  0.000000            0.00  KW      NMD - Power Plant 2         
  Cooling Water 1         COMPRESSED AIR            0.197630         2823.34  NM3     NMD - Utility Plant         
  Cooling Water 1         Power_Dis               244.695043      3495713.38  KWH     NMD - Utility/Power Dist    
  Cooling Water 2         COMPRESSED AIR            0.135278         1466.82  NM3     NMD - Utility Plant         
  Cooling Water 2         Power_Dis               237.358415      2573677.29  KWH     NMD - Utility/Power Dist    
  D M Water               COMPRESSED AIR            0.087875        15292.53  NM3     NMD - Utility Plant         
  D M Water               Power_Dis                 1.087657       189280.56  KWH     NMD - Utility/Power Dist    
  D M Water               Ret steam condensate      0.164338        28599.08  M3      NMD - STG Power Plant       
  Effluent Treated        Power_Dis                 3.540000            0.00  KWH     NMD - Utility/Power Dist    
  Effluent Treated        UREA,NITROGEN CONTENT 46%    0.001155            0.00  KG      NMD-Rev Proc                
  HP Steam PRDS           Boiler Feed Water         0.076800           97.23  M3      NMD - Utility Plant         
  HP Steam PRDS           SHP Steam_Dis             0.923200         1168.77  MT      NMD - Utility/Power Dist    
  HP Steam_Dis            HP Steam PRDS             1.000000         1266.00  MT      NMD - Utility Plant         
  HRSG1_SHP STEAM         Boiler Feed Water         1.161366            0.00  M3      NMD - Utility Plant         
  HRSG1_SHP STEAM         COMPRESSED AIR           14.323373            0.00  NM3     NMD - Utility Plant         
  HRSG1_SHP STEAM         LP Steam_Dis              0.012124            0.00  MT      NMD - Utility/Power Dist    
  HRSG2_SHP STEAM         Boiler Feed Water         1.057282        45674.58  M3      NMD - Utility Plant         
  HRSG2_SHP STEAM         COMPRESSED AIR           14.440609       623834.31  NM3     NMD - Utility Plant         
  HRSG2_SHP STEAM         LP Steam_Dis              0.011287          487.60  MT      NMD - Utility/Power Dist    
  HRSG3_SHP STEAM         Boiler Feed Water         1.519077        65624.13  M3      NMD - Utility Plant         
  HRSG3_SHP STEAM         COMPRESSED AIR           14.022769       605783.62  NM3     NMD - Utility Plant         
  HRSG3_SHP STEAM         LP Steam_Dis              0.010594          457.66  MT      NMD - Utility/Power Dist    
  KEM WATREAT B 70M       Boiler Feed Water         0.000000            0.00  M3      NMD - Utility Plant         
  LP Steam PRDS           Boiler Feed Water         0.250000         8397.10  M3      NMD - Utility Plant         
  LP Steam PRDS           MP Steam_Dis              0.750000        25191.31  MT      NMD - Utility/Power Dist    
  LP Steam_Dis            LP Steam PRDS             0.886900        33589.59  MT      NMD - Utility Plant         
  LP Steam_Dis            STG1_LP STEAM             0.113100         4283.44  MT      NMD - Utility Plant         
  MP Steam PRDS SHP       Boiler Feed Water         0.090000         4163.79  M3      NMD - Utility Plant         
  MP Steam PRDS SHP       SHP Steam_Dis             0.910000        42100.52  MT      NMD - Utility/Power Dist    
  MP Steam_Dis            MP Steam PRDS SHP         1.000000        46264.31  MT      NMD - Utility Plant         
  MP Steam_Dis            STG1_MP STEAM             0.000000            0.00  MT      NMD - Utility Plant         
  NATURAL GAS             POWERGEN                  0.000000            0.00  KWH     NMD - Power Plant 3         
  Natural Gas29           POWERGEN                  0.000000            0.00  KW      NMD - Utility Plant         
  Oxygen                  Cooling Water 2           0.109123            0.00  KM3     NMD - Utility Plant         
  Oxygen                  Power_Dis               492.402868            0.00  KWH     NMD - Utility/Power Dist    
  POWERGEN                COMPRESSED AIR            0.004357        22555.86  NM3     NMD - Utility Plant         
  POWERGEN                Cooling Water 2           0.000227         1175.16  KM3     NMD - Utility Plant         
  POWERGEN                Power_Dis                 0.000000            0.00  KWH     NMD - Utility Plant         
  POWERGEN                SHP Steam_Dis             0.004442        22996.70  MT      NMD - Utility/Power Dist    
  POWERGEN1               COMPRESSED AIR            0.000000            0.00  NM3     NMD - Utility/Power Dist    
  Power_Dis               POWERGEN                  0.128508      5163666.26  KWH     NMD - STG Power Plant       
  Power_Dis               Power from MEL            0.430048     17280000.00  KWH     NMD-Rev Proc                
  SHP Steam_Dis           HRSG1_SHP STEAM           0.000000            0.00  MT      NMD - Utility Plant         
  SHP Steam_Dis           HRSG2_SHP STEAM           0.500000        43199.96  MT      NMD - Utility Plant         
  SHP Steam_Dis           HRSG3_SHP STEAM           0.500000        43199.96  MT      NMD - Utility Plant         
  STG1_LP STEAM           SHP Steam_Dis             0.479999         2056.61  MT      NMD - Utility/Power Dist    
  STG1_MP STEAM           SHP Steam_Dis             0.689999            0.00  MT      NMD - Utility/Power Dist    
  Treated Spent Caustic   COMPRESSED AIR           99.412351            0.00  NM3     NMD - Utility Plant         
  Treated Spent Caustic   Cooling Water 2           0.000000            8.00  KM3     NMD - Utility Plant         
  Treated Spent Caustic   MP Steam_Dis              0.039000            0.00  MT      NMD - Utility/Power Dist    
  Treated Spent Caustic   Power_Dis                17.040000            0.00  KWH     NMD - Utility/Power Dist    

  Note: Norm = consumption per unit generation. Qty = actual consumption for the month.
  U4U consumption adds to total demand for each consumed utility.

======================================================================
  CPPNORMS — U4U CONSUMPTION NORMS  (April 2026)
======================================================================
  Financial Year: 2026-27  |  Norm Column: Apr_Norms  |  Total Rows: 75

  Plant                         Generation Utility      UOM     U4U Material                    Norm  UOM     Issuing Plant               
  ----------------------------  ----------------------  ------  ----------------------  ------------  ------  ----------------------------
  NMD - Power Plant 1           POWERGEN                KWH     COMPRESSED AIR              0.004000  NM3     NMD - Utility Plant         
                                                                Cooling Water 2             0.000011  KM3     NMD - Utility Plant         
                                                                Power_Dis                   0.019625  KWH     NMD - Utility/Power Dist    
  NMD - Power Plant 2           COMP AIR 27             NM3     POWERGEN1                   0.000000  KWH     NMD - Utility Plant         
  NMD - Power Plant 2           Colling Water 29        NM3     POWERGEN                    0.000000  KW      NMD - Power Plant 2         
  NMD - Power Plant 2           NATURAL GAS             MMBTU   POWERGEN                    0.000000  KW      NMD - Power Plant 2         
  NMD - Power Plant 2           POWERGEN                KWH     COMPRESSED AIR              0.003949  NM3     NMD - Utility Plant         
                                                                Cooling Water 2             0.000011  KM3     NMD - Utility Plant         
                                                                Power_Dis                   0.019870  KWH     NMD - Utility/Power Dist    
  NMD - Power Plant 3           NATURAL GAS             MMBTU   POWERGEN                    0.000000  KWH     NMD - Power Plant 3         
  NMD - Power Plant 3           POWERGEN                KWH     COMPRESSED AIR              0.003997  NM3     NMD - Utility Plant         
                                                                Cooling Water 2             0.000011  KM3     NMD - Utility Plant         
                                                                Power_Dis                   0.020082  KWH     NMD - Utility/Power Dist    
  NMD - STG Power Plant         Natural Gas29           NM3     POWERGEN                    0.000000  KW      NMD - Utility Plant         
  NMD - STG Power Plant         POWERGEN                KWH     COMPRESSED AIR              0.004357  NM3     NMD - Utility Plant         
                                                                Cooling Water 2             0.000227  KM3     NMD - Utility Plant         
                                                                Power_Dis                   0.002561  KWH     NMD - Utility/Power Dist    
                                                                SHP Steam_Dis               0.004442  MT      NMD - Utility/Power Dist    
  NMD - Utility Plant           Boiler Feed Water       M3      Cooling Water 2             0.002072  KM3     NMD - Utility Plant         
                                                                D M Water                   0.855709  M3      NMD - Utility Plant         
                                                                LP Steam_Dis                0.114937  MT      NMD - Utility/Power Dist    
                                                                Power_Dis                   9.657983  KWH     NMD - Utility/Power Dist    
  NMD - Utility Plant           CHEM CYCLO HEXY         KG      Boiler Feed Water           0.000000  M3      NMD - Utility Plant         
  NMD - Utility Plant           CHEM MORPHOLENE         MT      Boiler Feed Water           0.000000  M3      NMD - Utility Plant         
  NMD - Utility Plant           COMPRESSED AIR          NM3     Cooling Water 2             0.000019  KM3     NMD - Utility Plant         
                                                                Power_Dis                   0.178938  KWH     NMD - Utility/Power Dist    
  NMD - Utility Plant           CPMP AIR 29             KWH     POWERGEN                    0.000000  KWH     NMD - STG Power Plant       
  NMD - Utility Plant           Cooling Water 1         KM3     COMPRESSED AIR              0.197630  NM3     NMD - Utility Plant         
                                                                Power_Dis                 244.695043  KWH     NMD - Utility/Power Dist    
  NMD - Utility Plant           Cooling Water 2         KM3     COMPRESSED AIR              0.135278  NM3     NMD - Utility Plant         
                                                                Power_Dis                 237.358415  KWH     NMD - Utility/Power Dist    
  NMD - Utility Plant           D M Water               M3      COMPRESSED AIR              0.087875  NM3     NMD - Utility Plant         
                                                                Power_Dis                   1.087657  KWH     NMD - Utility/Power Dist    
                                                                Ret steam condensate        0.164338  M3      NMD - STG Power Plant       
  NMD - Utility Plant           Effluent Treated        M3      Power_Dis                   3.540000  KWH     NMD - Utility/Power Dist    
                                                                UREA,NITROGEN CONTENT 46%      0.001155  KG      NMD-Rev Proc                
  NMD - Utility Plant           HP Steam PRDS           MT      Boiler Feed Water           0.076800  M3      NMD - Utility Plant         
                                                                SHP Steam_Dis               0.923200  MT      NMD - Utility/Power Dist    
  NMD - Utility Plant           HRSG1_SHP STEAM         MT      Boiler Feed Water           1.161366  M3      NMD - Utility Plant         
                                                                COMPRESSED AIR             14.323373  NM3     NMD - Utility Plant         
                                                                LP Steam_Dis                0.012124  MT      NMD - Utility/Power Dist    
  NMD - Utility Plant           HRSG2_SHP STEAM         MT      Boiler Feed Water           1.057282  M3      NMD - Utility Plant         
                                                                COMPRESSED AIR             14.440609  NM3     NMD - Utility Plant         
                                                                LP Steam_Dis                0.011287  MT      NMD - Utility/Power Dist    
  NMD - Utility Plant           HRSG3_SHP STEAM         MT      Boiler Feed Water           1.519077  M3      NMD - Utility Plant         
                                                                COMPRESSED AIR             14.022769  NM3     NMD - Utility Plant         
                                                                LP Steam_Dis                0.010594  MT      NMD - Utility/Power Dist    
  NMD - Utility Plant           KEM WATREAT B 70M       KG      Boiler Feed Water           0.000000  M3      NMD - Utility Plant         
  NMD - Utility Plant           LP Steam PRDS           MT      Boiler Feed Water           0.250000  M3      NMD - Utility Plant         
                                                                MP Steam_Dis                0.750000  MT      NMD - Utility/Power Dist    
  NMD - Utility Plant           MP Steam PRDS SHP       MT      Boiler Feed Water           0.090000  M3      NMD - Utility Plant         
                                                                SHP Steam_Dis               0.910000  MT      NMD - Utility/Power Dist    
  NMD - Utility Plant           Oxygen                  MT      Cooling Water 2             0.109123  KM3     NMD - Utility Plant         
                                                                Power_Dis                 492.402868  KWH     NMD - Utility/Power Dist    
  NMD - Utility Plant           POWERGEN                KWH     Power_Dis                   0.000000  KWH     NMD - Utility Plant         
  NMD - Utility Plant           STG1_LP STEAM           MT      SHP Steam_Dis               0.479999  MT      NMD - Utility/Power Dist    
  NMD - Utility Plant           STG1_MP STEAM           MT      SHP Steam_Dis               0.689999  MT      NMD - Utility/Power Dist    
  NMD - Utility Plant           Treated Spent Caustic   M3      COMPRESSED AIR             99.412351  NM3     NMD - Utility Plant         
                                                                Cooling Water 2             0.000000  KM3     NMD - Utility Plant         
                                                                MP Steam_Dis                0.039000  MT      NMD - Utility/Power Dist    
                                                                Power_Dis                  17.040000  KWH     NMD - Utility/Power Dist    
  NMD - Utility/Power Dist      HP Steam_Dis            MT      HP Steam PRDS               1.000000  MT      NMD - Utility Plant         
  NMD - Utility/Power Dist      LP Steam_Dis            MT      LP Steam PRDS               0.886900  MT      NMD - Utility Plant         
                                                                STG1_LP STEAM               0.113100  MT      NMD - Utility Plant         
  NMD - Utility/Power Dist      MP Steam_Dis            MT      MP Steam PRDS SHP           1.000000  MT      NMD - Utility Plant         
                                                                STG1_MP STEAM               0.000000  MT      NMD - Utility Plant         
  NMD - Utility/Power Dist      POWERGEN1               KWH     COMPRESSED AIR              0.000000  NM3     NMD - Utility/Power Dist    
  NMD - Utility/Power Dist      Power_Dis               KWH     Power from MEL              0.430048  KWH     NMD-Rev Proc                
                                                                POWERGEN                    0.000000  KWH     NMD - Power Plant 1         
                                                                POWERGEN                    0.220744  KWH     NMD - Power Plant 2         
                                                                POWERGEN                    0.220696  KWH     NMD - Power Plant 3         
                                                                POWERGEN                    0.128508  KWH     NMD - STG Power Plant       
  NMD - Utility/Power Dist      SHP Steam_Dis           MT      HRSG1_SHP STEAM             0.000000  MT      NMD - Utility Plant         
                                                                HRSG2_SHP STEAM             0.500000  MT      NMD - Utility Plant         
                                                                HRSG3_SHP STEAM             0.500000  MT      NMD - Utility Plant         

  Norm = U4U consumption per unit of generation utility.
  Consumption QTY = Norm × Generation QTY (from NormsMonthDetail).

======================================================================
  U4U ITERATIVE BALANCING
======================================================================
00:03:25  INFO        [NMD NormsReader] Loaded 0 rows for 4/2026 — 0 generation utilities, 0 U4U materials
00:03:26  INFO        [CONSOLIDATED] 12 utilities (process + fixed) for 4/2026
00:03:26  INFO        [U4U LOOP] Initial demands: 12 utilities (12 from demand, 0 from norms)
00:03:26  INFO        [U4U LOOP] Pass-through utilities (demand but no norms): COMPRESSED AIR, Cooling Water 1, Cooling Water 2, D M Water, HP Steam_Dis, LP Steam_Dis, MP Steam_Dis, Nitrogen Gas, Oxygen, Power_Dis, SHP Steam_Dis, Water
00:03:26  INFO      
00:03:26  INFO        ==========================================================================================
00:03:26  INFO        U4U ITERATION LOOP  (April 2026)
00:03:26  INFO        ==========================================================================================
00:03:26  INFO        Tolerance: 0.0100% (U4U)  |  0.02 MWh (power)  |  Max iterations: 50
00:03:26  INFO        Total utilities: 12  |  Generation utilities: 0  |  Pass-through: 12
00:03:26  INFO        Pass-through (no norms): COMPRESSED AIR, Cooling Water 1, Cooling Water 2, D M Water, HP Steam_Dis, LP Steam_Dis, MP Steam_Dis, Nitrogen Gas, Oxygen, Power_Dis, SHP Steam_Dis, Water
00:03:26  INFO      
00:03:27  INFO        [DISPATCH] Total demand: 27385.63 MWh, Import: 34560.00 MWh, Net for GT/STG: 0.00 MWh
00:03:28  WARNING     [DISPATCH] No aux power norm for 'NMD-Power Plant-2'; using 0.0
00:03:28  WARNING     [DISPATCH] No aux power norm for 'NMD-Power Plant-3'; using 0.0
00:03:28  WARNING     [DISPATCH] No aux power norm for 'NMD-Power Plant-1'; using 0.0
00:03:28  WARNING     [DISPATCH] No aux power norm for 'NMD-STG Power Plant'; using 0.0
00:03:28  INFO        ==============================================================================
00:03:28  INFO        POWER DISPATCH  (April 2026)
00:03:28  INFO        ==============================================================================
00:03:28  INFO        Demand:  Process = 27385.63 MWh  |  Fixed = 0.00 MWh  |  Total = 27385.63 MWh
00:03:28  INFO      
00:03:28  INFO        Asset                      Priority    Min MW    Max MW     Hours   Dispatched MW  Dispatched MWh    Load %  Free Steam MT  Aux Power MWh
00:03:28  INFO        -------------------------  --------  --------  --------  --------  --------------  --------------  --------  ------------  ------------
00:03:28  INFO        NMD-Power Plant-2                 1      6.00     20.00    700.00            6.00         4200.00     30.0%       8274.00          0.00
00:03:28  INFO        NMD-Power Plant-3                 1      6.00     20.00    720.00            6.00         4320.00     30.0%       8510.40          0.00
00:03:28  INFO        NMD-Power Plant-1                 2      6.00     20.00    620.00            6.00         3720.00     30.0%       7328.40          0.00
00:03:28  INFO        NMD-STG Power Plant               5      6.00     24.00    720.00            6.00         4320.00     25.0%          0.00          0.00
00:03:28  INFO        TOTAL                                                                                    16560.00                24112.80          0.00
00:03:28  INFO        DEFICIT: 10825.63 MWh under-generation
00:03:28  INFO        ==============================================================================
00:03:28  INFO        ==============================================================================
00:03:28  INFO        STEAM DISPATCH  (April 2026)
00:03:28  INFO        ==============================================================================
00:03:28  INFO        Grade      Process/Fixed MT  Letdown MT  Byproduct MT     Net Demand MT
00:03:28  INFO        ---------  ----------------  ----------  ------------  ----------------
00:03:28  INFO        LP                 24944.00        0.00          0.00          24944.00
00:03:28  INFO        MP                 21074.00        0.00          0.00          21074.00
00:03:28  INFO        HP                  1266.00        0.00          0.00           1266.00
00:03:28  INFO        SHP                20126.00        0.00          0.00          20126.00
00:03:28  INFO      
00:03:28  INFO        Total Free Steam available: 24112.80 MT
00:03:28  INFO      
00:03:28  INFO        FINAL SUPPLEMENTARY FIRING DISPATCH
00:03:28  INFO        Asset                      Priority     Min TPH     Max TPH     Hours  Dispatched TPH   Dispatched MT    Load %
00:03:28  INFO        -------------------------  --------  ----------  ----------  --------  --------------  --------------  --------
00:03:28  INFO        HRSG-1                            2       48.18      124.18    620.00            0.00            0.00      8.7%
00:03:28  INFO        HRSG-2                            1       48.18      124.18    700.00            0.00            0.00      8.7%
00:03:28  INFO        HRSG-3                            1       48.18      124.18    720.00            0.00            0.00      8.7%
00:03:28  INFO        TOTAL SUPPLEMENTARY                                                                              0.00          
00:03:28  INFO        TOTAL STEAM GENERATED                                                                        24112.80          
00:03:28  INFO        SURPLUS: 3986.80 MT
00:03:28  INFO        ==============================================================================
00:03:28  INFO        [U4U LOOP] Excess SHP: 3986.80 MT → STG +1119.89 MWh, GT -1119.89 MWh
00:03:28  INFO      
00:03:28  INFO        ------------------------------------------------------------------------------------------
00:03:28  INFO        ITERATION 1
00:03:28  INFO        ------------------------------------------------------------------------------------------
00:03:28  INFO        Power:  Demand =    27385633.00 KWH  |  Gen =       16560.00 MWh  |  Surplus = 23734.37  |  Deficit =     0.00
00:03:28  INFO        Steam:  Gen =       24112.80 MT  |  Surplus =  3986.80  |  Deficit =     0.00
00:03:28  INFO        Excess SHP:    3986.80 MT → STG override = 5439.89 MWh, GT reduction = 1119.89 MWh
00:03:28  INFO        Power delta: 27385633.0000 MWh  |  Converged: NO
00:03:28  INFO      
00:03:28  INFO        Utility                                Total Demand      U4U Demand         Initial    Change %
00:03:28  INFO        -----------------------------------  --------------  --------------  --------------  ----------
00:03:28  INFO        COMPRESSED AIR                           5891461.00            0.00      5891461.00   100.0000% (PT)
00:03:28  INFO        Cooling Water 1                            14286.00            0.00        14286.00   100.0000% (PT)
00:03:28  INFO        Cooling Water 2                             7968.00            0.00         7968.00   100.0000% (PT)
00:03:28  INFO        D M Water                                  85026.00            0.00        85026.00   100.0000% (PT)
00:03:28  INFO        HP Steam_Dis                                1266.00            0.00         1266.00   100.0000% (PT)
00:03:28  INFO        LP Steam_Dis                               24944.00            0.00        24944.00   100.0000% (PT)
00:03:28  INFO        MP Steam_Dis                               21074.00            0.00        21074.00   100.0000% (PT)
00:03:28  INFO        Nitrogen Gas                             5464589.00            0.00      5464589.00   100.0000% (PT)
00:03:28  INFO        Oxygen                                      5315.00            0.00         5315.00   100.0000% (PT)
00:03:28  INFO        Power_Dis                               27385633.00            0.00     27385633.00   100.0000% (PT)
00:03:28  INFO        SHP Steam_Dis                              20126.00            0.00        20126.00   100.0000% (PT)
00:03:28  INFO        Water                                     268424.00            0.00       268424.00   100.0000% (PT)
00:03:28  INFO      
00:03:28  INFO        All U4U materials converged within tolerance
00:03:28  INFO        ------------------------------------------------------------------------------------------
00:03:29  INFO        [DISPATCH] Total demand: 27385.63 MWh, Import: 34560.00 MWh, Net for GT/STG: 0.00 MWh
00:03:29  WARNING     [DISPATCH] No aux power norm for 'NMD-Power Plant-2'; using 0.0
00:03:29  WARNING     [DISPATCH] No aux power norm for 'NMD-Power Plant-3'; using 0.0
00:03:29  WARNING     [DISPATCH] No aux power norm for 'NMD-Power Plant-1'; using 0.0
00:03:29  WARNING     [DISPATCH] No aux power norm for 'NMD-STG Power Plant'; using 0.0
00:03:29  INFO        ==============================================================================
00:03:29  INFO        POWER DISPATCH  (April 2026)
00:03:29  INFO        ==============================================================================
00:03:29  INFO        Demand:  Process = 27385.63 MWh  |  Fixed = 0.00 MWh  |  Total = 27385.63 MWh
00:03:29  INFO      
00:03:29  INFO        Asset                      Priority    Min MW    Max MW     Hours   Dispatched MW  Dispatched MWh    Load %  Free Steam MT  Aux Power MWh
00:03:29  INFO        -------------------------  --------  --------  --------  --------  --------------  --------------  --------  ------------  ------------
00:03:29  INFO        NMD-Power Plant-2                 1      6.00     19.47    700.00            6.00         4200.00     30.8%       8274.00          0.00
00:03:29  INFO        NMD-Power Plant-3                 1      6.00     19.48    720.00            6.00         4320.00     30.8%       8510.40          0.00
00:03:29  INFO        NMD-Power Plant-1                 2      6.00     19.40    620.00            6.00         3720.00     30.9%       7328.40          0.00
00:03:29  INFO        NMD-STG Power Plant               5      6.00     24.00    720.00            7.56         5439.89     31.5%          0.00          0.00
00:03:29  INFO        TOTAL                                                                                    17679.89                24112.80          0.00
00:03:29  INFO        DEFICIT: 9705.74 MWh under-generation
00:03:29  INFO        ==============================================================================
00:03:30  INFO        ==============================================================================
00:03:30  INFO        STEAM DISPATCH  (April 2026)
00:03:30  INFO        ==============================================================================
00:03:30  INFO        Grade      Process/Fixed MT  Letdown MT  Byproduct MT     Net Demand MT
00:03:30  INFO        ---------  ----------------  ----------  ------------  ----------------
00:03:30  INFO        LP                 24944.00        0.00          0.00          24944.00
00:03:30  INFO        MP                 21074.00        0.00          0.00          21074.00
00:03:30  INFO        HP                  1266.00        0.00          0.00           1266.00
00:03:30  INFO        SHP                20126.00        0.00          0.00          20126.00
00:03:30  INFO      
00:03:30  INFO        Total Free Steam available: 24112.80 MT
00:03:30  INFO      
00:03:30  INFO        FINAL SUPPLEMENTARY FIRING DISPATCH
00:03:30  INFO        Asset                      Priority     Min TPH     Max TPH     Hours  Dispatched TPH   Dispatched MT    Load %
00:03:30  INFO        -------------------------  --------  ----------  ----------  --------  --------------  --------------  --------
00:03:30  INFO        HRSG-1                            2       48.18      124.18    620.00            0.00            0.00      8.7%
00:03:30  INFO        HRSG-2                            1       48.18      124.18    700.00            0.00            0.00      8.7%
00:03:30  INFO        HRSG-3                            1       48.18      124.18    720.00            0.00            0.00      8.7%
00:03:30  INFO        TOTAL SUPPLEMENTARY                                                                              0.00          
00:03:30  INFO        TOTAL STEAM GENERATED                                                                        24112.80          
00:03:30  INFO        SURPLUS: 3986.80 MT
00:03:30  INFO        ==============================================================================
00:03:30  INFO        [U4U LOOP] Excess SHP: 3986.80 MT → STG +1119.89 MWh, GT -1119.89 MWh
00:03:30  INFO      
00:03:30  INFO        ------------------------------------------------------------------------------------------
00:03:30  INFO        ITERATION 2
00:03:30  INFO        ------------------------------------------------------------------------------------------
00:03:30  INFO        Power:  Demand =    27385633.00 KWH  |  Gen =       17679.89 MWh  |  Surplus = 24854.26  |  Deficit =     0.00
00:03:30  INFO        Steam:  Gen =       24112.80 MT  |  Surplus =  3986.80  |  Deficit =     0.00
00:03:30  INFO        Excess SHP:    3986.80 MT → STG override = 6559.78 MWh, GT reduction = 1119.89 MWh
00:03:30  INFO        Power delta: 0.0000 MWh  |  Converged: YES
00:03:30  INFO      
00:03:30  INFO        Utility                                Total Demand      U4U Demand         Initial    Change %
00:03:30  INFO        -----------------------------------  --------------  --------------  --------------  ----------
00:03:30  INFO        COMPRESSED AIR                           5891461.00            0.00      5891461.00   100.0000% (PT)
00:03:30  INFO        Cooling Water 1                            14286.00            0.00        14286.00   100.0000% (PT)
00:03:30  INFO        Cooling Water 2                             7968.00            0.00         7968.00   100.0000% (PT)
00:03:30  INFO        D M Water                                  85026.00            0.00        85026.00   100.0000% (PT)
00:03:30  INFO        HP Steam_Dis                                1266.00            0.00         1266.00   100.0000% (PT)
00:03:30  INFO        LP Steam_Dis                               24944.00            0.00        24944.00   100.0000% (PT)
00:03:30  INFO        MP Steam_Dis                               21074.00            0.00        21074.00   100.0000% (PT)
00:03:30  INFO        Nitrogen Gas                             5464589.00            0.00      5464589.00   100.0000% (PT)
00:03:30  INFO        Oxygen                                      5315.00            0.00         5315.00   100.0000% (PT)
00:03:30  INFO        Power_Dis                               27385633.00            0.00     27385633.00   100.0000% (PT)
00:03:30  INFO        SHP Steam_Dis                              20126.00            0.00        20126.00   100.0000% (PT)
00:03:30  INFO        Water                                     268424.00            0.00       268424.00   100.0000% (PT)
00:03:30  INFO      
00:03:30  INFO        All U4U materials converged within tolerance
00:03:30  INFO        ------------------------------------------------------------------------------------------
00:03:30  INFO      
00:03:30  INFO        [U4U LOOP] === CONVERGED in 2 iterations ===
00:03:30  INFO      
00:03:30  INFO        ==========================================================================================
00:03:30  INFO        FINAL BALANCE  (after 2 iterations, CONVERGED)
00:03:30  INFO        ==========================================================================================
00:03:30  INFO      
00:03:30  INFO        POWER BALANCE
00:03:30  INFO        Process + Fixed Demand                  27385633.00 KWH
00:03:30  INFO        U4U Demand                                     0.00 KWH
00:03:30  INFO        TOTAL DEMAND                            27385633.00 KWH
00:03:30  INFO        GT/STG Generation                          17679.89 MWh
00:03:30  INFO        Import Power                               34560.00 MWh
00:03:30  INFO        TOTAL SUPPLY                               52239.89 MWh
00:03:30  INFO        BALANCE                                    24854.26 MWh
00:03:30  INFO      
00:03:30  INFO        STEAM BALANCE
00:03:30  INFO        Grade            Demand (MT)        Gen (MT)    Surplus (MT)    Deficit (MT)
00:03:30  INFO        ------------  --------------  --------------  --------------  --------------
00:03:30  INFO        LP                  24944.00            0.00            0.00            0.00
00:03:30  INFO        MP                  21074.00            0.00            0.00            0.00
00:03:30  INFO        HP                   1266.00            0.00            0.00            0.00
00:03:30  INFO        SHP                 20126.00        24112.80         3986.80            0.00
00:03:30  INFO      
00:03:30  INFO        U4U CONSUMPTION SUMMARY
00:03:30  INFO        Utility                              Initial Demand      U4U Demand    Total Demand
00:03:30  INFO        -----------------------------------  --------------  --------------  --------------
00:03:30  INFO        COMPRESSED AIR                           5891461.00            0.00      5891461.00 (PT)
00:03:30  INFO        Cooling Water 1                            14286.00            0.00        14286.00 (PT)
00:03:30  INFO        Cooling Water 2                             7968.00            0.00         7968.00 (PT)
00:03:30  INFO        D M Water                                  85026.00            0.00        85026.00 (PT)
00:03:30  INFO        HP Steam_Dis                                1266.00            0.00         1266.00 (PT)
00:03:30  INFO        LP Steam_Dis                               24944.00            0.00        24944.00 (PT)
00:03:30  INFO        MP Steam_Dis                               21074.00            0.00        21074.00 (PT)
00:03:30  INFO        Nitrogen Gas                             5464589.00            0.00      5464589.00 (PT)
00:03:30  INFO        Oxygen                                      5315.00            0.00         5315.00 (PT)
00:03:30  INFO        Power_Dis                               27385633.00            0.00     27385633.00 (PT)
00:03:30  INFO        SHP Steam_Dis                              20126.00            0.00        20126.00 (PT)
00:03:30  INFO        Water                                     268424.00            0.00       268424.00 (PT)
00:03:30  INFO      
00:03:30  INFO        PASS-THROUGH UTILITIES (demand but no norms configuration):
00:03:30  INFO          COMPRESSED AIR                       demand = 5891461.00  (assumed external supply)
00:03:30  INFO          Cooling Water 1                      demand = 14286.00  (assumed external supply)
00:03:30  INFO          Cooling Water 2                      demand = 7968.00  (assumed external supply)
00:03:30  INFO          D M Water                            demand = 85026.00  (assumed external supply)
00:03:30  INFO          HP Steam_Dis                         demand = 1266.00  (assumed external supply)
00:03:30  INFO          LP Steam_Dis                         demand = 24944.00  (assumed external supply)
00:03:30  INFO          MP Steam_Dis                         demand = 21074.00  (assumed external supply)
00:03:30  INFO          Nitrogen Gas                         demand = 5464589.00  (assumed external supply)
00:03:30  INFO          Oxygen                               demand = 5315.00  (assumed external supply)
00:03:30  INFO          Power_Dis                            demand = 27385633.00  (assumed external supply)
00:03:30  INFO          SHP Steam_Dis                        demand = 20126.00  (assumed external supply)
00:03:30  INFO          Water                                demand = 268424.00  (assumed external supply)
00:03:30  INFO        ==========================================================================================

  Iterations: 2  |  Converged: YES
  Pass-through utilities: D M Water, Nitrogen Gas, LP Steam_Dis, Oxygen, Power_Dis, HP Steam_Dis, COMPRESSED AIR, Cooling Water 2, Cooling Water 1, Water, SHP Steam_Dis, MP Steam_Dis

======================================================================
  DONE
======================================================================
