NMD Plant Run Log
Plant:     NMD CPP
Period:    3/2026
Generated: 2026-07-07 21:52:41
================================================================================


==============================================================================================================
  NMD UTILITY PRICE CALCULATION — March / 2026
  Method : Cost Cycle Gauss-Seidel  |  Max iterations : 100  |  Convergence tolerance : 0.0001 INR
==============================================================================================================
  Loaded 26 utility groups from NormsMonthDetail.

  Dynamic calculation sequence: 25 utilities
    1. NMD - Power Plant 1 | POWERGEN
    2. NMD - Power Plant 2 | POWERGEN
    3. NMD - Power Plant 3 | POWERGEN
    4. NMD - STG Power Plant | POWERGEN
    5. NMD - Utility Plant | Boiler Feed Water
    6. NMD - Utility Plant | COMPRESSED AIR
    7. NMD - Utility Plant | Cooling Water 1
    8. NMD - Utility Plant | Cooling Water 2
    9. NMD - Utility Plant | D M Water
    10. NMD - Utility Plant | Effluent Treated
    11. NMD - Utility Plant | HP Steam PRDS
    12. NMD - Utility Plant | HRSG1_SHP STEAM
    13. NMD - Utility Plant | HRSG2_SHP STEAM
    14. NMD - Utility Plant | HRSG3_SHP STEAM
    15. NMD - Utility Plant | LP Steam PRDS
    16. NMD - Utility Plant | MP Steam PRDS SHP
    17. NMD - Utility Plant | Oxygen
    18. NMD - Utility Plant | PQR
    19. NMD - Utility Plant | STG1_LP STEAM
    20. NMD - Utility Plant | STG1_MP STEAM
    21. NMD - Utility Plant | Treated Spent Caustic
    22. NMD - Utility/Power Dist | HP Steam_Dis
    23. NMD - Utility/Power Dist | LP Steam_Dis
    24. NMD - Utility/Power Dist | Power_Dis
    25. NMD - Utility/Power Dist | SHP Steam_Dis

  [ITERATION] Price calculation iteration completed in 12 iteration(s). Converged: True
  Status  : CONVERGED after 12 iteration(s)

============================================================================================================================
  UTILITY SUMMARY
============================================================================================================================
  #    Plant                          Utility                  UOM           Gen QTY   Calc Price       Total Cost Status
  --------------------------------------------------------------------------------------------------------------------------
  1    Power Plant 1                  POWERGEN                 KWH      7,683,876.97      13.1623   101,137,618.00  Converged
  2    Power Plant 2                  POWERGEN                 KWH              0.00       0.0000             0.00  Zero QTY
  3    Power Plant 3                  POWERGEN                 KWH      8,006,320.00      13.4091   107,357,510.82  Converged
  4    STG Power Plant                POWERGEN                 KWH      8,727,990.00      14.7141   128,424,201.44  Converged
  5    Utility Plant                  Boiler Feed Water        M3         111,734.22     303.1677    33,874,202.30  Converged
  6    Utility Plant                  COMPRESSED AIR           NM3      7,491,863.90       2.5525    19,123,101.66  Converged
  7    Utility Plant                  Cooling Water 1          KM3         15,776.00   3,176.8270    50,117,623.42  Converged
  8    Utility Plant                  Cooling Water 2          KM3         14,319.23   3,255.3693    46,614,389.87  Converged
  9    Utility Plant                  D M Water                M3         153,089.32      77.8458    11,917,366.00  Converged
  10   Utility Plant                  Effluent Treated         M3               0.00       0.0000             0.00  Zero QTY
  11   Utility Plant                  HP Steam PRDS            MT           4,701.00   3,057.7089    14,374,289.51  Converged
  12   Utility Plant                  HRSG1_SHP STEAM          MT          50,344.34   2,975.4982   149,799,494.18  Converged
  13   Utility Plant                  HRSG2_SHP STEAM          MT               0.00       0.0000             0.00  Zero QTY
  14   Utility Plant                  HRSG3_SHP STEAM          MT          50,344.34   3,598.2141   181,149,714.87  Converged
  15   Utility Plant                  LP Steam PRDS            MT          20,494.01      75.7919     1,553,280.33  Converged
  16   Utility Plant                  MP Steam PRDS SHP        MT          34,964.69   3,018.3242   105,534,768.60  Converged
  17   Utility Plant                  Oxygen                   MT           5,501.00  18,264.1061   100,470,847.88  Converged
  18   Utility Plant                  PQR                                       0.00       0.0000             0.00  Zero QTY
  19   Utility Plant                  STG1_LP STEAM            MT          22,130.80   1,577.6910    34,915,567.52  Converged
  20   Utility Plant                  STG1_MP STEAM            MT             385.32   2,267.9308       873,867.85  Converged
  21   Utility Plant                  Treated Spent Caustic    M3               0.00       0.0000        26,042.95  Zero QTY
  22   Utility/Power Dist             HP Steam_Dis             MT           4,701.00   3,057.7089    14,374,289.50  Converged
  23   Utility/Power Dist             LP Steam_Dis             MT          42,627.70     929.7555    39,633,341.06  Converged
  24   Utility/Power Dist             Power_Dis                KWH     47,804,630.00      10.2523   490,109,425.17  Converged
  25   Utility/Power Dist             SHP Steam_Dis            MT         100,688.67   3,286.8562   330,949,176.49  Converged
  ==========================================================================================================================
  GRAND TOTAL COST (All Utilities)                                             1,962,330,119.41
  ==========================================================================================================================

============================================================================================================================
  MATERIAL COST DETAIL
============================================================================================================================

  ┌─ Power Plant 1  |  POWERGEN  (KWH)  |  Gen QTY : 7,683,876.97  |  Calculated Price : 13.1623
  │  Material                             Issuing Plant                    Norms      Cons. Qty       Price         Amount  Type
  │  ----------------------------------------------------------------------------------------------------------------------
  │  COMPRESSED AIR                       NMD - Utility Plant             0.0039      25,408.41      2.5525      64,855.37  Calculated
  │  Cooling Water 2                      NMD - Utility Plant             0.0000          91.26  3,255.3693     297,073.54  Calculated
  │  NATURAL GAS                          NMD-Rev Proc                    0.0107      76,244.83  1,101.3763  83,974,245.26  User Price
  │  No Material                          No Plant                        0.0000           0.00           —   3,951,170.77  Direct Amount
  │  No Material                          No Plant                        0.0000           0.00           —   9,344,236.87  Direct Amount
  │  No Material                          No Plant                        0.0000           0.00           —   2,570,443.52  Direct Amount
  │  Power_Dis                            NMD - Utility/Power Dist        0.0140      91,256.48     10.2523     935,592.66  Calculated
  │  ----------------------------------------------------------------------------------------------------------------------
  └─ TOTAL COST : 101,137,618.00   PRICE = 101,137,618.00 / 7,683,876.97 = 13.1623 /KWH

  ┌─ Power Plant 2  |  POWERGEN  (KWH)  |  Gen QTY : 0.00  |  Calculated Price : 0.0000
  │  Material                             Issuing Plant                    Norms      Cons. Qty       Price         Amount  Type
  │  ----------------------------------------------------------------------------------------------------------------------
  │  COMPRESSED AIR                       NMD - Utility Plant             0.0039           0.00      2.5525           0.00  Calculated
  │  Cooling Water 2                      NMD - Utility Plant             0.0000           0.00  3,255.3693           0.00  Calculated
  │  NATURAL GAS                          NMD-Rev Proc                    0.0101           0.00      0.0000           0.00  User Price
  │  No Material                          No Plant                        0.0000           0.00           —           0.00  Direct Amount
  │  No Material                          No Plant                        0.0000           0.00           —           0.00  Direct Amount
  │  No Material                          No Plant                        0.0000           0.00           —           0.00  Direct Amount
  │  Power_Dis                            NMD - Utility/Power Dist        0.0140           0.00     10.2523           0.00  Calculated
  │  ----------------------------------------------------------------------------------------------------------------------
  └─ TOTAL COST :           0.00   PRICE = 0.00 / 0 = 0.0000 /KWH

  ┌─ Power Plant 3  |  POWERGEN  (KWH)  |  Gen QTY : 8,006,320.00  |  Calculated Price : 13.4091
  │  Material                             Issuing Plant                    Norms      Cons. Qty       Price         Amount  Type
  │  ----------------------------------------------------------------------------------------------------------------------
  │  COMPRESSED AIR                       NMD - Utility Plant             0.0046      36,468.79      2.5525      93,087.16  Calculated
  │  Cooling Water 2                      NMD - Utility Plant             0.0000         128.10  3,255.3693     417,016.45  Calculated
  │  NATURAL GAS                          NMD-Rev Proc                    0.0107      83,257.74  1,101.3763  91,698,102.16  User Price
  │  No Material                          No Plant                        0.0000           0.00           —   3,803,934.79  Direct Amount
  │  No Material                          No Plant                        0.0000           0.00           —   2,199,703.01  Direct Amount
  │  No Material                          No Plant                        0.0000           0.00           —   7,996,497.80  Direct Amount
  │  Power_Dis                            NMD - Utility/Power Dist        0.0140     112,088.48     10.2523   1,149,169.45  Calculated
  │  ----------------------------------------------------------------------------------------------------------------------
  └─ TOTAL COST : 107,357,510.82   PRICE = 107,357,510.82 / 8,006,320.00 = 13.4091 /KWH

  ┌─ STG Power Plant  |  POWERGEN  (KWH)  |  Gen QTY : 8,727,990.00  |  Calculated Price : 14.7141
  │  Material                             Issuing Plant                    Norms      Cons. Qty       Price         Amount  Type
  │  ----------------------------------------------------------------------------------------------------------------------
  │  COMPRESSED AIR                       NMD - Utility Plant             0.0048      41,745.98      2.5525     106,557.27  Calculated
  │  Cooling Water 2                      NMD - Utility Plant             0.0003       2,417.65  3,255.3693   7,870,354.04  Calculated
  │  No Material                          No Plant                        0.0000           0.00           —  10,095,633.12  Direct Amount
  │  No Material                          No Plant                        0.0000           0.00           —   2,777,140.08  Direct Amount
  │  No Material                          No Plant                        0.0000           0.00           —   3,632,669.67  Direct Amount
  │  Power_Dis                            NMD - Utility/Power Dist        0.0020      17,455.98     10.2523     178,964.68  Calculated
  │  Ret steam condensate                 NMD - STG Power Plant           0.0023      20,327.49    -48.0000    -975,719.46  User Price
  │  SHP Steam_Dis                        NMD - Utility/Power Dist        0.0037      31,865.89  3,286.8562 104,738,602.04  Calculated
  │  ----------------------------------------------------------------------------------------------------------------------
  └─ TOTAL COST : 128,424,201.44   PRICE = 128,424,201.44 / 8,727,990.00 = 14.7141 /KWH

  ┌─ Utility Plant  |  Boiler Feed Water  (M3)  |  Gen QTY : 111,734.22  |  Calculated Price : 303.1677
  │  Material                             Issuing Plant                    Norms      Cons. Qty       Price         Amount  Type
  │  ----------------------------------------------------------------------------------------------------------------------
  │  CHEM CYCLO HEXY                      NMD-Rev Proc                    0.0001          11.17    190.0000       2,122.95  User Price
  │  CHEM MORPHOLENE                      NMD-Rev Proc                    0.0000           0.22 170,000.0000      37,989.56  User Price
  │  Cooling Water 2                      NMD - Utility Plant             0.0011         118.55  3,255.3693     385,924.04  Calculated
  │  D M Water                            NMD - Utility Plant             0.8600      96,091.43     77.8458   7,480,317.33  Calculated
  │  KEM WATREAT B 70M                    NMD-Rev Proc                    0.0006          63.69    343.0000      21,845.16  User Price
  │  LP Steam_Dis                         NMD - Utility/Power Dist        0.1450      16,201.46    929.7555  15,063,397.83  Calculated
  │  Power_Dis                            NMD - Utility/Power Dist        9.5000   1,061,475.05     10.2523  10,882,605.43  Calculated
  │  ----------------------------------------------------------------------------------------------------------------------
  └─ TOTAL COST :  33,874,202.30   PRICE = 33,874,202.30 / 111,734.22 = 303.1677 /M3

  ┌─ Utility Plant  |  COMPRESSED AIR  (NM3)  |  Gen QTY : 7,491,863.90  |  Calculated Price : 2.5525
  │  Material                             Issuing Plant                    Norms      Cons. Qty       Price         Amount  Type
  │  ----------------------------------------------------------------------------------------------------------------------
  │  Cooling Water 2                      NMD - Utility Plant             0.0000         179.80  3,255.3693     585,330.81  Calculated
  │  No Material                          No Plant                        0.0000           0.00           —   5,864,260.71  Direct Amount
  │  Power_Dis                            NMD - Utility/Power Dist        0.1650   1,236,157.54     10.2523  12,673,510.14  Calculated
  │  PQR                                  NMD - Utility Plant             0.0000           0.00      0.0000           0.00  Calculated
  │  ----------------------------------------------------------------------------------------------------------------------
  └─ TOTAL COST :  19,123,101.66   PRICE = 19,123,101.66 / 7,491,863.90 = 2.5525 /NM3

  ┌─ Utility Plant  |  Cooling Water 1  (KM3)  |  Gen QTY : 15,776.00  |  Calculated Price : 3,176.8270
  │  Material                             Issuing Plant                    Norms      Cons. Qty       Price         Amount  Type
  │  ----------------------------------------------------------------------------------------------------------------------
  │  COMPRESSED AIR                       NMD - Utility Plant             0.1046       1,650.01      2.5525       4,211.68  Calculated
  │  No Material                          No Plant                        0.0000           0.00           —      12,434.59  Direct Amount
  │  Power_Dis                            NMD - Utility/Power Dist      245.0000   3,865,120.06     10.2523  39,626,533.50  Calculated
  │  SULPHURIC ACID                       NMD-Rev Proc                    0.0002           2.49  6,000.0000      14,955.65  User Price
  │  Water                                NMD-Rev Proc                   11.0500     174,324.80     60.0000  10,459,488.00  User Price
  │  ----------------------------------------------------------------------------------------------------------------------
  └─ TOTAL COST :  50,117,623.42   PRICE = 50,117,623.42 / 15,776.00 = 3,176.8270 /KM3

  ┌─ Utility Plant  |  Cooling Water 2  (KM3)  |  Gen QTY : 14,319.23  |  Calculated Price : 3,255.3693
  │  Material                             Issuing Plant                    Norms      Cons. Qty       Price         Amount  Type
  │  ----------------------------------------------------------------------------------------------------------------------
  │  COMPRESSED AIR                       NMD - Utility Plant             0.1149       1,645.52      2.5525       4,200.22  Calculated
  │  No Material                          No Plant                        0.0000           0.00           —      11,317.32  Direct Amount
  │  Power_Dis                            NMD - Utility/Power Dist      250.0000   3,579,808.21     10.2523  36,701,418.74  Calculated
  │  SULPHURIC ACID                       NMD-Rev Proc                    0.0002           2.86  6,000.0000      17,183.08  User Price
  │  Water                                NMD-Rev Proc                   11.5000     164,671.17     60.0000   9,880,270.50  User Price
  │  ----------------------------------------------------------------------------------------------------------------------
  └─ TOTAL COST :  46,614,389.87   PRICE = 46,614,389.87 / 14,319.23 = 3,255.3693 /KM3

  ┌─ Utility Plant  |  D M Water  (M3)  |  Gen QTY : 153,089.32  |  Calculated Price : 77.8458
  │  Material                             Issuing Plant                    Norms      Cons. Qty       Price         Amount  Type
  │  ----------------------------------------------------------------------------------------------------------------------
  │  CAUSTIC SODA LYE – GRADE 1           NMD-Rev Proc                    0.0002          34.60 33,765.0000   1,168,207.75  User Price
  │  CHEM  SODIUM SULPHITE;PN:MIS 19OX    NMD-Rev Proc                    0.0007         107.32     51.5000       5,526.75  User Price
  │  CHEM ALUM.SULFATE, AL2(SO4)3,18H2O   NMD-Rev Proc                    0.0008         115.89      9.5000       1,100.94  User Price
  │  COMPRESSED AIR                       NMD - Utility Plant             0.0770      11,787.88      2.5525      30,088.74  Calculated
  │  HYDRO CHLORIC ACID (30%) -VIRGIN     NMD-Rev Proc                    0.0002          34.60    550.0000      19,029.00  User Price
  │  No Material                          No Plant                        0.0000           0.00           —     116,432.85  Direct Amount
  │  POLYELECTROLYTE                      NMD-Rev Proc                    0.0006          88.49    140.0000      12,387.99  User Price
  │  Power_Dis                            NMD - Utility/Power Dist        1.2100     185,238.08     10.2523   1,899,124.15  Calculated
  │  Ret steam condensate                 NMD - STG Power Plant           0.2030      31,077.13    -32.0000    -994,468.22  User Price
  │  SODIUM CHLORIDE IS 797 GRADE1        NMD-Rev Proc                    0.0000           1.53 10,000.0000      15,308.93  User Price
  │  Water                                NMD-Rev Proc                    1.0500     160,743.79     60.0000   9,644,627.11  User Price
  │  ----------------------------------------------------------------------------------------------------------------------
  └─ TOTAL COST :  11,917,366.00   PRICE = 11,917,366.00 / 153,089.32 = 77.8458 /M3

  ┌─ Utility Plant  |  Effluent Treated  (M3)  |  Gen QTY : 0.00  |  Calculated Price : 0.0000
  │  Material                             Issuing Plant                    Norms      Cons. Qty       Price         Amount  Type
  │  ----------------------------------------------------------------------------------------------------------------------
  │  Power_Dis                            NMD - Utility/Power Dist        3.5400           0.00     10.2523           0.00  Calculated
  │  UREA,NITROGEN CONTENT 46%            NMD-Rev Proc                    0.0007           0.00     46.0000           0.00  User Price
  │  Water                                NMD-Rev Proc                    0.0007           0.00     60.0000           0.00  User Price
  │  ----------------------------------------------------------------------------------------------------------------------
  └─ TOTAL COST :           0.00   PRICE = 0.00 / 0 = 0.0000 /M3

  ┌─ Utility Plant  |  HP Steam PRDS  (MT)  |  Gen QTY : 4,701.00  |  Calculated Price : 3,057.7089
  │  Material                             Issuing Plant                    Norms      Cons. Qty       Price         Amount  Type
  │  ----------------------------------------------------------------------------------------------------------------------
  │  Boiler Feed Water                    NMD - Utility Plant             0.0768         361.04    303.1677     109,454.69  Calculated
  │  SHP Steam_Dis                        NMD - Utility/Power Dist        0.9232       4,339.96  3,286.8562  14,264,834.82  Calculated
  │  ----------------------------------------------------------------------------------------------------------------------
  └─ TOTAL COST :  14,374,289.51   PRICE = 14,374,289.51 / 4,701.00 = 3,057.7089 /MT

  ┌─ Utility Plant  |  HRSG1_SHP STEAM  (MT)  |  Gen QTY : 50,344.34  |  Calculated Price : 2,975.4982
  │  Material                             Issuing Plant                    Norms      Cons. Qty       Price         Amount  Type
  │  ----------------------------------------------------------------------------------------------------------------------
  │  Boiler Feed Water                    NMD - Utility Plant             1.0240      51,552.60    303.1677  15,629,083.09  Calculated
  │  CHEM TRISODIUM PHOSPHATE             NMD-Rev Proc                    0.0009          45.31    153.0000       6,932.42  User Price
  │  COMPRESSED AIR                       NMD - Utility Plant             9.6312     484,875.45      2.5525   1,237,652.29  Calculated
  │  FURNACE OIL ( MEDIUM VISCOSITY GRAD  NMD-Rev Proc                    0.0001           4.93    948.9829       4,682.04  User Price
  │  LP Steam_Dis                         NMD - Utility/Power Dist       -0.0780      -3,926.86  2,097.5400  -8,236,742.82  User Price
  │  NATURAL GAS                          NMD-Rev Proc                    2.4722     124,463.19  1,101.3763 137,080,808.17  User Price
  │  No Material                          No Plant                        0.0000           0.00           —   4,069,044.04  Direct Amount
  │  Water                                NMD-Rev Proc                    0.0027         133.92     60.0000       8,034.96  User Price
  │  ----------------------------------------------------------------------------------------------------------------------
  └─ TOTAL COST : 149,799,494.18   PRICE = 149,799,494.18 / 50,344.34 = 2,975.4982 /MT

  ┌─ Utility Plant  |  HRSG2_SHP STEAM  (MT)  |  Gen QTY : 0.00  |  Calculated Price : 0.0000
  │  Material                             Issuing Plant                    Norms      Cons. Qty       Price         Amount  Type
  │  ----------------------------------------------------------------------------------------------------------------------
  │  Boiler Feed Water                    NMD - Utility Plant             1.0542           0.00    303.1677           0.00  Calculated
  │  CHEM TRISODIUM PHOSPHATE             NMD-Rev Proc                    0.0009           0.00      0.0000           0.00  User Price
  │  COMPRESSED AIR                       NMD - Utility Plant            14.1733           0.00      2.5525           0.00  Calculated
  │  FURNACE OIL ( MEDIUM VISCOSITY GRAD  NMD-Rev Proc                    0.0001           0.00      0.0000           0.00  User Price
  │  LP Steam_Dis                         NMD - Utility/Power Dist       -0.0780           0.00    929.7555           0.00  Calculated
  │  NATURAL GAS                          NMD-Rev Proc                    2.8116           0.00      0.0000           0.00  User Price
  │  No Material                          No Plant                        0.0000           0.00           —           0.00  Direct Amount
  │  Water                                NMD-Rev Proc                    0.0027           0.00      0.0000           0.00  User Price
  │  ----------------------------------------------------------------------------------------------------------------------
  └─ TOTAL COST :           0.00   PRICE = 0.00 / 0 = 0.0000 /MT

  ┌─ Utility Plant  |  HRSG3_SHP STEAM  (MT)  |  Gen QTY : 50,344.34  |  Calculated Price : 3,598.2141
  │  Material                             Issuing Plant                    Norms      Cons. Qty       Price         Amount  Type
  │  ----------------------------------------------------------------------------------------------------------------------
  │  Boiler Feed Water                    NMD - Utility Plant             1.0240      51,552.60    303.1677  15,629,083.09  Calculated
  │  CHEM TRISODIUM PHOSPHATE             NMD-Rev Proc                    0.0009          45.31    153.0000       6,932.42  User Price
  │  COMPRESSED AIR                       NMD - Utility Plant            10.0662     506,778.46      2.5525   1,293,560.07  Calculated
  │  FURNACE OIL ( MEDIUM VISCOSITY GRAD  NMD-Rev Proc                    0.0001           4.93    948.9827       4,682.04  User Price
  │  LP Steam_Dis                         NMD - Utility/Power Dist       -0.0780      -3,926.86    929.7555  -3,651,018.33  Calculated
  │  NATURAL GAS                          NMD-Rev Proc                    2.9544     148,738.53  1,101.3763 163,817,087.83  User Price
  │  No Material                          No Plant                        0.0000           0.00           —   4,041,352.80  Direct Amount
  │  Water                                NMD-Rev Proc                    0.0027         133.92     60.0000       8,034.96  User Price
  │  ----------------------------------------------------------------------------------------------------------------------
  └─ TOTAL COST : 181,149,714.87   PRICE = 181,149,714.87 / 50,344.34 = 3,598.2141 /MT

  ┌─ Utility Plant  |  LP Steam PRDS  (MT)  |  Gen QTY : 20,494.01  |  Calculated Price : 75.7919
  │  Material                             Issuing Plant                    Norms      Cons. Qty       Price         Amount  Type
  │  ----------------------------------------------------------------------------------------------------------------------
  │  Boiler Feed Water                    NMD - Utility Plant             0.2500       5,123.50    303.1677   1,553,280.33  Calculated
  │  MP Steam_Dis                         NMD - Utility/Power Dist        0.7500      15,370.51      0.0000           0.00  Calculated
  │  ----------------------------------------------------------------------------------------------------------------------
  └─ TOTAL COST :   1,553,280.33   PRICE = 1,553,280.33 / 20,494.01 = 75.7919 /MT

  ┌─ Utility Plant  |  MP Steam PRDS SHP  (MT)  |  Gen QTY : 34,964.69  |  Calculated Price : 3,018.3242
  │  Material                             Issuing Plant                    Norms      Cons. Qty       Price         Amount  Type
  │  ----------------------------------------------------------------------------------------------------------------------
  │  Boiler Feed Water                    NMD - Utility Plant             0.0900       3,146.82    303.1677     954,014.72  Calculated
  │  SHP Steam_Dis                        NMD - Utility/Power Dist        0.9100      31,817.87  3,286.8562 104,580,753.87  Calculated
  │  ----------------------------------------------------------------------------------------------------------------------
  └─ TOTAL COST : 105,534,768.60   PRICE = 105,534,768.60 / 34,964.69 = 3,018.3242 /MT

  ┌─ Utility Plant  |  Oxygen  (MT)  |  Gen QTY : 5,501.00  |  Calculated Price : 18,264.1061
  │  Material                             Issuing Plant                    Norms      Cons. Qty       Price         Amount  Type
  │  ----------------------------------------------------------------------------------------------------------------------
  │  Cooling Water 2                      NMD - Utility Plant             0.2840       1,562.28  3,255.3693   5,085,811.33  Calculated
  │  Nitrogen Gas                         NMD - Utility Plant           888.7000   4,888,738.70      5.8100  28,403,571.85  User Price
  │  No Material                          No Plant                        0.0000           0.00           —   7,604,944.82  Direct Amount
  │  Power_Dis                            NMD - Utility/Power Dist     1052.8100   5,791,507.81     10.2523  59,376,519.88  Calculated
  │  ----------------------------------------------------------------------------------------------------------------------
  └─ TOTAL COST : 100,470,847.88   PRICE = 100,470,847.88 / 5,501.00 = 18,264.1061 /MT

  ┌─ Utility Plant  |  PQR  ()  |  Gen QTY : 0.00  |  Calculated Price : 0.0000
  │  Material                             Issuing Plant                    Norms      Cons. Qty       Price         Amount  Type
  │  ----------------------------------------------------------------------------------------------------------------------
  │  Effluent Treated                     NMD - Utility Plant             0.0010           0.00      0.0000           0.00  Calculated
  │  ----------------------------------------------------------------------------------------------------------------------
  └─ TOTAL COST :           0.00   PRICE = 0.00 / 0 = 0.0000 /

  ┌─ Utility Plant  |  STG1_LP STEAM  (MT)  |  Gen QTY : 22,130.80  |  Calculated Price : 1,577.6910
  │  Material                             Issuing Plant                    Norms      Cons. Qty       Price         Amount  Type
  │  ----------------------------------------------------------------------------------------------------------------------
  │  SHP Steam_Dis                        NMD - Utility/Power Dist        0.4800      10,622.79  3,286.8562  34,915,567.52  Calculated
  │  ----------------------------------------------------------------------------------------------------------------------
  └─ TOTAL COST :  34,915,567.52   PRICE = 34,915,567.52 / 22,130.80 = 1,577.6910 /MT

  ┌─ Utility Plant  |  STG1_MP STEAM  (MT)  |  Gen QTY : 385.32  |  Calculated Price : 2,267.9308
  │  Material                             Issuing Plant                    Norms      Cons. Qty       Price         Amount  Type
  │  ----------------------------------------------------------------------------------------------------------------------
  │  SHP Steam_Dis                        NMD - Utility/Power Dist        0.6900         265.87  3,286.8562     873,867.85  Calculated
  │  ----------------------------------------------------------------------------------------------------------------------
  └─ TOTAL COST :     873,867.85   PRICE = 873,867.85 / 385.32 = 2,267.9308 /MT

  ┌─ Utility Plant  |  Treated Spent Caustic  (M3)  |  Gen QTY : 0.00  |  Calculated Price : 0.0000
  │  Material                             Issuing Plant                    Norms      Cons. Qty       Price         Amount  Type
  │  ----------------------------------------------------------------------------------------------------------------------
  │  COMPRESSED AIR                       NMD - Utility Plant             0.0000           0.00      2.5525           0.00  Calculated
  │  Cooling Water 2                      NMD - Utility Plant             0.0000           8.00  3,255.3693      26,042.95  Calculated
  │  MP Steam_Dis                         NMD - Utility/Power Dist        0.0390           0.00      0.0000           0.00  Calculated
  │  Power_Dis                            NMD - Utility/Power Dist       17.0400           0.00     10.2523           0.00  Calculated
  │  SULPHURIC ACID                       NMD-Rev Proc                    0.0200           0.00      0.0000           0.00  User Price
  │  Water                                NMD-Rev Proc                    0.0934           0.00           —           0.00  Direct Amount
  │  ----------------------------------------------------------------------------------------------------------------------
  └─ TOTAL COST :      26,042.95   PRICE = 26,042.95 / 0 = 0.0000 /M3

  ┌─ Utility/Power Dist  |  HP Steam_Dis  (MT)  |  Gen QTY : 4,701.00  |  Calculated Price : 3,057.7089
  │  Material                             Issuing Plant                    Norms      Cons. Qty       Price         Amount  Type
  │  ----------------------------------------------------------------------------------------------------------------------
  │  HP Steam PRDS                        NMD - Utility Plant             1.0000       4,701.00  3,057.7089  14,374,289.50  Calculated
  │  ----------------------------------------------------------------------------------------------------------------------
  └─ TOTAL COST :  14,374,289.50   PRICE = 14,374,289.50 / 4,701.00 = 3,057.7089 /MT

  ┌─ Utility/Power Dist  |  LP Steam_Dis  (MT)  |  Gen QTY : 42,627.70  |  Calculated Price : 929.7555
  │  Material                             Issuing Plant                    Norms      Cons. Qty       Price         Amount  Type
  │  ----------------------------------------------------------------------------------------------------------------------
  │  LP Steam PRDS                        NMD - Utility Plant             0.4808      20,495.40     75.7919   1,553,385.64  Calculated
  │  STG1_LP STEAM                        NMD - Utility Plant             0.5192      22,132.30  1,720.5600  38,079,955.42  User Price
  │  ----------------------------------------------------------------------------------------------------------------------
  └─ TOTAL COST :  39,633,341.06   PRICE = 39,633,341.06 / 42,627.70 = 929.7555 /MT

  ┌─ Utility/Power Dist  |  Power_Dis  (KWH)  |  Gen QTY : 47,804,630.00  |  Calculated Price : 10.2523
  │  Material                             Issuing Plant                    Norms      Cons. Qty       Price         Amount  Type
  │  ----------------------------------------------------------------------------------------------------------------------
  │  Power from MEL                       NMD-Rev Proc                    0.5259  24,552,000.00      6.8900 169,163,280.00  User Price
  │  POWERGEN                             NMD - STG Power Plant           0.1495   7,148,369.74     14.7141 105,181,568.09  Calculated
  │  POWERGEN                             NMD - Power Plant 2             0.0000           0.00      0.0000           0.00  User Price
  │  POWERGEN                             NMD - Power Plant 3             0.1623   7,757,878.77     14.6500 113,652,923.98  User Price
  │  POWERGEN                             NMD - Power Plant 1             0.1623   7,757,878.77     13.1623 102,111,653.10  Calculated
  │  ----------------------------------------------------------------------------------------------------------------------
  └─ TOTAL COST : 490,109,425.17   PRICE = 490,109,425.17 / 47,804,630.00 = 10.2523 /KWH

  ┌─ Utility/Power Dist  |  SHP Steam_Dis  (MT)  |  Gen QTY : 100,688.67  |  Calculated Price : 3,286.8562
  │  Material                             Issuing Plant                    Norms      Cons. Qty       Price         Amount  Type
  │  ----------------------------------------------------------------------------------------------------------------------
  │  HRSG1_SHP STEAM                      NMD - Utility Plant             0.5000      50,344.34  2,975.4982 149,799,479.44  Calculated
  │  HRSG2_SHP STEAM                      NMD - Utility Plant             0.0000           0.00      0.0000           0.00  User Price
  │  HRSG3_SHP STEAM                      NMD - Utility Plant             0.5000      50,344.34  3,598.2141 181,149,697.05  Calculated
  │  ----------------------------------------------------------------------------------------------------------------------
  └─ TOTAL COST : 330,949,176.49   PRICE = 330,949,176.49 / 100,688.67 = 3,286.8562 /MT

============================================================================================================================
  END — March / 2026
============================================================================================================================

  [DB SAVE] NormsMonthDetail: 99 rows updated (43 Price-AmountOnly + 56 Calculation-Full) | 21 skipped (Amount/user-entered) | 0 errors | CPPMonthWisePrice: 56 Calculation rows written
  [SNAPSHOT] CPPUtilityRateSnapshot: 26 rows upserted | 0 errors
