NMD Plant Run Log
Plant:     NMD CPP
Period:    12/2025
Generated: 2026-07-07 21:51:44
================================================================================


==============================================================================================================
  NMD UTILITY PRICE CALCULATION — December / 2025
  Method : Cost Cycle Gauss-Seidel  |  Max iterations : 100  |  Convergence tolerance : 0.0001 INR
==============================================================================================================
  Loaded 26 utility groups from NormsMonthDetail.

  Dynamic calculation sequence: 25 utilities
    1. NMD - Power Plant 1 | POWERGEN
    2. NMD - Power Plant 2 | POWERGEN
    3. NMD - Power Plant 3 | POWERGEN
    4. NMD - STG Power Plant | POWERGEN
    5. NMD - Utility Plant | Boiler Feed Water
    6. NMD - Utility Plant | COMPRESSED AIR
    7. NMD - Utility Plant | Cooling Water 1
    8. NMD - Utility Plant | Cooling Water 2
    9. NMD - Utility Plant | D M Water
    10. NMD - Utility Plant | Effluent Treated
    11. NMD - Utility Plant | HP Steam PRDS
    12. NMD - Utility Plant | HRSG1_SHP STEAM
    13. NMD - Utility Plant | HRSG2_SHP STEAM
    14. NMD - Utility Plant | HRSG3_SHP STEAM
    15. NMD - Utility Plant | LP Steam PRDS
    16. NMD - Utility Plant | MP Steam PRDS SHP
    17. NMD - Utility Plant | Oxygen
    18. NMD - Utility Plant | PQR
    19. NMD - Utility Plant | STG1_LP STEAM
    20. NMD - Utility Plant | STG1_MP STEAM
    21. NMD - Utility Plant | Treated Spent Caustic
    22. NMD - Utility/Power Dist | HP Steam_Dis
    23. NMD - Utility/Power Dist | LP Steam_Dis
    24. NMD - Utility/Power Dist | Power_Dis
    25. NMD - Utility/Power Dist | SHP Steam_Dis

  [ITERATION] Price calculation iteration completed in 13 iteration(s). Converged: True
  Status  : CONVERGED after 13 iteration(s)

============================================================================================================================
  UTILITY SUMMARY
============================================================================================================================
  #    Plant                          Utility                  UOM           Gen QTY   Calc Price       Total Cost Status
  --------------------------------------------------------------------------------------------------------------------------
  1    Power Plant 1                  POWERGEN                 KWH      6,820,603.05      13.8650    94,567,412.62  Converged
  2    Power Plant 2                  POWERGEN                 KWH              0.00       0.0000             0.00  Zero QTY
  3    Power Plant 3                  POWERGEN                 KWH      7,408,540.00      13.9132   103,076,306.90  Converged
  4    STG Power Plant                POWERGEN                 KWH      9,098,940.00      14.6086   132,922,870.01  Converged
  5    Utility Plant                  Boiler Feed Water        M3         112,385.88     305.3007    34,311,484.53  Converged
  6    Utility Plant                  COMPRESSED AIR           NM3      7,476,538.27       2.5716    19,226,627.36  Converged
  7    Utility Plant                  Cooling Water 1          KM3         15,914.00   3,205.7495    51,016,298.24  Converged
  8    Utility Plant                  Cooling Water 2          KM3         14,086.77   3,284.8862    46,273,425.45  Converged
  9    Utility Plant                  D M Water                M3         155,347.65      78.1798    12,145,055.06  Converged
  10   Utility Plant                  Effluent Treated         M3               0.00       0.0000             0.00  Zero QTY
  11   Utility Plant                  HP Steam PRDS            MT           4,732.00   3,059.3349    14,476,772.58  Converged
  12   Utility Plant                  HRSG1_SHP STEAM          MT          50,734.15   2,977.8428   151,078,322.68  Converged
  13   Utility Plant                  HRSG2_SHP STEAM          MT               0.00       0.0000             0.00  Zero QTY
  14   Utility Plant                  HRSG3_SHP STEAM          MT          50,734.15   3,599.0371   182,594,090.04  Converged
  15   Utility Plant                  LP Steam PRDS            MT          20,341.88      76.3252     1,552,597.20  Converged
  16   Utility Plant                  MP Steam PRDS SHP        MT          33,732.74   3,019.9574   101,871,436.03  Converged
  17   Utility Plant                  Oxygen                   MT           5,548.00  18,651.3035   103,477,431.56  Converged
  18   Utility Plant                  PQR                                       0.00       0.0000             0.00  Zero QTY
  19   Utility Plant                  STG1_LP STEAM            MT          22,339.36   1,578.4512    35,261,588.43  Converged
  20   Utility Plant                  STG1_MP STEAM            MT             872.04   2,269.0236     1,978,680.33  Converged
  21   Utility Plant                  Treated Spent Caustic    M3               0.00       0.0000        26,279.09  Zero QTY
  22   Utility/Power Dist             HP Steam_Dis             MT           4,732.00   3,059.3349    14,476,772.58  Converged
  23   Utility/Power Dist             LP Steam_Dis             MT          42,684.38     934.4211    39,885,181.41  Converged
  24   Utility/Power Dist             Power_Dis                KWH     46,236,020.00      10.3704   479,485,778.90  Converged
  25   Utility/Power Dist             SHP Steam_Dis            MT         101,468.30   3,288.4400   333,672,414.78  Converged
  ==========================================================================================================================
  GRAND TOTAL COST (All Utilities)                                             1,953,376,825.78
  ==========================================================================================================================

============================================================================================================================
  MATERIAL COST DETAIL
============================================================================================================================

  ┌─ Power Plant 1  |  POWERGEN  (KWH)  |  Gen QTY : 6,820,603.05  |  Calculated Price : 13.8650
  │  Material                             Issuing Plant                    Norms      Cons. Qty       Price         Amount  Type
  │  ----------------------------------------------------------------------------------------------------------------------
  │  COMPRESSED AIR                       NMD - Utility Plant             0.0043      22,404.07      2.5716      57,614.18  Calculated
  │  Cooling Water 2                      NMD - Utility Plant             0.0000          77.65  3,284.8862     255,065.17  Calculated
  │  NATURAL GAS                          NMD-Rev Proc                    0.0115      71,993.60  1,101.3763  79,292,047.53  User Price
  │  No Material                          No Plant                        0.0000           0.00           —   3,507,041.12  Direct Amount
  │  No Material                          No Plant                        0.0000           0.00           —   8,394,812.70  Direct Amount
  │  No Material                          No Plant                        0.0000           0.00           —   2,309,273.23  Direct Amount
  │  Power_Dis                            NMD - Utility/Power Dist        0.0140      72,471.56     10.3704     751,558.69  Calculated
  │  ----------------------------------------------------------------------------------------------------------------------
  └─ TOTAL COST :  94,567,412.62   PRICE = 94,567,412.62 / 6,820,603.05 = 13.8650 /KWH

  ┌─ Power Plant 2  |  POWERGEN  (KWH)  |  Gen QTY : 0.00  |  Calculated Price : 0.0000
  │  Material                             Issuing Plant                    Norms      Cons. Qty       Price         Amount  Type
  │  ----------------------------------------------------------------------------------------------------------------------
  │  COMPRESSED AIR                       NMD - Utility Plant             0.0039           0.00      2.5716           0.00  Calculated
  │  Cooling Water 2                      NMD - Utility Plant             0.0000           0.00  3,284.8862           0.00  Calculated
  │  NATURAL GAS                          NMD-Rev Proc                    0.0101           0.00      0.0000           0.00  User Price
  │  No Material                          No Plant                        0.0000           0.00           —           0.00  Direct Amount
  │  No Material                          No Plant                        0.0000           0.00           —           0.00  Direct Amount
  │  No Material                          No Plant                        0.0000           0.00           —           0.00  Direct Amount
  │  Power_Dis                            NMD - Utility/Power Dist        0.0140           0.00     10.3704           0.00  Calculated
  │  ----------------------------------------------------------------------------------------------------------------------
  └─ TOTAL COST :           0.00   PRICE = 0.00 / 0 = 0.0000 /KWH

  ┌─ Power Plant 3  |  POWERGEN  (KWH)  |  Gen QTY : 7,408,540.00  |  Calculated Price : 13.9132
  │  Material                             Issuing Plant                    Norms      Cons. Qty       Price         Amount  Type
  │  ----------------------------------------------------------------------------------------------------------------------
  │  COMPRESSED AIR                       NMD - Utility Plant             0.0051      37,968.77      2.5716      97,640.29  Calculated
  │  Cooling Water 2                      NMD - Utility Plant             0.0000         133.35  3,284.8862     438,051.79  Calculated
  │  NATURAL GAS                          NMD-Rev Proc                    0.0115      80,849.05  1,101.3763  89,045,227.72  User Price
  │  No Material                          No Plant                        0.0000           0.00           —   3,380,827.64  Direct Amount
  │  No Material                          No Plant                        0.0000           0.00           —   1,950,040.17  Direct Amount
  │  No Material                          No Plant                        0.0000           0.00           —   7,088,906.51  Direct Amount
  │  Power_Dis                            NMD - Utility/Power Dist        0.0140     103,719.56     10.3704   1,075,612.78  Calculated
  │  ----------------------------------------------------------------------------------------------------------------------
  └─ TOTAL COST : 103,076,306.90   PRICE = 103,076,306.90 / 7,408,540.00 = 13.9132 /KWH

  ┌─ STG Power Plant  |  POWERGEN  (KWH)  |  Gen QTY : 9,098,940.00  |  Calculated Price : 14.6086
  │  Material                             Issuing Plant                    Norms      Cons. Qty       Price         Amount  Type
  │  ----------------------------------------------------------------------------------------------------------------------
  │  COMPRESSED AIR                       NMD - Utility Plant             0.0048      43,520.23      2.5716     111,916.40  Calculated
  │  Cooling Water 2                      NMD - Utility Plant             0.0003       2,520.41  3,284.8862   8,279,248.14  Calculated
  │  No Material                          No Plant                        0.0000           0.00           —   2,770,048.22  Direct Amount
  │  No Material                          No Plant                        0.0000           0.00           —  10,069,850.43  Direct Amount
  │  No Material                          No Plant                        0.0000           0.00           —   3,632,669.67  Direct Amount
  │  Power_Dis                            NMD - Utility/Power Dist        0.0020      18,197.88     10.3704     188,719.20  Calculated
  │  Ret steam condensate                 NMD - STG Power Plant           0.0023      21,109.54    -48.0000  -1,013,257.96  User Price
  │  SHP Steam_Dis                        NMD - Utility/Power Dist        0.0036      33,111.04  3,288.4400 108,883,675.91  Calculated
  │  ----------------------------------------------------------------------------------------------------------------------
  └─ TOTAL COST : 132,922,870.01   PRICE = 132,922,870.01 / 9,098,940.00 = 14.6086 /KWH

  ┌─ Utility Plant  |  Boiler Feed Water  (M3)  |  Gen QTY : 112,385.88  |  Calculated Price : 305.3007
  │  Material                             Issuing Plant                    Norms      Cons. Qty       Price         Amount  Type
  │  ----------------------------------------------------------------------------------------------------------------------
  │  CHEM CYCLO HEXY                      NMD-Rev Proc                    0.0001          11.24    190.0000       2,135.33  User Price
  │  CHEM MORPHOLENE                      NMD-Rev Proc                    0.0000           0.22 170,000.0000      38,211.24  User Price
  │  Cooling Water 2                      NMD - Utility Plant             0.0011         119.80  3,284.8862     393,540.37  Calculated
  │  D M Water                            NMD - Utility Plant             0.8600      96,651.86     78.1798   7,556,226.95  Calculated
  │  KEM WATREAT B 70M                    NMD-Rev Proc                    0.0006          64.06    343.0000      21,972.56  User Price
  │  LP Steam_Dis                         NMD - Utility/Power Dist        0.1450      16,295.95    934.4211  15,227,281.50  Calculated
  │  Power_Dis                            NMD - Utility/Power Dist        9.5000   1,067,665.87     10.3704  11,072,116.57  Calculated
  │  ----------------------------------------------------------------------------------------------------------------------
  └─ TOTAL COST :  34,311,484.53   PRICE = 34,311,484.53 / 112,385.88 = 305.3007 /M3

  ┌─ Utility Plant  |  COMPRESSED AIR  (NM3)  |  Gen QTY : 7,476,538.27  |  Calculated Price : 2.5716
  │  Material                             Issuing Plant                    Norms      Cons. Qty       Price         Amount  Type
  │  ----------------------------------------------------------------------------------------------------------------------
  │  Cooling Water 2                      NMD - Utility Plant             0.0000         179.44  3,284.8862     589,429.86  Calculated
  │  No Material                          No Plant                        0.0000           0.00           —   5,843,979.72  Direct Amount
  │  Power_Dis                            NMD - Utility/Power Dist        0.1650   1,233,628.81     10.3704  12,793,217.78  Calculated
  │  PQR                                  NMD - Utility Plant             0.0000           0.00      0.0000           0.00  Calculated
  │  ----------------------------------------------------------------------------------------------------------------------
  └─ TOTAL COST :  19,226,627.36   PRICE = 19,226,627.36 / 7,476,538.27 = 2.5716 /NM3

  ┌─ Utility Plant  |  Cooling Water 1  (KM3)  |  Gen QTY : 15,914.00  |  Calculated Price : 3,205.7495
  │  Material                             Issuing Plant                    Norms      Cons. Qty       Price         Amount  Type
  │  ----------------------------------------------------------------------------------------------------------------------
  │  COMPRESSED AIR                       NMD - Utility Plant             0.1037       1,649.96      2.5716       4,243.04  Calculated
  │  No Material                          No Plant                        0.0000           0.00           —      12,543.71  Direct Amount
  │  Power_Dis                            NMD - Utility/Power Dist      245.0000   3,898,929.98     10.3704  40,433,443.02  Calculated
  │  SULPHURIC ACID                       NMD-Rev Proc                    0.0002           2.51  6,000.0000      15,086.47  User Price
  │  Water                                NMD-Rev Proc                   11.0500     175,849.70     60.0000  10,550,982.00  User Price
  │  ----------------------------------------------------------------------------------------------------------------------
  └─ TOTAL COST :  51,016,298.24   PRICE = 51,016,298.24 / 15,914.00 = 3,205.7495 /KM3

  ┌─ Utility Plant  |  Cooling Water 2  (KM3)  |  Gen QTY : 14,086.77  |  Calculated Price : 3,284.8862
  │  Material                             Issuing Plant                    Norms      Cons. Qty       Price         Amount  Type
  │  ----------------------------------------------------------------------------------------------------------------------
  │  COMPRESSED AIR                       NMD - Utility Plant             0.1176       1,656.60      2.5716       4,260.11  Calculated
  │  No Material                          No Plant                        0.0000           0.00           —      11,059.31  Direct Amount
  │  Power_Dis                            NMD - Utility/Power Dist      250.0000   3,521,691.68     10.3704  36,521,332.91  Calculated
  │  SULPHURIC ACID                       NMD-Rev Proc                    0.0002           2.82  6,000.0000      16,904.12  User Price
  │  Water                                NMD-Rev Proc                   11.5000     161,997.82     60.0000   9,719,869.00  User Price
  │  ----------------------------------------------------------------------------------------------------------------------
  └─ TOTAL COST :  46,273,425.45   PRICE = 46,273,425.45 / 14,086.77 = 3,284.8862 /KM3

  ┌─ Utility Plant  |  D M Water  (M3)  |  Gen QTY : 155,347.65  |  Calculated Price : 78.1798
  │  Material                             Issuing Plant                    Norms      Cons. Qty       Price         Amount  Type
  │  ----------------------------------------------------------------------------------------------------------------------
  │  CAUSTIC SODA LYE – GRADE 1           NMD-Rev Proc                    0.0002          35.11 34,625.0000   1,215,634.24  User Price
  │  CHEM  SODIUM SULPHITE;PN:MIS 19OX    NMD-Rev Proc                    0.0007         108.90     51.5000       5,608.28  User Price
  │  CHEM ALUM.SULFATE, AL2(SO4)3,18H2O   NMD-Rev Proc                    0.0008         117.60      9.5000       1,117.18  User Price
  │  COMPRESSED AIR                       NMD - Utility Plant             0.0770      11,961.77      2.5716      30,760.82  Calculated
  │  HYDRO CHLORIC ACID (30%) -VIRGIN     NMD-Rev Proc                    0.0002          35.11    550.0000      19,309.71  User Price
  │  No Material                          No Plant                        0.0000           0.00           —     117,425.45  Direct Amount
  │  POLYELECTROLYTE                      NMD-Rev Proc                    0.0006          89.79    140.0000      12,570.73  User Price
  │  Power_Dis                            NMD - Utility/Power Dist        1.2100     187,970.66     10.3704   1,949,329.97  Calculated
  │  Ret steam condensate                 NMD - STG Power Plant           0.2030      31,535.57    -32.0000  -1,009,138.37  User Price
  │  SODIUM CHLORIDE IS 797 GRADE1        NMD-Rev Proc                    0.0000           1.55 10,000.0000      15,534.77  User Price
  │  Water                                NMD-Rev Proc                    1.0500     163,115.04     60.0000   9,786,902.26  User Price
  │  ----------------------------------------------------------------------------------------------------------------------
  └─ TOTAL COST :  12,145,055.06   PRICE = 12,145,055.06 / 155,347.65 = 78.1798 /M3

  ┌─ Utility Plant  |  Effluent Treated  (M3)  |  Gen QTY : 0.00  |  Calculated Price : 0.0000
  │  Material                             Issuing Plant                    Norms      Cons. Qty       Price         Amount  Type
  │  ----------------------------------------------------------------------------------------------------------------------
  │  Power_Dis                            NMD - Utility/Power Dist        3.5400           0.00     10.3704           0.00  Calculated
  │  UREA,NITROGEN CONTENT 46%            NMD-Rev Proc                    0.0007           0.00     46.0000           0.00  User Price
  │  Water                                NMD-Rev Proc                    0.0007           0.00     60.0000           0.00  User Price
  │  ----------------------------------------------------------------------------------------------------------------------
  └─ TOTAL COST :           0.00   PRICE = 0.00 / 0 = 0.0000 /M3

  ┌─ Utility Plant  |  HP Steam PRDS  (MT)  |  Gen QTY : 4,732.00  |  Calculated Price : 3,059.3349
  │  Material                             Issuing Plant                    Norms      Cons. Qty       Price         Amount  Type
  │  ----------------------------------------------------------------------------------------------------------------------
  │  Boiler Feed Water                    NMD - Utility Plant             0.0768         363.42    305.3007     110,951.64  Calculated
  │  SHP Steam_Dis                        NMD - Utility/Power Dist        0.9232       4,368.58  3,288.4400  14,365,820.95  Calculated
  │  ----------------------------------------------------------------------------------------------------------------------
  └─ TOTAL COST :  14,476,772.58   PRICE = 14,476,772.58 / 4,732.00 = 3,059.3349 /MT

  ┌─ Utility Plant  |  HRSG1_SHP STEAM  (MT)  |  Gen QTY : 50,734.15  |  Calculated Price : 2,977.8428
  │  Material                             Issuing Plant                    Norms      Cons. Qty       Price         Amount  Type
  │  ----------------------------------------------------------------------------------------------------------------------
  │  Boiler Feed Water                    NMD - Utility Plant             1.0240      51,951.77    305.3007  15,860,909.89  Calculated
  │  CHEM TRISODIUM PHOSPHATE             NMD-Rev Proc                    0.0009          45.66    153.0000       6,986.09  User Price
  │  COMPRESSED AIR                       NMD - Utility Plant             9.7816     496,258.98      2.5716   1,276,177.04  Calculated
  │  FURNACE OIL ( MEDIUM VISCOSITY GRAD  NMD-Rev Proc                    0.0001           4.97    948.9828       4,718.29  User Price
  │  LP Steam_Dis                         NMD - Utility/Power Dist       -0.0780      -3,957.26  2,089.8300  -8,270,008.40  User Price
  │  NATURAL GAS                          NMD-Rev Proc                    2.4722     125,426.89  1,101.3763 138,142,207.91  User Price
  │  No Material                          No Plant                        0.0000           0.00           —   4,049,234.68  Direct Amount
  │  Water                                NMD-Rev Proc                    0.0027         134.95     60.0000       8,097.17  User Price
  │  ----------------------------------------------------------------------------------------------------------------------
  └─ TOTAL COST : 151,078,322.68   PRICE = 151,078,322.68 / 50,734.15 = 2,977.8428 /MT

  ┌─ Utility Plant  |  HRSG2_SHP STEAM  (MT)  |  Gen QTY : 0.00  |  Calculated Price : 0.0000
  │  Material                             Issuing Plant                    Norms      Cons. Qty       Price         Amount  Type
  │  ----------------------------------------------------------------------------------------------------------------------
  │  Boiler Feed Water                    NMD - Utility Plant             1.0542           0.00    305.3007           0.00  Calculated
  │  CHEM TRISODIUM PHOSPHATE             NMD-Rev Proc                    0.0009           0.00      0.0000           0.00  User Price
  │  COMPRESSED AIR                       NMD - Utility Plant            14.1733           0.00      2.5716           0.00  Calculated
  │  FURNACE OIL ( MEDIUM VISCOSITY GRAD  NMD-Rev Proc                    0.0001           0.00      0.0000           0.00  User Price
  │  LP Steam_Dis                         NMD - Utility/Power Dist       -0.0780           0.00    934.4211           0.00  Calculated
  │  NATURAL GAS                          NMD-Rev Proc                    2.8116           0.00      0.0000           0.00  User Price
  │  No Material                          No Plant                        0.0000           0.00           —           0.00  Direct Amount
  │  Water                                NMD-Rev Proc                    0.0027           0.00      0.0000           0.00  User Price
  │  ----------------------------------------------------------------------------------------------------------------------
  └─ TOTAL COST :           0.00   PRICE = 0.00 / 0 = 0.0000 /MT

  ┌─ Utility Plant  |  HRSG3_SHP STEAM  (MT)  |  Gen QTY : 50,734.15  |  Calculated Price : 3,599.0371
  │  Material                             Issuing Plant                    Norms      Cons. Qty       Price         Amount  Type
  │  ----------------------------------------------------------------------------------------------------------------------
  │  Boiler Feed Water                    NMD - Utility Plant             1.0240      51,951.77    305.3007  15,860,909.89  Calculated
  │  CHEM TRISODIUM PHOSPHATE             NMD-Rev Proc                    0.0009          45.66    153.0000       6,986.09  User Price
  │  COMPRESSED AIR                       NMD - Utility Plant             9.9626     505,444.25      2.5716   1,299,797.82  Calculated
  │  FURNACE OIL ( MEDIUM VISCOSITY GRAD  NMD-Rev Proc                    0.0001           4.97    948.9827       4,718.29  User Price
  │  LP Steam_Dis                         NMD - Utility/Power Dist       -0.0780      -3,957.26    934.4211  -3,697,750.54  Calculated
  │  NATURAL GAS                          NMD-Rev Proc                    2.9544     149,890.19  1,101.3763 165,085,503.29  User Price
  │  No Material                          No Plant                        0.0000           0.00           —   4,025,828.02  Direct Amount
  │  Water                                NMD-Rev Proc                    0.0027         134.95     60.0000       8,097.17  User Price
  │  ----------------------------------------------------------------------------------------------------------------------
  └─ TOTAL COST : 182,594,090.04   PRICE = 182,594,090.04 / 50,734.15 = 3,599.0371 /MT

  ┌─ Utility Plant  |  LP Steam PRDS  (MT)  |  Gen QTY : 20,341.88  |  Calculated Price : 76.3252
  │  Material                             Issuing Plant                    Norms      Cons. Qty       Price         Amount  Type
  │  ----------------------------------------------------------------------------------------------------------------------
  │  Boiler Feed Water                    NMD - Utility Plant             0.2500       5,085.47    305.3007   1,552,597.20  Calculated
  │  MP Steam_Dis                         NMD - Utility/Power Dist        0.7500      15,256.41      0.0000           0.00  Calculated
  │  ----------------------------------------------------------------------------------------------------------------------
  └─ TOTAL COST :   1,552,597.20   PRICE = 1,552,597.20 / 20,341.88 = 76.3252 /MT

  ┌─ Utility Plant  |  MP Steam PRDS SHP  (MT)  |  Gen QTY : 33,732.74  |  Calculated Price : 3,019.9574
  │  Material                             Issuing Plant                    Norms      Cons. Qty       Price         Amount  Type
  │  ----------------------------------------------------------------------------------------------------------------------
  │  Boiler Feed Water                    NMD - Utility Plant             0.0900       3,035.95    305.3007     926,876.50  Calculated
  │  SHP Steam_Dis                        NMD - Utility/Power Dist        0.9100      30,696.79  3,288.4400 100,944,559.53  Calculated
  │  ----------------------------------------------------------------------------------------------------------------------
  └─ TOTAL COST : 101,871,436.03   PRICE = 101,871,436.03 / 33,732.74 = 3,019.9574 /MT

  ┌─ Utility Plant  |  Oxygen  (MT)  |  Gen QTY : 5,548.00  |  Calculated Price : 18,651.3035
  │  Material                             Issuing Plant                    Norms      Cons. Qty       Price         Amount  Type
  │  ----------------------------------------------------------------------------------------------------------------------
  │  Cooling Water 2                      NMD - Utility Plant             0.2820       1,564.54  3,284.8862   5,139,322.72  Calculated
  │  Nitrogen Gas                         NMD - Utility Plant           949.8400   5,269,712.32      5.8100  30,617,028.58  User Price
  │  No Material                          No Plant                        0.0000           0.00           —   7,671,277.54  Direct Amount
  │  Power_Dis                            NMD - Utility/Power Dist     1043.7100   5,790,503.08     10.3704  60,049,802.72  Calculated
  │  ----------------------------------------------------------------------------------------------------------------------
  └─ TOTAL COST : 103,477,431.56   PRICE = 103,477,431.56 / 5,548.00 = 18,651.3035 /MT

  ┌─ Utility Plant  |  PQR  ()  |  Gen QTY : 0.00  |  Calculated Price : 0.0000
  │  Material                             Issuing Plant                    Norms      Cons. Qty       Price         Amount  Type
  │  ----------------------------------------------------------------------------------------------------------------------
  │  Effluent Treated                     NMD - Utility Plant             0.0010           0.00      0.0000           0.00  Calculated
  │  ----------------------------------------------------------------------------------------------------------------------
  └─ TOTAL COST :           0.00   PRICE = 0.00 / 0 = 0.0000 /

  ┌─ Utility Plant  |  STG1_LP STEAM  (MT)  |  Gen QTY : 22,339.36  |  Calculated Price : 1,578.4512
  │  Material                             Issuing Plant                    Norms      Cons. Qty       Price         Amount  Type
  │  ----------------------------------------------------------------------------------------------------------------------
  │  SHP Steam_Dis                        NMD - Utility/Power Dist        0.4800      10,722.89  3,288.4400  35,261,588.43  Calculated
  │  ----------------------------------------------------------------------------------------------------------------------
  └─ TOTAL COST :  35,261,588.43   PRICE = 35,261,588.43 / 22,339.36 = 1,578.4512 /MT

  ┌─ Utility Plant  |  STG1_MP STEAM  (MT)  |  Gen QTY : 872.04  |  Calculated Price : 2,269.0236
  │  Material                             Issuing Plant                    Norms      Cons. Qty       Price         Amount  Type
  │  ----------------------------------------------------------------------------------------------------------------------
  │  SHP Steam_Dis                        NMD - Utility/Power Dist        0.6900         601.71  3,288.4400   1,978,680.33  Calculated
  │  ----------------------------------------------------------------------------------------------------------------------
  └─ TOTAL COST :   1,978,680.33   PRICE = 1,978,680.33 / 872.04 = 2,269.0236 /MT

  ┌─ Utility Plant  |  Treated Spent Caustic  (M3)  |  Gen QTY : 0.00  |  Calculated Price : 0.0000
  │  Material                             Issuing Plant                    Norms      Cons. Qty       Price         Amount  Type
  │  ----------------------------------------------------------------------------------------------------------------------
  │  COMPRESSED AIR                       NMD - Utility Plant             0.0000           0.00      2.5716           0.00  Calculated
  │  Cooling Water 2                      NMD - Utility Plant             0.0000           8.00  3,284.8862      26,279.09  Calculated
  │  MP Steam_Dis                         NMD - Utility/Power Dist        0.0390           0.00      0.0000           0.00  Calculated
  │  Power_Dis                            NMD - Utility/Power Dist       17.0400           0.00     10.3704           0.00  Calculated
  │  SULPHURIC ACID                       NMD-Rev Proc                    0.0200           0.00      0.0000           0.00  User Price
  │  Water                                NMD-Rev Proc                    0.0934           0.00           —           0.00  Direct Amount
  │  ----------------------------------------------------------------------------------------------------------------------
  └─ TOTAL COST :      26,279.09   PRICE = 26,279.09 / 0 = 0.0000 /M3

  ┌─ Utility/Power Dist  |  HP Steam_Dis  (MT)  |  Gen QTY : 4,732.00  |  Calculated Price : 3,059.3349
  │  Material                             Issuing Plant                    Norms      Cons. Qty       Price         Amount  Type
  │  ----------------------------------------------------------------------------------------------------------------------
  │  HP Steam PRDS                        NMD - Utility Plant             1.0000       4,732.00  3,059.3349  14,476,772.58  Calculated
  │  ----------------------------------------------------------------------------------------------------------------------
  └─ TOTAL COST :  14,476,772.58   PRICE = 14,476,772.58 / 4,732.00 = 3,059.3349 /MT

  ┌─ Utility/Power Dist  |  LP Steam_Dis  (MT)  |  Gen QTY : 42,684.38  |  Calculated Price : 934.4211
  │  Material                             Issuing Plant                    Norms      Cons. Qty       Price         Amount  Type
  │  ----------------------------------------------------------------------------------------------------------------------
  │  LP Steam PRDS                        NMD - Utility Plant             0.4766      20,343.37     76.3252   1,552,711.44  Calculated
  │  STG1_LP STEAM                        NMD - Utility Plant             0.5234      22,341.00  1,715.7900  38,332,469.97  User Price
  │  ----------------------------------------------------------------------------------------------------------------------
  └─ TOTAL COST :  39,885,181.41   PRICE = 39,885,181.41 / 42,684.38 = 934.4211 /MT

  ┌─ Utility/Power Dist  |  Power_Dis  (KWH)  |  Gen QTY : 46,236,020.00  |  Calculated Price : 10.3704
  │  Material                             Issuing Plant                    Norms      Cons. Qty       Price         Amount  Type
  │  ----------------------------------------------------------------------------------------------------------------------
  │  Power from MEL                       NMD-Rev Proc                    0.5438  24,552,000.00      6.8900 169,163,280.00  User Price
  │  POWERGEN                             NMD - Power Plant 3             0.1490   6,887,086.36     15.6700 107,920,643.25  User Price
  │  POWERGEN                             NMD - Power Plant 2             0.0000           0.00      0.0000           0.00  User Price
  │  POWERGEN                             NMD - STG Power Plant           0.1583   7,318,468.43     14.6086 106,912,654.34  Calculated
  │  POWERGEN                             NMD - Power Plant 1             0.1490   6,887,086.36     13.8650  95,489,201.32  Calculated
  │  ----------------------------------------------------------------------------------------------------------------------
  └─ TOTAL COST : 479,485,778.90   PRICE = 479,485,778.90 / 46,236,020.00 = 10.3704 /KWH

  ┌─ Utility/Power Dist  |  SHP Steam_Dis  (MT)  |  Gen QTY : 101,468.30  |  Calculated Price : 3,288.4400
  │  Material                             Issuing Plant                    Norms      Cons. Qty       Price         Amount  Type
  │  ----------------------------------------------------------------------------------------------------------------------
  │  HRSG1_SHP STEAM                      NMD - Utility Plant             0.5000      50,734.15  2,977.8428 151,078,323.62  Calculated
  │  HRSG2_SHP STEAM                      NMD - Utility Plant             0.0000           0.00      0.0000           0.00  User Price
  │  HRSG3_SHP STEAM                      NMD - Utility Plant             0.5000      50,734.15  3,599.0371 182,594,091.17  Calculated
  │  ----------------------------------------------------------------------------------------------------------------------
  └─ TOTAL COST : 333,672,414.78   PRICE = 333,672,414.78 / 101,468.30 = 3,288.4400 /MT

============================================================================================================================
  END — December / 2025
============================================================================================================================

  [DB SAVE] NormsMonthDetail: 99 rows updated (43 Price-AmountOnly + 56 Calculation-Full) | 21 skipped (Amount/user-entered) | 0 errors | CPPMonthWisePrice: 56 Calculation rows written
  [SNAPSHOT] CPPUtilityRateSnapshot: 26 rows upserted | 0 errors
