#
# A fatal error has been detected by the Java Runtime Environment:
#
#  EXCEPTION_ACCESS_VIOLATION (0xc0000005) at pc=0x00007ffb5b98cfe3, pid=17064, tid=16784
#
# JRE version: Java(TM) SE Runtime Environment (17.0.12+8) (build 17.0.12+8-LTS-286)
# Java VM: Java HotSpot(TM) 64-Bit Server VM (17.0.12+8-LTS-286, mixed mode, sharing, tiered, compressed oops, compressed class ptrs, g1 gc, windows-amd64)
# Problematic frame:
# V  [jvm.dll+0x1bcfe3]
#
# No core dump will be written. Minidumps are not enabled by default on client versions of Windows
#
# If you would like to submit a bug report, please visit:
#   https://bugreport.java.com/bugreport/crash.jsp
#

---------------  S U M M A R Y ------------

Command Line: --add-opens=java.base/java.lang=ALL-UNNAMED --enable-native-access=ALL-UNNAMED -Dclassworlds.conf=C:/apache-maven-3.9.11/bin/m2.conf -Dmaven.home=C:/apache-maven-3.9.11 -Dlibrary.jansi.path=C:/apache-maven-3.9.11/lib/jansi-native -Dmaven.multiModuleProjectDirectory=C:/users/dell/Documents/wks/wks-platform/apps/java org.codehaus.plexus.classworlds.launcher.Launcher install -DskipTests

Host: Intel(R) Core(TM) i5-5200U CPU @ 2.20GHz, 4 cores, 15G,  Windows 10 , 64 bit Build 19041 (10.0.19041.5915)
Time: Sun Sep 21 22:22:03 2025 India Standard Time elapsed time: 168.020487 seconds (0d 0h 2m 48s)

---------------  T H R E A D  ---------------

Current thread (0x000001cce69e55c0):  JavaThread "C2 CompilerThread0" daemon [_thread_in_native, id=16784, stack(0x0000002b2cd00000,0x0000002b2ce00000)]


Current CompileTask:
C2: 168020 15966       4       java.lang.Class::privateGetPublicMethods (224 bytes)

Stack: [0x0000002b2cd00000,0x0000002b2ce00000],  sp=0x0000002b2cdfb778,  free space=1005k
Native frames: (J=compiled Java code, j=interpreted, Vv=VM code, C=native code)
V  [jvm.dll+0x1bcfe3]


siginfo: EXCEPTION_ACCESS_VIOLATION (0xc0000005), reading address 0xffffffffffffffff


Registers:
RAX=0x00007ffb5c287a74, RBX=0x000001ccec9b65c0, RCX=0x00000005d63fffe0, RDX=0x000000000000000b
RSP=0x0000002b2cdfb778, RBP=0x000001cce6911470, RSI=0x0000002b2cdfbca0, RDI=0xffffffffffffffff
R8 =0x00000000ffffffff, R9 =0x0000000000000001, R10=0x0000000000000000, R11=0x3333333333333333
R12=0x0000000000000001, R13=0x0000000000000001, R14=0x000001cceb79a550, R15=0x000001cceb34dd90
RIP=0x00007ffb5b98cfe3, EFLAGS=0x0000000000010202


Register to memory mapping:

RIP=0x00007ffb5b98cfe3 jvm.dll
RAX=0x00007ffb5c287a74 jvm.dll
RBX=0x000001ccec9b65c0 points into unknown readable memory: 0x0000000000000000 | 00 00 00 00 00 00 00 00
RCX=0x00000005d63fffe0 is an unknown value
RDX=0x000000000000000b is an unknown value
RSP=0x0000002b2cdfb778 is pointing into the stack for thread: 0x000001cce69e55c0
RBP=0x000001cce6911470 points into unknown readable memory: 0x6374000502d2ffff | ff ff d2 02 05 00 74 63
RSI=0x0000002b2cdfbca0 is pointing into the stack for thread: 0x000001cce69e55c0
RDI=0xffffffffffffffff is an unknown value
R8 =0x00000000ffffffff is an unknown value
R9 =0x0000000000000001 is an unknown value
R10=0x0 is NULL
R11=0x3333333333333333 is an unknown value
R12=0x0000000000000001 is an unknown value
R13=0x0000000000000001 is an unknown value
R14=0x000001cceb79a550 points into unknown readable memory: 0x00007ffb5c0a6070 | 70 60 0a 5c fb 7f 00 00
R15=0x000001cceb34dd90 points into unknown readable memory: 0x0001000105555455 | 55 54 55 05 01 00 01 00


Top of Stack: (sp=0x0000002b2cdfb778)
0x0000002b2cdfb778:   00007ffb5b98ca60 0000000000000003
0x0000002b2cdfb788:   000001ccec536010 0000000000001063
0x0000002b2cdfb798:   000001ccecb2db98 000000fa0000000a
0x0000002b2cdfb7a8:   00007ffb00000002 000001ccecb2db98
0x0000002b2cdfb7b8:   00000000000000f0 0000000000000000
0x0000002b2cdfb7c8:   0000000000000000 0000000000145040
0x0000002b2cdfb7d8:   000001cced055ad0 0000002b2cdfbd80
0x0000002b2cdfb7e8:   00000000000003d8 0000000000000001
0x0000002b2cdfb7f8:   0000002b2cdfb920 0000000000000000
0x0000002b2cdfb808:   000001cced055ae0 0000002b2cdfbca0
0x0000002b2cdfb818:   00007ffb5b98a464 0000002b2cdfbca0
0x0000002b2cdfb828:   0000002b2cdfb901 000001cced055a01
0x0000002b2cdfb838:   00000000ffffffff 0000000000000000
0x0000002b2cdfb848:   00007ffba055b6ae 000001cc00000006
0x0000002b2cdfb858:   000001cced055ad0 000001cceb963010
0x0000002b2cdfb868:   000001cceb967fd0 000001cceb96aff8 

Instructions: (pc=0x00007ffb5b98cfe3)
0x00007ffb5b98cee3:   8b 64 24 70 48 8b 6c 24 78 33 ff 39 be e0 00 00
0x00007ffb5b98cef3:   00 0f 86 8b 00 00 00 66 0f 1f 44 00 00 8b c7 48
0x00007ffb5b98cf03:   69 d8 b0 00 00 00 48 8b 46 70 48 03 58 20 0f b7
0x00007ffb5b98cf13:   83 9c 00 00 00 83 f8 01 76 17 f7 83 a8 00 00 00
0x00007ffb5b98cf23:   00 02 00 00 75 0b 8b d0 48 8d 4b 38 e8 3c c3 50
0x00007ffb5b98cf33:   00 48 83 bb 88 00 00 00 00 7d 07 b8 ff ff 0f 00
0x00007ffb5b98cf43:   eb 09 48 8d 4b 38 e8 22 c2 50 00 0f b7 8b 9c 00
0x00007ffb5b98cf53:   00 00 3b c1 89 83 98 00 00 00 79 11 81 8b a8 00
0x00007ffb5b98cf63:   00 00 80 00 00 00 c7 43 30 2f 75 00 00 ff c7 c7
0x00007ffb5b98cf73:   43 34 00 00 00 00 3b be e0 00 00 00 0f 82 7b ff
0x00007ffb5b98cf83:   ff ff 48 81 c4 80 00 00 00 5f 5e 5b c3 58 cb 1b
0x00007ffb5b98cf93:   00 f4 cb 1b 00 58 cb 1b 00 58 cb 1b 00 ce ca 1b
0x00007ffb5b98cfa3:   00 58 cb 1b 00 11 cb 1b 00 11 cb 1b 00 9f cb 1b
0x00007ffb5b98cfb3:   00 58 cb 1b 00 70 cb 1b 00 89 cb 1b 00 9f cb 1b
0x00007ffb5b98cfc3:   00 b5 cb 1b 00 70 cb 1b 00 58 cb 1b 00 48 8b 41
0x00007ffb5b98cfd3:   58 48 63 48 10 48 8d 05 95 aa 8f 00 48 c1 e1 05
0x00007ffb5b98cfe3:   8b 04 01 c3 cc cc cc cc cc cc cc cc cc 40 53 48
0x00007ffb5b98cff3:   83 ec 20 48 8b d9 85 d2 75 08 32 c0 48 83 c4 20
0x00007ffb5b98d003:   5b c3 48 8b 43 08 8b ca 48 c1 e9 08 48 89 7c 24
0x00007ffb5b98d013:   30 8b fa 4c 8b 04 c8 48 8d 05 c7 c8 94 00 4c 3b
0x00007ffb5b98d023:   c0 75 0b 48 8b cb e8 22 9a 1a 00 4c 8b c0 40 0f
0x00007ffb5b98d033:   b6 cf ba 01 00 00 00 48 c1 ef 06 80 e1 3f 83 e7
0x00007ffb5b98d043:   03 48 d3 e2 49 8b 0c f8 48 8b c1 48 0b c2 49 89
0x00007ffb5b98d053:   04 f8 48 8b 7c 24 30 48 23 ca 75 02 ff 03 48 85
0x00007ffb5b98d063:   c9 0f 94 c0 48 83 c4 20 5b c3 cc cc cc 44 8b d2
0x00007ffb5b98d073:   41 3b d0 7c 49 41 8d 80 c0 02 00 00 3b d0 7d 3e
0x00007ffb5b98d083:   44 8b ca 45 2b c8 41 8b c1 83 e0 3f 0f b6 d0 41
0x00007ffb5b98d093:   8b c1 48 c1 e8 06 48 8b 44 c1 38 48 0f a3 d0 73
0x00007ffb5b98d0a3:   1d 0f b7 81 9c 00 00 00 83 f8 01 74 0e 8d 48 ff
0x00007ffb5b98d0b3:   8b c1 41 23 c2 3b c1 0f 94 c0 c3 b0 01 c3 32 c0
0x00007ffb5b98d0c3:   c3 cc cc cc cc cc cc cc cc cc cc cc cc 40 55 41
0x00007ffb5b98d0d3:   55 41 57 48 83 ec 30 48 8b 41 48 33 ed 45 33 ff 


Stack slot to memory mapping:
stack at sp + 0 slots: 0x00007ffb5b98ca60 jvm.dll
stack at sp + 1 slots: 0x0000000000000003 is an unknown value
stack at sp + 2 slots: 0x000001ccec536010 points into unknown readable memory: 0x00007ffb5c042090 | 90 20 04 5c fb 7f 00 00
stack at sp + 3 slots: 0x0000000000001063 is an unknown value
stack at sp + 4 slots: 0x000001ccecb2db98 points into unknown readable memory: 0x00007ffb5c091c30 | 30 1c 09 5c fb 7f 00 00
stack at sp + 5 slots: 0x000000fa0000000a is an unknown value
stack at sp + 6 slots: 0x00007ffb00000002 is an unknown value
stack at sp + 7 slots: 0x000001ccecb2db98 points into unknown readable memory: 0x00007ffb5c091c30 | 30 1c 09 5c fb 7f 00 00


---------------  P R O C E S S  ---------------

Threads class SMR info:
_java_thread_list=0x000001ccee287850, length=13, elements={
0x000001ccc44ba240, 0x000001cce69c9ba0, 0x000001cce69caa20, 0x000001cce69deab0,
0x000001cce69e2490, 0x000001cce69e3e60, 0x000001cce69e4820, 0x000001cce69e55c0,
0x000001cce6b4c090, 0x000001cce6b4e5c0, 0x000001cce6c25bb0, 0x000001cce6c2eb10,
0x000001ccec5a2400
}

Java Threads: ( => current thread )
  0x000001ccc44ba240 JavaThread "main" [_thread_in_native, id=10092, stack(0x0000002b2c000000,0x0000002b2c100000)]
  0x000001cce69c9ba0 JavaThread "Reference Handler" daemon [_thread_blocked, id=13540, stack(0x0000002b2c700000,0x0000002b2c800000)]
  0x000001cce69caa20 JavaThread "Finalizer" daemon [_thread_blocked, id=1484, stack(0x0000002b2c800000,0x0000002b2c900000)]
  0x000001cce69deab0 JavaThread "Signal Dispatcher" daemon [_thread_blocked, id=15420, stack(0x0000002b2c900000,0x0000002b2ca00000)]
  0x000001cce69e2490 JavaThread "Attach Listener" daemon [_thread_blocked, id=14292, stack(0x0000002b2ca00000,0x0000002b2cb00000)]
  0x000001cce69e3e60 JavaThread "Service Thread" daemon [_thread_blocked, id=17876, stack(0x0000002b2cb00000,0x0000002b2cc00000)]
  0x000001cce69e4820 JavaThread "Monitor Deflation Thread" daemon [_thread_blocked, id=14588, stack(0x0000002b2cc00000,0x0000002b2cd00000)]
=>0x000001cce69e55c0 JavaThread "C2 CompilerThread0" daemon [_thread_in_native, id=16784, stack(0x0000002b2cd00000,0x0000002b2ce00000)]
  0x000001cce6b4c090 JavaThread "C1 CompilerThread0" daemon [_thread_blocked, id=9088, stack(0x0000002b2ce00000,0x0000002b2cf00000)]
  0x000001cce6b4e5c0 JavaThread "Sweeper thread" daemon [_thread_blocked, id=4532, stack(0x0000002b2cf00000,0x0000002b2d000000)]
  0x000001cce6c25bb0 JavaThread "Common-Cleaner" daemon [_thread_blocked, id=8060, stack(0x0000002b2d000000,0x0000002b2d100000)]
  0x000001cce6c2eb10 JavaThread "Notification Thread" daemon [_thread_blocked, id=15304, stack(0x0000002b2d100000,0x0000002b2d200000)]
  0x000001ccec5a2400 JavaThread "Thread-1" daemon [_thread_blocked, id=20416, stack(0x0000002b2d700000,0x0000002b2d800000)]

Other Threads:
  0x000001cce69c2f30 VMThread "VM Thread" [stack: 0x0000002b2c600000,0x0000002b2c700000] [id=7960]
  0x000001cce6c2f800 WatcherThread [stack: 0x0000002b2d200000,0x0000002b2d300000] [id=772]
  0x000001ccc4524810 GCTaskThread "GC Thread#0" [stack: 0x0000002b2c100000,0x0000002b2c200000] [id=6680]
  0x000001cceb4e9980 GCTaskThread "GC Thread#1" [stack: 0x0000002b2d400000,0x0000002b2d500000] [id=8116]
  0x000001cceb4e9c40 GCTaskThread "GC Thread#2" [stack: 0x0000002b2d500000,0x0000002b2d600000] [id=7624]
  0x000001cceb4e9f00 GCTaskThread "GC Thread#3" [stack: 0x0000002b2d600000,0x0000002b2d700000] [id=12848]
  0x000001ccc45355f0 ConcurrentGCThread "G1 Main Marker" [stack: 0x0000002b2c200000,0x0000002b2c300000] [id=13352]
  0x000001ccc4536000 ConcurrentGCThread "G1 Conc#0" [stack: 0x0000002b2c300000,0x0000002b2c400000] [id=20584]
  0x000001ccc458e710 ConcurrentGCThread "G1 Refine#0" [stack: 0x0000002b2c400000,0x0000002b2c500000] [id=17956]
  0x000001ccec57a570 ConcurrentGCThread "G1 Refine#1" [stack: 0x0000002b2d800000,0x0000002b2d900000] [id=416]
  0x000001cced6db170 ConcurrentGCThread "G1 Refine#2" [stack: 0x0000002b2d900000,0x0000002b2da00000] [id=8612]
  0x000001ccec40dd40 ConcurrentGCThread "G1 Refine#3" [stack: 0x0000002b2d300000,0x0000002b2d400000] [id=9084]
  0x000001cce687d380 ConcurrentGCThread "G1 Service" [stack: 0x0000002b2c500000,0x0000002b2c600000] [id=7532]

Threads with active compile tasks:
C2 CompilerThread0   168062 15966       4       java.lang.Class::privateGetPublicMethods (224 bytes)

VM state: not at safepoint (normal execution)

VM Mutex/Monitor currently owned by a thread: None

Heap address: 0x0000000701600000, size: 4074 MB, Compressed Oops mode: Zero based, Oop shift amount: 3

CDS archive(s) mapped at: [0x000001cc80000000-0x000001cc80bd0000-0x000001cc80bd0000), size 12386304, SharedBaseAddress: 0x000001cc80000000, ArchiveRelocationMode: 1.
Compressed class space mapped at: 0x000001cc81000000-0x000001ccc1000000, reserved size: 1073741824
Narrow klass base: 0x000001cc80000000, Narrow klass shift: 0, Narrow klass range: 0x100000000

GC Precious Log:
 CPUs: 4 total, 4 available
 Memory: 16289M
 Large Page Support: Disabled
 NUMA Support: Disabled
 Compressed Oops: Enabled (Zero based)
 Heap Region Size: 2M
 Heap Min Capacity: 8M
 Heap Initial Capacity: 256M
 Heap Max Capacity: 4074M
 Pre-touch: Disabled
 Parallel Workers: 4
 Concurrent Workers: 1
 Concurrent Refinement Workers: 4
 Periodic GC: Disabled

Heap:
 garbage-first heap   total 399360K, used 309072K [0x0000000701600000, 0x0000000800000000)
  region size 2048K, 78 young (159744K), 11 survivors (22528K)
 Metaspace       used 47089K, committed 47616K, reserved 1114112K
  class space    used 5157K, committed 5376K, reserved 1048576K

Heap Regions: E=young(eden), S=young(survivor), O=old, HS=humongous(starts), HC=humongous(continues), CS=collection set, F=free, OA=open archive, CA=closed archive, TAMS=top-at-mark-start (previous, next)
|   0|0x0000000701600000, 0x0000000701800000, 0x0000000701800000|100%| O|  |TAMS 0x0000000701800000, 0x0000000701600000| Untracked 
|   1|0x0000000701800000, 0x0000000701a00000, 0x0000000701a00000|100%| O|  |TAMS 0x0000000701a00000, 0x0000000701800000| Untracked 
|   2|0x0000000701a00000, 0x0000000701c00000, 0x0000000701c00000|100%| O|  |TAMS 0x0000000701c00000, 0x0000000701a00000| Untracked 
|   3|0x0000000701c00000, 0x0000000701e00000, 0x0000000701e00000|100%| O|  |TAMS 0x0000000701e00000, 0x0000000701c00000| Untracked 
|   4|0x0000000701e00000, 0x0000000702000000, 0x0000000702000000|100%| O|  |TAMS 0x0000000702000000, 0x0000000701e00000| Untracked 
|   5|0x0000000702000000, 0x0000000702200000, 0x0000000702200000|100%| O|  |TAMS 0x0000000702200000, 0x0000000702000000| Untracked 
|   6|0x0000000702200000, 0x0000000702400000, 0x0000000702400000|100%| O|  |TAMS 0x0000000702400000, 0x0000000702200000| Untracked 
|   7|0x0000000702400000, 0x0000000702600000, 0x0000000702600000|100%| O|  |TAMS 0x0000000702600000, 0x0000000702400000| Untracked 
|   8|0x0000000702600000, 0x0000000702800000, 0x0000000702800000|100%| O|  |TAMS 0x0000000702800000, 0x0000000702600000| Untracked 
|   9|0x0000000702800000, 0x0000000702a00000, 0x0000000702a00000|100%| O|  |TAMS 0x0000000702a00000, 0x0000000702800000| Untracked 
|  10|0x0000000702a00000, 0x0000000702c00000, 0x0000000702c00000|100%| O|  |TAMS 0x0000000702c00000, 0x0000000702a00000| Untracked 
|  11|0x0000000702c00000, 0x0000000702e00000, 0x0000000702e00000|100%| O|  |TAMS 0x0000000702e00000, 0x0000000702c00000| Untracked 
|  12|0x0000000702e00000, 0x0000000703000000, 0x0000000703000000|100%| O|  |TAMS 0x0000000702e00000, 0x0000000702e00000| Untracked 
|  13|0x0000000703000000, 0x0000000703200000, 0x0000000703200000|100%| O|  |TAMS 0x0000000703000000, 0x0000000703000000| Untracked 
|  14|0x0000000703200000, 0x0000000703400000, 0x0000000703400000|100%| O|  |TAMS 0x0000000703200000, 0x0000000703200000| Untracked 
|  15|0x0000000703400000, 0x0000000703600000, 0x0000000703600000|100%| O|  |TAMS 0x0000000703600000, 0x0000000703400000| Untracked 
|  16|0x0000000703600000, 0x0000000703800000, 0x0000000703800000|100%| O|  |TAMS 0x0000000703800000, 0x0000000703600000| Untracked 
|  17|0x0000000703800000, 0x0000000703a00000, 0x0000000703a00000|100%| O|  |TAMS 0x0000000703800000, 0x0000000703800000| Untracked 
|  18|0x0000000703a00000, 0x0000000703c00000, 0x0000000703c00000|100%| O|  |TAMS 0x0000000703a00000, 0x0000000703a00000| Untracked 
|  19|0x0000000703c00000, 0x0000000703e00000, 0x0000000703e00000|100%| O|  |TAMS 0x0000000703c00000, 0x0000000703c00000| Untracked 
|  20|0x0000000703e00000, 0x0000000704000000, 0x0000000704000000|100%| O|  |TAMS 0x0000000703e00000, 0x0000000703e00000| Untracked 
|  21|0x0000000704000000, 0x0000000704200000, 0x0000000704200000|100%| O|  |TAMS 0x0000000704071400, 0x0000000704000000| Untracked 
|  22|0x0000000704200000, 0x0000000704400000, 0x0000000704400000|100%| O|  |TAMS 0x0000000704400000, 0x0000000704200000| Untracked 
|  23|0x0000000704400000, 0x0000000704600000, 0x0000000704600000|100%| O|  |TAMS 0x0000000704400000, 0x0000000704400000| Untracked 
|  24|0x0000000704600000, 0x0000000704800000, 0x0000000704800000|100%| O|  |TAMS 0x0000000704600000, 0x0000000704600000| Untracked 
|  25|0x0000000704800000, 0x0000000704a00000, 0x0000000704a00000|100%| O|  |TAMS 0x0000000704800000, 0x0000000704800000| Untracked 
|  26|0x0000000704a00000, 0x0000000704c00000, 0x0000000704c00000|100%| O|  |TAMS 0x0000000704a00000, 0x0000000704a00000| Untracked 
|  27|0x0000000704c00000, 0x0000000704e00000, 0x0000000704e00000|100%| O|  |TAMS 0x0000000704e00000, 0x0000000704c00000| Untracked 
|  28|0x0000000704e00000, 0x0000000705000000, 0x0000000705000000|100%| O|  |TAMS 0x0000000704e00000, 0x0000000704e00000| Untracked 
|  29|0x0000000705000000, 0x0000000705200000, 0x0000000705200000|100%| O|  |TAMS 0x0000000705000000, 0x0000000705000000| Untracked 
|  30|0x0000000705200000, 0x0000000705400000, 0x0000000705400000|100%| O|  |TAMS 0x0000000705200000, 0x0000000705200000| Untracked 
|  31|0x0000000705400000, 0x0000000705600000, 0x0000000705600000|100%| O|  |TAMS 0x0000000705400000, 0x0000000705400000| Untracked 
|  32|0x0000000705600000, 0x0000000705800000, 0x0000000705800000|100%| O|  |TAMS 0x0000000705800000, 0x0000000705600000| Untracked 
|  33|0x0000000705800000, 0x0000000705a00000, 0x0000000705a00000|100%| O|  |TAMS 0x0000000705a00000, 0x0000000705800000| Untracked 
|  34|0x0000000705a00000, 0x0000000705c00000, 0x0000000705c00000|100%| O|  |TAMS 0x0000000705a00000, 0x0000000705a00000| Untracked 
|  35|0x0000000705c00000, 0x0000000705e00000, 0x0000000705e00000|100%| O|  |TAMS 0x0000000705c00000, 0x0000000705c00000| Untracked 
|  36|0x0000000705e00000, 0x0000000706000000, 0x0000000706000000|100%| O|  |TAMS 0x0000000705e00000, 0x0000000705e00000| Untracked 
|  37|0x0000000706000000, 0x0000000706200000, 0x0000000706200000|100%| O|  |TAMS 0x0000000706000000, 0x0000000706000000| Untracked 
|  38|0x0000000706200000, 0x0000000706400000, 0x0000000706400000|100%| O|  |TAMS 0x0000000706200000, 0x0000000706200000| Untracked 
|  39|0x0000000706400000, 0x0000000706600000, 0x0000000706600000|100%| O|  |TAMS 0x0000000706400000, 0x0000000706400000| Untracked 
|  40|0x0000000706600000, 0x0000000706800000, 0x0000000706800000|100%| O|  |TAMS 0x0000000706600000, 0x0000000706600000| Untracked 
|  41|0x0000000706800000, 0x0000000706a00000, 0x0000000706a00000|100%| O|  |TAMS 0x0000000706800000, 0x0000000706800000| Untracked 
|  42|0x0000000706a00000, 0x0000000706c00000, 0x0000000706c00000|100%| O|  |TAMS 0x0000000706a00000, 0x0000000706a00000| Untracked 
|  43|0x0000000706c00000, 0x0000000706e00000, 0x0000000706e00000|100%| O|  |TAMS 0x0000000706c00000, 0x0000000706c00000| Untracked 
|  44|0x0000000706e00000, 0x0000000707000000, 0x0000000707000000|100%| O|  |TAMS 0x0000000706e00000, 0x0000000706e00000| Untracked 
|  45|0x0000000707000000, 0x0000000707200000, 0x0000000707200000|100%|HS|  |TAMS 0x0000000707000000, 0x0000000707000000| Complete 
|  46|0x0000000707200000, 0x0000000707400000, 0x0000000707400000|100%|HC|  |TAMS 0x0000000707200000, 0x0000000707200000| Complete 
|  47|0x0000000707400000, 0x0000000707600000, 0x0000000707600000|100%| O|  |TAMS 0x0000000707600000, 0x0000000707400000| Untracked 
|  48|0x0000000707600000, 0x0000000707800000, 0x0000000707800000|100%|HS|  |TAMS 0x0000000707600000, 0x0000000707600000| Complete 
|  49|0x0000000707800000, 0x0000000707a00000, 0x0000000707a00000|100%|HC|  |TAMS 0x0000000707800000, 0x0000000707800000| Complete 
|  50|0x0000000707a00000, 0x0000000707c00000, 0x0000000707c00000|100%|HS|  |TAMS 0x0000000707a00000, 0x0000000707a00000| Complete 
|  51|0x0000000707c00000, 0x0000000707e00000, 0x0000000707e00000|100%|HC|  |TAMS 0x0000000707c00000, 0x0000000707c00000| Complete 
|  52|0x0000000707e00000, 0x0000000708000000, 0x0000000708000000|100%|HS|  |TAMS 0x0000000707e00000, 0x0000000707e00000| Complete 
|  53|0x0000000708000000, 0x0000000708200000, 0x0000000708200000|100%|HC|  |TAMS 0x0000000708000000, 0x0000000708000000| Complete 
|  54|0x0000000708200000, 0x0000000708400000, 0x0000000708400000|100%| O|  |TAMS 0x0000000708200000, 0x0000000708200000| Untracked 
|  55|0x0000000708400000, 0x0000000708600000, 0x0000000708600000|100%| O|  |TAMS 0x0000000708600000, 0x0000000708400000| Untracked 
|  56|0x0000000708600000, 0x0000000708800000, 0x0000000708800000|100%|HS|  |TAMS 0x0000000708600000, 0x0000000708600000| Complete 
|  57|0x0000000708800000, 0x0000000708a00000, 0x0000000708a00000|100%|HC|  |TAMS 0x0000000708800000, 0x0000000708800000| Complete 
|  58|0x0000000708a00000, 0x0000000708c00000, 0x0000000708c00000|100%|HS|  |TAMS 0x0000000708a00000, 0x0000000708a00000| Complete 
|  59|0x0000000708c00000, 0x0000000708e00000, 0x0000000708e00000|100%|HC|  |TAMS 0x0000000708c00000, 0x0000000708c00000| Complete 
|  60|0x0000000708e00000, 0x0000000709000000, 0x0000000709000000|100%|HS|  |TAMS 0x0000000708e00000, 0x0000000708e00000| Complete 
|  61|0x0000000709000000, 0x0000000709200000, 0x0000000709200000|100%|HC|  |TAMS 0x0000000709000000, 0x0000000709000000| Complete 
|  62|0x0000000709200000, 0x0000000709400000, 0x0000000709400000|100%| O|  |TAMS 0x0000000709400000, 0x0000000709200000| Untracked 
|  63|0x0000000709400000, 0x0000000709600000, 0x0000000709600000|100%|HS|  |TAMS 0x0000000709400000, 0x0000000709400000| Complete 
|  64|0x0000000709600000, 0x0000000709800000, 0x0000000709800000|100%|HC|  |TAMS 0x0000000709600000, 0x0000000709600000| Complete 
|  65|0x0000000709800000, 0x0000000709a00000, 0x0000000709a00000|100%| O|  |TAMS 0x0000000709800000, 0x0000000709800000| Untracked 
|  66|0x0000000709a00000, 0x0000000709c00000, 0x0000000709c00000|100%| O|  |TAMS 0x0000000709a00000, 0x0000000709a00000| Untracked 
|  67|0x0000000709c00000, 0x0000000709e00000, 0x0000000709e00000|100%| O|  |TAMS 0x0000000709c00000, 0x0000000709c00000| Untracked 
|  68|0x0000000709e00000, 0x000000070a000000, 0x000000070a000000|100%| O|  |TAMS 0x0000000709e00000, 0x0000000709e00000| Untracked 
|  69|0x000000070a000000, 0x000000070a116200, 0x000000070a200000| 54%| O|  |TAMS 0x000000070a000000, 0x000000070a000000| Untracked 
|  70|0x000000070a200000, 0x000000070a400000, 0x000000070a400000|100%| O|  |TAMS 0x000000070a400000, 0x000000070a200000| Untracked 
|  71|0x000000070a400000, 0x000000070a600000, 0x000000070a600000|100%| O|  |TAMS 0x000000070a600000, 0x000000070a400000| Untracked 
|  72|0x000000070a600000, 0x000000070a600000, 0x000000070a800000|  0%| F|  |TAMS 0x000000070a600000, 0x000000070a600000| Untracked 
|  73|0x000000070a800000, 0x000000070a800000, 0x000000070aa00000|  0%| F|  |TAMS 0x000000070a800000, 0x000000070a800000| Untracked 
|  74|0x000000070aa00000, 0x000000070aa00000, 0x000000070ac00000|  0%| F|  |TAMS 0x000000070aa00000, 0x000000070aa00000| Untracked 
|  75|0x000000070ac00000, 0x000000070ac00000, 0x000000070ae00000|  0%| F|  |TAMS 0x000000070ac00000, 0x000000070ac00000| Untracked 
|  76|0x000000070ae00000, 0x000000070ae00000, 0x000000070b000000|  0%| F|  |TAMS 0x000000070ae00000, 0x000000070ae00000| Untracked 
|  77|0x000000070b000000, 0x000000070b000000, 0x000000070b200000|  0%| F|  |TAMS 0x000000070b000000, 0x000000070b000000| Untracked 
|  78|0x000000070b200000, 0x000000070b400000, 0x000000070b400000|100%| O|  |TAMS 0x000000070b400000, 0x000000070b200000| Untracked 
|  79|0x000000070b400000, 0x000000070b400000, 0x000000070b600000|  0%| F|  |TAMS 0x000000070b400000, 0x000000070b400000| Untracked 
|  80|0x000000070b600000, 0x000000070b600000, 0x000000070b800000|  0%| F|  |TAMS 0x000000070b600000, 0x000000070b600000| Untracked 
|  81|0x000000070b800000, 0x000000070b800000, 0x000000070ba00000|  0%| F|  |TAMS 0x000000070b800000, 0x000000070b800000| Untracked 
|  82|0x000000070ba00000, 0x000000070bc00000, 0x000000070bc00000|100%| O|  |TAMS 0x000000070bc00000, 0x000000070ba00000| Untracked 
|  83|0x000000070bc00000, 0x000000070bc00000, 0x000000070be00000|  0%| F|  |TAMS 0x000000070bc00000, 0x000000070bc00000| Untracked 
|  84|0x000000070be00000, 0x000000070be00000, 0x000000070c000000|  0%| F|  |TAMS 0x000000070be00000, 0x000000070be00000| Untracked 
|  85|0x000000070c000000, 0x000000070c200000, 0x000000070c200000|100%| O|  |TAMS 0x000000070c200000, 0x000000070c000000| Untracked 
|  86|0x000000070c200000, 0x000000070c200000, 0x000000070c400000|  0%| F|  |TAMS 0x000000070c200000, 0x000000070c200000| Untracked 
|  87|0x000000070c400000, 0x000000070c400000, 0x000000070c600000|  0%| F|  |TAMS 0x000000070c400000, 0x000000070c400000| Untracked 
|  88|0x000000070c600000, 0x000000070c600000, 0x000000070c800000|  0%| F|  |TAMS 0x000000070c600000, 0x000000070c600000| Untracked 
|  89|0x000000070c800000, 0x000000070c800000, 0x000000070ca00000|  0%| F|  |TAMS 0x000000070c800000, 0x000000070c800000| Untracked 
|  90|0x000000070ca00000, 0x000000070ca00000, 0x000000070cc00000|  0%| F|  |TAMS 0x000000070ca00000, 0x000000070ca00000| Untracked 
|  91|0x000000070cc00000, 0x000000070cc00000, 0x000000070ce00000|  0%| F|  |TAMS 0x000000070cc00000, 0x000000070cc00000| Untracked 
|  92|0x000000070ce00000, 0x000000070ce00000, 0x000000070d000000|  0%| F|  |TAMS 0x000000070ce00000, 0x000000070ce00000| Untracked 
|  93|0x000000070d000000, 0x000000070d000000, 0x000000070d200000|  0%| F|  |TAMS 0x000000070d000000, 0x000000070d000000| Untracked 
|  94|0x000000070d200000, 0x000000070d200000, 0x000000070d400000|  0%| F|  |TAMS 0x000000070d200000, 0x000000070d200000| Untracked 
|  95|0x000000070d400000, 0x000000070d400000, 0x000000070d600000|  0%| F|  |TAMS 0x000000070d400000, 0x000000070d400000| Untracked 
|  96|0x000000070d600000, 0x000000070d600000, 0x000000070d800000|  0%| F|  |TAMS 0x000000070d600000, 0x000000070d600000| Untracked 
|  97|0x000000070d800000, 0x000000070d800000, 0x000000070da00000|  0%| F|  |TAMS 0x000000070d800000, 0x000000070d800000| Untracked 
|  98|0x000000070da00000, 0x000000070dabe118, 0x000000070dc00000| 37%| S|CS|TAMS 0x000000070da00000, 0x000000070da00000| Complete 
|  99|0x000000070dc00000, 0x000000070de00000, 0x000000070de00000|100%| S|CS|TAMS 0x000000070dc00000, 0x000000070dc00000| Complete 
| 100|0x000000070de00000, 0x000000070e000000, 0x000000070e000000|100%| S|CS|TAMS 0x000000070de00000, 0x000000070de00000| Complete 
| 101|0x000000070e000000, 0x000000070e200000, 0x000000070e200000|100%| S|CS|TAMS 0x000000070e000000, 0x000000070e000000| Complete 
| 102|0x000000070e200000, 0x000000070e400000, 0x000000070e400000|100%| S|CS|TAMS 0x000000070e200000, 0x000000070e200000| Complete 
| 103|0x000000070e400000, 0x000000070e600000, 0x000000070e600000|100%| S|CS|TAMS 0x000000070e400000, 0x000000070e400000| Complete 
| 104|0x000000070e600000, 0x000000070e800000, 0x000000070e800000|100%| S|CS|TAMS 0x000000070e600000, 0x000000070e600000| Complete 
| 105|0x000000070e800000, 0x000000070ea00000, 0x000000070ea00000|100%| S|CS|TAMS 0x000000070e800000, 0x000000070e800000| Complete 
| 106|0x000000070ea00000, 0x000000070ec00000, 0x000000070ec00000|100%| S|CS|TAMS 0x000000070ea00000, 0x000000070ea00000| Complete 
| 107|0x000000070ec00000, 0x000000070ee00000, 0x000000070ee00000|100%| S|CS|TAMS 0x000000070ec00000, 0x000000070ec00000| Complete 
| 108|0x000000070ee00000, 0x000000070f000000, 0x000000070f000000|100%| S|CS|TAMS 0x000000070ee00000, 0x000000070ee00000| Complete 
| 109|0x000000070f000000, 0x000000070f000000, 0x000000070f200000|  0%| F|  |TAMS 0x000000070f000000, 0x000000070f000000| Untracked 
| 110|0x000000070f200000, 0x000000070f200000, 0x000000070f400000|  0%| F|  |TAMS 0x000000070f200000, 0x000000070f200000| Untracked 
| 111|0x000000070f400000, 0x000000070f400000, 0x000000070f600000|  0%| F|  |TAMS 0x000000070f400000, 0x000000070f400000| Untracked 
| 112|0x000000070f600000, 0x000000070f600000, 0x000000070f800000|  0%| F|  |TAMS 0x000000070f600000, 0x000000070f600000| Untracked 
| 113|0x000000070f800000, 0x000000070f800000, 0x000000070fa00000|  0%| F|  |TAMS 0x000000070f800000, 0x000000070f800000| Untracked 
| 114|0x000000070fa00000, 0x000000070fa00000, 0x000000070fc00000|  0%| F|  |TAMS 0x000000070fa00000, 0x000000070fa00000| Untracked 
| 115|0x000000070fc00000, 0x000000070fc00000, 0x000000070fe00000|  0%| F|  |TAMS 0x000000070fc00000, 0x000000070fc00000| Untracked 
| 116|0x000000070fe00000, 0x000000070fe00000, 0x0000000710000000|  0%| F|  |TAMS 0x000000070fe00000, 0x000000070fe00000| Untracked 
| 117|0x0000000710000000, 0x0000000710000000, 0x0000000710200000|  0%| F|  |TAMS 0x0000000710000000, 0x0000000710000000| Untracked 
| 118|0x0000000710200000, 0x0000000710200000, 0x0000000710400000|  0%| F|  |TAMS 0x0000000710200000, 0x0000000710200000| Untracked 
| 119|0x0000000710400000, 0x0000000710400000, 0x0000000710600000|  0%| F|  |TAMS 0x0000000710400000, 0x0000000710400000| Untracked 
| 120|0x0000000710600000, 0x0000000710600000, 0x0000000710800000|  0%| F|  |TAMS 0x0000000710600000, 0x0000000710600000| Untracked 
| 121|0x0000000710800000, 0x0000000710800000, 0x0000000710a00000|  0%| F|  |TAMS 0x0000000710800000, 0x0000000710800000| Untracked 
| 122|0x0000000710a00000, 0x0000000710a00000, 0x0000000710c00000|  0%| F|  |TAMS 0x0000000710a00000, 0x0000000710a00000| Untracked 
| 123|0x0000000710c00000, 0x0000000710c00000, 0x0000000710e00000|  0%| F|  |TAMS 0x0000000710c00000, 0x0000000710c00000| Untracked 
| 124|0x0000000710e00000, 0x0000000710e00000, 0x0000000711000000|  0%| F|  |TAMS 0x0000000710e00000, 0x0000000710e00000| Untracked 
| 125|0x0000000711000000, 0x0000000711000000, 0x0000000711200000|  0%| F|  |TAMS 0x0000000711000000, 0x0000000711000000| Untracked 
| 126|0x0000000711200000, 0x0000000711200000, 0x0000000711400000|  0%| F|  |TAMS 0x0000000711200000, 0x0000000711200000| Untracked 
| 127|0x0000000711400000, 0x0000000711400000, 0x0000000711600000|  0%| F|  |TAMS 0x0000000711400000, 0x0000000711400000| Untracked 
| 128|0x0000000711600000, 0x0000000711800000, 0x0000000711800000|100%| E|  |TAMS 0x0000000711600000, 0x0000000711600000| Complete 
| 129|0x0000000711800000, 0x0000000711a00000, 0x0000000711a00000|100%| E|CS|TAMS 0x0000000711800000, 0x0000000711800000| Complete 
| 130|0x0000000711a00000, 0x0000000711c00000, 0x0000000711c00000|100%| E|CS|TAMS 0x0000000711a00000, 0x0000000711a00000| Complete 
| 131|0x0000000711c00000, 0x0000000711e00000, 0x0000000711e00000|100%| E|CS|TAMS 0x0000000711c00000, 0x0000000711c00000| Complete 
| 132|0x0000000711e00000, 0x0000000712000000, 0x0000000712000000|100%| E|CS|TAMS 0x0000000711e00000, 0x0000000711e00000| Complete 
| 133|0x0000000712000000, 0x0000000712200000, 0x0000000712200000|100%| E|CS|TAMS 0x0000000712000000, 0x0000000712000000| Complete 
| 134|0x0000000712200000, 0x0000000712400000, 0x0000000712400000|100%| E|CS|TAMS 0x0000000712200000, 0x0000000712200000| Complete 
| 135|0x0000000712400000, 0x0000000712600000, 0x0000000712600000|100%| E|CS|TAMS 0x0000000712400000, 0x0000000712400000| Complete 
| 136|0x0000000712600000, 0x0000000712800000, 0x0000000712800000|100%| E|CS|TAMS 0x0000000712600000, 0x0000000712600000| Complete 
| 137|0x0000000712800000, 0x0000000712a00000, 0x0000000712a00000|100%| E|CS|TAMS 0x0000000712800000, 0x0000000712800000| Complete 
| 138|0x0000000712a00000, 0x0000000712c00000, 0x0000000712c00000|100%| E|CS|TAMS 0x0000000712a00000, 0x0000000712a00000| Complete 
| 139|0x0000000712c00000, 0x0000000712e00000, 0x0000000712e00000|100%| E|CS|TAMS 0x0000000712c00000, 0x0000000712c00000| Complete 
| 140|0x0000000712e00000, 0x0000000713000000, 0x0000000713000000|100%| E|CS|TAMS 0x0000000712e00000, 0x0000000712e00000| Complete 
| 141|0x0000000713000000, 0x0000000713200000, 0x0000000713200000|100%| E|CS|TAMS 0x0000000713000000, 0x0000000713000000| Complete 
| 142|0x0000000713200000, 0x0000000713400000, 0x0000000713400000|100%| E|CS|TAMS 0x0000000713200000, 0x0000000713200000| Complete 
| 143|0x0000000713400000, 0x0000000713600000, 0x0000000713600000|100%| E|CS|TAMS 0x0000000713400000, 0x0000000713400000| Complete 
| 144|0x0000000713600000, 0x0000000713800000, 0x0000000713800000|100%| E|CS|TAMS 0x0000000713600000, 0x0000000713600000| Complete 
| 145|0x0000000713800000, 0x0000000713a00000, 0x0000000713a00000|100%| E|CS|TAMS 0x0000000713800000, 0x0000000713800000| Complete 
| 146|0x0000000713a00000, 0x0000000713c00000, 0x0000000713c00000|100%| E|CS|TAMS 0x0000000713a00000, 0x0000000713a00000| Complete 
| 147|0x0000000713c00000, 0x0000000713e00000, 0x0000000713e00000|100%| E|CS|TAMS 0x0000000713c00000, 0x0000000713c00000| Complete 
| 148|0x0000000713e00000, 0x0000000714000000, 0x0000000714000000|100%| E|CS|TAMS 0x0000000713e00000, 0x0000000713e00000| Complete 
| 149|0x0000000714000000, 0x0000000714200000, 0x0000000714200000|100%| E|CS|TAMS 0x0000000714000000, 0x0000000714000000| Complete 
| 150|0x0000000714200000, 0x0000000714400000, 0x0000000714400000|100%| E|CS|TAMS 0x0000000714200000, 0x0000000714200000| Complete 
| 151|0x0000000714400000, 0x0000000714600000, 0x0000000714600000|100%| E|CS|TAMS 0x0000000714400000, 0x0000000714400000| Complete 
| 152|0x0000000714600000, 0x0000000714800000, 0x0000000714800000|100%| E|CS|TAMS 0x0000000714600000, 0x0000000714600000| Complete 
| 153|0x0000000714800000, 0x0000000714a00000, 0x0000000714a00000|100%| E|CS|TAMS 0x0000000714800000, 0x0000000714800000| Complete 
| 154|0x0000000714a00000, 0x0000000714c00000, 0x0000000714c00000|100%| E|CS|TAMS 0x0000000714a00000, 0x0000000714a00000| Complete 
| 155|0x0000000714c00000, 0x0000000714e00000, 0x0000000714e00000|100%| E|CS|TAMS 0x0000000714c00000, 0x0000000714c00000| Complete 
| 156|0x0000000714e00000, 0x0000000715000000, 0x0000000715000000|100%| E|CS|TAMS 0x0000000714e00000, 0x0000000714e00000| Complete 
| 157|0x0000000715000000, 0x0000000715200000, 0x0000000715200000|100%| E|CS|TAMS 0x0000000715000000, 0x0000000715000000| Complete 
| 158|0x0000000715200000, 0x0000000715400000, 0x0000000715400000|100%| E|CS|TAMS 0x0000000715200000, 0x0000000715200000| Complete 
| 159|0x0000000715400000, 0x0000000715600000, 0x0000000715600000|100%| E|CS|TAMS 0x0000000715400000, 0x0000000715400000| Complete 
| 160|0x0000000715600000, 0x0000000715800000, 0x0000000715800000|100%| E|CS|TAMS 0x0000000715600000, 0x0000000715600000| Complete 
| 161|0x0000000715800000, 0x0000000715a00000, 0x0000000715a00000|100%| E|CS|TAMS 0x0000000715800000, 0x0000000715800000| Complete 
| 162|0x0000000715a00000, 0x0000000715c00000, 0x0000000715c00000|100%| E|CS|TAMS 0x0000000715a00000, 0x0000000715a00000| Complete 
| 163|0x0000000715c00000, 0x0000000715e00000, 0x0000000715e00000|100%| E|CS|TAMS 0x0000000715c00000, 0x0000000715c00000| Complete 
| 164|0x0000000715e00000, 0x0000000716000000, 0x0000000716000000|100%| E|CS|TAMS 0x0000000715e00000, 0x0000000715e00000| Complete 
| 165|0x0000000716000000, 0x0000000716200000, 0x0000000716200000|100%| E|CS|TAMS 0x0000000716000000, 0x0000000716000000| Complete 
| 166|0x0000000716200000, 0x0000000716400000, 0x0000000716400000|100%| E|CS|TAMS 0x0000000716200000, 0x0000000716200000| Complete 
| 167|0x0000000716400000, 0x0000000716600000, 0x0000000716600000|100%| E|CS|TAMS 0x0000000716400000, 0x0000000716400000| Complete 
| 168|0x0000000716600000, 0x0000000716800000, 0x0000000716800000|100%| E|CS|TAMS 0x0000000716600000, 0x0000000716600000| Complete 
| 169|0x0000000716800000, 0x0000000716a00000, 0x0000000716a00000|100%| E|CS|TAMS 0x0000000716800000, 0x0000000716800000| Complete 
| 170|0x0000000716a00000, 0x0000000716c00000, 0x0000000716c00000|100%| E|CS|TAMS 0x0000000716a00000, 0x0000000716a00000| Complete 
| 171|0x0000000716c00000, 0x0000000716e00000, 0x0000000716e00000|100%| E|CS|TAMS 0x0000000716c00000, 0x0000000716c00000| Complete 
| 172|0x0000000716e00000, 0x0000000717000000, 0x0000000717000000|100%| E|CS|TAMS 0x0000000716e00000, 0x0000000716e00000| Complete 
| 173|0x0000000717000000, 0x0000000717200000, 0x0000000717200000|100%| E|CS|TAMS 0x0000000717000000, 0x0000000717000000| Complete 
| 174|0x0000000717200000, 0x0000000717400000, 0x0000000717400000|100%| E|CS|TAMS 0x0000000717200000, 0x0000000717200000| Complete 
| 175|0x0000000717400000, 0x0000000717600000, 0x0000000717600000|100%| E|CS|TAMS 0x0000000717400000, 0x0000000717400000| Complete 
| 176|0x0000000717600000, 0x0000000717800000, 0x0000000717800000|100%| E|CS|TAMS 0x0000000717600000, 0x0000000717600000| Complete 
| 177|0x0000000717800000, 0x0000000717a00000, 0x0000000717a00000|100%| E|CS|TAMS 0x0000000717800000, 0x0000000717800000| Complete 
| 178|0x0000000717a00000, 0x0000000717c00000, 0x0000000717c00000|100%| E|CS|TAMS 0x0000000717a00000, 0x0000000717a00000| Complete 
| 179|0x0000000717c00000, 0x0000000717e00000, 0x0000000717e00000|100%| E|CS|TAMS 0x0000000717c00000, 0x0000000717c00000| Complete 
| 180|0x0000000717e00000, 0x0000000718000000, 0x0000000718000000|100%| E|CS|TAMS 0x0000000717e00000, 0x0000000717e00000| Complete 
| 181|0x0000000718000000, 0x0000000718200000, 0x0000000718200000|100%| E|CS|TAMS 0x0000000718000000, 0x0000000718000000| Complete 
| 182|0x0000000718200000, 0x0000000718400000, 0x0000000718400000|100%| E|CS|TAMS 0x0000000718200000, 0x0000000718200000| Complete 
| 183|0x0000000718400000, 0x0000000718600000, 0x0000000718600000|100%| E|CS|TAMS 0x0000000718400000, 0x0000000718400000| Complete 
| 184|0x0000000718600000, 0x0000000718800000, 0x0000000718800000|100%| E|CS|TAMS 0x0000000718600000, 0x0000000718600000| Complete 
| 185|0x0000000718800000, 0x0000000718a00000, 0x0000000718a00000|100%| E|CS|TAMS 0x0000000718800000, 0x0000000718800000| Complete 
| 186|0x0000000718a00000, 0x0000000718c00000, 0x0000000718c00000|100%| E|CS|TAMS 0x0000000718a00000, 0x0000000718a00000| Complete 
| 187|0x0000000718c00000, 0x0000000718e00000, 0x0000000718e00000|100%| E|CS|TAMS 0x0000000718c00000, 0x0000000718c00000| Complete 
| 188|0x0000000718e00000, 0x0000000719000000, 0x0000000719000000|100%| E|CS|TAMS 0x0000000718e00000, 0x0000000718e00000| Complete 
| 189|0x0000000719000000, 0x0000000719200000, 0x0000000719200000|100%| E|CS|TAMS 0x0000000719000000, 0x0000000719000000| Complete 
| 190|0x0000000719200000, 0x0000000719400000, 0x0000000719400000|100%| E|CS|TAMS 0x0000000719200000, 0x0000000719200000| Complete 
| 191|0x0000000719400000, 0x0000000719600000, 0x0000000719600000|100%| E|CS|TAMS 0x0000000719400000, 0x0000000719400000| Complete 
| 192|0x0000000719600000, 0x0000000719800000, 0x0000000719800000|100%| E|CS|TAMS 0x0000000719600000, 0x0000000719600000| Complete 
| 193|0x0000000719800000, 0x0000000719a00000, 0x0000000719a00000|100%| E|CS|TAMS 0x0000000719800000, 0x0000000719800000| Complete 
|2036|0x00000007ffe00000, 0x0000000800000000, 0x0000000800000000|100%| E|CS|TAMS 0x00000007ffe00000, 0x00000007ffe00000| Complete 

Card table byte_map: [0x000001ccdb580000,0x000001ccdbd80000] _byte_map_base: 0x000001ccd7d75000

Marking Bits (Prev, Next): (CMBitMap*) 0x000001ccc4524e70, (CMBitMap*) 0x000001ccc4524e30
 Prev Bits: [0x000001cce0530000, 0x000001cce44d8000)
 Next Bits: [0x000001ccdc580000, 0x000001cce0528000)

Polling page: 0x000001ccc24a0000

Metaspace:

Usage:
  Non-class:     40.95 MB used.
      Class:      5.04 MB used.
       Both:     45.99 MB used.

Virtual space:
  Non-class space:       64.00 MB reserved,      41.25 MB ( 64%) committed,  1 nodes.
      Class space:        1.00 GB reserved,       5.25 MB ( <1%) committed,  1 nodes.
             Both:        1.06 GB reserved,      46.50 MB (  4%) committed. 

Chunk freelists:
   Non-Class:  5.89 MB
       Class:  10.76 MB
        Both:  16.65 MB

MaxMetaspaceSize: unlimited
CompressedClassSpaceSize: 1.00 GB
Initial GC threshold: 21.00 MB
Current GC threshold: 70.25 MB
CDS: on
MetaspaceReclaimPolicy: balanced
 - commit_granule_bytes: 65536.
 - commit_granule_words: 8192.
 - virtual_space_node_default_size: 8388608.
 - enlarge_chunks_in_place: 1.
 - new_chunks_are_fully_committed: 0.
 - uncommit_free_chunks: 1.
 - use_allocation_guard: 0.
 - handle_deallocations: 1.


Internal statistics:

num_allocs_failed_limit: 3.
num_arena_births: 512.
num_arena_deaths: 84.
num_vsnodes_births: 2.
num_vsnodes_deaths: 0.
num_space_committed: 962.
num_space_uncommitted: 218.
num_chunks_returned_to_freelist: 875.
num_chunks_taken_from_freelist: 3207.
num_chunk_merges: 277.
num_chunk_splits: 2165.
num_chunks_enlarged: 1674.
num_inconsistent_stats: 0.

CodeHeap 'non-profiled nmethods': size=120000Kb used=12186Kb max_used=12186Kb free=107813Kb
 bounds [0x000001ccd3850000, 0x000001ccd4440000, 0x000001ccdad80000]
CodeHeap 'profiled nmethods': size=120000Kb used=25712Kb max_used=25898Kb free=94287Kb
 bounds [0x000001cccbd80000, 0x000001cccd6f0000, 0x000001ccd32b0000]
CodeHeap 'non-nmethods': size=5760Kb used=1245Kb max_used=1352Kb free=4514Kb
 bounds [0x000001ccd32b0000, 0x000001ccd3520000, 0x000001ccd3850000]
 total_blobs=11936 nmethods=11377 adapters=471
 compilation: enabled
              stopped_count=0, restarted_count=0
 full_count=0

Compilation events (20 events):
Event: 162.714 Thread 0x000001cce69e55c0 15963       4       org.eclipse.aether.util.graph.transformer.ConflictMarker::toKey (9 bytes)
Event: 162.715 Thread 0x000001cce69e55c0 nmethod 15963 0x000001ccd4432a90 code [0x000001ccd4432c00, 0x000001ccd4432cb8]
Event: 162.715 Thread 0x000001cce69e55c0 15958       4       org.eclipse.aether.util.graph.selector.OptionalDependencySelector::selectDependency (28 bytes)
Event: 162.717 Thread 0x000001cce69e55c0 nmethod 15958 0x000001ccd4432d90 code [0x000001ccd4432f00, 0x000001ccd4432fb8]
Event: 162.717 Thread 0x000001cce69e55c0 15955       4       org.apache.maven.model.ModelBase::getLocation (366 bytes)
Event: 162.733 Thread 0x000001cce69e55c0 nmethod 15955 0x000001ccd4433090 code [0x000001ccd4433240, 0x000001ccd44339c8]
Event: 162.855 Thread 0x000001ccef915ae0 nmethod 15964 0x000001ccd4433d90 code [0x000001ccd4434000, 0x000001ccd44359c8]
Event: 167.084 Thread 0x000001cce6b4c090 15965       3       org.codehaus.plexus.util.SelectorUtils::match (520 bytes)
Event: 167.086 Thread 0x000001cce6b4c090 nmethod 15965 0x000001cccd112e90 code [0x000001cccd1131a0, 0x000001cccd114638]
Event: 167.384 Thread 0x000001cce69e55c0 15966       4       java.lang.Class::privateGetPublicMethods (224 bytes)
Event: 167.385 Thread 0x000001cce6b4c090 15967       3       org.codehaus.plexus.component.configurator.converters.basic.FileConverter::fromString (30 bytes)
Event: 167.385 Thread 0x000001cce6b4c090 nmethod 15967 0x000001cccd112990 code [0x000001cccd112b40, 0x000001cccd112d58]
Event: 167.385 Thread 0x000001cce6b4c090 15968       3       org.apache.maven.plugin.PluginParameterExpressionEvaluator::alignToBaseDirectory (69 bytes)
Event: 167.386 Thread 0x000001cce6b4c090 nmethod 15968 0x000001cccd111e10 code [0x000001cccd112060, 0x000001cccd1126d8]
Event: 167.557 Thread 0x000001cce6b4c090 15969       1       org.apache.maven.project.MavenProject$LoggingList::access$100 (5 bytes)
Event: 167.557 Thread 0x000001cce6b4c090 nmethod 15969 0x000001ccd4436590 code [0x000001ccd4436720, 0x000001ccd44367d8]
Event: 167.662 Thread 0x000001cce6b4c090 15970       3       org.codehaus.plexus.util.SelectorUtils::matchAntPathPatternStart (104 bytes)
Event: 167.663 Thread 0x000001cce6b4c090 nmethod 15970 0x000001cccd111610 code [0x000001cccd111800, 0x000001cccd111c48]
Event: 167.784 Thread 0x000001cce6b4c090 15972       3       com.sun.tools.javac.util.AbstractDiagnosticFormatter$SimpleConfiguration::setMultilineLimit (25 bytes)
Event: 167.785 Thread 0x000001cce6b4c090 nmethod 15972 0x000001cccd110e10 code [0x000001cccd110fe0, 0x000001cccd111488]

GC Heap History (20 events):
Event: 121.320 GC heap before
{Heap before GC invocations=38 (full 0):
 garbage-first heap   total 331776K, used 181531K [0x0000000701600000, 0x0000000800000000)
  region size 2048K, 8 young (16384K), 5 survivors (10240K)
 Metaspace       used 42496K, committed 43328K, reserved 1114112K
  class space    used 4664K, committed 5184K, reserved 1048576K
}
Event: 121.337 GC heap after
{Heap after GC invocations=39 (full 0):
 garbage-first heap   total 331776K, used 144427K [0x0000000701600000, 0x0000000800000000)
  region size 2048K, 1 young (2048K), 1 survivors (2048K)
 Metaspace       used 42496K, committed 43328K, reserved 1114112K
  class space    used 4664K, committed 5184K, reserved 1048576K
}
Event: 121.747 GC heap before
{Heap before GC invocations=39 (full 0):
 garbage-first heap   total 331776K, used 191531K [0x0000000701600000, 0x0000000800000000)
  region size 2048K, 8 young (16384K), 1 survivors (2048K)
 Metaspace       used 42638K, committed 43456K, reserved 1114112K
  class space    used 4676K, committed 5184K, reserved 1048576K
}
Event: 121.764 GC heap after
{Heap after GC invocations=40 (full 0):
 garbage-first heap   total 331776K, used 124794K [0x0000000701600000, 0x0000000800000000)
  region size 2048K, 1 young (2048K), 1 survivors (2048K)
 Metaspace       used 42638K, committed 43456K, reserved 1114112K
  class space    used 4676K, committed 5184K, reserved 1048576K
}
Event: 126.052 GC heap before
{Heap before GC invocations=40 (full 0):
 garbage-first heap   total 331776K, used 305018K [0x0000000701600000, 0x0000000800000000)
  region size 2048K, 62 young (126976K), 1 survivors (2048K)
 Metaspace       used 44109K, committed 44800K, reserved 1114112K
  class space    used 4839K, committed 5184K, reserved 1048576K
}
Event: 126.059 GC heap after
{Heap after GC invocations=41 (full 0):
 garbage-first heap   total 331776K, used 152441K [0x0000000701600000, 0x0000000800000000)
  region size 2048K, 3 young (6144K), 3 survivors (6144K)
 Metaspace       used 44109K, committed 44800K, reserved 1114112K
  class space    used 4839K, committed 5184K, reserved 1048576K
}
Event: 126.062 GC heap before
{Heap before GC invocations=41 (full 0):
 garbage-first heap   total 331776K, used 156537K [0x0000000701600000, 0x0000000800000000)
  region size 2048K, 4 young (8192K), 3 survivors (6144K)
 Metaspace       used 44110K, committed 44800K, reserved 1114112K
  class space    used 4839K, committed 5184K, reserved 1048576K
}
Event: 126.068 GC heap after
{Heap after GC invocations=42 (full 0):
 garbage-first heap   total 331776K, used 154053K [0x0000000701600000, 0x0000000800000000)
  region size 2048K, 1 young (2048K), 1 survivors (2048K)
 Metaspace       used 44110K, committed 44800K, reserved 1114112K
  class space    used 4839K, committed 5184K, reserved 1048576K
}
Event: 129.559 GC heap before
{Heap before GC invocations=43 (full 0):
 garbage-first heap   total 331776K, used 258501K [0x0000000701600000, 0x0000000800000000)
  region size 2048K, 57 young (116736K), 1 survivors (2048K)
 Metaspace       used 40615K, committed 41856K, reserved 1114112K
  class space    used 4431K, committed 4864K, reserved 1048576K
}
Event: 129.586 GC heap after
{Heap after GC invocations=44 (full 0):
 garbage-first heap   total 331776K, used 141652K [0x0000000701600000, 0x0000000800000000)
  region size 2048K, 8 young (16384K), 8 survivors (16384K)
 Metaspace       used 40615K, committed 41856K, reserved 1114112K
  class space    used 4431K, committed 4864K, reserved 1048576K
}
Event: 129.631 GC heap before
{Heap before GC invocations=44 (full 0):
 garbage-first heap   total 331776K, used 143700K [0x0000000701600000, 0x0000000800000000)
  region size 2048K, 9 young (18432K), 8 survivors (16384K)
 Metaspace       used 40615K, committed 41856K, reserved 1114112K
  class space    used 4431K, committed 4864K, reserved 1048576K
}
Event: 129.652 GC heap after
{Heap after GC invocations=45 (full 0):
 garbage-first heap   total 399360K, used 108267K [0x0000000701600000, 0x0000000800000000)
  region size 2048K, 1 young (2048K), 1 survivors (2048K)
 Metaspace       used 40615K, committed 41856K, reserved 1114112K
  class space    used 4431K, committed 4864K, reserved 1048576K
}
Event: 129.927 GC heap before
{Heap before GC invocations=45 (full 0):
 garbage-first heap   total 399360K, used 124651K [0x0000000701600000, 0x0000000800000000)
  region size 2048K, 9 young (18432K), 1 survivors (2048K)
 Metaspace       used 40615K, committed 41856K, reserved 1114112K
  class space    used 4431K, committed 4864K, reserved 1048576K
}
Event: 129.946 GC heap after
{Heap after GC invocations=46 (full 0):
 garbage-first heap   total 399360K, used 93702K [0x0000000701600000, 0x0000000800000000)
  region size 2048K, 2 young (4096K), 2 survivors (4096K)
 Metaspace       used 40615K, committed 41856K, reserved 1114112K
  class space    used 4431K, committed 4864K, reserved 1048576K
}
Event: 141.730 GC heap before
{Heap before GC invocations=46 (full 0):
 garbage-first heap   total 399360K, used 298502K [0x0000000701600000, 0x0000000800000000)
  region size 2048K, 102 young (208896K), 2 survivors (4096K)
 Metaspace       used 42267K, committed 42816K, reserved 1114112K
  class space    used 4627K, committed 4864K, reserved 1048576K
}
Event: 141.772 GC heap after
{Heap after GC invocations=47 (full 0):
 garbage-first heap   total 399360K, used 132772K [0x0000000701600000, 0x0000000800000000)
  region size 2048K, 13 young (26624K), 13 survivors (26624K)
 Metaspace       used 42267K, committed 42816K, reserved 1114112K
  class space    used 4627K, committed 4864K, reserved 1048576K
}
Event: 146.807 GC heap before
{Heap before GC invocations=47 (full 0):
 garbage-first heap   total 399360K, used 317092K [0x0000000701600000, 0x0000000800000000)
  region size 2048K, 88 young (180224K), 13 survivors (26624K)
 Metaspace       used 43869K, committed 44416K, reserved 1114112K
  class space    used 4789K, committed 4992K, reserved 1048576K
}
Event: 146.831 GC heap after
{Heap after GC invocations=48 (full 0):
 garbage-first heap   total 399360K, used 123992K [0x0000000701600000, 0x0000000800000000)
  region size 2048K, 2 young (4096K), 2 survivors (4096K)
 Metaspace       used 43869K, committed 44416K, reserved 1114112K
  class space    used 4789K, committed 4992K, reserved 1048576K
}
Event: 158.030 GC heap before
{Heap before GC invocations=48 (full 0):
 garbage-first heap   total 399360K, used 328792K [0x0000000701600000, 0x0000000800000000)
  region size 2048K, 86 young (176128K), 2 survivors (4096K)
 Metaspace       used 45512K, committed 46016K, reserved 1114112K
  class space    used 4977K, committed 5184K, reserved 1048576K
}
Event: 158.046 GC heap after
{Heap after GC invocations=49 (full 0):
 garbage-first heap   total 399360K, used 141136K [0x0000000701600000, 0x0000000800000000)
  region size 2048K, 11 young (22528K), 11 survivors (22528K)
 Metaspace       used 45512K, committed 46016K, reserved 1114112K
  class space    used 4977K, committed 5184K, reserved 1048576K
}

Deoptimization events (20 events):
Event: 155.850 Thread 0x000001ccc44ba240 DEOPT PACKING pc=0x000001ccd3a96410 sp=0x0000002b2c0fdf70
Event: 155.850 Thread 0x000001ccc44ba240 DEOPT UNPACKING pc=0x000001ccd33023a3 sp=0x0000002b2c0fdf30 mode 2
Event: 159.465 Thread 0x000001ccc44ba240 DEOPT PACKING pc=0x000001cccc35f7e3 sp=0x0000002b2c0fd400
Event: 159.465 Thread 0x000001ccc44ba240 DEOPT UNPACKING pc=0x000001ccd3302b43 sp=0x0000002b2c0fc988 mode 0
Event: 159.958 Thread 0x000001ccee6995e0 Uncommon trap: trap_request=0xffffff45 fr.pc=0x000001ccd3c92484 relative=0x00000000000000e4
Event: 159.958 Thread 0x000001ccee6995e0 Uncommon trap: reason=unstable_if action=reinterpret pc=0x000001ccd3c92484 method=java.util.concurrent.locks.AbstractQueuedSynchronizer.acquire(I)V @ 5 c2
Event: 159.958 Thread 0x000001ccee6995e0 DEOPT PACKING pc=0x000001ccd3c92484 sp=0x0000002b2dcfefe0
Event: 159.958 Thread 0x000001ccee6995e0 DEOPT UNPACKING pc=0x000001ccd33023a3 sp=0x0000002b2dcfefb0 mode 2
Event: 159.978 Thread 0x000001ccc44ba240 Uncommon trap: trap_request=0xffffffde fr.pc=0x000001ccd3f5b57c relative=0x000000000000005c
Event: 159.978 Thread 0x000001ccc44ba240 Uncommon trap: reason=class_check action=maybe_recompile pc=0x000001ccd3f5b57c method=java.lang.invoke.Invokers$Holder.linkToTargetMethod(Ljava/lang/Object;Ljava/lang/Object;Ljava/lang/Object;Ljava/lang/Object;)Ljava/lang/Object; @ 1 c2
Event: 159.978 Thread 0x000001ccc44ba240 DEOPT PACKING pc=0x000001ccd3f5b57c sp=0x0000002b2c0fdc30
Event: 159.978 Thread 0x000001ccc44ba240 DEOPT UNPACKING pc=0x000001ccd33023a3 sp=0x0000002b2c0fdbc0 mode 2
Event: 161.504 Thread 0x000001ccc44ba240 Uncommon trap: trap_request=0xffffff6e fr.pc=0x000001ccd43b6158 relative=0x00000000000008f8
Event: 161.504 Thread 0x000001ccc44ba240 Uncommon trap: reason=loop_limit_check action=maybe_recompile pc=0x000001ccd43b6158 method=org.eclipse.aether.internal.impl.collect.DefaultDependencyCycle.find(Ljava/util/List;Lorg/eclipse/aether/artifact/Artifact;)I @ 10 c2
Event: 161.504 Thread 0x000001ccc44ba240 DEOPT PACKING pc=0x000001ccd43b6158 sp=0x0000002b2c0fd660
Event: 161.504 Thread 0x000001ccc44ba240 DEOPT UNPACKING pc=0x000001ccd33023a3 sp=0x0000002b2c0fd5f8 mode 2
Event: 161.659 Thread 0x000001ccc44ba240 Uncommon trap: trap_request=0xffffff45 fr.pc=0x000001ccd4337160 relative=0x0000000000002900
Event: 161.659 Thread 0x000001ccc44ba240 Uncommon trap: reason=unstable_if action=reinterpret pc=0x000001ccd4337160 method=java.lang.String.split(Ljava/lang/String;I)[Ljava/lang/String; @ 282 c2
Event: 161.659 Thread 0x000001ccc44ba240 DEOPT PACKING pc=0x000001ccd4337160 sp=0x0000002b2c0fbc80
Event: 161.659 Thread 0x000001ccc44ba240 DEOPT UNPACKING pc=0x000001ccd33023a3 sp=0x0000002b2c0fbc50 mode 2

Classes unloaded (20 events):
Event: 126.249 Thread 0x000001cce69c2f30 Unloading class 0x000001cc81562c00 'lombok/javac/apt/LombokFileObject'
Event: 126.249 Thread 0x000001cce69c2f30 Unloading class 0x000001cc81562a00 'lombok/javac/apt/LombokFileObjects'
Event: 126.249 Thread 0x000001cce69c2f30 Unloading class 0x000001cc815627c8 'lombok/javac/apt/MessagerDiagnosticsReceiver'
Event: 126.249 Thread 0x000001cce69c2f30 Unloading class 0x000001cc81562420 'lombok/javac/apt/InterceptingJavaFileManager'
Event: 126.249 Thread 0x000001cce69c2f30 Unloading class 0x000001cc81562218 'lombok/permit/dummy/Parent'
Event: 126.249 Thread 0x000001cce69c2f30 Unloading class 0x000001cc81562000 'lombok/core/CleanupRegistry'
Event: 126.249 Thread 0x000001cce69c2f30 Unloading class 0x000001cc81561de8 'lombok/permit/Permit$Fake'
Event: 126.249 Thread 0x000001cce69c2f30 Unloading class 0x000001cc81561be8 'lombok/permit/Permit'
Event: 126.249 Thread 0x000001cce69c2f30 Unloading class 0x000001cc815618f8 'lombok/javac/apt/LombokProcessor$1'
Event: 126.249 Thread 0x000001cce69c2f30 Unloading class 0x000001cc81561700 'lombok/core/DiagnosticsReceiver'
Event: 126.249 Thread 0x000001cce69c2f30 Unloading class 0x000001cc81561468 'lombok/javac/apt/LombokProcessor'
Event: 126.249 Thread 0x000001cce69c2f30 Unloading class 0x000001cc81561238 'lombok/core/AnnotationProcessor$EcjDescriptor'
Event: 126.249 Thread 0x000001cce69c2f30 Unloading class 0x000001cc81561000 'lombok/core/AnnotationProcessor$JavacDescriptor'
Event: 126.249 Thread 0x000001cce69c2f30 Unloading class 0x000001cc81560a80 'lombok/core/AnnotationProcessor$ProcessorDescriptor'
Event: 126.249 Thread 0x000001cce69c2f30 Unloading class 0x000001cc81560800 'lombok/core/AnnotationProcessor'
Event: 126.249 Thread 0x000001cce69c2f30 Unloading class 0x000001cc81593000 'lombok/launch/AnnotationProcessorHider$ClaimingProcessor'
Event: 126.249 Thread 0x000001cce69c2f30 Unloading class 0x000001cc81560510 'lombok/launch/AnnotationProcessorHider$AstModificationNotifierData'
Event: 126.249 Thread 0x000001cce69c2f30 Unloading class 0x000001cc81560200 'lombok/launch/ShadowClassLoader'
Event: 126.249 Thread 0x000001cce69c2f30 Unloading class 0x000001cc81560000 'lombok/launch/Main'
Event: 126.249 Thread 0x000001cce69c2f30 Unloading class 0x000001cc8155dc00 'lombok/launch/AnnotationProcessorHider$AnnotationProcessor'

Classes redefined (0 events):
No events

Internal exceptions (20 events):
Event: 159.635 Thread 0x000001ccc44ba240 Exception <a 'sun/nio/fs/WindowsException'{0x000000071666e730}> (0x000000071666e730) 
thrown [s\open\src\hotspot\share\prims\jni.cpp, line 516]
Event: 159.635 Thread 0x000001ccc44ba240 Exception <a 'sun/nio/fs/WindowsException'{0x000000071666f158}> (0x000000071666f158) 
thrown [s\open\src\hotspot\share\prims\jni.cpp, line 516]
Event: 159.645 Thread 0x000001ccc44ba240 Exception <a 'sun/nio/fs/WindowsException'{0x00000007166f15a0}> (0x00000007166f15a0) 
thrown [s\open\src\hotspot\share\prims\jni.cpp, line 516]
Event: 159.646 Thread 0x000001ccc44ba240 Exception <a 'sun/nio/fs/WindowsException'{0x00000007166f1ca8}> (0x00000007166f1ca8) 
thrown [s\open\src\hotspot\share\prims\jni.cpp, line 516]
Event: 159.646 Thread 0x000001ccc44ba240 Exception <a 'sun/nio/fs/WindowsException'{0x00000007166f26b0}> (0x00000007166f26b0) 
thrown [s\open\src\hotspot\share\prims\jni.cpp, line 516]
Event: 159.656 Thread 0x000001ccc44ba240 Exception <a 'sun/nio/fs/WindowsException'{0x0000000716720920}> (0x0000000716720920) 
thrown [s\open\src\hotspot\share\prims\jni.cpp, line 516]
Event: 159.656 Thread 0x000001ccc44ba240 Exception <a 'sun/nio/fs/WindowsException'{0x0000000716721030}> (0x0000000716721030) 
thrown [s\open\src\hotspot\share\prims\jni.cpp, line 516]
Event: 159.656 Thread 0x000001ccc44ba240 Exception <a 'sun/nio/fs/WindowsException'{0x0000000716721a58}> (0x0000000716721a58) 
thrown [s\open\src\hotspot\share\prims\jni.cpp, line 516]
Event: 159.664 Thread 0x000001ccc44ba240 Exception <a 'sun/nio/fs/WindowsException'{0x0000000716749f48}> (0x0000000716749f48) 
thrown [s\open\src\hotspot\share\prims\jni.cpp, line 516]
Event: 159.664 Thread 0x000001ccc44ba240 Exception <a 'sun/nio/fs/WindowsException'{0x000000071674a660}> (0x000000071674a660) 
thrown [s\open\src\hotspot\share\prims\jni.cpp, line 516]
Event: 159.664 Thread 0x000001ccc44ba240 Exception <a 'sun/nio/fs/WindowsException'{0x000000071674b0c0}> (0x000000071674b0c0) 
thrown [s\open\src\hotspot\share\prims\jni.cpp, line 516]
Event: 159.853 Thread 0x000001ccc44ba240 Exception <a 'java/lang/NoSuchMethodError'{0x000000071626f558}: 'java.lang.String org.apache.maven.execution.MavenExecutionRequest.getFailureBehavior()'> (0x000000071626f558) 
thrown [s\open\src\hotspot\share\interpreter\linkResolver.cpp, line 855]
Event: 161.139 Thread 0x000001ccc44ba240 Exception <a 'sun/nio/fs/WindowsException'{0x0000000713f6f450}> (0x0000000713f6f450) 
thrown [s\open\src\hotspot\share\prims\jni.cpp, line 516]
Event: 161.145 Thread 0x000001ccc44ba240 Exception <a 'sun/nio/fs/WindowsException'{0x0000000713f835a0}> (0x0000000713f835a0) 
thrown [s\open\src\hotspot\share\prims\jni.cpp, line 516]
Event: 161.151 Thread 0x000001ccc44ba240 Exception <a 'sun/nio/fs/WindowsException'{0x0000000713f91420}> (0x0000000713f91420) 
thrown [s\open\src\hotspot\share\prims\jni.cpp, line 516]
Event: 161.451 Thread 0x000001ccc44ba240 Exception <a 'sun/nio/fs/WindowsException'{0x0000000713fa5658}> (0x0000000713fa5658) 
thrown [s\open\src\hotspot\share\prims\jni.cpp, line 516]
Event: 167.096 Thread 0x000001ccc44ba240 Exception <a 'sun/nio/fs/WindowsException'{0x0000000711925d20}> (0x0000000711925d20) 
thrown [s\open\src\hotspot\share\prims\jni.cpp, line 516]
Event: 167.110 Thread 0x000001ccc44ba240 Exception <a 'sun/nio/fs/WindowsException'{0x00000007119271e8}> (0x00000007119271e8) 
thrown [s\open\src\hotspot\share\prims\jni.cpp, line 516]
Event: 167.115 Thread 0x000001ccc44ba240 Exception <a 'sun/nio/fs/WindowsException'{0x00000007119286a0}> (0x00000007119286a0) 
thrown [s\open\src\hotspot\share\prims\jni.cpp, line 516]
Event: 167.687 Thread 0x000001ccc44ba240 Exception <a 'sun/nio/fs/WindowsException'{0x00000007116014b0}> (0x00000007116014b0) 
thrown [s\open\src\hotspot\share\prims\jni.cpp, line 516]

VM Operations (20 events):
Event: 154.406 Executing VM operation: Cleanup
Event: 154.431 Executing VM operation: Cleanup done
Event: 155.450 Executing VM operation: Cleanup
Event: 155.450 Executing VM operation: Cleanup done
Event: 156.465 Executing VM operation: Cleanup
Event: 156.465 Executing VM operation: Cleanup done
Event: 157.481 Executing VM operation: Cleanup
Event: 157.481 Executing VM operation: Cleanup done
Event: 158.030 Executing VM operation: G1CollectForAllocation
Event: 158.046 Executing VM operation: G1CollectForAllocation done
Event: 159.060 Executing VM operation: Cleanup
Event: 159.060 Executing VM operation: Cleanup done
Event: 160.076 Executing VM operation: Cleanup
Event: 160.077 Executing VM operation: Cleanup done
Event: 161.077 Executing VM operation: Cleanup
Event: 161.077 Executing VM operation: Cleanup done
Event: 162.085 Executing VM operation: Cleanup
Event: 162.085 Executing VM operation: Cleanup done
Event: 163.104 Executing VM operation: Cleanup
Event: 163.104 Executing VM operation: Cleanup done

Events (20 events):
Event: 154.666 Thread 0x000001ccf135e520 Thread exited: 0x000001ccf135e520
Event: 154.666 Thread 0x000001ccf1359930 Thread exited: 0x000001ccf1359930
Event: 155.886 Thread 0x000001ccef91aa90 Thread added: 0x000001ccef91aa90
Event: 156.353 Thread 0x000001ccef91aa90 Thread exited: 0x000001ccef91aa90
Event: 158.231 loading class jdk/internal/module/IllegalAccessLogger
Event: 158.231 loading class jdk/internal/module/IllegalAccessLogger done
Event: 158.689 Thread 0x000001ccef919ff0 Thread added: 0x000001ccef919ff0
Event: 158.946 Thread 0x000001ccef919ff0 Thread exited: 0x000001ccef919ff0
Event: 159.623 Thread 0x000001ccef918010 Thread added: 0x000001ccef918010
Event: 159.931 Thread 0x000001ccee697780 Thread added: 0x000001ccee697780
Event: 159.931 Thread 0x000001ccee6995e0 Thread added: 0x000001ccee6995e0
Event: 159.931 Thread 0x000001ccee695e30 Thread added: 0x000001ccee695e30
Event: 159.932 Thread 0x000001ccee69b950 Thread added: 0x000001ccee69b950
Event: 159.959 Thread 0x000001ccee6995e0 Thread exited: 0x000001ccee6995e0
Event: 159.959 Thread 0x000001ccee69b950 Thread exited: 0x000001ccee69b950
Event: 159.959 Thread 0x000001ccee695e30 Thread exited: 0x000001ccee695e30
Event: 159.961 Thread 0x000001ccee697780 Thread exited: 0x000001ccee697780
Event: 160.147 Thread 0x000001ccef918010 Thread exited: 0x000001ccef918010
Event: 161.696 Thread 0x000001ccef915ae0 Thread added: 0x000001ccef915ae0
Event: 167.084 Thread 0x000001ccef915ae0 Thread exited: 0x000001ccef915ae0


Dynamic libraries:
0x00007ff6970a0000 - 0x00007ff6970b0000 	C:\Program Files\Java\jdk-17\bin\java.exe
0x00007ffba2eb0000 - 0x00007ffba30a8000 	C:\Windows\SYSTEM32\ntdll.dll
0x00007ffba2910000 - 0x00007ffba29d2000 	C:\Windows\System32\KERNEL32.DLL
0x00007ffba0540000 - 0x00007ffba0837000 	C:\Windows\System32\KERNELBASE.dll
0x00007ffba0c00000 - 0x00007ffba0d00000 	C:\Windows\System32\ucrtbase.dll
0x00007ffb92590000 - 0x00007ffb925a9000 	C:\Program Files\Java\jdk-17\bin\jli.dll
0x00007ffba2320000 - 0x00007ffba23d1000 	C:\Windows\System32\ADVAPI32.dll
0x00007ffba1c80000 - 0x00007ffba1d1e000 	C:\Windows\System32\msvcrt.dll
0x00007ffba23e0000 - 0x00007ffba247f000 	C:\Windows\System32\sechost.dll
0x00007ffba25f0000 - 0x00007ffba2716000 	C:\Windows\System32\RPCRT4.dll
0x00007ffba0990000 - 0x00007ffba09b7000 	C:\Windows\System32\bcrypt.dll
0x00007ffba2b50000 - 0x00007ffba2ced000 	C:\Windows\System32\USER32.dll
0x00007ffba0960000 - 0x00007ffba0982000 	C:\Windows\System32\win32u.dll
0x00007ffba28e0000 - 0x00007ffba290b000 	C:\Windows\System32\GDI32.dll
0x00007ffba0840000 - 0x00007ffba0959000 	C:\Windows\System32\gdi32full.dll
0x00007ffba0e30000 - 0x00007ffba0ecd000 	C:\Windows\System32\msvcp_win.dll
0x00007ffb90de0000 - 0x00007ffb90dfb000 	C:\Program Files\Java\jdk-17\bin\VCRUNTIME140.dll
0x00007ffb90030000 - 0x00007ffb902ca000 	C:\Windows\WinSxS\amd64_microsoft.windows.common-controls_6595b64144ccf1df_6.0.19041.5915_none_60b4b9d171f9c7c7\COMCTL32.dll
0x00007ffb94980000 - 0x00007ffb9498a000 	C:\Windows\SYSTEM32\VERSION.dll
0x00007ffba2b20000 - 0x00007ffba2b4f000 	C:\Windows\System32\IMM32.DLL
0x00007ffb98180000 - 0x00007ffb9818c000 	C:\Program Files\Java\jdk-17\bin\vcruntime140_1.dll
0x00007ffb741e0000 - 0x00007ffb7426e000 	C:\Program Files\Java\jdk-17\bin\msvcp140.dll
0x00007ffb5b7d0000 - 0x00007ffb5c3b0000 	C:\Program Files\Java\jdk-17\bin\server\jvm.dll
0x00007ffba2310000 - 0x00007ffba2318000 	C:\Windows\System32\PSAPI.DLL
0x00007ffb98a20000 - 0x00007ffb98a29000 	C:\Windows\SYSTEM32\WSOCK32.dll
0x00007ffba2580000 - 0x00007ffba25eb000 	C:\Windows\System32\WS2_32.dll
0x00007ffb8e610000 - 0x00007ffb8e637000 	C:\Windows\SYSTEM32\WINMM.dll
0x00007ffb9e380000 - 0x00007ffb9e392000 	C:\Windows\SYSTEM32\kernel.appcore.dll
0x00007ffb980c0000 - 0x00007ffb980ca000 	C:\Program Files\Java\jdk-17\bin\jimage.dll
0x00007ffb9d600000 - 0x00007ffb9d801000 	C:\Windows\SYSTEM32\DBGHELP.DLL
0x00007ffb9d5c0000 - 0x00007ffb9d5f4000 	C:\Windows\SYSTEM32\dbgcore.DLL
0x00007ffba0a10000 - 0x00007ffba0a92000 	C:\Windows\System32\bcryptPrimitives.dll
0x00007ffb8f590000 - 0x00007ffb8f5b5000 	C:\Program Files\Java\jdk-17\bin\java.dll
0x00007ffb6e1e0000 - 0x00007ffb6e2b7000 	C:\Program Files\Java\jdk-17\bin\jsvml.dll
0x00007ffba11b0000 - 0x00007ffba191e000 	C:\Windows\System32\SHELL32.dll
0x00007ffb9e580000 - 0x00007ffb9ed24000 	C:\Windows\SYSTEM32\windows.storage.dll
0x00007ffba1920000 - 0x00007ffba1c73000 	C:\Windows\System32\combase.dll
0x00007ffb9fdc0000 - 0x00007ffb9fdeb000 	C:\Windows\SYSTEM32\Wldp.dll
0x00007ffba24a0000 - 0x00007ffba256d000 	C:\Windows\System32\OLEAUT32.dll
0x00007ffba2830000 - 0x00007ffba28dd000 	C:\Windows\System32\SHCORE.dll
0x00007ffba1db0000 - 0x00007ffba1e0b000 	C:\Windows\System32\shlwapi.dll
0x00007ffba0470000 - 0x00007ffba0494000 	C:\Windows\SYSTEM32\profapi.dll
0x00007ffb90690000 - 0x00007ffb906a9000 	C:\Program Files\Java\jdk-17\bin\net.dll
0x00007ffb94240000 - 0x00007ffb9434a000 	C:\Windows\SYSTEM32\WINHTTP.dll
0x00007ffb9fba0000 - 0x00007ffb9fc0a000 	C:\Windows\system32\mswsock.dll
0x00007ffb90640000 - 0x00007ffb90656000 	C:\Program Files\Java\jdk-17\bin\nio.dll
0x00007ffb8f090000 - 0x00007ffb8f0a8000 	C:\Program Files\Java\jdk-17\bin\zip.dll
0x00007ffb8da60000 - 0x00007ffb8da84000 	C:\apache-maven-3.9.11\lib\jansi-native\Windows\x86_64\jansi.dll
0x00007ffb93780000 - 0x00007ffb93790000 	C:\Program Files\Java\jdk-17\bin\verify.dll
0x00007ffb9f730000 - 0x00007ffb9f763000 	C:\Windows\SYSTEM32\ntmarta.dll

dbghelp: loaded successfully - version: 4.0.5 - missing functions: none
symbol engine: initialized successfully - sym options: 0x614 - pdb path: .;C:\Program Files\Java\jdk-17\bin;C:\Windows\SYSTEM32;C:\Windows\WinSxS\amd64_microsoft.windows.common-controls_6595b64144ccf1df_6.0.19041.5915_none_60b4b9d171f9c7c7;C:\Program Files\Java\jdk-17\bin\server;C:\apache-maven-3.9.11\lib\jansi-native\Windows\x86_64

VM Arguments:
jvm_args: --add-opens=java.base/java.lang=ALL-UNNAMED --enable-native-access=ALL-UNNAMED -Dclassworlds.conf=C:/apache-maven-3.9.11/bin/m2.conf -Dmaven.home=C:/apache-maven-3.9.11 -Dlibrary.jansi.path=C:/apache-maven-3.9.11/lib/jansi-native -Dmaven.multiModuleProjectDirectory=C:/users/dell/Documents/wks/wks-platform/apps/java 
java_command: org.codehaus.plexus.classworlds.launcher.Launcher install -DskipTests
java_class_path (initial): C:/apache-maven-3.9.11/boot/plexus-classworlds-2.9.0.jar
Launcher Type: SUN_STANDARD

[Global flags]
     intx CICompilerCount                          = 3                                         {product} {ergonomic}
     uint ConcGCThreads                            = 1                                         {product} {ergonomic}
     uint G1ConcRefinementThreads                  = 4                                         {product} {ergonomic}
   size_t G1HeapRegionSize                         = 2097152                                   {product} {ergonomic}
    uintx GCDrainStackTargetSize                   = 64                                        {product} {ergonomic}
   size_t InitialHeapSize                          = 268435456                                 {product} {ergonomic}
   size_t MarkStackSize                            = 4194304                                   {product} {ergonomic}
   size_t MaxHeapSize                              = 4271898624                                {product} {ergonomic}
   size_t MaxNewSize                               = 2562719744                                {product} {ergonomic}
   size_t MinHeapDeltaBytes                        = 2097152                                   {product} {ergonomic}
   size_t MinHeapSize                              = 8388608                                   {product} {ergonomic}
    uintx NonNMethodCodeHeapSize                   = 5832780                                {pd product} {ergonomic}
    uintx NonProfiledCodeHeapSize                  = 122912730                              {pd product} {ergonomic}
    uintx ProfiledCodeHeapSize                     = 122912730                              {pd product} {ergonomic}
    uintx ReservedCodeCacheSize                    = 251658240                              {pd product} {ergonomic}
     bool SegmentedCodeCache                       = true                                      {product} {ergonomic}
   size_t SoftMaxHeapSize                          = 4271898624                             {manageable} {ergonomic}
     bool UseCompressedClassPointers               = true                           {product lp64_product} {ergonomic}
     bool UseCompressedOops                        = true                           {product lp64_product} {ergonomic}
     bool UseG1GC                                  = true                                      {product} {ergonomic}
     bool UseLargePagesIndividualAllocation        = false                                  {pd product} {ergonomic}

Logging:
Log output configuration:
 #0: stdout all=warning uptime,level,tags
 #1: stderr all=off uptime,level,tags

Environment Variables:
JAVA_HOME=C:/Program Files/Java/jdk-17
PATH=C:\Users\Dell\.tfenv\bin;C:\Users\Dell\bin;C:\Program Files\Git\mingw64\bin;C:\Program Files\Git\usr\local\bin;C:\Program Files\Git\usr\bin;C:\Program Files\Git\usr\bin;C:\Program Files\Git\mingw64\bin;C:\Program Files\Git\usr\bin;C:\Users\Dell\bin;C:\Python313\Scripts;C:\Python313;C:\Program Files\Microsoft SDKs\Azure\CLI2\wbin;C:\Windows\system32;C:\Windows;C:\Windows\System32\Wbem;C:\Windows\System32\WindowsPowerShell\v1.0;C:\Windows\System32\OpenSSH;C:\Program Files\Git\cmd;C:\ProgramData\chocolatey\bin;C:\Program Files (x86)\Microsoft SQL Server\160\Tools\Binn;C:\Program Files\Microsoft SQL Server\160\Tools\Binn;C:\Program Files\Microsoft SQL Server\Client SDK\ODBC\170\Tools\Binn;C:\Program Files\Microsoft SQL Server\160\DTS\Binn;C:\Program Files (x86)\Microsoft SQL Server\160\DTS\Binn;C:\Program Files\Docker\Docker\resources\bin;C:\apache-maven-3.9.11\bin;C:\Program Files\Java\jdk-17\bin;C:\Program Files\nodejs;C:\Users\Dell\AppData\Local\Microsoft\WindowsApps;C:\Users\Dell\AppData\Local\Programs\Microsoft VS Code\bin;C:\Users\Dell\AppData\Local\Microsoft\WinGet\Links;C:\Users\Dell\AppData\Roaming\npm;C:\Program Files\JetBrains\IntelliJ IDEA 2025.2.1\bin;C:\Program Files\Git\usr\bin\vendor_perl;C:\Program Files\Git\usr\bin\core_perl
USERNAME=Dell
SHELL=C:\Program Files\Git\usr\bin\bash.exe
DISPLAY=needs-to-be-defined
LC_CTYPE=en_US.UTF-8
OS=Windows_NT
PROCESSOR_IDENTIFIER=Intel64 Family 6 Model 61 Stepping 4, GenuineIntel



---------------  S Y S T E M  ---------------

OS:
 Windows 10 , 64 bit Build 19041 (10.0.19041.5915)
OS uptime: 2 days 10:31 hours
Hyper-V role detected

CPU: total 4 (initial active 4) (2 cores per cpu, 2 threads per core) family 6 model 61 stepping 4 microcode 0x2f, cx8, cmov, fxsr, ht, mmx, 3dnowpref, sse, sse2, sse3, ssse3, sse4.1, sse4.2, popcnt, lzcnt, tsc, tscinvbit, avx, avx2, aes, erms, clmul, bmi1, bmi2, adx, fma, vzeroupper, clflush, hv

Memory: 4k page, system-wide physical 16289M (3508M free)
TotalPageFile size 27352M (AvailPageFile size 3024M)
current process WorkingSet (physical memory assigned to process): 584M, peak: 619M
current process commit charge ("private bytes"): 613M, peak: 646M

vm_info: Java HotSpot(TM) 64-Bit Server VM (17.0.12+8-LTS-286) for windows-amd64 JRE (17.0.12+8-LTS-286), built on Jun  5 2024 06:46:59 by "mach5one" with MS VC++ 17.6 (VS2022)

END.
