JMD Plant Full-Year Run Log
Plant:     DTA CPP
FY:        2026-27
Generated: 2026-06-04 18:23:34
================================================================================

18:23:25  INFO      [FULL YEAR] DTA CPP  FY 2026-27  (4 workers)
18:23:25  INFO        [CALC] DTA CPP  4/2026  (2026-27)
18:23:25  INFO        [CALC] DTA CPP  6/2026  (2026-27)
18:23:25  INFO        [CALC] DTA CPP  5/2026  (2026-27)
18:23:25  INFO        [CALC] DTA CPP  7/2026  (2026-27)
18:23:26  INFO        [PROCESS] Found 0 utility types for FY 2026-27, plant A4AF8441-73AD-4F9F-BCF4-6734E8202F7A
18:23:26  INFO        [PROCESS] Found 0 utility types for FY 2026-27, plant A4AF8441-73AD-4F9F-BCF4-6734E8202F7A
18:23:26  INFO        [PROCESS] Found 0 utility types for FY 2026-27, plant A4AF8441-73AD-4F9F-BCF4-6734E8202F7A
18:23:26  INFO        [PROCESS] Found 0 utility types for FY 2026-27, plant A4AF8441-73AD-4F9F-BCF4-6734E8202F7A
18:23:27  INFO        [HRSG AVAIL] Using dummy fallback (table not in DB)
18:23:27  INFO        [HRSG AVAIL] Using dummy fallback (table not in DB)
18:23:27  INFO        [STG LOOKUP] Using dummy fallback (table not in DB)
18:23:27  INFO        [STG LOOKUP] Using dummy fallback (table not in DB)
18:23:27  INFO        [HRSG AVAIL] Using dummy fallback (table not in DB)
18:23:27  INFO        [STG LOOKUP] Using dummy fallback (table not in DB)
18:23:27  INFO        [HRSG AVAIL] Using dummy fallback (table not in DB)
18:23:27  INFO        [STG LOOKUP] Using dummy fallback (table not in DB)
18:23:28  INFO      [DC] DB returned empty — using dummy JSON for A4AF8441-73AD-4F9F-BCF4-6734E8202F7A 5/2026
18:23:28  INFO      [DC] Using DB asset list for A4AF8441-73AD-4F9F-BCF4-6734E8202F7A
18:23:28  INFO        [BUDGET] DTA CPP  5/2026  LP=0  MP=0  HP=0  SHP=0
18:23:28  INFO      [DC] DB returned empty — using dummy JSON for A4AF8441-73AD-4F9F-BCF4-6734E8202F7A 7/2026
18:23:28  INFO      [DC] Using DB asset list for A4AF8441-73AD-4F9F-BCF4-6734E8202F7A
18:23:28  INFO        [BUDGET] DTA CPP  7/2026  LP=0  MP=0  HP=0  SHP=0
18:23:28  INFO      [DC] DB returned empty — using dummy JSON for A4AF8441-73AD-4F9F-BCF4-6734E8202F7A 6/2026
18:23:28  INFO      [DC] Using DB asset list for A4AF8441-73AD-4F9F-BCF4-6734E8202F7A
18:23:28  INFO        [BUDGET] DTA CPP  6/2026  LP=0  MP=0  HP=0  SHP=0
18:23:28  INFO      [DC] DB returned empty — using dummy JSON for A4AF8441-73AD-4F9F-BCF4-6734E8202F7A 4/2026
18:23:28  INFO      [DC] Using DB asset list for A4AF8441-73AD-4F9F-BCF4-6734E8202F7A
18:23:28  INFO        [BUDGET] DTA CPP  4/2026  LP=0  MP=0  HP=0  SHP=0
18:23:28  INFO        [CALC] Done  7/2026  (3.0s)  assets=20  norms=0  budget=OK  iter=1
  [OK  ] July 2026  assets=20  norms=0  (3.0s)
18:23:28  INFO        [CALC] Done  5/2026  (3.0s)  assets=20  norms=0  budget=OK  iter=1
  [OK  ] May 2026  assets=20  norms=0  (3.0s)
18:23:28  INFO        [CALC] DTA CPP  8/2026  (2026-27)
18:23:28  INFO        [CALC] DTA CPP  9/2026  (2026-27)
18:23:28  INFO        [CALC] Done  6/2026  (3.0s)  assets=20  norms=0  budget=OK  iter=1
18:23:28  INFO        [CALC] Done  4/2026  (3.0s)  assets=20  norms=0  budget=OK  iter=1
  [OK  ] June 2026  assets=20  norms=0  (3.0s)
18:23:28  INFO        [CALC] DTA CPP  10/2026  (2026-27)
  [OK  ] April 2026  assets=20  norms=0  (3.0s)
18:23:28  INFO        [CALC] DTA CPP  11/2026  (2026-27)
18:23:28  INFO        [PROCESS] Found 0 utility types for FY 2026-27, plant A4AF8441-73AD-4F9F-BCF4-6734E8202F7A
18:23:28  INFO        [PROCESS] Found 0 utility types for FY 2026-27, plant A4AF8441-73AD-4F9F-BCF4-6734E8202F7A
18:23:28  INFO        [PROCESS] Found 0 utility types for FY 2026-27, plant A4AF8441-73AD-4F9F-BCF4-6734E8202F7A
18:23:28  INFO        [PROCESS] Found 0 utility types for FY 2026-27, plant A4AF8441-73AD-4F9F-BCF4-6734E8202F7A
18:23:30  INFO        [HRSG AVAIL] Using dummy fallback (table not in DB)
18:23:30  INFO        [STG LOOKUP] Using dummy fallback (table not in DB)
18:23:30  INFO        [HRSG AVAIL] Using dummy fallback (table not in DB)
18:23:30  INFO        [STG LOOKUP] Using dummy fallback (table not in DB)
18:23:30  INFO        [HRSG AVAIL] Using dummy fallback (table not in DB)
18:23:30  INFO        [STG LOOKUP] Using dummy fallback (table not in DB)
18:23:30  INFO        [HRSG AVAIL] Using dummy fallback (table not in DB)
18:23:30  INFO        [STG LOOKUP] Using dummy fallback (table not in DB)
18:23:30  INFO      [DC] DB returned empty — using dummy JSON for A4AF8441-73AD-4F9F-BCF4-6734E8202F7A 9/2026
18:23:30  INFO      [DC] Using DB asset list for A4AF8441-73AD-4F9F-BCF4-6734E8202F7A
18:23:30  INFO        [BUDGET] DTA CPP  9/2026  LP=0  MP=0  HP=0  SHP=0
18:23:30  INFO      [DC] DB returned empty — using dummy JSON for A4AF8441-73AD-4F9F-BCF4-6734E8202F7A 8/2026
18:23:30  INFO      [DC] Using DB asset list for A4AF8441-73AD-4F9F-BCF4-6734E8202F7A
18:23:30  INFO        [BUDGET] DTA CPP  8/2026  LP=0  MP=0  HP=0  SHP=0
18:23:30  INFO      [DC] DB returned empty — using dummy JSON for A4AF8441-73AD-4F9F-BCF4-6734E8202F7A 10/2026
18:23:30  INFO      [DC] Using DB asset list for A4AF8441-73AD-4F9F-BCF4-6734E8202F7A
18:23:30  INFO        [BUDGET] DTA CPP  10/2026  LP=0  MP=0  HP=0  SHP=0
18:23:30  INFO      [DC] DB returned empty — using dummy JSON for A4AF8441-73AD-4F9F-BCF4-6734E8202F7A 11/2026
18:23:30  INFO      [DC] Using DB asset list for A4AF8441-73AD-4F9F-BCF4-6734E8202F7A
18:23:30  INFO        [BUDGET] DTA CPP  11/2026  LP=0  MP=0  HP=0  SHP=0
18:23:31  INFO        [CALC] Done  8/2026  (2.0s)  assets=20  norms=0  budget=OK  iter=1
18:23:31  INFO        [CALC] Done  9/2026  (1.9s)  assets=20  norms=0  budget=OK  iter=1
  [OK  ] August 2026  assets=20  norms=0  (2.0s)
18:23:31  INFO        [CALC] DTA CPP  12/2026  (2026-27)
  [OK  ] September 2026  assets=20  norms=0  (1.9s)
18:23:31  INFO        [CALC] DTA CPP  1/2027  (2026-27)
18:23:31  INFO        [CALC] Done  10/2026  (2.0s)  assets=20  norms=0  budget=OK  iter=1
  [OK  ] October 2026  assets=20  norms=0  (2.0s)
18:23:31  INFO        [CALC] DTA CPP  2/2027  (2026-27)
18:23:31  INFO        [CALC] Done  11/2026  (2.0s)  assets=20  norms=0  budget=OK  iter=1
  [OK  ] November 2026  assets=20  norms=0  (2.0s)
18:23:31  INFO        [CALC] DTA CPP  3/2027  (2026-27)
18:23:31  INFO        [PROCESS] Found 0 utility types for FY 2026-27, plant A4AF8441-73AD-4F9F-BCF4-6734E8202F7A
18:23:31  INFO        [PROCESS] Found 0 utility types for FY 2026-27, plant A4AF8441-73AD-4F9F-BCF4-6734E8202F7A
18:23:31  INFO        [PROCESS] Found 0 utility types for FY 2026-27, plant A4AF8441-73AD-4F9F-BCF4-6734E8202F7A
18:23:31  INFO        [PROCESS] Found 0 utility types for FY 2026-27, plant A4AF8441-73AD-4F9F-BCF4-6734E8202F7A
18:23:33  INFO        [HRSG AVAIL] Using dummy fallback (table not in DB)
18:23:33  INFO        [STG LOOKUP] Using dummy fallback (table not in DB)
18:23:33  INFO        [HRSG AVAIL] Using dummy fallback (table not in DB)
18:23:33  INFO        [STG LOOKUP] Using dummy fallback (table not in DB)
18:23:33  INFO        [HRSG AVAIL] Using dummy fallback (table not in DB)
18:23:33  INFO        [STG LOOKUP] Using dummy fallback (table not in DB)
18:23:33  INFO        [HRSG AVAIL] Using dummy fallback (table not in DB)
18:23:33  INFO        [STG LOOKUP] Using dummy fallback (table not in DB)
18:23:33  INFO      [DC] DB returned empty — using dummy JSON for A4AF8441-73AD-4F9F-BCF4-6734E8202F7A 1/2027
18:23:33  INFO      [DC] Using DB asset list for A4AF8441-73AD-4F9F-BCF4-6734E8202F7A
18:23:33  INFO        [BUDGET] DTA CPP  1/2027  LP=0  MP=0  HP=0  SHP=0
18:23:33  INFO      [DC] DB returned empty — using dummy JSON for A4AF8441-73AD-4F9F-BCF4-6734E8202F7A 12/2026
18:23:33  INFO      [DC] Using DB asset list for A4AF8441-73AD-4F9F-BCF4-6734E8202F7A
18:23:33  INFO        [BUDGET] DTA CPP  12/2026  LP=0  MP=0  HP=0  SHP=0
18:23:33  INFO      [DC] DB returned empty — using dummy JSON for A4AF8441-73AD-4F9F-BCF4-6734E8202F7A 3/2027
18:23:33  INFO      [DC] Using DB asset list for A4AF8441-73AD-4F9F-BCF4-6734E8202F7A
18:23:33  INFO        [BUDGET] DTA CPP  3/2027  LP=0  MP=0  HP=0  SHP=0
18:23:33  INFO      [DC] DB returned empty — using dummy JSON for A4AF8441-73AD-4F9F-BCF4-6734E8202F7A 2/2027
18:23:33  INFO      [DC] Using DB asset list for A4AF8441-73AD-4F9F-BCF4-6734E8202F7A
18:23:33  INFO        [BUDGET] DTA CPP  2/2027  LP=0  MP=0  HP=0  SHP=0
18:23:34  INFO        [CALC] Done  1/2027  (1.9s)  assets=20  norms=0  budget=OK  iter=1
  [OK  ] January 2027  assets=20  norms=0  (1.9s)
18:23:34  INFO        [CALC] Done  12/2026  (1.9s)  assets=20  norms=0  budget=OK  iter=1
  [OK  ] December 2026  assets=20  norms=0  (1.9s)
18:23:34  INFO        [CALC] Done  2/2027  (2.0s)  assets=20  norms=0  budget=OK  iter=1
18:23:34  INFO        [CALC] Done  3/2027  (2.0s)  assets=20  norms=0  budget=OK  iter=1
  [OK  ] February 2027  assets=20  norms=0  (2.0s)
  [OK  ] March 2027  assets=20  norms=0  (2.0s)
18:23:34  INFO      [FULL YEAR] Done  FY 2026-27  12/12 OK  9.0s
